******************************************************************************
                  TI ARM Linker PC v5.1.7                      
******************************************************************************
>> Linked Thu Aug 07 14:43:16 2014

OUTPUT FILE NAME:   <aes.out>
ENTRY POINT SYMBOL: "_c_int00"  address: 200090e9


MEMORY CONFIGURATION

         name            origin    length      used     unused   attr    fill
----------------------  --------  ---------  --------  --------  ----  --------
  SRAM_CODE             20004000   00012fff  00005884  0000d77b  RW X
  SRAM_DATA             20017000   00019000  000091e8  0000fe18  RW X


SEGMENT ALLOCATION MAP

run origin  load origin   length   init length attrs members
----------  ----------- ---------- ----------- ----- -------
20004000    20004000    00005888   00005888    r-x
  20004000    20004000    00000400   00000400    r-- .intvecs
  20004400    20004400    00004eb4   00004eb4    r-x .text
  200092b4    200092b4    00000498   00000498    r-- .const
  20009750    20009750    00000138   00000138    r-- .cinit
20017000    20017000    000081e8   00000000    rw-
  20017000    20017000    00008000   00000000    rw- .sysmem
  2001f000    2001f000    00000130   00000000    rw- .data
  2001f130    2001f130    000000b8   00000000    rw- .bss
2002f000    2002f000    00001000   00000000    rw-
  2002f000    2002f000    00001000   00000000    rw- .stack


SECTION ALLOCATION MAP

 output                                  attributes/
section   page    origin      length       input sections
--------  ----  ----------  ----------   ----------------
.init_array 
*          0    20004000    00000000     UNINITIALIZED

.intvecs   0    20004000    00000400     
                  20004000    00000400     startup_ccs.obj (.intvecs)

.text      0    20004400    00004eb4     
                  20004400    00000ec0     rtsv7M4_T_le_eabi.lib : _printfi.obj (.text)
                  200052c0    000009e0     aes_userinput.obj (.text)
                  20005ca0    0000098c     driverlib.a : prcm.obj (.text)
                  2000662c    00000650                 : aes.obj (.text)
                  20006c7c    0000048c                 : uart.obj (.text)
                  20007108    0000045c     main.obj (.text)
                  20007564    000003dc     rtsv7M4_T_le_eabi.lib : memory.obj (.text)
                  20007940    00000370     driverlib.a : interrupt.obj (.text)
                  20007cb0    00000300                 : flash.obj (.text)
                  20007fb0    00000284                 : pin.obj (.text)
                  20008234    000001f4     rtsv7M4_T_le_eabi.lib : ull_div_t2.obj (.text)
                  20008428    000001d4     uart_if.obj (.text)
                  200085fc    000001b6     rtsv7M4_T_le_eabi.lib : fd_add_t2.obj (.text)
                  200087b2    00000136                           : fd_div_t2.obj (.text)
                  200088e8    00000110                           : strtoul.obj (.text)
                  200089f8    000000fc                           : fd_mul_t2.obj (.text)
                  20008af4    0000009c                           : memcpy_t2.obj (.text)
                  20008b90    00000094                           : auto_init.obj (.text)
                  20008c24    00000088                           : vsnprintf.obj (.text)
                  20008cac    00000086                           : fd_cmp_t2.obj (.text:__aeabi_cdcmple)
                  20008d32    00000086                           : fd_cmp_t2.obj (.text:__aeabi_cdrcmple)
                  20008db8    00000078                           : memset_t2.obj (.text)
                  20008e30    0000005e     driverlib.a : cpu.obj (.text)
                  20008e8e    0000005e     rtsv7M4_T_le_eabi.lib : copy_decompress_rle.obj (.text)
                  20008eec    0000005a                           : ltoa.obj (.text)
                  20008f46    00000002     --HOLE-- [fill = 0]
                  20008f48    0000004c                           : atoi.obj (.text)
                  20008f94    00000048                           : fd_toi_t2.obj (.text)
                  20008fdc    00000044                           : cpy_tbl.obj (.text)
                  20009020    00000044                           : exit.obj (.text)
                  20009064    00000044                           : xdtest.obj (.text)
                  200090a8    00000040                           : strtok.obj (.text)
                  200090e8    00000034                           : boot.obj (.text)
                  2000911c    0000002e                           : i_tofd_t2.obj (.text)
                  2000914a    0000002a                           : strspn.obj (.text)
                  20009174    00000022                           : strcspn.obj (.text)
                  20009196    0000001e                           : ll_lsr_t2.obj (.text)
                  200091b4    0000001c     pinmux.obj (.text)
                  200091d0    0000001c     rtsv7M4_T_le_eabi.lib : memccpy.obj (.text)
                  200091ec    00000018                           : args_main.obj (.text)
                  20009204    00000018                           : ll_mul_t2.obj (.text)
                  2000921c    00000018                           : strcmp.obj (.text)
                  20009234    00000014                           : _lock.obj (.text)
                  20009248    00000014                           : strlen.obj (.text)
                  2000925c    00000012                           : copy_zero_init.obj (.text:decompress:ZI)
                  2000926e    00000010                           : strcpy.obj (.text)
                  2000927e    0000000e                           : copy_decompress_none.obj (.text:decompress:none)
                  2000928c    0000000e                           : xdclass.obj (.text)
                  2000929a    0000000e     startup_ccs.obj (.text)
                  200092a8    00000006     driverlib.a : utils.obj (.text:UtilsDelay)
                  200092ae    00000006     rtsv7M4_T_le_eabi.lib : copy_decompress_rle.obj (.text:decompress:rle24)

.const     0    200092b4    00000498     
                  200092b4    00000102     rtsv7M4_T_le_eabi.lib : ctype.obj (.const:.string:_ctypes_)
                  200093b6    00000002     --HOLE-- [fill = 0]
                  200093b8    00000100     driverlib.a : pin.obj (.const:g_ulPinToPadMap)
                  200094b8    000000d4                 : interrupt.obj (.const:g_pulRegs)
                  2000958c    000000a0                 : prcm.obj (.const:PRCM_PeriphRegsList)
                  2000962c    00000080                 : interrupt.obj (.const)
                  200096ac    00000040                 : flash.obj (.const:g_pulFMPPERegs)
                  200096ec    00000040                 : flash.obj (.const:g_pulFMPRERegs)
                  2000972c    00000010                 : uart.obj (.const)
                  2000973c    00000010     main.obj (.const)

.cinit     0    20009750    00000138     
                  20009750    0000010d     (.cinit..data.load) [load image, compression = rle]
                  2000985d    00000003     --HOLE-- [fill = 0]
                  20009860    0000000c     (__TI_handler_table)
                  2000986c    00000004     --HOLE-- [fill = 0]
                  20009870    00000008     (.cinit..bss.load) [load image, compression = zero_init]
                  20009878    00000010     (__TI_cinit_table)

.sysmem    0    20017000    00008000     UNINITIALIZED
                  20017000    00000008     rtsv7M4_T_le_eabi.lib : memory.obj (.sysmem)
                  20017008    00007ff8     --HOLE--

.data      0    2001f000    00000130     UNINITIALIZED
                  2001f000    00000080     main.obj (.data:psAESCBCTestVectors)
                  2001f080    00000048     main.obj (.data)
                  2001f0c8    00000040     main.obj (.data:pui32AESPlainText)
                  2001f108    0000000c     rtsv7M4_T_le_eabi.lib : memory.obj (.data)
                  2001f114    00000008                           : _lock.obj (.data)
                  2001f11c    00000008                           : exit.obj (.data)
                  2001f124    00000004                           : errno.obj (.data)
                  2001f128    00000004                           : stkdepth_vars.obj (.data)
                  2001f12c    00000004                           : strtok.obj (.data)

.bss       0    2001f130    000000b8     UNINITIALIZED
                  2001f130    00000040     aes_userinput.obj (.bss:pui32AESPlainMsg)
                  2001f170    00000020     (.common:uiKey256)
                  2001f190    00000018     (.common:uiKey192)
                  2001f1a8    00000010     (.common:uiKey128)
                  2001f1b8    00000004     (.common:AES128Key1)
                  2001f1bc    00000004     (.common:AES128Key2)
                  2001f1c0    00000004     (.common:AES128Key3)
                  2001f1c4    00000004     (.common:AES192Key1)
                  2001f1c8    00000004     (.common:AES192Key2)
                  2001f1cc    00000004     (.common:AES192Key3)
                  2001f1d0    00000004     (.common:AES256Key1)
                  2001f1d4    00000004     (.common:AES256Key2)
                  2001f1d8    00000004     (.common:AES256Key3)
                  2001f1dc    00000004     (.common:__Errorlog)
                  2001f1e0    00000004     (.common:ui32aes_mode)
                  2001f1e4    00000001     (.common:g_bContextInIntFlag)
                  2001f1e5    00000001     (.common:g_bContextOutIntFlag)
                  2001f1e6    00000001     (.common:g_bDataInIntFlag)
                  2001f1e7    00000001     (.common:g_bDataOutIntFlag)

.stack     0    2002f000    00001000     UNINITIALIZED
                  2002f000    00001000     --HOLE--


LINKER GENERATED COPY TABLES

__TI_cinit_table @ 20009878 records: 2, size/record: 8, table size: 16
	.data: load addr=20009750, load size=0000010d bytes, run addr=2001f000, run size=00000130 bytes, compression=rle
	.bss: load addr=20009870, load size=00000008 bytes, run addr=2001f130, run size=000000b8 bytes, compression=zero_init


LINKER GENERATED HANDLER TABLE

__TI_handler_table @ 20009860 records: 3, size/record: 4, table size: 12
	index: 0, handler: __TI_decompress_rle24
	index: 1, handler: __TI_decompress_none
	index: 2, handler: __TI_zero_init


GLOBAL SYMBOLS: SORTED ALPHABETICALLY BY Name 

address    name
--------   ----
2001f1b8   AES128Key1
2001f1bc   AES128Key2
2001f1c0   AES128Key3
2001f1c4   AES192Key1
2001f1c8   AES192Key2
2001f1cc   AES192Key3
2001f1d0   AES256Key1
2001f1d4   AES256Key2
2001f1d8   AES256Key3
200067a7   AESAuthDataLengthSet
2000662d   AESConfigSet
20007109   AESCrypt
20006c4d   AESDMADisable
20006c35   AESDMAEnable
20006787   AESDataLengthSet
20006a3f   AESDataMAC
200069ad   AESDataProcess
20006abd   AESDataProcessAE
20006833   AESDataRead
200067b9   AESDataReadNonBlocking
2000692d   AESDataWrite
200068a7   AESDataWriteNonBlocking
2000672f   AESIVSet
20006bf7   AESIntClear
20006bcb   AESIntDisable
20006b9f   AESIntEnable
2000719f   AESIntHandler
20006c0d   AESIntRegister
20006b51   AESIntStatus
20006c23   AESIntUnregister
2000664f   AESKey1Set
200066a9   AESKey2Set
20006703   AESKey3Set
200052c1   AESParser
2000675b   AESTagRead
20009021   C$$EXIT
20008e85   CPUbasepriGet
20008e6f   CPUbasepriSet
20008e31   CPUcpsid
20008e4f   CPUcpsie
20008e45   CPUprimask
20008e63   CPUwfi
20008469   ClearTerm
20008473   Error
20007cb1   FlashDisable
20007ce7   FlashErase
20007d21   FlashEraseNonBlocking
20007f5d   FlashIntClear
20007f2d   FlashIntDisable
20007f19   FlashIntEnable
20007ef5   FlashIntRegister
20007f41   FlashIntStatus
20007f09   FlashIntUnregister
20007d3f   FlashMassErase
20007d6b   FlashMassEraseNonBlocking
20007d7b   FlashProgram
20007dfd   FlashProgramNonBlocking
20007e7f   FlashProtectGet
200084ab   GetCmd
20005471   GetKey
200056d5   GetMsg
20008429   InitTerm
20007afd   IntDisable
20007a63   IntEnable
2000794d   IntMasterDisable
20007943   IntMasterEnable
20007c25   IntPendClear
20007b97   IntPendSet
20007a3f   IntPriorityGet
200079b7   IntPriorityGroupingGet
2000799d   IntPriorityGroupingSet
20007c89   IntPriorityMaskGet
20007c7d   IntPriorityMaskSet
200079ef   IntPrioritySet
20007967   IntRegister
20007983   IntUnregister
20007957   IntVTableBaseSet
200071fd   LoadDefaultValues
200059f9   MemAllocAndCpy
20008447   Message
20006515   PRCMCC3200MCUInit
20005f4d   PRCMDeepSleepEnter
20006117   PRCMHibernateEnter
20006051   PRCMHibernateIntervalSet
200060c5   PRCMHibernateWakeUpGPIOSelect
20006035   PRCMHibernateWakeupCauseGet
2000600f   PRCMHibernateWakeupSourceDisable
20005fe9   PRCMHibernateWakeupSourceEnable
20005e33   PRCMI2SClockFreqSet
20006259   PRCMIntDisable
20006225   PRCMIntEnable
200061fd   PRCMIntRegister
2000627d   PRCMIntStatus
20006211   PRCMIntUnregister
20005e9b   PRCMLPDSEnter
20005f07   PRCMLPDSIntervalSet
20005e83   PRCMLPDSRestoreInfoSet
20005f29   PRCMLPDSWakeUpGPIOSelect
20005f01   PRCMLPDSWakeupCauseGet
20005eed   PRCMLPDSWakeupSourceDisable
20005ecb   PRCMLPDSWakeupSourceEnable
20005cad   PRCMMCUReset
200061e3   PRCMOCRRegisterRead
200061c9   PRCMOCRRegisterWrite
20005d1d   PRCMPeripheralClkDisable
20005cf1   PRCMPeripheralClkEnable
20005d3d   PRCMPeripheralClockGet
20005dbb   PRCMPeripheralReset
20005e09   PRCMPeripheralStatusGet
20006345   PRCMRTCGet
20006295   PRCMRTCInUseGet
20006283   PRCMRTCInUseSet
20006479   PRCMRTCMatchGet
200063dd   PRCMRTCMatchSet
200062b5   PRCMRTCSet
20005ca1   PRCMSOCReset
20005fb5   PRCMSRAMRetentionDisable
20005f7d   PRCMSRAMRetentionEnable
20005f45   PRCMSleepEnter
20006127   PRCMSlowClkCtrGet
20006189   PRCMSlowClkCtrMatchGet
20006161   PRCMSlowClkCtrMatchSet
20005ccd   PRCMSysResetCauseGet
20008071   PinConfigGet
200080af   PinConfigSet
20008047   PinDirModeGet
20008013   PinDirModeSet
20007fe9   PinModeGet
20007fb1   PinModeSet
200091b5   PinMuxConfig
200081f9   PinTypeADC
200081af   PinTypeCamera
200081c9   PinTypeGPIO
20008145   PinTypeI2C
2000817b   PinTypeI2S
2000820d   PinTypeSDHost
20008161   PinTypeSPI
20008195   PinTypeTimer
2000812b   PinTypeUART
2000584d   ReadFromUser
2000853d   Report
2000929b   ResetISR
UNDEFED    SHT$$INIT_ARRAY$$Base
UNDEFED    SHT$$INIT_ARRAY$$Limit
20005989   SetKeys
20006fd9   UARTBreakCtl
20007003   UARTBusy
20006f81   UARTCharGet
20006f65   UARTCharGetNonBlocking
20006fbb   UARTCharPut
20006f97   UARTCharPutNonBlocking
20006f2b   UARTCharsAvail
20006d9d   UARTConfigGetExpClk
20006d27   UARTConfigSetExpClk
200070cb   UARTDMADisable
200070b3   UARTDMAEnable
20006e0d   UARTDisable
20006de9   UARTEnable
20006e4d   UARTFIFODisable
20006e37   UARTFIFOEnable
20006cff   UARTFIFOLevelGet
20006ce7   UARTFIFOLevelSet
20006eeb   UARTFlowControlGet
20006ecf   UARTFlowControlSet
200070a1   UARTIntClear
2000706b   UARTIntDisable
20007053   UARTIntEnable
2000701b   UARTIntRegister
20007083   UARTIntStatus
20007039   UARTIntUnregister
20006e87   UARTModemControlClear
20006eab   UARTModemControlGet
20006e63   UARTModemControlSet
20006ebd   UARTModemStatusGet
20006cd5   UARTParityModeGet
20006cb9   UARTParityModeSet
200070f9   UARTRxErrorClear
200070e3   UARTRxErrorGet
20006f43   UARTSpaceAvail
20006f19   UARTTxIntModeGet
20006efd   UARTTxIntModeSet
20005809   UsageDisplay
200092a9   UtilsDelay
2000928d   _Dclass
20009065   _Dtest
2001f124   _Errno
20030000   __STACK_END
00001000   __STACK_SIZE
00008000   __SYSMEM_SIZE
20009878   __TI_CINIT_Base
20009888   __TI_CINIT_Limit
20009860   __TI_Handler_Table_Base
2000986c   __TI_Handler_Table_Limit
00000001   __TI_args_main
20008b91   __TI_auto_init
2001f11c   __TI_cleanup_ptr
2000927f   __TI_decompress_none
200092af   __TI_decompress_rle24
2001f120   __TI_dtors_ptr
20004fb7   __TI_printfi
20009750   __TI_static_base__
2000925d   __TI_zero_init
20008cad   __aeabi_cdcmpeq
20008cad   __aeabi_cdcmple
20008d33   __aeabi_cdrcmple
20008f95   __aeabi_d2iz
20008607   __aeabi_dadd
200087b3   __aeabi_ddiv
200089f9   __aeabi_dmul
200085fd   __aeabi_dsub
2000911d   __aeabi_i2d
20009197   __aeabi_llsr
20009205   __aeabi_lmul
20008db9   __aeabi_memclr
20008db9   __aeabi_memclr4
20008db9   __aeabi_memclr8
20008af5   __aeabi_memcpy
20008af5   __aeabi_memcpy4
20008af5   __aeabi_memcpy8
20008dbb   __aeabi_memset
20008dbb   __aeabi_memset4
20008dbb   __aeabi_memset8
20008235   __aeabi_uldivmod
ffffffff   __binit__
ffffffff   __c_args__
2002f000   __stack
200091ed   _args_main
200090e9   _c_int00
200092b4   _ctypes_
2001f114   _lock
20009243   _nop
2000923b   _register_lock
20009235   _register_unlock
20017000   _sys_memory
2001f118   _unlock
20009025   abort
20008f49   atoi
ffffffff   binit
20007909   calloc
20008fdd   copy_in
2000902d   exit
20007659   free
20004000   g_pfnVectors
20008eed   ltoa
2000730d   main
2001f128   main_func_sp
200075f1   malloc
20007825   memalign
200091d1   memccpy
20008af5   memcpy
20008dc1   memset
20007565   minit
2001f000   psAESCBCTestVectors
2001f080   pui32AES128Key
2001f090   pui32AES192Key
2001f0a8   pui32AES256Key
2001f130   pui32AESPlainMsg
2001f0c8   pui32AESPlainText
20007719   realloc
2000921d   strcmp
2000926f   strcpy
20009175   strcspn
20009249   strlen
2000914b   strspn
200090a9   strtok
200088e9   strtoul
2001f1e0   ui32aes_mode
2001f1a8   uiKey128
2001f190   uiKey192
2001f170   uiKey256
20008c25   vsnprintf


GLOBAL SYMBOLS: SORTED BY Symbol Address 

address    name
--------   ----
00000001   __TI_args_main
00001000   __STACK_SIZE
00008000   __SYSMEM_SIZE
20004000   g_pfnVectors
20004fb7   __TI_printfi
200052c1   AESParser
20005471   GetKey
200056d5   GetMsg
20005809   UsageDisplay
2000584d   ReadFromUser
20005989   SetKeys
200059f9   MemAllocAndCpy
20005ca1   PRCMSOCReset
20005cad   PRCMMCUReset
20005ccd   PRCMSysResetCauseGet
20005cf1   PRCMPeripheralClkEnable
20005d1d   PRCMPeripheralClkDisable
20005d3d   PRCMPeripheralClockGet
20005dbb   PRCMPeripheralReset
20005e09   PRCMPeripheralStatusGet
20005e33   PRCMI2SClockFreqSet
20005e83   PRCMLPDSRestoreInfoSet
20005e9b   PRCMLPDSEnter
20005ecb   PRCMLPDSWakeupSourceEnable
20005eed   PRCMLPDSWakeupSourceDisable
20005f01   PRCMLPDSWakeupCauseGet
20005f07   PRCMLPDSIntervalSet
20005f29   PRCMLPDSWakeUpGPIOSelect
20005f45   PRCMSleepEnter
20005f4d   PRCMDeepSleepEnter
20005f7d   PRCMSRAMRetentionEnable
20005fb5   PRCMSRAMRetentionDisable
20005fe9   PRCMHibernateWakeupSourceEnable
2000600f   PRCMHibernateWakeupSourceDisable
20006035   PRCMHibernateWakeupCauseGet
20006051   PRCMHibernateIntervalSet
200060c5   PRCMHibernateWakeUpGPIOSelect
20006117   PRCMHibernateEnter
20006127   PRCMSlowClkCtrGet
20006161   PRCMSlowClkCtrMatchSet
20006189   PRCMSlowClkCtrMatchGet
200061c9   PRCMOCRRegisterWrite
200061e3   PRCMOCRRegisterRead
200061fd   PRCMIntRegister
20006211   PRCMIntUnregister
20006225   PRCMIntEnable
20006259   PRCMIntDisable
2000627d   PRCMIntStatus
20006283   PRCMRTCInUseSet
20006295   PRCMRTCInUseGet
200062b5   PRCMRTCSet
20006345   PRCMRTCGet
200063dd   PRCMRTCMatchSet
20006479   PRCMRTCMatchGet
20006515   PRCMCC3200MCUInit
2000662d   AESConfigSet
2000664f   AESKey1Set
200066a9   AESKey2Set
20006703   AESKey3Set
2000672f   AESIVSet
2000675b   AESTagRead
20006787   AESDataLengthSet
200067a7   AESAuthDataLengthSet
200067b9   AESDataReadNonBlocking
20006833   AESDataRead
200068a7   AESDataWriteNonBlocking
2000692d   AESDataWrite
200069ad   AESDataProcess
20006a3f   AESDataMAC
20006abd   AESDataProcessAE
20006b51   AESIntStatus
20006b9f   AESIntEnable
20006bcb   AESIntDisable
20006bf7   AESIntClear
20006c0d   AESIntRegister
20006c23   AESIntUnregister
20006c35   AESDMAEnable
20006c4d   AESDMADisable
20006cb9   UARTParityModeSet
20006cd5   UARTParityModeGet
20006ce7   UARTFIFOLevelSet
20006cff   UARTFIFOLevelGet
20006d27   UARTConfigSetExpClk
20006d9d   UARTConfigGetExpClk
20006de9   UARTEnable
20006e0d   UARTDisable
20006e37   UARTFIFOEnable
20006e4d   UARTFIFODisable
20006e63   UARTModemControlSet
20006e87   UARTModemControlClear
20006eab   UARTModemControlGet
20006ebd   UARTModemStatusGet
20006ecf   UARTFlowControlSet
20006eeb   UARTFlowControlGet
20006efd   UARTTxIntModeSet
20006f19   UARTTxIntModeGet
20006f2b   UARTCharsAvail
20006f43   UARTSpaceAvail
20006f65   UARTCharGetNonBlocking
20006f81   UARTCharGet
20006f97   UARTCharPutNonBlocking
20006fbb   UARTCharPut
20006fd9   UARTBreakCtl
20007003   UARTBusy
2000701b   UARTIntRegister
20007039   UARTIntUnregister
20007053   UARTIntEnable
2000706b   UARTIntDisable
20007083   UARTIntStatus
200070a1   UARTIntClear
200070b3   UARTDMAEnable
200070cb   UARTDMADisable
200070e3   UARTRxErrorGet
200070f9   UARTRxErrorClear
20007109   AESCrypt
2000719f   AESIntHandler
200071fd   LoadDefaultValues
2000730d   main
20007565   minit
200075f1   malloc
20007659   free
20007719   realloc
20007825   memalign
20007909   calloc
20007943   IntMasterEnable
2000794d   IntMasterDisable
20007957   IntVTableBaseSet
20007967   IntRegister
20007983   IntUnregister
2000799d   IntPriorityGroupingSet
200079b7   IntPriorityGroupingGet
200079ef   IntPrioritySet
20007a3f   IntPriorityGet
20007a63   IntEnable
20007afd   IntDisable
20007b97   IntPendSet
20007c25   IntPendClear
20007c7d   IntPriorityMaskSet
20007c89   IntPriorityMaskGet
20007cb1   FlashDisable
20007ce7   FlashErase
20007d21   FlashEraseNonBlocking
20007d3f   FlashMassErase
20007d6b   FlashMassEraseNonBlocking
20007d7b   FlashProgram
20007dfd   FlashProgramNonBlocking
20007e7f   FlashProtectGet
20007ef5   FlashIntRegister
20007f09   FlashIntUnregister
20007f19   FlashIntEnable
20007f2d   FlashIntDisable
20007f41   FlashIntStatus
20007f5d   FlashIntClear
20007fb1   PinModeSet
20007fe9   PinModeGet
20008013   PinDirModeSet
20008047   PinDirModeGet
20008071   PinConfigGet
200080af   PinConfigSet
2000812b   PinTypeUART
20008145   PinTypeI2C
20008161   PinTypeSPI
2000817b   PinTypeI2S
20008195   PinTypeTimer
200081af   PinTypeCamera
200081c9   PinTypeGPIO
200081f9   PinTypeADC
2000820d   PinTypeSDHost
20008235   __aeabi_uldivmod
20008429   InitTerm
20008447   Message
20008469   ClearTerm
20008473   Error
200084ab   GetCmd
2000853d   Report
200085fd   __aeabi_dsub
20008607   __aeabi_dadd
200087b3   __aeabi_ddiv
200088e9   strtoul
200089f9   __aeabi_dmul
20008af5   __aeabi_memcpy
20008af5   __aeabi_memcpy4
20008af5   __aeabi_memcpy8
20008af5   memcpy
20008b91   __TI_auto_init
20008c25   vsnprintf
20008cad   __aeabi_cdcmpeq
20008cad   __aeabi_cdcmple
20008d33   __aeabi_cdrcmple
20008db9   __aeabi_memclr
20008db9   __aeabi_memclr4
20008db9   __aeabi_memclr8
20008dbb   __aeabi_memset
20008dbb   __aeabi_memset4
20008dbb   __aeabi_memset8
20008dc1   memset
20008e31   CPUcpsid
20008e45   CPUprimask
20008e4f   CPUcpsie
20008e63   CPUwfi
20008e6f   CPUbasepriSet
20008e85   CPUbasepriGet
20008eed   ltoa
20008f49   atoi
20008f95   __aeabi_d2iz
20008fdd   copy_in
20009021   C$$EXIT
20009025   abort
2000902d   exit
20009065   _Dtest
200090a9   strtok
200090e9   _c_int00
2000911d   __aeabi_i2d
2000914b   strspn
20009175   strcspn
20009197   __aeabi_llsr
200091b5   PinMuxConfig
200091d1   memccpy
200091ed   _args_main
20009205   __aeabi_lmul
2000921d   strcmp
20009235   _register_unlock
2000923b   _register_lock
20009243   _nop
20009249   strlen
2000925d   __TI_zero_init
2000926f   strcpy
2000927f   __TI_decompress_none
2000928d   _Dclass
2000929b   ResetISR
200092a9   UtilsDelay
200092af   __TI_decompress_rle24
200092b4   _ctypes_
20009750   __TI_static_base__
20009860   __TI_Handler_Table_Base
2000986c   __TI_Handler_Table_Limit
20009878   __TI_CINIT_Base
20009888   __TI_CINIT_Limit
20017000   _sys_memory
2001f000   psAESCBCTestVectors
2001f080   pui32AES128Key
2001f090   pui32AES192Key
2001f0a8   pui32AES256Key
2001f0c8   pui32AESPlainText
2001f114   _lock
2001f118   _unlock
2001f11c   __TI_cleanup_ptr
2001f120   __TI_dtors_ptr
2001f124   _Errno
2001f128   main_func_sp
2001f130   pui32AESPlainMsg
2001f170   uiKey256
2001f190   uiKey192
2001f1a8   uiKey128
2001f1b8   AES128Key1
2001f1bc   AES128Key2
2001f1c0   AES128Key3
2001f1c4   AES192Key1
2001f1c8   AES192Key2
2001f1cc   AES192Key3
2001f1d0   AES256Key1
2001f1d4   AES256Key2
2001f1d8   AES256Key3
2001f1e0   ui32aes_mode
2002f000   __stack
20030000   __STACK_END
ffffffff   __binit__
ffffffff   __c_args__
ffffffff   binit
UNDEFED    SHT$$INIT_ARRAY$$Base
UNDEFED    SHT$$INIT_ARRAY$$Limit

[271 symbols]
