<?xml version="1.0"?>
<link_info>
   <banner>TI ARM Linker PC v5.1.7</banner>
   <copyright>Copyright (c) 1996-2014 Texas Instruments Incorporated</copyright>
   <link_time>0x53e23618</link_time>
   <link_errors>0x0</link_errors>
   <output_file>file_operations.out</output_file>
   <entry_point>
      <name>_c_int00</name>
      <address>0x2000a7c9</address>
   </entry_point>
   <input_file_list>
      <input_file id="fl-2">
         <path>.\</path>
         <kind>object</kind>
         <file>gpio_if.obj</file>
         <name>gpio_if.obj</name>
      </input_file>
      <input_file id="fl-3">
         <path>.\</path>
         <kind>object</kind>
         <file>main.obj</file>
         <name>main.obj</name>
      </input_file>
      <input_file id="fl-4">
         <path>.\</path>
         <kind>object</kind>
         <file>pinmux.obj</file>
         <name>pinmux.obj</name>
      </input_file>
      <input_file id="fl-5">
         <path>.\</path>
         <kind>object</kind>
         <file>startup_ccs.obj</file>
         <name>startup_ccs.obj</name>
      </input_file>
      <input_file id="fl-134">
         <path>c:\ti\ccsv6\tools\compiler\arm_5.1.7\lib\</path>
         <kind>archive</kind>
         <file>rtsv7M4_T_le_eabi.lib</file>
         <name>boot.obj</name>
      </input_file>
      <input_file id="fl-135">
         <path>c:\ti\ccsv6\tools\compiler\arm_5.1.7\lib\</path>
         <kind>archive</kind>
         <file>rtsv7M4_T_le_eabi.lib</file>
         <name>copy_decompress_none.obj</name>
      </input_file>
      <input_file id="fl-136">
         <path>c:\ti\ccsv6\tools\compiler\arm_5.1.7\lib\</path>
         <kind>archive</kind>
         <file>rtsv7M4_T_le_eabi.lib</file>
         <name>copy_decompress_rle.obj</name>
      </input_file>
      <input_file id="fl-137">
         <path>c:\ti\ccsv6\tools\compiler\arm_5.1.7\lib\</path>
         <kind>archive</kind>
         <file>rtsv7M4_T_le_eabi.lib</file>
         <name>copy_zero_init.obj</name>
      </input_file>
      <input_file id="fl-138">
         <path>c:\ti\ccsv6\tools\compiler\arm_5.1.7\lib\</path>
         <kind>archive</kind>
         <file>rtsv7M4_T_le_eabi.lib</file>
         <name>exit.obj</name>
      </input_file>
      <input_file id="fl-139">
         <path>c:\ti\ccsv6\tools\compiler\arm_5.1.7\lib\</path>
         <kind>archive</kind>
         <file>rtsv7M4_T_le_eabi.lib</file>
         <name>memcpy_t2.obj</name>
      </input_file>
      <input_file id="fl-13a">
         <path>c:\ti\ccsv6\tools\compiler\arm_5.1.7\lib\</path>
         <kind>archive</kind>
         <file>rtsv7M4_T_le_eabi.lib</file>
         <name>stkdepth_vars.obj</name>
      </input_file>
      <input_file id="fl-13b">
         <path>c:\ti\ccsv6\tools\compiler\arm_5.1.7\lib\</path>
         <kind>archive</kind>
         <file>rtsv7M4_T_le_eabi.lib</file>
         <name>_lock.obj</name>
      </input_file>
      <input_file id="fl-13c">
         <path>c:\ti\ccsv6\tools\compiler\arm_5.1.7\lib\</path>
         <kind>archive</kind>
         <file>rtsv7M4_T_le_eabi.lib</file>
         <name>args_main.obj</name>
      </input_file>
      <input_file id="fl-13d">
         <path>c:\ti\ccsv6\tools\compiler\arm_5.1.7\lib\</path>
         <kind>archive</kind>
         <file>rtsv7M4_T_le_eabi.lib</file>
         <name>auto_init.obj</name>
      </input_file>
      <input_file id="fl-13e">
         <path>c:\ti\ccsv6\tools\compiler\arm_5.1.7\lib\</path>
         <kind>archive</kind>
         <file>rtsv7M4_T_le_eabi.lib</file>
         <name>cpy_tbl.obj</name>
      </input_file>
      <input_file id="fl-13f">
         <path>C:\ti\CC3200SDK\cc3200-sdk\simplelink\ccs\NON_OS\</path>
         <kind>archive</kind>
         <file>simplelink.a</file>
         <name>wlan.obj</name>
      </input_file>
      <input_file id="fl-140">
         <path>C:\ti\CC3200SDK\cc3200-sdk\simplelink\ccs\NON_OS\</path>
         <kind>archive</kind>
         <file>simplelink.a</file>
         <name>fs.obj</name>
      </input_file>
      <input_file id="fl-141">
         <path>C:\ti\CC3200SDK\cc3200-sdk\simplelink\ccs\NON_OS\</path>
         <kind>archive</kind>
         <file>simplelink.a</file>
         <name>driver.obj</name>
      </input_file>
      <input_file id="fl-142">
         <path>C:\ti\CC3200SDK\cc3200-sdk\simplelink\ccs\NON_OS\</path>
         <kind>archive</kind>
         <file>simplelink.a</file>
         <name>device.obj</name>
      </input_file>
      <input_file id="fl-143">
         <path>C:\ti\CC3200SDK\cc3200-sdk\simplelink\ccs\NON_OS\</path>
         <kind>archive</kind>
         <file>simplelink.a</file>
         <name>cc_pal.obj</name>
      </input_file>
      <input_file id="fl-144">
         <path>C:\ti\CC3200SDK\cc3200-sdk\simplelink\ccs\NON_OS\</path>
         <kind>archive</kind>
         <file>simplelink.a</file>
         <name>socket.obj</name>
      </input_file>
      <input_file id="fl-145">
         <path>C:\ti\CC3200SDK\cc3200-sdk\simplelink\ccs\NON_OS\</path>
         <kind>archive</kind>
         <file>simplelink.a</file>
         <name>nonos.obj</name>
      </input_file>
      <input_file id="fl-146">
         <path>C:\ti\CC3200SDK\cc3200-sdk\simplelink\ccs\NON_OS\</path>
         <kind>archive</kind>
         <file>simplelink.a</file>
         <name>netapp.obj</name>
      </input_file>
      <input_file id="fl-147">
         <path>C:\ti\CC3200SDK\cc3200-sdk\simplelink\ccs\NON_OS\</path>
         <kind>archive</kind>
         <file>simplelink.a</file>
         <name>flowcont.obj</name>
      </input_file>
      <input_file id="fl-148">
         <path>C:\ti\CC3200SDK\cc3200-sdk\driverlib\ccs\Release\</path>
         <kind>archive</kind>
         <file>driverlib.a</file>
         <name>gpio.obj</name>
      </input_file>
      <input_file id="fl-149">
         <path>C:\ti\CC3200SDK\cc3200-sdk\driverlib\ccs\Release\</path>
         <kind>archive</kind>
         <file>driverlib.a</file>
         <name>interrupt.obj</name>
      </input_file>
      <input_file id="fl-14a">
         <path>C:\ti\CC3200SDK\cc3200-sdk\driverlib\ccs\Release\</path>
         <kind>archive</kind>
         <file>driverlib.a</file>
         <name>pin.obj</name>
      </input_file>
      <input_file id="fl-14b">
         <path>C:\ti\CC3200SDK\cc3200-sdk\driverlib\ccs\Release\</path>
         <kind>archive</kind>
         <file>driverlib.a</file>
         <name>prcm.obj</name>
      </input_file>
      <input_file id="fl-14c">
         <path>C:\ti\CC3200SDK\cc3200-sdk\driverlib\ccs\Release\</path>
         <kind>archive</kind>
         <file>driverlib.a</file>
         <name>spi.obj</name>
      </input_file>
      <input_file id="fl-14d">
         <path>C:\ti\CC3200SDK\cc3200-sdk\driverlib\ccs\Release\</path>
         <kind>archive</kind>
         <file>driverlib.a</file>
         <name>udma.obj</name>
      </input_file>
      <input_file id="fl-14e">
         <path>C:\ti\CC3200SDK\cc3200-sdk\driverlib\ccs\Release\</path>
         <kind>archive</kind>
         <file>driverlib.a</file>
         <name>utils.obj</name>
      </input_file>
      <input_file id="fl-14f">
         <path>C:\ti\CC3200SDK\cc3200-sdk\driverlib\ccs\Release\</path>
         <kind>archive</kind>
         <file>driverlib.a</file>
         <name>cpu.obj</name>
      </input_file>
      <input_file id="fl-150">
         <path>C:\ti\CC3200SDK\cc3200-sdk\driverlib\ccs\Release\</path>
         <kind>archive</kind>
         <file>driverlib.a</file>
         <name>flash.obj</name>
      </input_file>
      <input_file id="fl-151">
         <path>c:\ti\ccsv6\tools\compiler\arm_5.1.7\lib\</path>
         <kind>archive</kind>
         <file>rtsv7M4_T_le_eabi.lib</file>
         <name>ll_lsr_t2.obj</name>
      </input_file>
      <input_file id="fl-152">
         <path>c:\ti\ccsv6\tools\compiler\arm_5.1.7\lib\</path>
         <kind>archive</kind>
         <file>rtsv7M4_T_le_eabi.lib</file>
         <name>memset_t2.obj</name>
      </input_file>
      <input_file id="fl-153">
         <path>c:\ti\ccsv6\tools\compiler\arm_5.1.7\lib\</path>
         <kind>archive</kind>
         <file>rtsv7M4_T_le_eabi.lib</file>
         <name>ull_div_t2.obj</name>
      </input_file>
   </input_file_list>
   <object_component_list>
      <object_component id="oc-e">
         <name>.intvecs</name>
         <load_address>0x20004000</load_address>
         <run_address>0x20004000</run_address>
         <size>0x400</size>
         <input_file_ref idref="fl-5"/>
      </object_component>
      <object_component id="oc-12e">
         <name>.text</name>
         <load_address>0x20004400</load_address>
         <run_address>0x20004400</run_address>
         <size>0x126c</size>
         <input_file_ref idref="fl-141"/>
      </object_component>
      <object_component id="oc-a3">
         <name>.text</name>
         <load_address>0x2000566c</load_address>
         <run_address>0x2000566c</run_address>
         <size>0x98c</size>
         <input_file_ref idref="fl-14b"/>
      </object_component>
      <object_component id="oc-228">
         <name>.text</name>
         <load_address>0x20005ff8</load_address>
         <run_address>0x20005ff8</run_address>
         <size>0x960</size>
         <input_file_ref idref="fl-144"/>
      </object_component>
      <object_component id="oc-bb">
         <name>.text</name>
         <load_address>0x20006958</load_address>
         <run_address>0x20006958</run_address>
         <size>0x7a4</size>
         <input_file_ref idref="fl-13f"/>
      </object_component>
      <object_component id="oc-1e6">
         <name>.text</name>
         <load_address>0x200070fc</load_address>
         <run_address>0x200070fc</run_address>
         <size>0x79c</size>
         <input_file_ref idref="fl-14c"/>
      </object_component>
      <object_component id="oc-1d0">
         <name>.text</name>
         <load_address>0x20007898</load_address>
         <run_address>0x20007898</run_address>
         <size>0x748</size>
         <input_file_ref idref="fl-146"/>
      </object_component>
      <object_component id="oc-134">
         <name>.text</name>
         <load_address>0x20007fe0</load_address>
         <run_address>0x20007fe0</run_address>
         <size>0x514</size>
         <input_file_ref idref="fl-143"/>
      </object_component>
      <object_component id="oc-1ec">
         <name>.text</name>
         <load_address>0x200084f4</load_address>
         <run_address>0x200084f4</run_address>
         <size>0x4a4</size>
         <input_file_ref idref="fl-14d"/>
      </object_component>
      <object_component id="oc-b5">
         <name>.text</name>
         <load_address>0x20008998</load_address>
         <run_address>0x20008998</run_address>
         <size>0x3b4</size>
         <input_file_ref idref="fl-142"/>
      </object_component>
      <object_component id="oc-9d">
         <name>.text</name>
         <load_address>0x20008d4c</load_address>
         <run_address>0x20008d4c</run_address>
         <size>0x370</size>
         <input_file_ref idref="fl-149"/>
      </object_component>
      <object_component id="oc-af">
         <name>.text</name>
         <load_address>0x200090bc</load_address>
         <run_address>0x200090bc</run_address>
         <size>0x354</size>
         <input_file_ref idref="fl-2"/>
      </object_component>
      <object_component id="oc-118">
         <name>.text</name>
         <load_address>0x20009410</load_address>
         <run_address>0x20009410</run_address>
         <size>0x334</size>
         <input_file_ref idref="fl-148"/>
      </object_component>
      <object_component id="oc-107">
         <name>.text</name>
         <load_address>0x20009744</load_address>
         <run_address>0x20009744</run_address>
         <size>0x300</size>
         <input_file_ref idref="fl-150"/>
      </object_component>
      <object_component id="oc-c1">
         <name>.text</name>
         <load_address>0x20009a44</load_address>
         <run_address>0x20009a44</run_address>
         <size>0x2f4</size>
         <input_file_ref idref="fl-140"/>
      </object_component>
      <object_component id="oc-112">
         <name>.text</name>
         <load_address>0x20009d38</load_address>
         <run_address>0x20009d38</run_address>
         <size>0x284</size>
         <input_file_ref idref="fl-14a"/>
      </object_component>
      <object_component id="oc-76">
         <name>.text</name>
         <load_address>0x20009fbc</load_address>
         <run_address>0x20009fbc</run_address>
         <size>0x208</size>
         <input_file_ref idref="fl-3"/>
      </object_component>
      <object_component id="oc-fd">
         <name>.text</name>
         <load_address>0x2000a1c4</load_address>
         <run_address>0x2000a1c4</run_address>
         <size>0x1f4</size>
         <input_file_ref idref="fl-153"/>
      </object_component>
      <object_component id="oc-47">
         <name>.text</name>
         <load_address>0x2000a3b8</load_address>
         <run_address>0x2000a3b8</run_address>
         <size>0x9c</size>
         <input_file_ref idref="fl-139"/>
      </object_component>
      <object_component id="oc-32">
         <name>.text</name>
         <load_address>0x2000a454</load_address>
         <run_address>0x2000a454</run_address>
         <size>0x94</size>
         <input_file_ref idref="fl-13d"/>
      </object_component>
      <object_component id="oc-128">
         <name>.text</name>
         <load_address>0x2000a4e8</load_address>
         <run_address>0x2000a4e8</run_address>
         <size>0x94</size>
         <input_file_ref idref="fl-145"/>
      </object_component>
      <object_component id="oc-151">
         <name>.text</name>
         <load_address>0x2000a57c</load_address>
         <run_address>0x2000a57c</run_address>
         <size>0x78</size>
         <input_file_ref idref="fl-152"/>
      </object_component>
      <object_component id="oc-ea">
         <name>.text</name>
         <load_address>0x2000a5f4</load_address>
         <run_address>0x2000a5f4</run_address>
         <size>0x5e</size>
         <input_file_ref idref="fl-14f"/>
      </object_component>
      <object_component id="oc-5a">
         <name>.text</name>
         <load_address>0x2000a652</load_address>
         <run_address>0x2000a652</run_address>
         <size>0x5e</size>
         <input_file_ref idref="fl-136"/>
      </object_component>
      <object_component id="oc-1d9">
         <name>.text</name>
         <load_address>0x2000a6b0</load_address>
         <run_address>0x2000a6b0</run_address>
         <size>0x58</size>
         <input_file_ref idref="fl-147"/>
      </object_component>
      <object_component id="oc-6f">
         <name>.text</name>
         <load_address>0x2000a708</load_address>
         <run_address>0x2000a708</run_address>
         <size>0x44</size>
         <input_file_ref idref="fl-13e"/>
      </object_component>
      <object_component id="oc-3d">
         <name>.text</name>
         <load_address>0x2000a74c</load_address>
         <run_address>0x2000a74c</run_address>
         <size>0x44</size>
         <input_file_ref idref="fl-138"/>
      </object_component>
      <object_component id="oc-a9">
         <name>.text</name>
         <load_address>0x2000a790</load_address>
         <run_address>0x2000a790</run_address>
         <size>0x38</size>
         <input_file_ref idref="fl-4"/>
      </object_component>
      <object_component id="oc-11">
         <name>.text</name>
         <load_address>0x2000a7c8</load_address>
         <run_address>0x2000a7c8</run_address>
         <size>0x34</size>
         <input_file_ref idref="fl-134"/>
      </object_component>
      <object_component id="oc-102">
         <name>.text</name>
         <load_address>0x2000a7fc</load_address>
         <run_address>0x2000a7fc</run_address>
         <size>0x1e</size>
         <input_file_ref idref="fl-151"/>
      </object_component>
      <object_component id="oc-37">
         <name>.text</name>
         <load_address>0x2000a81c</load_address>
         <run_address>0x2000a81c</run_address>
         <size>0x18</size>
         <input_file_ref idref="fl-13c"/>
      </object_component>
      <object_component id="oc-d5">
         <name>.text</name>
         <load_address>0x2000a834</load_address>
         <run_address>0x2000a834</run_address>
         <size>0x14</size>
         <input_file_ref idref="fl-13b"/>
      </object_component>
      <object_component id="oc-1c">
         <name>.text:decompress:ZI</name>
         <load_address>0x2000a848</load_address>
         <run_address>0x2000a848</run_address>
         <size>0x12</size>
         <input_file_ref idref="fl-137"/>
      </object_component>
      <object_component id="oc-16">
         <name>.text:decompress:none</name>
         <load_address>0x2000a85a</load_address>
         <run_address>0x2000a85a</run_address>
         <size>0xe</size>
         <input_file_ref idref="fl-135"/>
      </object_component>
      <object_component id="oc-29">
         <name>.text</name>
         <load_address>0x2000a868</load_address>
         <run_address>0x2000a868</run_address>
         <size>0xe</size>
         <input_file_ref idref="fl-5"/>
      </object_component>
      <object_component id="oc-199">
         <name>.text:UtilsDelay</name>
         <load_address>0x2000a876</load_address>
         <run_address>0x2000a876</run_address>
         <size>0x6</size>
         <input_file_ref idref="fl-14e"/>
      </object_component>
      <object_component id="oc-22">
         <name>.text:decompress:rle24</name>
         <load_address>0x2000a87c</load_address>
         <run_address>0x2000a87c</run_address>
         <size>0x6</size>
         <input_file_ref idref="fl-136"/>
      </object_component>
      <object_component id="oc-1b0">
         <name>.const:g_ulPinToPadMap</name>
         <load_address>0x2000a884</load_address>
         <run_address>0x2000a884</run_address>
         <size>0x100</size>
         <input_file_ref idref="fl-14a"/>
      </object_component>
      <object_component id="oc-f3">
         <name>.const:g_pulRegs</name>
         <load_address>0x2000a984</load_address>
         <run_address>0x2000a984</run_address>
         <size>0xd4</size>
         <input_file_ref idref="fl-149"/>
      </object_component>
      <object_component id="oc-159">
         <name>.const:$P$T0$1</name>
         <load_address>0x2000aa58</load_address>
         <run_address>0x2000aa58</run_address>
         <size>0xb0</size>
         <input_file_ref idref="fl-13f"/>
      </object_component>
      <object_component id="oc-10d">
         <name>.const:PRCM_PeriphRegsList</name>
         <load_address>0x2000ab08</load_address>
         <run_address>0x2000ab08</run_address>
         <size>0xa0</size>
         <input_file_ref idref="fl-14b"/>
      </object_component>
      <object_component id="oc-f0">
         <name>.const</name>
         <load_address>0x2000aba8</load_address>
         <run_address>0x2000aba8</run_address>
         <size>0x80</size>
         <input_file_ref idref="fl-149"/>
      </object_component>
      <object_component id="oc-19d">
         <name>.const:g_pulFMPPERegs</name>
         <load_address>0x2000ac28</load_address>
         <run_address>0x2000ac28</run_address>
         <size>0x40</size>
         <input_file_ref idref="fl-150"/>
      </object_component>
      <object_component id="oc-19a">
         <name>.const:g_pulFMPRERegs</name>
         <load_address>0x2000ac68</load_address>
         <run_address>0x2000ac68</run_address>
         <size>0x40</size>
         <input_file_ref idref="fl-150"/>
      </object_component>
      <object_component id="oc-156">
         <name>.const</name>
         <load_address>0x2000aca8</load_address>
         <run_address>0x2000aca8</run_address>
         <size>0x3c</size>
         <input_file_ref idref="fl-13f"/>
      </object_component>
      <object_component id="oc-1ca">
         <name>.const:_SlActionLookupTable</name>
         <load_address>0x2000ace4</load_address>
         <run_address>0x2000ace4</run_address>
         <size>0x38</size>
         <input_file_ref idref="fl-141"/>
      </object_component>
      <object_component id="oc-16d">
         <name>.const</name>
         <load_address>0x2000ad1c</load_address>
         <run_address>0x2000ad1c</run_address>
         <size>0x38</size>
         <input_file_ref idref="fl-140"/>
      </object_component>
      <object_component id="oc-251">
         <name>.const</name>
         <load_address>0x2000ad54</load_address>
         <run_address>0x2000ad54</run_address>
         <size>0x34</size>
         <input_file_ref idref="fl-144"/>
      </object_component>
      <object_component id="oc-232">
         <name>.const</name>
         <load_address>0x2000ad88</load_address>
         <run_address>0x2000ad88</run_address>
         <size>0x28</size>
         <input_file_ref idref="fl-146"/>
      </object_component>
      <object_component id="oc-241">
         <name>.const:g_ppulSPIIntMap</name>
         <load_address>0x2000adb0</load_address>
         <run_address>0x2000adb0</run_address>
         <size>0x24</size>
         <input_file_ref idref="fl-14c"/>
      </object_component>
      <object_component id="oc-244">
         <name>.const</name>
         <load_address>0x2000add4</load_address>
         <run_address>0x2000add4</run_address>
         <size>0x18</size>
         <input_file_ref idref="fl-14c"/>
      </object_component>
      <object_component id="oc-13d">
         <name>.const</name>
         <load_address>0x2000adec</load_address>
         <run_address>0x2000adec</run_address>
         <size>0x14</size>
         <input_file_ref idref="fl-142"/>
      </object_component>
      <object_component id="oc-1cd">
         <name>.const</name>
         <load_address>0x2000ae00</load_address>
         <run_address>0x2000ae00</run_address>
         <size>0x14</size>
         <input_file_ref idref="fl-141"/>
      </object_component>
      <object_component id="oc-28e">
         <name>.cinit..data.load</name>
         <load_address>0x2000ae18</load_address>
         <run_address>0x2000ae18</run_address>
         <size>0x2a</size>
      </object_component>
      <object_component id="oc-28c">
         <name>__TI_handler_table</name>
         <load_address>0x2000ae44</load_address>
         <run_address>0x2000ae44</run_address>
         <size>0xc</size>
      </object_component>
      <object_component id="oc-28f">
         <name>.cinit..bss.load</name>
         <load_address>0x2000ae50</load_address>
         <run_address>0x2000ae50</run_address>
         <size>0x8</size>
      </object_component>
      <object_component id="oc-28d">
         <name>__TI_cinit_table</name>
         <load_address>0x2000ae58</load_address>
         <run_address>0x2000ae58</run_address>
         <size>0x10</size>
      </object_component>
      <object_component id="oc-43">
         <name>.data</name>
         <load_address>0x20017224</load_address>
         <run_address>0x20017224</run_address>
         <size>0x4</size>
         <input_file_ref idref="fl-13a"/>
      </object_component>
      <object_component id="oc-7e">
         <name>.data</name>
         <load_address>0x2001720c</load_address>
         <run_address>0x2001720c</run_address>
         <size>0x8</size>
         <input_file_ref idref="fl-13b"/>
      </object_component>
      <object_component id="oc-81">
         <name>.data</name>
         <load_address>0x20017214</load_address>
         <run_address>0x20017214</run_address>
         <size>0x8</size>
         <input_file_ref idref="fl-138"/>
      </object_component>
      <object_component id="oc-11f">
         <name>.data</name>
         <load_address>0x200171e0</load_address>
         <run_address>0x200171e0</run_address>
         <size>0x1c</size>
         <input_file_ref idref="fl-2"/>
      </object_component>
      <object_component id="oc-13a">
         <name>.data</name>
         <load_address>0x2001721c</load_address>
         <run_address>0x2001721c</run_address>
         <size>0x8</size>
         <input_file_ref idref="fl-141"/>
      </object_component>
      <object_component id="oc-1f5">
         <name>.data</name>
         <load_address>0x200171fc</load_address>
         <run_address>0x200171fc</run_address>
         <size>0x10</size>
         <input_file_ref idref="fl-143"/>
      </object_component>
      <object_component id="oc-1bb">
         <name>.bss:g__SlNonOsCB</name>
         <uninitialized>true</uninitialized>
         <run_address>0x200171b4</run_address>
         <size>0x28</size>
         <input_file_ref idref="fl-145"/>
      </object_component>
      <object_component id="oc-1d6">
         <name>.bss:g_StatMem</name>
         <uninitialized>true</uninitialized>
         <run_address>0x20017000</run_address>
         <size>0x164</size>
         <input_file_ref idref="fl-141"/>
      </object_component>
      <object_component id="oc-1f2">
         <name>.bss:g_ucDinDout</name>
         <uninitialized>true</uninitialized>
         <run_address>0x20017164</run_address>
         <size>0x50</size>
         <input_file_ref idref="fl-143"/>
      </object_component>
      <object_component id="oc-122">
         <name>.common:g_ucLED1Pin</name>
         <uninitialized>true</uninitialized>
         <run_address>0x200171dd</run_address>
         <size>0x1</size>
      </object_component>
      <object_component id="oc-125">
         <name>.common:g_ucLED2Pin</name>
         <uninitialized>true</uninitialized>
         <run_address>0x200171de</run_address>
         <size>0x1</size>
      </object_component>
      <object_component id="oc-126">
         <name>.common:g_ucLED3Pin</name>
         <uninitialized>true</uninitialized>
         <run_address>0x200171df</run_address>
         <size>0x1</size>
      </object_component>
      <object_component id="oc-1fb">
         <name>.common:g_cDummy</name>
         <uninitialized>true</uninitialized>
         <run_address>0x200171dc</run_address>
         <size>0x1</size>
      </object_component>
      <object_component id="oc-28">
         <name>.stack</name>
         <uninitialized>true</uninitialized>
         <run_address>0x2002f800</run_address>
         <size>0x0</size>
         <input_file_ref idref="fl-134"/>
      </object_component>
      <object_component id="oc-290">
         <name>.stack</name>
         <uninitialized>true</uninitialized>
         <run_address>0x2002f800</run_address>
         <size>0x0</size>
      </object_component>
      <object_component id="oc-f">
         <name>.debug_info</name>
         <load_address>0x0</load_address>
         <run_address>0x0</run_address>
         <size>0x10c</size>
         <input_file_ref idref="fl-5"/>
      </object_component>
      <object_component id="oc-13">
         <name>.debug_info</name>
         <load_address>0x10c</load_address>
         <run_address>0x10c</run_address>
         <size>0x105</size>
         <input_file_ref idref="fl-134"/>
      </object_component>
      <object_component id="oc-1a">
         <name>.debug_info</name>
         <load_address>0x211</load_address>
         <run_address>0x211</run_address>
         <size>0x1a6</size>
         <input_file_ref idref="fl-135"/>
      </object_component>
      <object_component id="oc-1d">
         <name>.debug_info</name>
         <load_address>0x3b7</load_address>
         <run_address>0x3b7</run_address>
         <size>0x17c</size>
         <input_file_ref idref="fl-137"/>
      </object_component>
      <object_component id="oc-26">
         <name>.debug_info</name>
         <load_address>0x533</load_address>
         <run_address>0x533</run_address>
         <size>0x1a0</size>
         <input_file_ref idref="fl-136"/>
      </object_component>
      <object_component id="oc-2a">
         <name>.debug_info</name>
         <load_address>0x6d3</load_address>
         <run_address>0x6d3</run_address>
         <size>0x3fc</size>
         <input_file_ref idref="fl-5"/>
      </object_component>
      <object_component id="oc-31">
         <name>.debug_info</name>
         <load_address>0xacf</load_address>
         <run_address>0xacf</run_address>
         <size>0x121</size>
         <input_file_ref idref="fl-5"/>
      </object_component>
      <object_component id="oc-34">
         <name>.debug_info</name>
         <load_address>0xbf0</load_address>
         <run_address>0xbf0</run_address>
         <size>0x14f</size>
         <input_file_ref idref="fl-13d"/>
      </object_component>
      <object_component id="oc-38">
         <name>.debug_info</name>
         <load_address>0xd3f</load_address>
         <run_address>0xd3f</run_address>
         <size>0x12e</size>
         <input_file_ref idref="fl-13c"/>
      </object_component>
      <object_component id="oc-3e">
         <name>.debug_info</name>
         <load_address>0xe6d</load_address>
         <run_address>0xe6d</run_address>
         <size>0x1d4</size>
         <input_file_ref idref="fl-138"/>
      </object_component>
      <object_component id="oc-44">
         <name>.debug_info</name>
         <load_address>0x1041</load_address>
         <run_address>0x1041</run_address>
         <size>0xd0</size>
         <input_file_ref idref="fl-13a"/>
      </object_component>
      <object_component id="oc-49">
         <name>.debug_info</name>
         <load_address>0x1111</load_address>
         <run_address>0x1111</run_address>
         <size>0xde</size>
         <input_file_ref idref="fl-139"/>
      </object_component>
      <object_component id="oc-4d">
         <name>.debug_info</name>
         <load_address>0x11ef</load_address>
         <run_address>0x11ef</run_address>
         <size>0x46</size>
         <input_file_ref idref="fl-135"/>
      </object_component>
      <object_component id="oc-52">
         <name>.debug_info</name>
         <load_address>0x1235</load_address>
         <run_address>0x1235</run_address>
         <size>0x104</size>
         <input_file_ref idref="fl-135"/>
      </object_component>
      <object_component id="oc-54">
         <name>.debug_info</name>
         <load_address>0x1339</load_address>
         <run_address>0x1339</run_address>
         <size>0x46</size>
         <input_file_ref idref="fl-137"/>
      </object_component>
      <object_component id="oc-59">
         <name>.debug_info</name>
         <load_address>0x137f</load_address>
         <run_address>0x137f</run_address>
         <size>0xbf</size>
         <input_file_ref idref="fl-137"/>
      </object_component>
      <object_component id="oc-5d">
         <name>.debug_info</name>
         <load_address>0x143e</load_address>
         <run_address>0x143e</run_address>
         <size>0x201</size>
         <input_file_ref idref="fl-136"/>
      </object_component>
      <object_component id="oc-61">
         <name>.debug_info</name>
         <load_address>0x163f</load_address>
         <run_address>0x163f</run_address>
         <size>0xc9</size>
         <input_file_ref idref="fl-136"/>
      </object_component>
      <object_component id="oc-62">
         <name>.debug_info</name>
         <load_address>0x1708</load_address>
         <run_address>0x1708</run_address>
         <size>0x39</size>
         <input_file_ref idref="fl-136"/>
      </object_component>
      <object_component id="oc-6a">
         <name>.debug_info</name>
         <load_address>0x1741</load_address>
         <run_address>0x1741</run_address>
         <size>0x84</size>
         <input_file_ref idref="fl-2"/>
      </object_component>
      <object_component id="oc-70">
         <name>.debug_info</name>
         <load_address>0x17c5</load_address>
         <run_address>0x17c5</run_address>
         <size>0x15d</size>
         <input_file_ref idref="fl-13e"/>
      </object_component>
      <object_component id="oc-77">
         <name>.debug_info</name>
         <load_address>0x1922</load_address>
         <run_address>0x1922</run_address>
         <size>0xaa0</size>
         <input_file_ref idref="fl-3"/>
      </object_component>
      <object_component id="oc-7d">
         <name>.debug_info</name>
         <load_address>0x23c2</load_address>
         <run_address>0x23c2</run_address>
         <size>0x12d</size>
         <input_file_ref idref="fl-13c"/>
      </object_component>
      <object_component id="oc-7f">
         <name>.debug_info</name>
         <load_address>0x24ef</load_address>
         <run_address>0x24ef</run_address>
         <size>0xda</size>
         <input_file_ref idref="fl-13b"/>
      </object_component>
      <object_component id="oc-82">
         <name>.debug_info</name>
         <load_address>0x25c9</load_address>
         <run_address>0x25c9</run_address>
         <size>0xfd</size>
         <input_file_ref idref="fl-138"/>
      </object_component>
      <object_component id="oc-85">
         <name>.debug_info</name>
         <load_address>0x26c6</load_address>
         <run_address>0x26c6</run_address>
         <size>0x158</size>
         <input_file_ref idref="fl-138"/>
      </object_component>
      <object_component id="oc-8a">
         <name>.debug_info</name>
         <load_address>0x281e</load_address>
         <run_address>0x281e</run_address>
         <size>0x2c</size>
         <input_file_ref idref="fl-135"/>
      </object_component>
      <object_component id="oc-91">
         <name>.debug_info</name>
         <load_address>0x284a</load_address>
         <run_address>0x284a</run_address>
         <size>0x2c</size>
         <input_file_ref idref="fl-137"/>
      </object_component>
      <object_component id="oc-9c">
         <name>.debug_info</name>
         <load_address>0x2876</load_address>
         <run_address>0x2876</run_address>
         <size>0x15a</size>
         <input_file_ref idref="fl-13e"/>
      </object_component>
      <object_component id="oc-9e">
         <name>.debug_info</name>
         <load_address>0x29d0</load_address>
         <run_address>0x29d0</run_address>
         <size>0xed3</size>
         <input_file_ref idref="fl-149"/>
      </object_component>
      <object_component id="oc-a4">
         <name>.debug_info</name>
         <load_address>0x38a3</load_address>
         <run_address>0x38a3</run_address>
         <size>0x284a</size>
         <input_file_ref idref="fl-14b"/>
      </object_component>
      <object_component id="oc-aa">
         <name>.debug_info</name>
         <load_address>0x60ed</load_address>
         <run_address>0x60ed</run_address>
         <size>0x20a</size>
         <input_file_ref idref="fl-4"/>
      </object_component>
      <object_component id="oc-b0">
         <name>.debug_info</name>
         <load_address>0x62f7</load_address>
         <run_address>0x62f7</run_address>
         <size>0xd6b</size>
         <input_file_ref idref="fl-2"/>
      </object_component>
      <object_component id="oc-b7">
         <name>.debug_info</name>
         <load_address>0x7062</load_address>
         <run_address>0x7062</run_address>
         <size>0x1073</size>
         <input_file_ref idref="fl-142"/>
      </object_component>
      <object_component id="oc-bc">
         <name>.debug_info</name>
         <load_address>0x80d5</load_address>
         <run_address>0x80d5</run_address>
         <size>0x1cd2</size>
         <input_file_ref idref="fl-13f"/>
      </object_component>
      <object_component id="oc-c2">
         <name>.debug_info</name>
         <load_address>0x9da7</load_address>
         <run_address>0x9da7</run_address>
         <size>0xcc2</size>
         <input_file_ref idref="fl-140"/>
      </object_component>
      <object_component id="oc-c8">
         <name>.debug_info</name>
         <load_address>0xaa69</load_address>
         <run_address>0xaa69</run_address>
         <size>0x794</size>
         <input_file_ref idref="fl-3"/>
      </object_component>
      <object_component id="oc-c9">
         <name>.debug_info</name>
         <load_address>0xb1fd</load_address>
         <run_address>0xb1fd</run_address>
         <size>0x164</size>
         <input_file_ref idref="fl-3"/>
      </object_component>
      <object_component id="oc-d0">
         <name>.debug_info</name>
         <load_address>0xb361</load_address>
         <run_address>0xb361</run_address>
         <size>0x5e</size>
         <input_file_ref idref="fl-13c"/>
      </object_component>
      <object_component id="oc-d6">
         <name>.debug_info</name>
         <load_address>0xb3bf</load_address>
         <run_address>0xb3bf</run_address>
         <size>0x1e6</size>
         <input_file_ref idref="fl-13b"/>
      </object_component>
      <object_component id="oc-dd">
         <name>.debug_info</name>
         <load_address>0xb5a5</load_address>
         <run_address>0xb5a5</run_address>
         <size>0xeb</size>
         <input_file_ref idref="fl-13b"/>
      </object_component>
      <object_component id="oc-e5">
         <name>.debug_info</name>
         <load_address>0xb690</load_address>
         <run_address>0xb690</run_address>
         <size>0xcd</size>
         <input_file_ref idref="fl-13e"/>
      </object_component>
      <object_component id="oc-eb">
         <name>.debug_info</name>
         <load_address>0xb75d</load_address>
         <run_address>0xb75d</run_address>
         <size>0x45f</size>
         <input_file_ref idref="fl-14f"/>
      </object_component>
      <object_component id="oc-f1">
         <name>.debug_info</name>
         <load_address>0xbbbc</load_address>
         <run_address>0xbbbc</run_address>
         <size>0x19e</size>
         <input_file_ref idref="fl-149"/>
      </object_component>
      <object_component id="oc-f4">
         <name>.debug_info</name>
         <load_address>0xbd5a</load_address>
         <run_address>0xbd5a</run_address>
         <size>0xf0</size>
         <input_file_ref idref="fl-149"/>
      </object_component>
      <object_component id="oc-f7">
         <name>.debug_info</name>
         <load_address>0xbe4a</load_address>
         <run_address>0xbe4a</run_address>
         <size>0x2c</size>
         <input_file_ref idref="fl-2"/>
      </object_component>
      <object_component id="oc-fc">
         <name>.debug_info</name>
         <load_address>0xbe76</load_address>
         <run_address>0xbe76</run_address>
         <size>0x19b</size>
         <input_file_ref idref="fl-149"/>
      </object_component>
      <object_component id="oc-fe">
         <name>.debug_info</name>
         <load_address>0xc011</load_address>
         <run_address>0xc011</run_address>
         <size>0x14c</size>
         <input_file_ref idref="fl-153"/>
      </object_component>
      <object_component id="oc-103">
         <name>.debug_info</name>
         <load_address>0xc15d</load_address>
         <run_address>0xc15d</run_address>
         <size>0xe7</size>
         <input_file_ref idref="fl-151"/>
      </object_component>
      <object_component id="oc-108">
         <name>.debug_info</name>
         <load_address>0xc244</load_address>
         <run_address>0xc244</run_address>
         <size>0xd10</size>
         <input_file_ref idref="fl-150"/>
      </object_component>
      <object_component id="oc-10e">
         <name>.debug_info</name>
         <load_address>0xcf54</load_address>
         <run_address>0xcf54</run_address>
         <size>0xff</size>
         <input_file_ref idref="fl-14b"/>
      </object_component>
      <object_component id="oc-111">
         <name>.debug_info</name>
         <load_address>0xd053</load_address>
         <run_address>0xd053</run_address>
         <size>0x1d2</size>
         <input_file_ref idref="fl-14b"/>
      </object_component>
      <object_component id="oc-114">
         <name>.debug_info</name>
         <load_address>0xd225</load_address>
         <run_address>0xd225</run_address>
         <size>0x10c1</size>
         <input_file_ref idref="fl-14a"/>
      </object_component>
      <object_component id="oc-11b">
         <name>.debug_info</name>
         <load_address>0xe2e6</load_address>
         <run_address>0xe2e6</run_address>
         <size>0xfc3</size>
         <input_file_ref idref="fl-148"/>
      </object_component>
      <object_component id="oc-120">
         <name>.debug_info</name>
         <load_address>0xf2a9</load_address>
         <run_address>0xf2a9</run_address>
         <size>0x174</size>
         <input_file_ref idref="fl-2"/>
      </object_component>
      <object_component id="oc-123">
         <name>.debug_info</name>
         <load_address>0xf41d</load_address>
         <run_address>0xf41d</run_address>
         <size>0x2ae</size>
         <input_file_ref idref="fl-2"/>
      </object_component>
      <object_component id="oc-129">
         <name>.debug_info</name>
         <load_address>0xf6cb</load_address>
         <run_address>0xf6cb</run_address>
         <size>0x501</size>
         <input_file_ref idref="fl-145"/>
      </object_component>
      <object_component id="oc-130">
         <name>.debug_info</name>
         <load_address>0xfbcc</load_address>
         <run_address>0xfbcc</run_address>
         <size>0x2355</size>
         <input_file_ref idref="fl-141"/>
      </object_component>
      <object_component id="oc-138">
         <name>.debug_info</name>
         <load_address>0x11f21</load_address>
         <run_address>0x11f21</run_address>
         <size>0x15b1</size>
         <input_file_ref idref="fl-143"/>
      </object_component>
      <object_component id="oc-13b">
         <name>.debug_info</name>
         <load_address>0x134d2</load_address>
         <run_address>0x134d2</run_address>
         <size>0x113</size>
         <input_file_ref idref="fl-141"/>
      </object_component>
      <object_component id="oc-13e">
         <name>.debug_info</name>
         <load_address>0x135e5</load_address>
         <run_address>0x135e5</run_address>
         <size>0x1de</size>
         <input_file_ref idref="fl-142"/>
      </object_component>
      <object_component id="oc-141">
         <name>.debug_info</name>
         <load_address>0x137c3</load_address>
         <run_address>0x137c3</run_address>
         <size>0x750</size>
         <input_file_ref idref="fl-142"/>
      </object_component>
      <object_component id="oc-142">
         <name>.debug_info</name>
         <load_address>0x13f13</load_address>
         <run_address>0x13f13</run_address>
         <size>0x235a</size>
         <input_file_ref idref="fl-13f"/>
      </object_component>
      <object_component id="oc-147">
         <name>.debug_info</name>
         <load_address>0x1626d</load_address>
         <run_address>0x1626d</run_address>
         <size>0x169</size>
         <input_file_ref idref="fl-142"/>
      </object_component>
      <object_component id="oc-14c">
         <name>.debug_info</name>
         <load_address>0x163d6</load_address>
         <run_address>0x163d6</run_address>
         <size>0x5d5</size>
         <input_file_ref idref="fl-13f"/>
      </object_component>
      <object_component id="oc-152">
         <name>.debug_info</name>
         <load_address>0x169ab</load_address>
         <run_address>0x169ab</run_address>
         <size>0x10e</size>
         <input_file_ref idref="fl-152"/>
      </object_component>
      <object_component id="oc-157">
         <name>.debug_info</name>
         <load_address>0x16ab9</load_address>
         <run_address>0x16ab9</run_address>
         <size>0x3f2</size>
         <input_file_ref idref="fl-13f"/>
      </object_component>
      <object_component id="oc-15a">
         <name>.debug_info</name>
         <load_address>0x16eab</load_address>
         <run_address>0x16eab</run_address>
         <size>0xe1</size>
         <input_file_ref idref="fl-13f"/>
      </object_component>
      <object_component id="oc-15d">
         <name>.debug_info</name>
         <load_address>0x16f8c</load_address>
         <run_address>0x16f8c</run_address>
         <size>0x565</size>
         <input_file_ref idref="fl-13f"/>
      </object_component>
      <object_component id="oc-15e">
         <name>.debug_info</name>
         <load_address>0x174f1</load_address>
         <run_address>0x174f1</run_address>
         <size>0x48e</size>
         <input_file_ref idref="fl-13f"/>
      </object_component>
      <object_component id="oc-163">
         <name>.debug_info</name>
         <load_address>0x1797f</load_address>
         <run_address>0x1797f</run_address>
         <size>0x6c4</size>
         <input_file_ref idref="fl-3"/>
      </object_component>
      <object_component id="oc-168">
         <name>.debug_info</name>
         <load_address>0x18043</load_address>
         <run_address>0x18043</run_address>
         <size>0xef</size>
         <input_file_ref idref="fl-3"/>
      </object_component>
      <object_component id="oc-16e">
         <name>.debug_info</name>
         <load_address>0x18132</load_address>
         <run_address>0x18132</run_address>
         <size>0x234</size>
         <input_file_ref idref="fl-140"/>
      </object_component>
      <object_component id="oc-171">
         <name>.debug_info</name>
         <load_address>0x18366</load_address>
         <run_address>0x18366</run_address>
         <size>0x464</size>
         <input_file_ref idref="fl-140"/>
      </object_component>
      <object_component id="oc-172">
         <name>.debug_info</name>
         <load_address>0x187ca</load_address>
         <run_address>0x187ca</run_address>
         <size>0x1a5</size>
         <input_file_ref idref="fl-140"/>
      </object_component>
      <object_component id="oc-179">
         <name>.debug_info</name>
         <load_address>0x1896f</load_address>
         <run_address>0x1896f</run_address>
         <size>0x5e7</size>
         <input_file_ref idref="fl-3"/>
      </object_component>
      <object_component id="oc-17e">
         <name>.debug_info</name>
         <load_address>0x18f56</load_address>
         <run_address>0x18f56</run_address>
         <size>0x92b</size>
         <input_file_ref idref="fl-3"/>
      </object_component>
      <object_component id="oc-183">
         <name>.debug_info</name>
         <load_address>0x19881</load_address>
         <run_address>0x19881</run_address>
         <size>0x738</size>
         <input_file_ref idref="fl-3"/>
      </object_component>
      <object_component id="oc-188">
         <name>.debug_info</name>
         <load_address>0x19fb9</load_address>
         <run_address>0x19fb9</run_address>
         <size>0x2c6</size>
         <input_file_ref idref="fl-3"/>
      </object_component>
      <object_component id="oc-19b">
         <name>.debug_info</name>
         <load_address>0x1a27f</load_address>
         <run_address>0x1a27f</run_address>
         <size>0xf6</size>
         <input_file_ref idref="fl-150"/>
      </object_component>
      <object_component id="oc-19e">
         <name>.debug_info</name>
         <load_address>0x1a375</load_address>
         <run_address>0x1a375</run_address>
         <size>0xf6</size>
         <input_file_ref idref="fl-150"/>
      </object_component>
      <object_component id="oc-1a1">
         <name>.debug_info</name>
         <load_address>0x1a46b</load_address>
         <run_address>0x1a46b</run_address>
         <size>0x1ba</size>
         <input_file_ref idref="fl-150"/>
      </object_component>
      <object_component id="oc-1a2">
         <name>.debug_info</name>
         <load_address>0x1a625</load_address>
         <run_address>0x1a625</run_address>
         <size>0x51</size>
         <input_file_ref idref="fl-14b"/>
      </object_component>
      <object_component id="oc-1ab">
         <name>.debug_info</name>
         <load_address>0x1a676</load_address>
         <run_address>0x1a676</run_address>
         <size>0x62</size>
         <input_file_ref idref="fl-2"/>
      </object_component>
      <object_component id="oc-1b1">
         <name>.debug_info</name>
         <load_address>0x1a6d8</load_address>
         <run_address>0x1a6d8</run_address>
         <size>0xf6</size>
         <input_file_ref idref="fl-14a"/>
      </object_component>
      <object_component id="oc-1b4">
         <name>.debug_info</name>
         <load_address>0x1a7ce</load_address>
         <run_address>0x1a7ce</run_address>
         <size>0xe8</size>
         <input_file_ref idref="fl-14a"/>
      </object_component>
      <object_component id="oc-1b6">
         <name>.debug_info</name>
         <load_address>0x1a8b6</load_address>
         <run_address>0x1a8b6</run_address>
         <size>0x17a</size>
         <input_file_ref idref="fl-148"/>
      </object_component>
      <object_component id="oc-1bc">
         <name>.debug_info</name>
         <load_address>0x1aa30</load_address>
         <run_address>0x1aa30</run_address>
         <size>0xed</size>
         <input_file_ref idref="fl-145"/>
      </object_component>
      <object_component id="oc-1bf">
         <name>.debug_info</name>
         <load_address>0x1ab1d</load_address>
         <run_address>0x1ab1d</run_address>
         <size>0x46</size>
         <input_file_ref idref="fl-3"/>
      </object_component>
      <object_component id="oc-1c4">
         <name>.debug_info</name>
         <load_address>0x1ab63</load_address>
         <run_address>0x1ab63</run_address>
         <size>0x3fe</size>
         <input_file_ref idref="fl-145"/>
      </object_component>
      <object_component id="oc-1c5">
         <name>.debug_info</name>
         <load_address>0x1af61</load_address>
         <run_address>0x1af61</run_address>
         <size>0x2d</size>
         <input_file_ref idref="fl-3"/>
      </object_component>
      <object_component id="oc-1cb">
         <name>.debug_info</name>
         <load_address>0x1af8e</load_address>
         <run_address>0x1af8e</run_address>
         <size>0xfe</size>
         <input_file_ref idref="fl-141"/>
      </object_component>
      <object_component id="oc-1ce">
         <name>.debug_info</name>
         <load_address>0x1b08c</load_address>
         <run_address>0x1b08c</run_address>
         <size>0x146</size>
         <input_file_ref idref="fl-141"/>
      </object_component>
      <object_component id="oc-1d1">
         <name>.debug_info</name>
         <load_address>0x1b1d2</load_address>
         <run_address>0x1b1d2</run_address>
         <size>0x1f86</size>
         <input_file_ref idref="fl-146"/>
      </object_component>
      <object_component id="oc-1d7">
         <name>.debug_info</name>
         <load_address>0x1d158</load_address>
         <run_address>0x1d158</run_address>
         <size>0xe8</size>
         <input_file_ref idref="fl-141"/>
      </object_component>
      <object_component id="oc-1db">
         <name>.debug_info</name>
         <load_address>0x1d240</load_address>
         <run_address>0x1d240</run_address>
         <size>0x271</size>
         <input_file_ref idref="fl-147"/>
      </object_component>
      <object_component id="oc-1e0">
         <name>.debug_info</name>
         <load_address>0x1d4b1</load_address>
         <run_address>0x1d4b1</run_address>
         <size>0x9ee</size>
         <input_file_ref idref="fl-141"/>
      </object_component>
      <object_component id="oc-1e1">
         <name>.debug_info</name>
         <load_address>0x1de9f</load_address>
         <run_address>0x1de9f</run_address>
         <size>0xd7</size>
         <input_file_ref idref="fl-141"/>
      </object_component>
      <object_component id="oc-1e8">
         <name>.debug_info</name>
         <load_address>0x1df76</load_address>
         <run_address>0x1df76</run_address>
         <size>0x229e</size>
         <input_file_ref idref="fl-14c"/>
      </object_component>
      <object_component id="oc-1ee">
         <name>.debug_info</name>
         <load_address>0x20214</load_address>
         <run_address>0x20214</run_address>
         <size>0x18fa</size>
         <input_file_ref idref="fl-14d"/>
      </object_component>
      <object_component id="oc-1f3">
         <name>.debug_info</name>
         <load_address>0x21b0e</load_address>
         <run_address>0x21b0e</run_address>
         <size>0xe5</size>
         <input_file_ref idref="fl-143"/>
      </object_component>
      <object_component id="oc-1f6">
         <name>.debug_info</name>
         <load_address>0x21bf3</load_address>
         <run_address>0x21bf3</run_address>
         <size>0x151</size>
         <input_file_ref idref="fl-143"/>
      </object_component>
      <object_component id="oc-1f9">
         <name>.debug_info</name>
         <load_address>0x21d44</load_address>
         <run_address>0x21d44</run_address>
         <size>0xa5f</size>
         <input_file_ref idref="fl-143"/>
      </object_component>
      <object_component id="oc-1fd">
         <name>.debug_info</name>
         <load_address>0x227a3</load_address>
         <run_address>0x227a3</run_address>
         <size>0x39</size>
         <input_file_ref idref="fl-3"/>
      </object_component>
      <object_component id="oc-221">
         <name>.debug_info</name>
         <load_address>0x227dc</load_address>
         <run_address>0x227dc</run_address>
         <size>0x89</size>
         <input_file_ref idref="fl-145"/>
      </object_component>
      <object_component id="oc-229">
         <name>.debug_info</name>
         <load_address>0x22865</load_address>
         <run_address>0x22865</run_address>
         <size>0x2106</size>
         <input_file_ref idref="fl-144"/>
      </object_component>
      <object_component id="oc-233">
         <name>.debug_info</name>
         <load_address>0x2496b</load_address>
         <run_address>0x2496b</run_address>
         <size>0x2ff</size>
         <input_file_ref idref="fl-146"/>
      </object_component>
      <object_component id="oc-236">
         <name>.debug_info</name>
         <load_address>0x24c6a</load_address>
         <run_address>0x24c6a</run_address>
         <size>0x6f2</size>
         <input_file_ref idref="fl-146"/>
      </object_component>
      <object_component id="oc-237">
         <name>.debug_info</name>
         <load_address>0x2535c</load_address>
         <run_address>0x2535c</run_address>
         <size>0x5b9</size>
         <input_file_ref idref="fl-146"/>
      </object_component>
      <object_component id="oc-242">
         <name>.debug_info</name>
         <load_address>0x25915</load_address>
         <run_address>0x25915</run_address>
         <size>0xf6</size>
         <input_file_ref idref="fl-14c"/>
      </object_component>
      <object_component id="oc-245">
         <name>.debug_info</name>
         <load_address>0x25a0b</load_address>
         <run_address>0x25a0b</run_address>
         <size>0xfa</size>
         <input_file_ref idref="fl-14c"/>
      </object_component>
      <object_component id="oc-248">
         <name>.debug_info</name>
         <load_address>0x25b05</load_address>
         <run_address>0x25b05</run_address>
         <size>0x1cc</size>
         <input_file_ref idref="fl-14c"/>
      </object_component>
      <object_component id="oc-24a">
         <name>.debug_info</name>
         <load_address>0x25cd1</load_address>
         <run_address>0x25cd1</run_address>
         <size>0x196</size>
         <input_file_ref idref="fl-14d"/>
      </object_component>
      <object_component id="oc-252">
         <name>.debug_info</name>
         <load_address>0x25e67</load_address>
         <run_address>0x25e67</run_address>
         <size>0x32b</size>
         <input_file_ref idref="fl-144"/>
      </object_component>
      <object_component id="oc-255">
         <name>.debug_info</name>
         <load_address>0x26192</load_address>
         <run_address>0x26192</run_address>
         <size>0x63c</size>
         <input_file_ref idref="fl-144"/>
      </object_component>
      <object_component id="oc-256">
         <name>.debug_info</name>
         <load_address>0x267ce</load_address>
         <run_address>0x267ce</run_address>
         <size>0x364</size>
         <input_file_ref idref="fl-144"/>
      </object_component>
      <object_component id="oc-267">
         <name>.debug_info</name>
         <load_address>0x26b32</load_address>
         <run_address>0x26b32</run_address>
         <size>0x86</size>
         <input_file_ref idref="fl-143"/>
      </object_component>
      <object_component id="oc-291">
         <name>.debug_info</name>
         <load_address>0x26bb8</load_address>
         <run_address>0x26bb8</run_address>
         <size>0xac</size>
      </object_component>
      <object_component id="oc-10">
         <name>.debug_pubnames</name>
         <load_address>0x0</load_address>
         <run_address>0x0</run_address>
         <size>0x23</size>
         <input_file_ref idref="fl-5"/>
      </object_component>
      <object_component id="oc-14">
         <name>.debug_pubnames</name>
         <load_address>0x23</load_address>
         <run_address>0x23</run_address>
         <size>0x1f</size>
         <input_file_ref idref="fl-134"/>
      </object_component>
      <object_component id="oc-1b">
         <name>.debug_pubnames</name>
         <load_address>0x42</load_address>
         <run_address>0x42</run_address>
         <size>0x2b</size>
         <input_file_ref idref="fl-135"/>
      </object_component>
      <object_component id="oc-1f">
         <name>.debug_pubnames</name>
         <load_address>0x6d</load_address>
         <run_address>0x6d</run_address>
         <size>0x25</size>
         <input_file_ref idref="fl-137"/>
      </object_component>
      <object_component id="oc-27">
         <name>.debug_pubnames</name>
         <load_address>0x92</load_address>
         <run_address>0x92</run_address>
         <size>0x2c</size>
         <input_file_ref idref="fl-136"/>
      </object_component>
      <object_component id="oc-2c">
         <name>.debug_pubnames</name>
         <load_address>0xbe</load_address>
         <run_address>0xbe</run_address>
         <size>0x60</size>
         <input_file_ref idref="fl-5"/>
      </object_component>
      <object_component id="oc-36">
         <name>.debug_pubnames</name>
         <load_address>0x11e</load_address>
         <run_address>0x11e</run_address>
         <size>0x37</size>
         <input_file_ref idref="fl-13d"/>
      </object_component>
      <object_component id="oc-3a">
         <name>.debug_pubnames</name>
         <load_address>0x155</load_address>
         <run_address>0x155</run_address>
         <size>0x21</size>
         <input_file_ref idref="fl-13c"/>
      </object_component>
      <object_component id="oc-40">
         <name>.debug_pubnames</name>
         <load_address>0x176</load_address>
         <run_address>0x176</run_address>
         <size>0x35</size>
         <input_file_ref idref="fl-138"/>
      </object_component>
      <object_component id="oc-45">
         <name>.debug_pubnames</name>
         <load_address>0x1ab</load_address>
         <run_address>0x1ab</run_address>
         <size>0x23</size>
         <input_file_ref idref="fl-13a"/>
      </object_component>
      <object_component id="oc-4b">
         <name>.debug_pubnames</name>
         <load_address>0x1ce</load_address>
         <run_address>0x1ce</run_address>
         <size>0x1d</size>
         <input_file_ref idref="fl-139"/>
      </object_component>
      <object_component id="oc-5e">
         <name>.debug_pubnames</name>
         <load_address>0x1eb</load_address>
         <run_address>0x1eb</run_address>
         <size>0x2f</size>
         <input_file_ref idref="fl-136"/>
      </object_component>
      <object_component id="oc-72">
         <name>.debug_pubnames</name>
         <load_address>0x21a</load_address>
         <run_address>0x21a</run_address>
         <size>0x1e</size>
         <input_file_ref idref="fl-13e"/>
      </object_component>
      <object_component id="oc-79">
         <name>.debug_pubnames</name>
         <load_address>0x238</load_address>
         <run_address>0x238</run_address>
         <size>0xa9</size>
         <input_file_ref idref="fl-3"/>
      </object_component>
      <object_component id="oc-80">
         <name>.debug_pubnames</name>
         <load_address>0x2e1</load_address>
         <run_address>0x2e1</run_address>
         <size>0x28</size>
         <input_file_ref idref="fl-13b"/>
      </object_component>
      <object_component id="oc-83">
         <name>.debug_pubnames</name>
         <load_address>0x309</load_address>
         <run_address>0x309</run_address>
         <size>0x3a</size>
         <input_file_ref idref="fl-138"/>
      </object_component>
      <object_component id="oc-a0">
         <name>.debug_pubnames</name>
         <load_address>0x343</load_address>
         <run_address>0x343</run_address>
         <size>0x14f</size>
         <input_file_ref idref="fl-149"/>
      </object_component>
      <object_component id="oc-a6">
         <name>.debug_pubnames</name>
         <load_address>0x492</load_address>
         <run_address>0x492</run_address>
         <size>0x42d</size>
         <input_file_ref idref="fl-14b"/>
      </object_component>
      <object_component id="oc-ac">
         <name>.debug_pubnames</name>
         <load_address>0x8bf</load_address>
         <run_address>0x8bf</run_address>
         <size>0x23</size>
         <input_file_ref idref="fl-4"/>
      </object_component>
      <object_component id="oc-b2">
         <name>.debug_pubnames</name>
         <load_address>0x8e2</load_address>
         <run_address>0x8e2</run_address>
         <size>0xd4</size>
         <input_file_ref idref="fl-2"/>
      </object_component>
      <object_component id="oc-b8">
         <name>.debug_pubnames</name>
         <load_address>0x9b6</load_address>
         <run_address>0x9b6</run_address>
         <size>0xee</size>
         <input_file_ref idref="fl-142"/>
      </object_component>
      <object_component id="oc-be">
         <name>.debug_pubnames</name>
         <load_address>0xaa4</load_address>
         <run_address>0xaa4</run_address>
         <size>0x1b0</size>
         <input_file_ref idref="fl-13f"/>
      </object_component>
      <object_component id="oc-c4">
         <name>.debug_pubnames</name>
         <load_address>0xc54</load_address>
         <run_address>0xc54</run_address>
         <size>0x8d</size>
         <input_file_ref idref="fl-140"/>
      </object_component>
      <object_component id="oc-d8">
         <name>.debug_pubnames</name>
         <load_address>0xce1</load_address>
         <run_address>0xce1</run_address>
         <size>0x43</size>
         <input_file_ref idref="fl-13b"/>
      </object_component>
      <object_component id="oc-ed">
         <name>.debug_pubnames</name>
         <load_address>0xd24</load_address>
         <run_address>0xd24</run_address>
         <size>0x6a</size>
         <input_file_ref idref="fl-14f"/>
      </object_component>
      <object_component id="oc-f2">
         <name>.debug_pubnames</name>
         <load_address>0xd8e</load_address>
         <run_address>0xd8e</run_address>
         <size>0x6b</size>
         <input_file_ref idref="fl-149"/>
      </object_component>
      <object_component id="oc-f5">
         <name>.debug_pubnames</name>
         <load_address>0xdf9</load_address>
         <run_address>0xdf9</run_address>
         <size>0x20</size>
         <input_file_ref idref="fl-149"/>
      </object_component>
      <object_component id="oc-100">
         <name>.debug_pubnames</name>
         <load_address>0xe19</load_address>
         <run_address>0xe19</run_address>
         <size>0x39</size>
         <input_file_ref idref="fl-153"/>
      </object_component>
      <object_component id="oc-105">
         <name>.debug_pubnames</name>
         <load_address>0xe52</load_address>
         <run_address>0xe52</run_address>
         <size>0x23</size>
         <input_file_ref idref="fl-151"/>
      </object_component>
      <object_component id="oc-10a">
         <name>.debug_pubnames</name>
         <load_address>0xe75</load_address>
         <run_address>0xe75</run_address>
         <size>0x136</size>
         <input_file_ref idref="fl-150"/>
      </object_component>
      <object_component id="oc-10f">
         <name>.debug_pubnames</name>
         <load_address>0xfab</load_address>
         <run_address>0xfab</run_address>
         <size>0x2a</size>
         <input_file_ref idref="fl-14b"/>
      </object_component>
      <object_component id="oc-115">
         <name>.debug_pubnames</name>
         <load_address>0xfd5</load_address>
         <run_address>0xfd5</run_address>
         <size>0x107</size>
         <input_file_ref idref="fl-14a"/>
      </object_component>
      <object_component id="oc-11d">
         <name>.debug_pubnames</name>
         <load_address>0x10dc</load_address>
         <run_address>0x10dc</run_address>
         <size>0x139</size>
         <input_file_ref idref="fl-148"/>
      </object_component>
      <object_component id="oc-121">
         <name>.debug_pubnames</name>
         <load_address>0x1215</load_address>
         <run_address>0x1215</run_address>
         <size>0x4f</size>
         <input_file_ref idref="fl-2"/>
      </object_component>
      <object_component id="oc-124">
         <name>.debug_pubnames</name>
         <load_address>0x1264</load_address>
         <run_address>0x1264</run_address>
         <size>0x42</size>
         <input_file_ref idref="fl-2"/>
      </object_component>
      <object_component id="oc-12b">
         <name>.debug_pubnames</name>
         <load_address>0x12a6</load_address>
         <run_address>0x12a6</run_address>
         <size>0x63</size>
         <input_file_ref idref="fl-145"/>
      </object_component>
      <object_component id="oc-131">
         <name>.debug_pubnames</name>
         <load_address>0x1309</load_address>
         <run_address>0x1309</run_address>
         <size>0x1fa</size>
         <input_file_ref idref="fl-141"/>
      </object_component>
      <object_component id="oc-139">
         <name>.debug_pubnames</name>
         <load_address>0x1503</load_address>
         <run_address>0x1503</run_address>
         <size>0x16a</size>
         <input_file_ref idref="fl-143"/>
      </object_component>
      <object_component id="oc-13c">
         <name>.debug_pubnames</name>
         <load_address>0x166d</load_address>
         <run_address>0x166d</run_address>
         <size>0x32</size>
         <input_file_ref idref="fl-141"/>
      </object_component>
      <object_component id="oc-13f">
         <name>.debug_pubnames</name>
         <load_address>0x169f</load_address>
         <run_address>0x169f</run_address>
         <size>0x8b</size>
         <input_file_ref idref="fl-142"/>
      </object_component>
      <object_component id="oc-154">
         <name>.debug_pubnames</name>
         <load_address>0x172a</load_address>
         <run_address>0x172a</run_address>
         <size>0x37</size>
         <input_file_ref idref="fl-152"/>
      </object_component>
      <object_component id="oc-158">
         <name>.debug_pubnames</name>
         <load_address>0x1761</load_address>
         <run_address>0x1761</run_address>
         <size>0x170</size>
         <input_file_ref idref="fl-13f"/>
      </object_component>
      <object_component id="oc-15b">
         <name>.debug_pubnames</name>
         <load_address>0x18d1</load_address>
         <run_address>0x18d1</run_address>
         <size>0x1e</size>
         <input_file_ref idref="fl-13f"/>
      </object_component>
      <object_component id="oc-16f">
         <name>.debug_pubnames</name>
         <load_address>0x18ef</load_address>
         <run_address>0x18ef</run_address>
         <size>0xaf</size>
         <input_file_ref idref="fl-140"/>
      </object_component>
      <object_component id="oc-19c">
         <name>.debug_pubnames</name>
         <load_address>0x199e</load_address>
         <run_address>0x199e</run_address>
         <size>0x25</size>
         <input_file_ref idref="fl-150"/>
      </object_component>
      <object_component id="oc-19f">
         <name>.debug_pubnames</name>
         <load_address>0x19c3</load_address>
         <run_address>0x19c3</run_address>
         <size>0x25</size>
         <input_file_ref idref="fl-150"/>
      </object_component>
      <object_component id="oc-1b2">
         <name>.debug_pubnames</name>
         <load_address>0x19e8</load_address>
         <run_address>0x19e8</run_address>
         <size>0x26</size>
         <input_file_ref idref="fl-14a"/>
      </object_component>
      <object_component id="oc-1bd">
         <name>.debug_pubnames</name>
         <load_address>0x1a0e</load_address>
         <run_address>0x1a0e</run_address>
         <size>0x23</size>
         <input_file_ref idref="fl-145"/>
      </object_component>
      <object_component id="oc-1cc">
         <name>.debug_pubnames</name>
         <load_address>0x1a31</load_address>
         <run_address>0x1a31</run_address>
         <size>0x2b</size>
         <input_file_ref idref="fl-141"/>
      </object_component>
      <object_component id="oc-1cf">
         <name>.debug_pubnames</name>
         <load_address>0x1a5c</load_address>
         <run_address>0x1a5c</run_address>
         <size>0x48</size>
         <input_file_ref idref="fl-141"/>
      </object_component>
      <object_component id="oc-1d3">
         <name>.debug_pubnames</name>
         <load_address>0x1aa4</load_address>
         <run_address>0x1aa4</run_address>
         <size>0x222</size>
         <input_file_ref idref="fl-146"/>
      </object_component>
      <object_component id="oc-1d8">
         <name>.debug_pubnames</name>
         <load_address>0x1cc6</load_address>
         <run_address>0x1cc6</run_address>
         <size>0x20</size>
         <input_file_ref idref="fl-141"/>
      </object_component>
      <object_component id="oc-1dc">
         <name>.debug_pubnames</name>
         <load_address>0x1ce6</load_address>
         <run_address>0x1ce6</run_address>
         <size>0x42</size>
         <input_file_ref idref="fl-147"/>
      </object_component>
      <object_component id="oc-1ea">
         <name>.debug_pubnames</name>
         <load_address>0x1d28</load_address>
         <run_address>0x1d28</run_address>
         <size>0x221</size>
         <input_file_ref idref="fl-14c"/>
      </object_component>
      <object_component id="oc-1f0">
         <name>.debug_pubnames</name>
         <load_address>0x1f49</load_address>
         <run_address>0x1f49</run_address>
         <size>0x24d</size>
         <input_file_ref idref="fl-14d"/>
      </object_component>
      <object_component id="oc-1f4">
         <name>.debug_pubnames</name>
         <load_address>0x2196</load_address>
         <run_address>0x2196</run_address>
         <size>0x22</size>
         <input_file_ref idref="fl-143"/>
      </object_component>
      <object_component id="oc-1f7">
         <name>.debug_pubnames</name>
         <load_address>0x21b8</load_address>
         <run_address>0x21b8</run_address>
         <size>0x4d</size>
         <input_file_ref idref="fl-143"/>
      </object_component>
      <object_component id="oc-1fa">
         <name>.debug_pubnames</name>
         <load_address>0x2205</load_address>
         <run_address>0x2205</run_address>
         <size>0x1f</size>
         <input_file_ref idref="fl-143"/>
      </object_component>
      <object_component id="oc-22b">
         <name>.debug_pubnames</name>
         <load_address>0x2224</load_address>
         <run_address>0x2224</run_address>
         <size>0x1bf</size>
         <input_file_ref idref="fl-144"/>
      </object_component>
      <object_component id="oc-234">
         <name>.debug_pubnames</name>
         <load_address>0x23e3</load_address>
         <run_address>0x23e3</run_address>
         <size>0x109</size>
         <input_file_ref idref="fl-146"/>
      </object_component>
      <object_component id="oc-243">
         <name>.debug_pubnames</name>
         <load_address>0x24ec</load_address>
         <run_address>0x24ec</run_address>
         <size>0x26</size>
         <input_file_ref idref="fl-14c"/>
      </object_component>
      <object_component id="oc-246">
         <name>.debug_pubnames</name>
         <load_address>0x2512</load_address>
         <run_address>0x2512</run_address>
         <size>0x28</size>
         <input_file_ref idref="fl-14c"/>
      </object_component>
      <object_component id="oc-253">
         <name>.debug_pubnames</name>
         <load_address>0x253a</load_address>
         <run_address>0x253a</run_address>
         <size>0x114</size>
         <input_file_ref idref="fl-144"/>
      </object_component>
      <object_component id="oc-12">
         <name>.debug_aranges</name>
         <load_address>0x0</load_address>
         <run_address>0x0</run_address>
         <size>0x20</size>
         <input_file_ref idref="fl-134"/>
      </object_component>
      <object_component id="oc-18">
         <name>.debug_aranges</name>
         <load_address>0x20</load_address>
         <run_address>0x20</run_address>
         <size>0x20</size>
         <input_file_ref idref="fl-135"/>
      </object_component>
      <object_component id="oc-1e">
         <name>.debug_aranges</name>
         <load_address>0x40</load_address>
         <run_address>0x40</run_address>
         <size>0x20</size>
         <input_file_ref idref="fl-137"/>
      </object_component>
      <object_component id="oc-23">
         <name>.debug_aranges</name>
         <load_address>0x60</load_address>
         <run_address>0x60</run_address>
         <size>0x20</size>
         <input_file_ref idref="fl-136"/>
      </object_component>
      <object_component id="oc-2b">
         <name>.debug_aranges</name>
         <load_address>0x80</load_address>
         <run_address>0x80</run_address>
         <size>0x40</size>
         <input_file_ref idref="fl-5"/>
      </object_component>
      <object_component id="oc-35">
         <name>.debug_aranges</name>
         <load_address>0xc0</load_address>
         <run_address>0xc0</run_address>
         <size>0x28</size>
         <input_file_ref idref="fl-13d"/>
      </object_component>
      <object_component id="oc-39">
         <name>.debug_aranges</name>
         <load_address>0xe8</load_address>
         <run_address>0xe8</run_address>
         <size>0x20</size>
         <input_file_ref idref="fl-13c"/>
      </object_component>
      <object_component id="oc-3f">
         <name>.debug_aranges</name>
         <load_address>0x108</load_address>
         <run_address>0x108</run_address>
         <size>0x30</size>
         <input_file_ref idref="fl-138"/>
      </object_component>
      <object_component id="oc-4a">
         <name>.debug_aranges</name>
         <load_address>0x138</load_address>
         <run_address>0x138</run_address>
         <size>0x20</size>
         <input_file_ref idref="fl-139"/>
      </object_component>
      <object_component id="oc-5b">
         <name>.debug_aranges</name>
         <load_address>0x158</load_address>
         <run_address>0x158</run_address>
         <size>0x20</size>
         <input_file_ref idref="fl-136"/>
      </object_component>
      <object_component id="oc-71">
         <name>.debug_aranges</name>
         <load_address>0x178</load_address>
         <run_address>0x178</run_address>
         <size>0x20</size>
         <input_file_ref idref="fl-13e"/>
      </object_component>
      <object_component id="oc-78">
         <name>.debug_aranges</name>
         <load_address>0x198</load_address>
         <run_address>0x198</run_address>
         <size>0x48</size>
         <input_file_ref idref="fl-3"/>
      </object_component>
      <object_component id="oc-9f">
         <name>.debug_aranges</name>
         <load_address>0x1e0</load_address>
         <run_address>0x1e0</run_address>
         <size>0x98</size>
         <input_file_ref idref="fl-149"/>
      </object_component>
      <object_component id="oc-a5">
         <name>.debug_aranges</name>
         <load_address>0x278</load_address>
         <run_address>0x278</run_address>
         <size>0x170</size>
         <input_file_ref idref="fl-14b"/>
      </object_component>
      <object_component id="oc-ab">
         <name>.debug_aranges</name>
         <load_address>0x3e8</load_address>
         <run_address>0x3e8</run_address>
         <size>0x20</size>
         <input_file_ref idref="fl-4"/>
      </object_component>
      <object_component id="oc-b1">
         <name>.debug_aranges</name>
         <load_address>0x408</load_address>
         <run_address>0x408</run_address>
         <size>0x60</size>
         <input_file_ref idref="fl-2"/>
      </object_component>
      <object_component id="oc-b6">
         <name>.debug_aranges</name>
         <load_address>0x468</load_address>
         <run_address>0x468</run_address>
         <size>0x70</size>
         <input_file_ref idref="fl-142"/>
      </object_component>
      <object_component id="oc-bd">
         <name>.debug_aranges</name>
         <load_address>0x4d8</load_address>
         <run_address>0x4d8</run_address>
         <size>0xb0</size>
         <input_file_ref idref="fl-13f"/>
      </object_component>
      <object_component id="oc-c3">
         <name>.debug_aranges</name>
         <load_address>0x588</load_address>
         <run_address>0x588</run_address>
         <size>0x58</size>
         <input_file_ref idref="fl-140"/>
      </object_component>
      <object_component id="oc-d7">
         <name>.debug_aranges</name>
         <load_address>0x5e0</load_address>
         <run_address>0x5e0</run_address>
         <size>0x30</size>
         <input_file_ref idref="fl-13b"/>
      </object_component>
      <object_component id="oc-ec">
         <name>.debug_aranges</name>
[...]
         <object_component_ref idref="oc-a3"/>
      </symbol>
      <symbol id="sm-8fd">
         <name>PRCMRTCInUseSet</name>
         <value>0x20005c4f</value>
         <object_component_ref idref="oc-a3"/>
      </symbol>
      <symbol id="sm-8fe">
         <name>PRCMPeripheralClkEnable</name>
         <value>0x200056bd</value>
         <object_component_ref idref="oc-a3"/>
      </symbol>
      <symbol id="sm-8ff">
         <name>PRCMIntEnable</name>
         <value>0x20005bf1</value>
         <object_component_ref idref="oc-a3"/>
      </symbol>
      <symbol id="sm-900">
         <name>PRCMIntDisable</name>
         <value>0x20005c25</value>
         <object_component_ref idref="oc-a3"/>
      </symbol>
      <symbol id="sm-901">
         <name>PRCMPeripheralClockGet</name>
         <value>0x20005709</value>
         <object_component_ref idref="oc-a3"/>
      </symbol>
      <symbol id="sm-902">
         <name>PRCMSRAMRetentionEnable</name>
         <value>0x20005949</value>
         <object_component_ref idref="oc-a3"/>
      </symbol>
      <symbol id="sm-903">
         <name>PRCMHibernateEnter</name>
         <value>0x20005ae3</value>
         <object_component_ref idref="oc-a3"/>
      </symbol>
      <symbol id="sm-904">
         <name>PRCMI2SClockFreqSet</name>
         <value>0x200057ff</value>
         <object_component_ref idref="oc-a3"/>
      </symbol>
      <symbol id="sm-905">
         <name>PRCMHibernateIntervalSet</name>
         <value>0x20005a1d</value>
         <object_component_ref idref="oc-a3"/>
      </symbol>
      <symbol id="sm-906">
         <name>PRCMRTCInUseGet</name>
         <value>0x20005c61</value>
         <object_component_ref idref="oc-a3"/>
      </symbol>
      <symbol id="sm-907">
         <name>PRCMCC3200MCUInit</name>
         <value>0x20005ee1</value>
         <object_component_ref idref="oc-a3"/>
      </symbol>
      <symbol id="sm-908">
         <name>PRCMSlowClkCtrMatchGet</name>
         <value>0x20005b55</value>
         <object_component_ref idref="oc-a3"/>
      </symbol>
      <symbol id="sm-909">
         <name>PRCMHibernateWakeupCauseGet</name>
         <value>0x20005a01</value>
         <object_component_ref idref="oc-a3"/>
      </symbol>
      <symbol id="sm-90a">
         <name>PRCMIntStatus</name>
         <value>0x20005c49</value>
         <object_component_ref idref="oc-a3"/>
      </symbol>
      <symbol id="sm-90b">
         <name>PRCMIntUnregister</name>
         <value>0x20005bdd</value>
         <object_component_ref idref="oc-a3"/>
      </symbol>
      <symbol id="sm-90c">
         <name>PRCMIntRegister</name>
         <value>0x20005bc9</value>
         <object_component_ref idref="oc-a3"/>
      </symbol>
      <symbol id="sm-90d">
         <name>PRCMHibernateWakeUpGPIOSelect</name>
         <value>0x20005a91</value>
         <object_component_ref idref="oc-a3"/>
      </symbol>
      <symbol id="sm-90e">
         <name>PRCMOCRRegisterRead</name>
         <value>0x20005baf</value>
         <object_component_ref idref="oc-a3"/>
      </symbol>
      <symbol id="sm-90f">
         <name>PRCMDeepSleepEnter</name>
         <value>0x20005919</value>
         <object_component_ref idref="oc-a3"/>
      </symbol>
      <symbol id="sm-910">
         <name>PRCMRTCMatchSet</name>
         <value>0x20005da9</value>
         <object_component_ref idref="oc-a3"/>
      </symbol>
      <symbol id="sm-911">
         <name>PRCMOCRRegisterWrite</name>
         <value>0x20005b95</value>
         <object_component_ref idref="oc-a3"/>
      </symbol>
      <symbol id="sm-912">
         <name>PRCMSOCReset</name>
         <value>0x2000566d</value>
         <object_component_ref idref="oc-a3"/>
      </symbol>
      <symbol id="sm-913">
         <name>PRCMLPDSIntervalSet</name>
         <value>0x200058d3</value>
         <object_component_ref idref="oc-a3"/>
      </symbol>
      <symbol id="sm-914">
         <name>PRCMSysResetCauseGet</name>
         <value>0x20005699</value>
         <object_component_ref idref="oc-a3"/>
      </symbol>
      <symbol id="sm-915">
         <name>PRCMRTCGet</name>
         <value>0x20005d11</value>
         <object_component_ref idref="oc-a3"/>
      </symbol>
      <symbol id="sm-916">
         <name>PRCMSlowClkCtrMatchSet</name>
         <value>0x20005b2d</value>
         <object_component_ref idref="oc-a3"/>
      </symbol>
      <symbol id="sm-917">
         <name>PRCMLPDSWakeupSourceDisable</name>
         <value>0x200058b9</value>
         <object_component_ref idref="oc-a3"/>
      </symbol>
      <symbol id="sm-918">
         <name>PRCMLPDSWakeupCauseGet</name>
         <value>0x200058cd</value>
         <object_component_ref idref="oc-a3"/>
      </symbol>
      <symbol id="sm-919">
         <name>PRCMLPDSWakeUpGPIOSelect</name>
         <value>0x200058f5</value>
         <object_component_ref idref="oc-a3"/>
      </symbol>
      <symbol id="sm-91a">
         <name>PRCMSleepEnter</name>
         <value>0x20005911</value>
         <object_component_ref idref="oc-a3"/>
      </symbol>
      <symbol id="sm-91b">
         <name>PRCMPeripheralStatusGet</name>
         <value>0x200057d5</value>
         <object_component_ref idref="oc-a3"/>
      </symbol>
      <symbol id="sm-91c">
         <name>PRCMRTCMatchGet</name>
         <value>0x20005e45</value>
         <object_component_ref idref="oc-a3"/>
      </symbol>
      <symbol id="sm-91d">
         <name>PRCMHibernateWakeupSourceEnable</name>
         <value>0x200059b5</value>
         <object_component_ref idref="oc-a3"/>
      </symbol>
      <symbol id="sm-91e">
         <name>PRCMPeripheralClkDisable</name>
         <value>0x200056e9</value>
         <object_component_ref idref="oc-a3"/>
      </symbol>
      <symbol id="sm-91f">
         <name>PRCMMCUReset</name>
         <value>0x20005679</value>
         <object_component_ref idref="oc-a3"/>
      </symbol>
      <symbol id="sm-920">
         <name>PRCMRTCSet</name>
         <value>0x20005c81</value>
         <object_component_ref idref="oc-a3"/>
      </symbol>
      <symbol id="sm-9a7">
         <name>SPIFIFOLevelGet</name>
         <value>0x200075f5</value>
         <object_component_ref idref="oc-1e6"/>
      </symbol>
      <symbol id="sm-9a8">
         <name>SPIFIFODisable</name>
         <value>0x200075a7</value>
         <object_component_ref idref="oc-1e6"/>
      </symbol>
      <symbol id="sm-9a9">
         <name>SPITransfer</name>
         <value>0x200077f9</value>
         <object_component_ref idref="oc-1e6"/>
      </symbol>
      <symbol id="sm-9aa">
         <name>SPICSEnable</name>
         <value>0x200077c9</value>
         <object_component_ref idref="oc-1e6"/>
      </symbol>
      <symbol id="sm-9ab">
         <name>SPIDisable</name>
         <value>0x200073eb</value>
         <object_component_ref idref="oc-1e6"/>
      </symbol>
      <symbol id="sm-9ac">
         <name>SPIFIFOEnable</name>
         <value>0x2000758d</value>
         <object_component_ref idref="oc-1e6"/>
      </symbol>
      <symbol id="sm-9ad">
         <name>SPIWordCountSet</name>
         <value>0x20007629</value>
         <object_component_ref idref="oc-1e6"/>
      </symbol>
      <symbol id="sm-9ae">
         <name>SPIDataGetNonBlocking</name>
         <value>0x200074fd</value>
         <object_component_ref idref="oc-1e6"/>
      </symbol>
      <symbol id="sm-9af">
         <name>SPIDataPut</name>
         <value>0x2000756f</value>
         <object_component_ref idref="oc-1e6"/>
      </symbol>
      <symbol id="sm-9b0">
         <name>SPIEnable</name>
         <value>0x200073d3</value>
         <object_component_ref idref="oc-1e6"/>
      </symbol>
      <symbol id="sm-9b1">
         <name>SPIDataGet</name>
         <value>0x20007527</value>
         <object_component_ref idref="oc-1e6"/>
      </symbol>
      <symbol id="sm-9b2">
         <name>SPIDmaEnable</name>
         <value>0x20007403</value>
         <object_component_ref idref="oc-1e6"/>
      </symbol>
      <symbol id="sm-9b3">
         <name>SPIConfigSetExpClk</name>
         <value>0x20007459</value>
         <object_component_ref idref="oc-1e6"/>
      </symbol>
      <symbol id="sm-9b4">
         <name>SPIIntRegister</name>
         <value>0x20007651</value>
         <object_component_ref idref="oc-1e6"/>
      </symbol>
      <symbol id="sm-9b5">
         <name>SPIIntUnregister</name>
         <value>0x20007675</value>
         <object_component_ref idref="oc-1e6"/>
      </symbol>
      <symbol id="sm-9b6">
         <name>SPIFIFOLevelSet</name>
         <value>0x200075c1</value>
         <object_component_ref idref="oc-1e6"/>
      </symbol>
      <symbol id="sm-9b7">
         <name>SPIDmaDisable</name>
         <value>0x2000741d</value>
         <object_component_ref idref="oc-1e6"/>
      </symbol>
      <symbol id="sm-9b8">
         <name>SPIReset</name>
         <value>0x20007437</value>
         <object_component_ref idref="oc-1e6"/>
      </symbol>
      <symbol id="sm-9b9">
         <name>SPIDataPutNonBlocking</name>
         <value>0x20007547</value>
         <object_component_ref idref="oc-1e6"/>
      </symbol>
      <symbol id="sm-9ba">
         <name>SPIIntStatus</name>
         <value>0x2000771d</value>
         <object_component_ref idref="oc-1e6"/>
      </symbol>
      <symbol id="sm-9bb">
         <name>SPIIntEnable</name>
         <value>0x2000768f</value>
         <object_component_ref idref="oc-1e6"/>
      </symbol>
      <symbol id="sm-9bc">
         <name>SPIIntClear</name>
         <value>0x2000778b</value>
         <object_component_ref idref="oc-1e6"/>
      </symbol>
      <symbol id="sm-9bd">
         <name>SPICSDisable</name>
         <value>0x200077e1</value>
         <object_component_ref idref="oc-1e6"/>
      </symbol>
      <symbol id="sm-9be">
         <name>SPIIntDisable</name>
         <value>0x200076d3</value>
         <object_component_ref idref="oc-1e6"/>
      </symbol>
      <symbol id="sm-a1a">
         <name>uDMAChannelControlSet</name>
         <value>0x200086b1</value>
         <object_component_ref idref="oc-1ec"/>
      </symbol>
      <symbol id="sm-a1b">
         <name>uDMAIntClear</name>
         <value>0x20008929</value>
         <object_component_ref idref="oc-1ec"/>
      </symbol>
      <symbol id="sm-a1c">
         <name>uDMAControlAlternateBaseGet</name>
         <value>0x2000857b</value>
         <object_component_ref idref="oc-1ec"/>
      </symbol>
      <symbol id="sm-a1d">
         <name>uDMAChannelIsEnabled</name>
         <value>0x20008543</value>
         <object_component_ref idref="oc-1ec"/>
      </symbol>
      <symbol id="sm-a1e">
         <name>uDMAChannelScatterGatherSet</name>
         <value>0x200087e5</value>
         <object_component_ref idref="oc-1ec"/>
      </symbol>
      <symbol id="sm-a1f">
         <name>uDMAControlBaseGet</name>
         <value>0x20008575</value>
         <object_component_ref idref="oc-1ec"/>
      </symbol>
      <symbol id="sm-a20">
         <name>uDMAErrorStatusGet</name>
         <value>0x20008505</value>
         <object_component_ref idref="oc-1ec"/>
      </symbol>
      <symbol id="sm-a21">
         <name>uDMAChannelDisable</name>
         <value>0x2000852b</value>
         <object_component_ref idref="oc-1ec"/>
      </symbol>
      <symbol id="sm-a22">
         <name>uDMAChannelModeGet</name>
         <value>0x200088b5</value>
         <object_component_ref idref="oc-1ec"/>
      </symbol>
      <symbol id="sm-a23">
         <name>uDMAIntUnregister</name>
         <value>0x20008911</value>
         <object_component_ref idref="oc-1ec"/>
      </symbol>
      <symbol id="sm-a24">
         <name>uDMAChannelSizeGet</name>
         <value>0x2000886d</value>
         <object_component_ref idref="oc-1ec"/>
      </symbol>
      <symbol id="sm-a25">
         <name>uDMAChannelAttributeEnable</name>
         <value>0x20008599</value>
         <object_component_ref idref="oc-1ec"/>
      </symbol>
      <symbol id="sm-a26">
         <name>uDMADisable</name>
         <value>0x200084fd</value>
         <object_component_ref idref="oc-1ec"/>
      </symbol>
      <symbol id="sm-a27">
         <name>uDMAErrorStatusClear</name>
         <value>0x2000850b</value>
         <object_component_ref idref="oc-1ec"/>
      </symbol>
      <symbol id="sm-a28">
         <name>uDMAChannelAttributeGet</name>
         <value>0x20008641</value>
         <object_component_ref idref="oc-1ec"/>
      </symbol>
      <symbol id="sm-a29">
         <name>uDMAChannelTransferSet</name>
         <value>0x200086ed</value>
         <object_component_ref idref="oc-1ec"/>
      </symbol>
      <symbol id="sm-a2a">
         <name>uDMAIntStatus</name>
         <value>0x20008923</value>
         <object_component_ref idref="oc-1ec"/>
      </symbol>
      <symbol id="sm-a2b">
         <name>uDMAChannelAssign</name>
         <value>0x2000893d</value>
         <object_component_ref idref="oc-1ec"/>
      </symbol>
      <symbol id="sm-a2c">
         <name>uDMAIntRegister</name>
         <value>0x200088fb</value>
         <object_component_ref idref="oc-1ec"/>
      </symbol>
      <symbol id="sm-a2d">
         <name>uDMAEnable</name>
         <value>0x200084f5</value>
         <object_component_ref idref="oc-1ec"/>
      </symbol>
      <symbol id="sm-a2e">
         <name>uDMAControlBaseSet</name>
         <value>0x20008565</value>
         <object_component_ref idref="oc-1ec"/>
      </symbol>
      <symbol id="sm-a2f">
         <name>uDMAChannelAttributeDisable</name>
         <value>0x200085ed</value>
         <object_component_ref idref="oc-1ec"/>
      </symbol>
      <symbol id="sm-a30">
         <name>uDMAChannelEnable</name>
         <value>0x20008513</value>
         <object_component_ref idref="oc-1ec"/>
      </symbol>
      <symbol id="sm-a31">
         <name>uDMAChannelRequest</name>
         <value>0x20008581</value>
         <object_component_ref idref="oc-1ec"/>
      </symbol>
      <symbol id="sm-a35">
         <name>UtilsDelay</name>
         <value>0x2000a877</value>
         <object_component_ref idref="oc-199"/>
      </symbol>
      <symbol id="sm-a44">
         <name>CPUbasepriGet</name>
         <value>0x2000a649</value>
         <object_component_ref idref="oc-ea"/>
      </symbol>
      <symbol id="sm-a45">
         <name>CPUbasepriSet</name>
         <value>0x2000a633</value>
         <object_component_ref idref="oc-ea"/>
      </symbol>
      <symbol id="sm-a46">
         <name>CPUprimask</name>
         <value>0x2000a609</value>
         <object_component_ref idref="oc-ea"/>
      </symbol>
      <symbol id="sm-a47">
         <name>CPUcpsie</name>
         <value>0x2000a613</value>
         <object_component_ref idref="oc-ea"/>
      </symbol>
      <symbol id="sm-a48">
         <name>CPUcpsid</name>
         <value>0x2000a5f5</value>
         <object_component_ref idref="oc-ea"/>
      </symbol>
      <symbol id="sm-a49">
         <name>CPUwfi</name>
         <value>0x2000a627</value>
         <object_component_ref idref="oc-ea"/>
      </symbol>
      <symbol id="sm-aa2">
         <name>FlashErase</name>
         <value>0x2000977b</value>
         <object_component_ref idref="oc-107"/>
      </symbol>
      <symbol id="sm-aa3">
         <name>FlashEraseNonBlocking</name>
         <value>0x200097b5</value>
         <object_component_ref idref="oc-107"/>
      </symbol>
      <symbol id="sm-aa4">
         <name>FlashIntStatus</name>
         <value>0x200099d5</value>
         <object_component_ref idref="oc-107"/>
      </symbol>
      <symbol id="sm-aa5">
         <name>FlashProgram</name>
         <value>0x2000980f</value>
         <object_component_ref idref="oc-107"/>
      </symbol>
      <symbol id="sm-aa6">
         <name>FlashDisable</name>
         <value>0x20009745</value>
         <object_component_ref idref="oc-107"/>
      </symbol>
      <symbol id="sm-aa7">
         <name>FlashIntEnable</name>
         <value>0x200099ad</value>
         <object_component_ref idref="oc-107"/>
      </symbol>
      <symbol id="sm-aa8">
         <name>FlashIntUnregister</name>
         <value>0x2000999d</value>
         <object_component_ref idref="oc-107"/>
      </symbol>
      <symbol id="sm-aa9">
         <name>FlashProtectGet</name>
         <value>0x20009913</value>
         <object_component_ref idref="oc-107"/>
      </symbol>
      <symbol id="sm-aaa">
         <name>FlashMassErase</name>
         <value>0x200097d3</value>
         <object_component_ref idref="oc-107"/>
      </symbol>
      <symbol id="sm-aab">
         <name>FlashProgramNonBlocking</name>
         <value>0x20009891</value>
         <object_component_ref idref="oc-107"/>
      </symbol>
      <symbol id="sm-aac">
         <name>FlashIntClear</name>
         <value>0x200099f1</value>
         <object_component_ref idref="oc-107"/>
      </symbol>
      <symbol id="sm-aad">
         <name>FlashMassEraseNonBlocking</name>
         <value>0x200097ff</value>
         <object_component_ref idref="oc-107"/>
      </symbol>
      <symbol id="sm-aae">
         <name>FlashIntDisable</name>
         <value>0x200099c1</value>
         <object_component_ref idref="oc-107"/>
      </symbol>
      <symbol id="sm-aaf">
         <name>FlashIntRegister</name>
         <value>0x20009989</value>
         <object_component_ref idref="oc-107"/>
      </symbol>
      <symbol id="sm-ab8">
         <name>__aeabi_llsr</name>
         <value>0x2000a7fd</value>
         <object_component_ref idref="oc-102"/>
      </symbol>
      <symbol id="sm-ac7">
         <name>__aeabi_memset</name>
         <value>0x2000a57f</value>
         <object_component_ref idref="oc-151"/>
      </symbol>
      <symbol id="sm-ac8">
         <name>memset</name>
         <value>0x2000a585</value>
         <object_component_ref idref="oc-151"/>
      </symbol>
      <symbol id="sm-ac9">
         <name>__aeabi_memset8</name>
         <value>0x2000a57f</value>
         <object_component_ref idref="oc-151"/>
      </symbol>
      <symbol id="sm-aca">
         <name>__aeabi_memset4</name>
         <value>0x2000a57f</value>
         <object_component_ref idref="oc-151"/>
      </symbol>
      <symbol id="sm-acb">
         <name>__aeabi_memclr8</name>
         <value>0x2000a57d</value>
         <object_component_ref idref="oc-151"/>
      </symbol>
      <symbol id="sm-acc">
         <name>__aeabi_memclr4</name>
         <value>0x2000a57d</value>
         <object_component_ref idref="oc-151"/>
      </symbol>
      <symbol id="sm-acd">
         <name>__aeabi_memclr</name>
         <value>0x2000a57d</value>
         <object_component_ref idref="oc-151"/>
      </symbol>
      <symbol id="sm-ae9">
         <name>__aeabi_uldivmod</name>
         <value>0x2000a1c5</value>
         <object_component_ref idref="oc-fd"/>
      </symbol>
      <symbol id="sm-aea">
         <name>__TI_static_base__</name>
         <value>0x2000ae18</value>
      </symbol>
      <symbol id="sm-aeb">
         <name>__TI_args_main</name>
         <value>0x1</value>
      </symbol>
      <symbol id="sm-aec">
         <name>SHT$$INIT_ARRAY$$Limit</name>
         <value>0x0</value>
      </symbol>
      <symbol id="sm-aed">
         <name>SHT$$INIT_ARRAY$$Base</name>
         <value>0x0</value>
      </symbol>
   </symbol_table>
   <title>Link successful</title>
</link_info>
