MPLINK 4.42, Linker
Linker Map File - Created Sat Jul 21 13:34:34 2012

                                 Section Info
                  Section       Type    Address   Location Size(Bytes)
                ---------  ---------  ---------  ---------  ---------
                   .org_0       code   0x000000    program   0x000000
                   .org_1       code   0x000000    program   0x000000
                   .org_2       code   0x00fd00    program   0x0002de



                              Program Memory Usage 
                               Start         End      
                           ---------   ---------      
                            0x00fd00    0x00ffdd      
            734 out of 66584 program addresses used, program memory utilization is 1%



                              Symbols - Sorted by Name
                     Name    Address   Location    Storage File                     
                ---------  ---------  ---------  --------- ---------                
                   AddCrc   0x00fe06    program     static C:\Users\Administrator\Dropbox\Wifly_Light\Bootloader\PIC18 Bootloader\PIC18 Bootloader.asm
         AppendDataBuffer   0x00fd90    program     static C:\Users\Administrator\Dropbox\Wifly_Light\Bootloader\PIC18 Bootloader\PIC18 Bootloader.asm
            BootInfoBlock   0x00fe28    program     static C:\Users\Administrator\Dropbox\Wifly_Light\Bootloader\PIC18 Bootloader\PIC18 Bootloader.asm
         BootInfoBlockEnd   0x00fe32    program     static C:\Users\Administrator\Dropbox\Wifly_Light\Bootloader\PIC18 Bootloader\PIC18 Bootloader.asm
             BootloadMode   0x00fd2c    program     static C:\Users\Administrator\Dropbox\Wifly_Light\Bootloader\PIC18 Bootloader\PIC18 Bootloader.asm
     BootloaderBreakCheck   0x00fd02    program     static C:\Users\Administrator\Dropbox\Wifly_Light\Bootloader\PIC18 Bootloader\PIC18 Bootloader.asm
           BootloaderInfo   0x00fe32    program     static C:\Users\Administrator\Dropbox\Wifly_Light\Bootloader\PIC18 Bootloader\PIC18 Bootloader.asm
          BootloaderStart   0x00fd00    program     static C:\Users\Administrator\Dropbox\Wifly_Light\Bootloader\PIC18 Bootloader\PIC18 Bootloader.asm
             CheckCommand   0x00fdd6    program     static C:\Users\Administrator\Dropbox\Wifly_Light\Bootloader\PIC18 Bootloader\PIC18 Bootloader.asm
               DoAutoBaud   0x00fd4c    program     static C:\Users\Administrator\Dropbox\Wifly_Light\Bootloader\PIC18 Bootloader\PIC18 Bootloader.asm
         EraseAddressOkay   0x00fec6    program     static C:\Users\Administrator\Dropbox\Wifly_Light\Bootloader\PIC18 Bootloader\PIC18 Bootloader.asm
 EraseEndFlashAddressOkay   0x00fe9e    program     static C:\Users\Administrator\Dropbox\Wifly_Light\Bootloader\PIC18 Bootloader\PIC18 Bootloader.asm
               EraseFlash   0x00fe88    program     static C:\Users\Administrator\Dropbox\Wifly_Light\Bootloader\PIC18 Bootloader\PIC18 Bootloader.asm
            GotoAppVector   0x00fd28    program     static C:\Users\Administrator\Dropbox\Wifly_Light\Bootloader\PIC18 Bootloader\PIC18 Bootloader.asm
          JUMPTABLE_BEGIN   0x00fddc    program     static C:\Users\Administrator\Dropbox\Wifly_Light\Bootloader\PIC18 Bootloader\PIC18 Bootloader.asm
     LoadHoldingRegisters   0x00ff26    program     static C:\Users\Administrator\Dropbox\Wifly_Light\Bootloader\PIC18 Bootloader\PIC18 Bootloader.asm
           NextEraseBlock   0x00fecc    program     static C:\Users\Administrator\Dropbox\Wifly_Light\Bootloader\PIC18 Bootloader\PIC18 Bootloader.asm
                    NoETX   0x00fd88    program     static C:\Users\Administrator\Dropbox\Wifly_Light\Bootloader\PIC18 Bootloader\PIC18 Bootloader.asm
                    NoSTX   0x00fd82    program     static C:\Users\Administrator\Dropbox\Wifly_Light\Bootloader\PIC18 Bootloader\PIC18 Bootloader.asm
               ReadEeprom   0x00ff3e    program     static C:\Users\Administrator\Dropbox\Wifly_Light\Bootloader\PIC18 Bootloader\PIC18 Bootloader.asm
           ReadEepromLoop   0x00ff40    program     static C:\Users\Administrator\Dropbox\Wifly_Light\Bootloader\PIC18 Bootloader\PIC18 Bootloader.asm
                ReadFlash   0x00fe44    program     static C:\Users\Administrator\Dropbox\Wifly_Light\Bootloader\PIC18 Bootloader\PIC18 Bootloader.asm
             ReadHostByte   0x00ffb2    program     static C:\Users\Administrator\Dropbox\Wifly_Light\Bootloader\PIC18 Bootloader\PIC18 Bootloader.asm
          ReceiveDataLoop   0x00fd7c    program     static C:\Users\Administrator\Dropbox\Wifly_Light\Bootloader\PIC18 Bootloader\PIC18 Bootloader.asm
            RetryAutoBaud   0x00fd52    program     static C:\Users\Administrator\Dropbox\Wifly_Light\Bootloader\PIC18 Bootloader\PIC18 Bootloader.asm
          SendAcknowledge   0x00ff7a    program     static C:\Users\Administrator\Dropbox\Wifly_Light\Bootloader\PIC18 Bootloader\PIC18 Bootloader.asm
             SendChecksum   0x00ff82    program     static C:\Users\Administrator\Dropbox\Wifly_Light\Bootloader\PIC18 Bootloader\PIC18 Bootloader.asm
                  SendETX   0x00ff8a    program     static C:\Users\Administrator\Dropbox\Wifly_Light\Bootloader\PIC18 Bootloader\PIC18 Bootloader.asm
           SendEscapeByte   0x00ff90    program     static C:\Users\Administrator\Dropbox\Wifly_Light\Bootloader\PIC18 Bootloader\PIC18 Bootloader.asm
             SendHostByte   0x00ffa8    program     static C:\Users\Administrator\Dropbox\Wifly_Light\Bootloader\PIC18 Bootloader\PIC18 Bootloader.asm
              StartOfLine   0x00fd74    program     static C:\Users\Administrator\Dropbox\Wifly_Light\Bootloader\PIC18 Bootloader\PIC18 Bootloader.asm
               StartWrite   0x00ffce    program     static C:\Users\Administrator\Dropbox\Wifly_Light\Bootloader\PIC18 Bootloader\PIC18 Bootloader.asm
           TableWriteWREG   0x00ffca    program     static C:\Users\Administrator\Dropbox\Wifly_Light\Bootloader\PIC18 Bootloader\PIC18 Bootloader.asm
              VerifyFlash   0x00fe5a    program     static C:\Users\Administrator\Dropbox\Wifly_Light\Bootloader\PIC18 Bootloader\PIC18 Bootloader.asm
          VerifyPacketCRC   0x00fd96    program     static C:\Users\Administrator\Dropbox\Wifly_Light\Bootloader\PIC18 Bootloader\PIC18 Bootloader.asm
      VerifyPacketCrcLoop   0x00fda2    program     static C:\Users\Administrator\Dropbox\Wifly_Light\Bootloader\PIC18 Bootloader\PIC18 Bootloader.asm
          WaitForHostByte   0x00ffb6    program     static C:\Users\Administrator\Dropbox\Wifly_Light\Bootloader\PIC18 Bootloader\PIC18 Bootloader.asm
       WaitForHostCommand   0x00fd6e    program     static C:\Users\Administrator\Dropbox\Wifly_Light\Bootloader\PIC18 Bootloader\PIC18 Bootloader.asm
              WaitForRise   0x00fdf6    program     static C:\Users\Administrator\Dropbox\Wifly_Light\Bootloader\PIC18 Bootloader\PIC18 Bootloader.asm
          WaitForRiseLoop   0x00fdf8    program     static C:\Users\Administrator\Dropbox\Wifly_Light\Bootloader\PIC18 Bootloader\PIC18 Bootloader.asm
                    WrDLE   0x00ffa2    program     static C:\Users\Administrator\Dropbox\Wifly_Light\Bootloader\PIC18 Bootloader\PIC18 Bootloader.asm
                   WrNext   0x00ffa6    program     static C:\Users\Administrator\Dropbox\Wifly_Light\Bootloader\PIC18 Bootloader\PIC18 Bootloader.asm
         WriteAddressOkay   0x00ff22    program     static C:\Users\Administrator\Dropbox\Wifly_Light\Bootloader\PIC18 Bootloader\PIC18 Bootloader.asm
              WriteConfig   0x00ff7a    program     static C:\Users\Administrator\Dropbox\Wifly_Light\Bootloader\PIC18 Bootloader\PIC18 Bootloader.asm
              WriteEeprom   0x00ff5a    program     static C:\Users\Administrator\Dropbox\Wifly_Light\Bootloader\PIC18 Bootloader\PIC18 Bootloader.asm
          WriteEepromLoop   0x00ff5e    program     static C:\Users\Administrator\Dropbox\Wifly_Light\Bootloader\PIC18 Bootloader\PIC18 Bootloader.asm
 WriteEndFlashAddressOkay   0x00fefa    program     static C:\Users\Administrator\Dropbox\Wifly_Light\Bootloader\PIC18 Bootloader\PIC18 Bootloader.asm
               WriteFlash   0x00fee4    program     static C:\Users\Administrator\Dropbox\Wifly_Light\Bootloader\PIC18 Bootloader\PIC18 Bootloader.asm
                     WtSR   0x00fe00    program     static C:\Users\Administrator\Dropbox\Wifly_Light\Bootloader\PIC18 Bootloader\PIC18 Bootloader.asm



                              Symbols - Sorted by Address
                     Name    Address   Location    Storage File                     
                ---------  ---------  ---------  --------- ---------                
          BootloaderStart   0x00fd00    program     static C:\Users\Administrator\Dropbox\Wifly_Light\Bootloader\PIC18 Bootloader\PIC18 Bootloader.asm
     BootloaderBreakCheck   0x00fd02    program     static C:\Users\Administrator\Dropbox\Wifly_Light\Bootloader\PIC18 Bootloader\PIC18 Bootloader.asm
            GotoAppVector   0x00fd28    program     static C:\Users\Administrator\Dropbox\Wifly_Light\Bootloader\PIC18 Bootloader\PIC18 Bootloader.asm
             BootloadMode   0x00fd2c    program     static C:\Users\Administrator\Dropbox\Wifly_Light\Bootloader\PIC18 Bootloader\PIC18 Bootloader.asm
               DoAutoBaud   0x00fd4c    program     static C:\Users\Administrator\Dropbox\Wifly_Light\Bootloader\PIC18 Bootloader\PIC18 Bootloader.asm
            RetryAutoBaud   0x00fd52    program     static C:\Users\Administrator\Dropbox\Wifly_Light\Bootloader\PIC18 Bootloader\PIC18 Bootloader.asm
       WaitForHostCommand   0x00fd6e    program     static C:\Users\Administrator\Dropbox\Wifly_Light\Bootloader\PIC18 Bootloader\PIC18 Bootloader.asm
              StartOfLine   0x00fd74    program     static C:\Users\Administrator\Dropbox\Wifly_Light\Bootloader\PIC18 Bootloader\PIC18 Bootloader.asm
          ReceiveDataLoop   0x00fd7c    program     static C:\Users\Administrator\Dropbox\Wifly_Light\Bootloader\PIC18 Bootloader\PIC18 Bootloader.asm
                    NoSTX   0x00fd82    program     static C:\Users\Administrator\Dropbox\Wifly_Light\Bootloader\PIC18 Bootloader\PIC18 Bootloader.asm
                    NoETX   0x00fd88    program     static C:\Users\Administrator\Dropbox\Wifly_Light\Bootloader\PIC18 Bootloader\PIC18 Bootloader.asm
         AppendDataBuffer   0x00fd90    program     static C:\Users\Administrator\Dropbox\Wifly_Light\Bootloader\PIC18 Bootloader\PIC18 Bootloader.asm
          VerifyPacketCRC   0x00fd96    program     static C:\Users\Administrator\Dropbox\Wifly_Light\Bootloader\PIC18 Bootloader\PIC18 Bootloader.asm
      VerifyPacketCrcLoop   0x00fda2    program     static C:\Users\Administrator\Dropbox\Wifly_Light\Bootloader\PIC18 Bootloader\PIC18 Bootloader.asm
             CheckCommand   0x00fdd6    program     static C:\Users\Administrator\Dropbox\Wifly_Light\Bootloader\PIC18 Bootloader\PIC18 Bootloader.asm
          JUMPTABLE_BEGIN   0x00fddc    program     static C:\Users\Administrator\Dropbox\Wifly_Light\Bootloader\PIC18 Bootloader\PIC18 Bootloader.asm
              WaitForRise   0x00fdf6    program     static C:\Users\Administrator\Dropbox\Wifly_Light\Bootloader\PIC18 Bootloader\PIC18 Bootloader.asm
          WaitForRiseLoop   0x00fdf8    program     static C:\Users\Administrator\Dropbox\Wifly_Light\Bootloader\PIC18 Bootloader\PIC18 Bootloader.asm
                     WtSR   0x00fe00    program     static C:\Users\Administrator\Dropbox\Wifly_Light\Bootloader\PIC18 Bootloader\PIC18 Bootloader.asm
                   AddCrc   0x00fe06    program     static C:\Users\Administrator\Dropbox\Wifly_Light\Bootloader\PIC18 Bootloader\PIC18 Bootloader.asm
            BootInfoBlock   0x00fe28    program     static C:\Users\Administrator\Dropbox\Wifly_Light\Bootloader\PIC18 Bootloader\PIC18 Bootloader.asm
         BootInfoBlockEnd   0x00fe32    program     static C:\Users\Administrator\Dropbox\Wifly_Light\Bootloader\PIC18 Bootloader\PIC18 Bootloader.asm
           BootloaderInfo   0x00fe32    program     static C:\Users\Administrator\Dropbox\Wifly_Light\Bootloader\PIC18 Bootloader\PIC18 Bootloader.asm
                ReadFlash   0x00fe44    program     static C:\Users\Administrator\Dropbox\Wifly_Light\Bootloader\PIC18 Bootloader\PIC18 Bootloader.asm
              VerifyFlash   0x00fe5a    program     static C:\Users\Administrator\Dropbox\Wifly_Light\Bootloader\PIC18 Bootloader\PIC18 Bootloader.asm
               EraseFlash   0x00fe88    program     static C:\Users\Administrator\Dropbox\Wifly_Light\Bootloader\PIC18 Bootloader\PIC18 Bootloader.asm
 EraseEndFlashAddressOkay   0x00fe9e    program     static C:\Users\Administrator\Dropbox\Wifly_Light\Bootloader\PIC18 Bootloader\PIC18 Bootloader.asm
         EraseAddressOkay   0x00fec6    program     static C:\Users\Administrator\Dropbox\Wifly_Light\Bootloader\PIC18 Bootloader\PIC18 Bootloader.asm
           NextEraseBlock   0x00fecc    program     static C:\Users\Administrator\Dropbox\Wifly_Light\Bootloader\PIC18 Bootloader\PIC18 Bootloader.asm
               WriteFlash   0x00fee4    program     static C:\Users\Administrator\Dropbox\Wifly_Light\Bootloader\PIC18 Bootloader\PIC18 Bootloader.asm
 WriteEndFlashAddressOkay   0x00fefa    program     static C:\Users\Administrator\Dropbox\Wifly_Light\Bootloader\PIC18 Bootloader\PIC18 Bootloader.asm
         WriteAddressOkay   0x00ff22    program     static C:\Users\Administrator\Dropbox\Wifly_Light\Bootloader\PIC18 Bootloader\PIC18 Bootloader.asm
     LoadHoldingRegisters   0x00ff26    program     static C:\Users\Administrator\Dropbox\Wifly_Light\Bootloader\PIC18 Bootloader\PIC18 Bootloader.asm
               ReadEeprom   0x00ff3e    program     static C:\Users\Administrator\Dropbox\Wifly_Light\Bootloader\PIC18 Bootloader\PIC18 Bootloader.asm
           ReadEepromLoop   0x00ff40    program     static C:\Users\Administrator\Dropbox\Wifly_Light\Bootloader\PIC18 Bootloader\PIC18 Bootloader.asm
              WriteEeprom   0x00ff5a    program     static C:\Users\Administrator\Dropbox\Wifly_Light\Bootloader\PIC18 Bootloader\PIC18 Bootloader.asm
          WriteEepromLoop   0x00ff5e    program     static C:\Users\Administrator\Dropbox\Wifly_Light\Bootloader\PIC18 Bootloader\PIC18 Bootloader.asm
          SendAcknowledge   0x00ff7a    program     static C:\Users\Administrator\Dropbox\Wifly_Light\Bootloader\PIC18 Bootloader\PIC18 Bootloader.asm
              WriteConfig   0x00ff7a    program     static C:\Users\Administrator\Dropbox\Wifly_Light\Bootloader\PIC18 Bootloader\PIC18 Bootloader.asm
             SendChecksum   0x00ff82    program     static C:\Users\Administrator\Dropbox\Wifly_Light\Bootloader\PIC18 Bootloader\PIC18 Bootloader.asm
                  SendETX   0x00ff8a    program     static C:\Users\Administrator\Dropbox\Wifly_Light\Bootloader\PIC18 Bootloader\PIC18 Bootloader.asm
           SendEscapeByte   0x00ff90    program     static C:\Users\Administrator\Dropbox\Wifly_Light\Bootloader\PIC18 Bootloader\PIC18 Bootloader.asm
                    WrDLE   0x00ffa2    program     static C:\Users\Administrator\Dropbox\Wifly_Light\Bootloader\PIC18 Bootloader\PIC18 Bootloader.asm
                   WrNext   0x00ffa6    program     static C:\Users\Administrator\Dropbox\Wifly_Light\Bootloader\PIC18 Bootloader\PIC18 Bootloader.asm
             SendHostByte   0x00ffa8    program     static C:\Users\Administrator\Dropbox\Wifly_Light\Bootloader\PIC18 Bootloader\PIC18 Bootloader.asm
             ReadHostByte   0x00ffb2    program     static C:\Users\Administrator\Dropbox\Wifly_Light\Bootloader\PIC18 Bootloader\PIC18 Bootloader.asm
          WaitForHostByte   0x00ffb6    program     static C:\Users\Administrator\Dropbox\Wifly_Light\Bootloader\PIC18 Bootloader\PIC18 Bootloader.asm
           TableWriteWREG   0x00ffca    program     static C:\Users\Administrator\Dropbox\Wifly_Light\Bootloader\PIC18 Bootloader\PIC18 Bootloader.asm
               StartWrite   0x00ffce    program     static C:\Users\Administrator\Dropbox\Wifly_Light\Bootloader\PIC18 Bootloader\PIC18 Bootloader.asm


