******************************************************************************
                  TI ARM Linker PC v5.1.8                      
******************************************************************************
>> Linked Wed Nov 19 06:07:40 2014

OUTPUT FILE NAME:   <wylightFirmware.out>
ENTRY POINT SYMBOL: "_c_int00"  address: 20020d3d


MEMORY CONFIGURATION

         name            origin    length      used     unused   attr    fill
----------------------  --------  ---------  --------  --------  ----  --------
  SRAM_CODE             20012000   00012fff  0000f680  0000397f  RW X
  SRAM_DATA             20025000   0001b000  0001a016  00000fea  RW X


SEGMENT ALLOCATION MAP

run origin  load origin   length   init length attrs members
----------  ----------- ---------- ----------- ----- -------
20012000    20012000    0000f680   0000f680    r-x
  20012000    20012000    00000400   00000400    r-- .intvecs
  20012400    20012400    0000eb2c   0000eb2c    r-x .text
  20020f2c    20020f2c    0000069c   0000069c    r-- .const
  200215c8    200215c8    000000b8   000000b8    r-- .cinit
20025000    20025000    0000a018   00000000    rw-
  20025000    20025000    00008000   00000000    rw- .sysmem
  2002d000    2002d000    00001d17   00000000    rw- .bss
  2002ed18    2002ed18    00000300   00000000    rw- .data
20030000    20030000    0000ffff   00000000    rw-
  20030000    20030000    0000ffff   00000000    rw- .stack


SECTION ALLOCATION MAP

 output                                  attributes/
section   page    origin      length       input sections
--------  ----  ----------  ----------   ----------------
.init_array 
*          0    20012000    00000000     UNINITIALIZED

.intvecs   0    20012000    00000400     
                  20012000    00000400     startup_ccs.obj (.intvecs)

.text      0    20012400    0000eb2c     
                  20012400    00001d7c     simplelink.a : driver.obj (.text)
                  2001417c    00001040     free_rtos.a : tasks.obj (.text)
                  200151bc    00000ec0     rtsv7M4_T_le_eabi.lib : _printfi.obj (.text)
                  2001607c    00000d48     wy_network_if.obj (.text)
                  20016dc4    00000d0c     simplelink.a : socket.obj (.text)
                  20017ad0    00000ab4                  : netapp.obj (.text)
                  20018584    00000a88     free_rtos.a : queue.obj (.text)
                  2001900c    00000a58     simplelink.a : wlan.obj (.text)
                  20019a64    0000098c     driverlib.a : prcm.obj (.text)
                  2001a3f0    0000079c                 : spi.obj (.text)
                  2001ab8c    000006f4     ledstrip.obj (.text)
                  2001b280    00000668     simplelink.a : cc_pal.obj (.text)
                  2001b8e8    00000500                  : device.obj (.text)
                  2001bde8    000004a4     driverlib.a : udma.obj (.text)
                  2001c28c    0000048c                 : uart.obj (.text)
                  2001c718    00000470     server.obj (.text)
                  2001cb88    00000454     simplelink.a : fs.obj (.text)
                  2001cfdc    000003dc     rtsv7M4_T_le_eabi.lib : memory.obj (.text)
                  2001d3b8    0000039c     driverlib.a : timer.obj (.text)
                  2001d754    00000398     free_rtos.a : osi_freertos.obj (.text)
                  2001daec    00000370     driverlib.a : interrupt.obj (.text)
                  2001de5c    00000334                 : gpio.obj (.text)
                  2001e190    00000300                 : flash.obj (.text)
                  2001e490    00000290     wy_fs.obj (.text)
                  2001e720    00000284     CommandIO.obj (.text)
                  2001e9a4    00000284     driverlib.a : pin.obj (.text)
                  2001ec28    00000274     ScriptCtrl.obj (.text)
                  2001ee9c    00000234     main.obj (.text)
                  2001f0d0    00000224     gpio_if.obj (.text)
                  2001f2f4    000001f4     rtsv7M4_T_le_eabi.lib : ull_div_t2.obj (.text)
                  2001f4e8    000001f0     wy_eeprom.obj (.text)
                  2001f6d8    000001b8     broadcast.obj (.text)
                  2001f890    000001b6     rtsv7M4_T_le_eabi.lib : fd_add_t2.obj (.text)
                  2001fa46    00000002     --HOLE-- [fill = 0]
                  2001fa48    0000013c     uart_if.obj (.text)
                  2001fb84    00000138     pwm.obj (.text)
                  2001fcbc    00000136     rtsv7M4_T_le_eabi.lib : fd_div_t2.obj (.text)
                  2001fdf2    00000132     free_rtos.a : list.obj (.text)
                  2001ff24    0000010c                 : port.obj (.text)
                  20020030    00000100     simplelink.a : netcfg.obj (.text)
                  20020130    000000fc     rtsv7M4_T_le_eabi.lib : fd_mul_t2.obj (.text)
                  2002022c    000000fc     wifi.obj (.text)
                  20020328    000000bc     driverlib.a : crc.obj (.text)
                  200203e4    000000ba     free_rtos.a : portasm.obj (.text)
                  2002049e    0000009c     rtsv7M4_T_le_eabi.lib : memcpy_t2.obj (.text)
                  2002053a    00000002     --HOLE-- [fill = 0]
                  2002053c    00000098     wy_firmware.obj (.text)
                  200205d4    00000094     rtsv7M4_T_le_eabi.lib : auto_init.obj (.text)
                  20020668    0000008e     RingBuf.obj (.text)
                  200206f6    00000002     --HOLE-- [fill = 0]
                  200206f8    00000088     rtsv7M4_T_le_eabi.lib : vsnprintf.obj (.text)
                  20020780    00000086                           : fd_cmp_t2.obj (.text:__aeabi_cdcmple)
                  20020806    00000086                           : fd_cmp_t2.obj (.text:__aeabi_cdrcmple)
                  2002088c    0000007a                           : memset_t2.obj (.text)
                  20020906    0000006a     pinmux.obj (.text)
                  20020970    00000068     simplelink.a : flowcont.obj (.text)
                  200209d8    00000060     rtsv7M4_T_le_eabi.lib : sprintf.obj (.text)
                  20020a38    0000005e     driverlib.a : cpu.obj (.text)
                  20020a96    0000005e     rtsv7M4_T_le_eabi.lib : copy_decompress_rle.obj (.text)
                  20020af4    0000005a                           : ltoa.obj (.text)
                  20020b4e    00000002     --HOLE-- [fill = 0]
                  20020b50    00000054     wy_crc.obj (.text)
                  20020ba4    0000004c     rtsv7M4_T_le_eabi.lib : atoi.obj (.text)
                  20020bf0    00000048                           : fd_toi_t2.obj (.text)
                  20020c38    00000044                           : cpy_tbl.obj (.text)
                  20020c7c    00000044                           : exit.obj (.text)
                  20020cc0    00000044                           : xdtest.obj (.text)
                  20020d04    00000038     free_rtos.a : heap_3.obj (.text)
                  20020d3c    00000034     rtsv7M4_T_le_eabi.lib : boot.obj (.text)
                  20020d70    00000030                           : strncpy.obj (.text)
                  20020da0    0000002e                           : i_tofd_t2.obj (.text)
                  20020dce    00000022                           : memcmp.obj (.text)
                  20020df0    0000001e                           : ll_lsr_t2.obj (.text)
                  20020e0e    0000001c                           : memccpy.obj (.text)
                  20020e2a    0000001a                           : strcat.obj (.text)
                  20020e44    00000018                           : args_main.obj (.text)
                  20020e5c    00000018                           : ll_mul_t2.obj (.text)
                  20020e74    00000014                           : _lock.obj (.text)
                  20020e88    00000014                           : strlen.obj (.text)
                  20020e9c    00000012                           : copy_zero_init.obj (.text:decompress:ZI)
                  20020eae    0000000e                           : copy_decompress_none.obj (.text:decompress:none)
                  20020ebc    0000000e                           : xdclass.obj (.text)
                  20020eca    0000000e     startup_ccs.obj (.text)
                  20020ed8    0000000c     broadcast.obj (.text:Broadcast_TaskRun)
                  20020ee4    0000000c     wy_eeprom.obj (.text:Eeprom_Read)
                  20020ef0    0000000c     server.obj (.text:TcpServer_TaskRun)
                  20020efc    0000000c     server.obj (.text:UdpServer_TaskRun)
                  20020f08    00000006     driverlib.a : utils.obj (.text:UtilsDelay)
                  20020f0e    00000006     Version.obj (.text)
                  20020f14    00000006     rtsv7M4_T_le_eabi.lib : copy_decompress_rle.obj (.text:decompress:rle24)
                  20020f1a    00000006     wy_spi.obj (.text)
                  20020f20    00000004     wy_fs.obj (.text:wy_FsClose)
                  20020f24    00000004     wy_fs.obj (.text:wy_FsRead)
                  20020f28    00000004     wy_fs.obj (.text:wy_FsWrite)

.const     0    20020f2c    0000069c     
                  20020f2c    00000102     rtsv7M4_T_le_eabi.lib : ctype.obj (.const:.string:_ctypes_)
                  2002102e    00000002     --HOLE-- [fill = 0]
                  20021030    00000100     driverlib.a : pin.obj (.const:g_ulPinToPadMap)
                  20021130    000000d4                 : interrupt.obj (.const:g_pulRegs)
                  20021204    000000a0                 : prcm.obj (.const:PRCM_PeriphRegsList)
                  200212a4    00000080                 : interrupt.obj (.const)
                  20021324    00000040                 : flash.obj (.const:g_pulFMPPERegs)
                  20021364    00000040                 : flash.obj (.const:g_pulFMPRERegs)
                  200213a4    0000003c     simplelink.a : wlan.obj (.const)
                  200213e0    00000038                  : driver.obj (.const:_SlActionLookupTable)
                  20021418    00000034                  : socket.obj (.const)
                  2002144c    0000002c                  : fs.obj (.const)
                  20021478    0000002b     broadcast.obj (.const:.string)
                  200214a3    00000028     wy_fs.obj (.const:.string)
                  200214cb    00000028     wy_network_if.obj (.const:.string)
                  200214f3    00000001     --HOLE-- [fill = 0]
                  200214f4    00000028     simplelink.a : netapp.obj (.const)
                  2002151c    00000024     driverlib.a : spi.obj (.const:g_ppulSPIIntMap)
                  20021540    00000020     server.obj (.const)
                  20021560    00000018     driverlib.a : spi.obj (.const)
                  20021578    00000014     simplelink.a : device.obj (.const)
                  2002158c    00000014                  : driver.obj (.const)
                  200215a0    00000010     broadcast.obj (.const)
                  200215b0    00000010     driverlib.a : uart.obj (.const)
                  200215c0    00000008     simplelink.a : netcfg.obj (.const)

.cinit     0    200215c8    000000b8     
                  200215c8    0000008d     (.cinit..data.load) [load image, compression = rle]
                  20021655    00000003     --HOLE-- [fill = 0]
                  20021658    0000000c     (__TI_handler_table)
                  20021664    00000004     --HOLE-- [fill = 0]
                  20021668    00000008     (.cinit..bss.load) [load image, compression = zero_init]
                  20021670    00000010     (__TI_cinit_table)

.sysmem    0    20025000    00008000     UNINITIALIZED
                  20025000    00000008     rtsv7M4_T_le_eabi.lib : memory.obj (.sysmem)
                  20025008    00007ff8     --HOLE--

.bss       0    2002d000    00001d17     UNINITIALIZED
                  2002d000    00000500     wy_fs.obj (.bss:Filesystem)
                  2002d500    00000406     RingBuf.obj (.bss:g_RingBuf)
                  2002d906    00000406     RingBuf.obj (.bss:g_RingBuf_Tx)
                  2002dd0c    00000403     CommandIO.obj (.bss:g_ResponseBuf)
                  2002e10f    00000400     wy_eeprom.obj (.bss:g_Eeprom)
                  2002e50f    00000001     (.common:g_KillTcpServer)
                  2002e510    000002ae     ledstrip.obj (.bss:gLedBuf)
                  2002e7be    00000002     (.common:g_WritesDoneCounter)
                  2002e7c0    00000178     simplelink.a : driver.obj (.bss:g_StatMem)
                  2002e938    000000c8     CommandIO.obj (.bss:g_CmdBuf)
                  2002ea00    000000c8     free_rtos.a : tasks.obj (.bss:pxReadyTasksLists)
                  2002eac8    00000061     ScriptCtrl.obj (.bss:nextCmd)
                  2002eb29    00000001     (.common:g_KillUdpServer)
                  2002eb2a    00000001     (.common:g_Odd_STX_Received)
                  2002eb2b    00000001     (.common:g_StopBroadcastTask)
                  2002eb2c    00000050     simplelink.a : cc_pal.obj (.bss:g_ucDinDout)
                  2002eb7c    00000050     free_rtos.a : queue.obj (.bss:xQueueRegistry)
                  2002ebcc    00000034     wy_network_if.obj (.bss:g_WifiStatusInformation)
                  2002ec00    0000002c     free_rtos.a : tasks.obj (.bss:pcStatusString$1)
                  2002ec2c    00000014     (.common:xDelayedTaskList1)
                  2002ec40    00000014     (.common:xDelayedTaskList2)
                  2002ec54    00000014     (.common:xPendingReadyList)
                  2002ec68    00000014     (.common:xSuspendedTaskList)
                  2002ec7c    00000014     (.common:xTasksWaitingTermination)
                  2002ec90    0000000e     (.common:gScriptBuf)
                  2002ec9e    0000000a     (.common:mFade)
                  2002eca8    00000004     (.common:DMAMsgQ)
                  2002ecac    00000004     (.common:__Errorlog)
                  2002ecb0    00000004     (.common:g_AccessLedBufferMutex)
                  2002ecb4    00000004     (.common:g_AccessScriptBufferMutex)
                  2002ecb8    00000004     (.common:g_BroadcastStartSemaphore)
                  2002ecbc    00000004     (.common:g_BroadcastStoppedSemaphore)
                  2002ecc0    00000004     (.common:g_BroadcastTaskHandle)
                  2002ecc4    00000004     (.common:g_FirmwareCanAccessFileSystemSemaphore)
                  2002ecc8    00000004     (.common:g_NewDataAvailableSemaphore)
                  2002eccc    00000004     (.common:g_PwmMessageQ)
                  2002ecd0    00000004     (.common:g_PwmTaskHandle)
                  2002ecd4    00000004     (.common:g_TcpServerStartSemaphore)
                  2002ecd8    00000004     (.common:g_TcpServerStoppedSemaphore)
                  2002ecdc    00000004     (.common:g_TcpServerTaskHandle)
                  2002ece0    00000004     (.common:g_UdpServerStartSemaphore)
                  2002ece4    00000004     (.common:g_UdpServerStoppedSemaphore)
                  2002ece8    00000004     (.common:g_UdpServerTaskHandle)
                  2002ecec    00000004     (.common:g_WlanSupportProvisioningDataAddedSemaphore)
                  2002ecf0    00000004     (.common:g_WlanSupportTaskHandle)
                  2002ecf4    00000004     (.common:g_WriteDataSemaphore)
                  2002ecf8    00000004     (.common:g_WyLightFirmwareTaskHandle)
                  2002ecfc    00000004     (.common:g_WyLightGetCommandsTaskHandle)
                  2002ed00    00000004     (.common:g_cDummy)
                  2002ed04    00000004     (.common:pxDelayedTaskList)
                  2002ed08    00000004     (.common:pxOverflowDelayedTaskList)
                  2002ed0c    00000004     (.common:xSimpleLinkSpawnQueue)
                  2002ed10    00000004     (.common:xSimpleLinkSpawnTaskHndl)
                  2002ed14    00000001     (.common:g_ucLED1Pin)
                  2002ed15    00000001     (.common:g_ucLED2Pin)
                  2002ed16    00000001     (.common:g_ucLED3Pin)

.data      0    2002ed18    00000300     UNINITIALIZED
                  2002ed18    00000228     wy_network_if.obj (.data:g_ApProvisioningData)
                  2002ef40    00000038     free_rtos.a : tasks.obj (.data)
                  2002ef78    0000001c     gpio_if.obj (.data)
                  2002ef94    00000011     wy_eeprom.obj (.data)
                  2002efa5    00000003     --HOLE--
                  2002efa8    00000010     simplelink.a : cc_pal.obj (.data)
                  2002efb8    00000010     wy_firmware.obj (.data)
                  2002efc8    0000000c     rtsv7M4_T_le_eabi.lib : memory.obj (.data)
                  2002efd4    00000008     pwm.obj (.data)
                  2002efdc    00000008     rtsv7M4_T_le_eabi.lib : _lock.obj (.data)
                  2002efe4    00000008                           : exit.obj (.data)
                  2002efec    00000008     server.obj (.data)
                  2002eff4    00000008     simplelink.a : driver.obj (.data)
                  2002effc    00000008     wifi.obj (.data)
                  2002f004    00000004     broadcast.obj (.data)
                  2002f008    00000004     free_rtos.a : osi_freertos.obj (.data)
                  2002f00c    00000004                 : port.obj (.data)
                  2002f010    00000004     ledstrip.obj (.data)
                  2002f014    00000004     rtsv7M4_T_le_eabi.lib : stkdepth_vars.obj (.data)

.stack     0    20030000    0000ffff     UNINITIALIZED
                  20030000    0000ffff     --HOLE--


LINKER GENERATED COPY TABLES

__TI_cinit_table @ 20021670 records: 2, size/record: 8, table size: 16
	.data: load addr=200215c8, load size=0000008d bytes, run addr=2002ed18, run size=00000300 bytes, compression=rle
	.bss: load addr=20021668, load size=00000008 bytes, run addr=2002d000, run size=00001d17 bytes, compression=zero_init


LINKER GENERATED HANDLER TABLE

__TI_handler_table @ 20021658 records: 3, size/record: 4, table size: 12
	index: 0, handler: __TI_decompress_rle24
	index: 1, handler: __TI_decompress_none
	index: 2, handler: __TI_zero_init


GLOBAL SYMBOLS: SORTED ALPHABETICALLY BY Name 

address    name
--------   ----
2002f010   AccessLedBufferMutex
2002f004   BroadcastTaskHandle
2001f773   Broadcast_Task
2001f6e9   Broadcast_TaskInit
2001f6d9   Broadcast_TaskQuit
20020ed9   Broadcast_TaskRun
20020c7d   C$$EXIT
20020a8d   CPUbasepriGet
20020a77   CPUbasepriSet
20020a39   CPUcpsid
20020a57   CPUcpsie
20020a4d   CPUprimask
20020a6b   CPUwfi
20020329   CRCConfigSet
20020371   CRCDataProcess
20020351   CRCDataWrite
20020363   CRCResultRead
2002033d   CRCSeedSet
2001fb57   ClearTerm
2001e807   CommandIO_CreateResponse
2001e83d   CommandIO_Error
2001e899   CommandIO_GetCommands
2001e7ef   CommandIO_Init
2001e745   CommandIO_SendResponse
200180d9   CopyPingResultsToReport
20020b81   Crc_AddCrc
20020b65   Crc_Init
20020b51   Crc_NewCrc
2002eca8   DMAMsgQ
2001fc71   DeInitPWMModules
2001b35d   DmaSpiSwIntHandler
2001f5a9   Eeprom_Init
20020ee5   Eeprom_Read
2001f59d   Eeprom_ReadBlock
2001f4e9   Eeprom_Save
2001f593   Eeprom_Write
2001f57b   Eeprom_WriteBlock
2001fb23   Error
2002efb8   FirmwareCanAccessFileSystemSemaphore
2001e191   FlashDisable
2001e1c7   FlashErase
2001e201   FlashEraseNonBlocking
2001e43d   FlashIntClear
2001e40d   FlashIntDisable
2001e3f9   FlashIntEnable
2001e3d5   FlashIntRegister
2001e421   FlashIntStatus
2001e3e9   FlashIntUnregister
2001e21f   FlashMassErase
2001e24b   FlashMassEraseNonBlocking
2001e25b   FlashProgram
2001e2dd   FlashProgramNonBlocking
2001e35f   FlashProtectGet
2001e127   GPIODMATriggerDisable
2001e0cf   GPIODMATriggerEnable
2001dedb   GPIODirModeGet
2001dea5   GPIODirModeSet
2001e04b   GPIOIntClear
2001e00f   GPIOIntDisable
2001dff5   GPIOIntEnable
2001e05f   GPIOIntRegister
2001e029   GPIOIntStatus
2001df8f   GPIOIntTypeGet
2001df0d   GPIOIntTypeSet
2001e07d   GPIOIntUnregister
2001e097   GPIOPinRead
2001e0af   GPIOPinWrite
2001f2b3   GPIO_IF_ConfigureNIntEnable
2001f0e7   GPIO_IF_Get
2001f265   GPIO_IF_GetPortNPin
2001f283   GPIO_IF_LedConfigure
2001f1c5   GPIO_IF_LedOff
2001f141   GPIO_IF_LedOn
2001f0ff   GPIO_IF_LedStatus
2001f249   GPIO_IF_LedToggle
2001f0d1   GPIO_IF_Set
2001fac1   GetCmd
2001b8e9   GetStartResponseConvert
2001b709   HostIntHanlder
2001faa3   InitTerm
2001dca9   IntDisable
2001dc0f   IntEnable
2001daf9   IntMasterDisable
2001daef   IntMasterEnable
2001ddd1   IntPendClear
2001dd43   IntPendSet
2001dbeb   IntPriorityGet
2001db63   IntPriorityGroupingGet
2001db49   IntPriorityGroupingSet
2001de35   IntPriorityMaskGet
2001de29   IntPriorityMaskSet
2001db9b   IntPrioritySet
2001db13   IntRegister
2001db2f   IntUnregister
2001db03   IntVTableBaseSet
2001b1d1   Ledstrip_DoFade
2001b1ad   Ledstrip_FadeOffLeds
2001b131   Ledstrip_Init
2001b0db   Ledstrip_SetColorDirect
2001af39   Ledstrip_SetFade
2001abc1   Ledstrip_SetGradient
2001ab8d   Ledstrip_UpdateLed
2001fa49   Message
20016c51   Network_IF_AddNewProfile
20016b33   Network_IF_DeInitDriver
20016b51   Network_IF_InitDriver
20016671   Network_IF_ReadDeviceConfigurationPin
2002efbc   NewDataAvailableSemaphore
2001b74f   NwpMaskInterrupt
2001b815   NwpPowerOff
2001b7e5   NwpPowerOn
2001b775   NwpPowerOnPreamble
2001b71d   NwpRegisterInterruptHandler
2001b75d   NwpUnMaskInterrupt
2001a2d9   PRCMCC3200MCUInit
20019d11   PRCMDeepSleepEnter
20019edb   PRCMHibernateEnter
20019e15   PRCMHibernateIntervalSet
20019e89   PRCMHibernateWakeUpGPIOSelect
20019df9   PRCMHibernateWakeupCauseGet
20019dd3   PRCMHibernateWakeupSourceDisable
20019dad   PRCMHibernateWakeupSourceEnable
20019bf7   PRCMI2SClockFreqSet
2001a01d   PRCMIntDisable
20019fe9   PRCMIntEnable
20019fc1   PRCMIntRegister
2001a041   PRCMIntStatus
20019fd5   PRCMIntUnregister
20019c5f   PRCMLPDSEnter
20019ccb   PRCMLPDSIntervalSet
20019c47   PRCMLPDSRestoreInfoSet
20019ced   PRCMLPDSWakeUpGPIOSelect
20019cc5   PRCMLPDSWakeupCauseGet
20019cb1   PRCMLPDSWakeupSourceDisable
20019c8f   PRCMLPDSWakeupSourceEnable
20019a71   PRCMMCUReset
20019fa7   PRCMOCRRegisterRead
20019f8d   PRCMOCRRegisterWrite
20019ae1   PRCMPeripheralClkDisable
20019ab5   PRCMPeripheralClkEnable
20019b01   PRCMPeripheralClockGet
20019b7f   PRCMPeripheralReset
20019bcd   PRCMPeripheralStatusGet
2001a109   PRCMRTCGet
2001a059   PRCMRTCInUseGet
2001a047   PRCMRTCInUseSet
2001a23d   PRCMRTCMatchGet
2001a1a1   PRCMRTCMatchSet
2001a079   PRCMRTCSet
20019a65   PRCMSOCReset
20019d79   PRCMSRAMRetentionDisable
20019d41   PRCMSRAMRetentionEnable
20019d09   PRCMSleepEnter
20019eeb   PRCMSlowClkCtrGet
20019f4d   PRCMSlowClkCtrMatchGet
20019f25   PRCMSlowClkCtrMatchSet
20019a91   PRCMSysResetCauseGet
2001ea65   PinConfigGet
2001eaa3   PinConfigSet
2001ea3b   PinDirModeGet
2001ea07   PinDirModeSet
2001e9dd   PinModeGet
2001e9a5   PinModeSet
20020907   PinMuxConfig
2001ebed   PinTypeADC
2001eba3   PinTypeCamera
2001ebbd   PinTypeGPIO
2001eb39   PinTypeI2C
2001eb6f   PinTypeI2S
2001ec01   PinTypeSDHost
2001eb55   PinTypeSPI
2001eb89   PinTypeTimer
2001eb1f   PinTypeUART
2002efd8   PwmMessageQ
2002efd4   PwmTaskHandle
2001fc37   Pwm_Task
2001fbcb   Pwm_TaskInit
2001fa61   Report
20020ecb   ResetISR
200206d1   RingBuf_Get
200206cb   RingBuf_HasError
200206bb   RingBuf_Init
2002069d   RingBuf_IsEmpty
20020669   RingBuf_Put
UNDEFED    SHT$$INIT_ARRAY$$Base
UNDEFED    SHT$$INIT_ARRAY$$Limit
200179e9   SL_FD_CLR
20017a0d   SL_FD_ISSET
200179cb   SL_FD_SET
20017a31   SL_FD_ZERO
2001aad5   SPICSDisable
2001aabd   SPICSEnable
2001a74d   SPIConfigSetExpClk
2001a81b   SPIDataGet
2001a7f1   SPIDataGetNonBlocking
2001a863   SPIDataPut
2001a83b   SPIDataPutNonBlocking
2001a6df   SPIDisable
2001a711   SPIDmaDisable
2001a6f7   SPIDmaEnable
2001a6c7   SPIEnable
2001a89b   SPIFIFODisable
2001a881   SPIFIFOEnable
2001a8e9   SPIFIFOLevelGet
2001a8b5   SPIFIFOLevelSet
2001aa7f   SPIIntClear
2001a9c7   SPIIntDisable
2001a983   SPIIntEnable
2001a945   SPIIntRegister
2001aa11   SPIIntStatus
2001a969   SPIIntUnregister
2001a72b   SPIReset
2001aaed   SPITransfer
2001a91d   SPIWordCountSet
20020f1f   SPI_Init
20020f1d   SPI_Send
20020f1b   SPI_SendLedBuffer
2001edf9   ScriptCtrl_Add
2001edeb   ScriptCtrl_CheckAndDecrementWaitValue
2001ec65   ScriptCtrl_Clear
2001eddd   ScriptCtrl_DecrementWaitValue
2001edad   ScriptCtrl_Init
2001ec99   ScriptCtrl_Run
2001ec29   ScriptCtrl_Write
2001b37b   SetupDMAReceive
2001b3f5   SetupDMASend
2001fb8f   SetupTimerPWMMode
20016665   SimpleLinkGeneralEventHandler
20016545   SimpleLinkHttpServerCallback
200161ef   SimpleLinkNetAppEventHandler
200161bd   SimpleLinkSockEventHandler
2001607d   SimpleLinkWlanEventHandler
2002efec   TcpServerTaskHandle
2001c9d5   TcpServer_Task
2001c867   TcpServer_TaskInit
2001c84d   TcpServer_TaskQuit
20020ef1   TcpServer_TaskRun
2001d3f5   TimerConfigure
2001d465   TimerControlEvent
2001d42f   TimerControlLevel
2001d491   TimerControlStall
2001d739   TimerDMAEventGet
2001d727   TimerDMAEventSet
2001d3d7   TimerDisable
2001d3b9   TimerEnable
2001d715   TimerIntClear
2001d6d9   TimerIntDisable
2001d6c1   TimerIntEnable
2001d5fb   TimerIntRegister
2001d6f1   TimerIntStatus
2001d665   TimerIntUnregister
2001d57d   TimerLoadGet
2001d553   TimerLoadSet
2001d5df   TimerMatchGet
2001d5b5   TimerMatchSet
2001d4f1   TimerPrescaleGet
2001d537   TimerPrescaleMatchGet
2001d50d   TimerPrescaleMatchSet
2001d4c7   TimerPrescaleSet
2001d599   TimerValueGet
2001c5e9   UARTBreakCtl
2001c613   UARTBusy
2001c591   UARTCharGet
2001c575   UARTCharGetNonBlocking
2001c5cb   UARTCharPut
2001c5a7   UARTCharPutNonBlocking
2001c53b   UARTCharsAvail
2001c3ad   UARTConfigGetExpClk
2001c337   UARTConfigSetExpClk
2001c6db   UARTDMADisable
2001c6c3   UARTDMAEnable
2001c41d   UARTDisable
2001c3f9   UARTEnable
2001c45d   UARTFIFODisable
2001c447   UARTFIFOEnable
2001c30f   UARTFIFOLevelGet
2001c2f7   UARTFIFOLevelSet
2001c4fb   UARTFlowControlGet
2001c4df   UARTFlowControlSet
2001c6b1   UARTIntClear
2001c67b   UARTIntDisable
2001c663   UARTIntEnable
2001c62b   UARTIntRegister
2001c693   UARTIntStatus
2001c649   UARTIntUnregister
2001c497   UARTModemControlClear
2001c4bb   UARTModemControlGet
2001c473   UARTModemControlSet
2001c4cd   UARTModemStatusGet
2001c2e5   UARTParityModeGet
2001c2c9   UARTParityModeSet
2001c709   UARTRxErrorClear
2001c6f3   UARTRxErrorGet
2001c553   UARTSpaceAvail
2001c529   UARTTxIntModeGet
2001c50d   UARTTxIntModeSet
2002eff0   UdpServerTaskHandle
2001c7bb   UdpServer_Task
2001c733   UdpServer_TaskInit
2001c719   UdpServer_TaskQuit
20020efd   UdpServer_TaskRun
2001fb85   UpdateDutyCycle
20020f09   UtilsDelay
2001d9a3   VDeleteSimpleLinkSpawnTask
2001d96b   VStartSimpleLinkSpawnTask
20020f0f   Version_Print
2002effc   WlanSupportProvisioningDataAddedSemaphore
2002f000   WlanSupportTaskHandle
20020235   WlanSupport_Task
2002022d   WlanSupport_TaskInit
2002efc4   WyLightFirmwareTaskHandle
2002058d   WyLightFirmware_Task
20020563   WyLightFirmware_TaskInit
2002efc0   WyLightGetCommandsTaskHandle
2002053d   WyLightGetCommands_Task
20020ebd   _Dclass
20020cc1   _Dtest
2001cbb9   _GetCreateFsMode
2002142c   _SlAcceptCmdCtrl
200213e0   _SlActionLookupTable
20013109   _SlAsyncEventGenericHandler
20021584   _SlDeviceGetCmdCtrl
20021588   _SlDeviceSetCmdCtrl
20013a6d   _SlDrvBasicCmd
20013767   _SlDrvClassifyRxMsg
2001258b   _SlDrvCmdOp
200125ff   _SlDrvCmdSend
20012645   _SlDrvDataReadOp
20012805   _SlDrvDataWriteOp
2001bd9d   _SlDrvDeviceEventHandler
200124bf   _SlDrvDriverCBDeinit
20012401   _SlDrvDriverCBInit
200209a3   _SlDrvFlowContDeinit
20020971   _SlDrvFlowContInit
20012b55   _SlDrvMsgRead
200135b3   _SlDrvMsgReadCmdCtx
20013699   _SlDrvMsgReadSpawnCtx
20012995   _SlDrvMsgWrite
20018475   _SlDrvNetAppEventHandler
20013f2b   _SlDrvObjDeInit
20013eaf   _SlDrvObjInit
20013cb5   _SlDrvReleasePoolObj
200138b1   _SlDrvRxHdrRead
2001254b   _SlDrvRxIrqHandler
20013869   _SlDrvShiftDWord
20013ad1   _SlDrvWaitForPoolObj
20021580   _SlEventMaskGetCmdCtrl
2002157c   _SlEventMaskSetCmdCtrl
20014005   _SlFindAndSetActiveObj
20021450   _SlFsCloseCmdCtrl
20021460   _SlFsDeleteCmdCtrl
2002145c   _SlFsGetInfoCmdCtrl
2002144c   _SlFsOpenCmdCtrl
20021454   _SlFsReadCmdCtrl
20021458   _SlFsWriteCmdCtrl
20021508   _SlGetHostByNameCtrl
20021504   _SlGetHostByServiceCtrl
200214fc   _SlGetServiceListeCtrl
20021438   _SlGetSockOptCmdCtrl
20021428   _SlListenCmdCtrl
20021514   _SlNetAppGetCmdCtrl
20021510   _SlNetAppSendTokenValueCmdCtrl
2002150c   _SlNetAppSetCmdCtrl
200214f4   _SlNetAppStartCtrl
200214f8   _SlNetAppStopCtrl
200215c4   _SlNetCfgGetCmdCtrl
200215c0   _SlNetCfgSetCmdCtrl
200213a8   _SlPolicyGetCmdCtrl
200213a4   _SlPolicySetCmdCtrl
200213b0   _SlProfileDelCmdCtrl
200213ac   _SlProfileGetCmdCtrl
20021430   _SlRecvCmdCtrl
20021420   _SlRecvfomCmdCtrl
20021500   _SlRegisterServiceCtrl
20013f4b   _SlRemoveFromList
200213b8   _SlRxFilterAddtCmdCtrl
200213c0   _SlRxFilterGetCmdCtrl
200213bc   _SlRxFilterSetCmdCtrl
2002143c   _SlSelectCmdCtrl
20021424   _SlSendCmdCtrl
20021434   _SlSetSockOptCmdCtrl
200213c4   _SlSmartConfigStartCmdCtrl
2002141c   _SlSockCloseCmdCtrl
20021418   _SlSockSocketCmdCtrl
20021578   _SlStopCmdCtrl
200213d0   _SlWlanCfgGetCmdCtrl
200213cc   _SlWlanCfgSetCmdCtrl
200213b4   _SlWlanGetNetworkListCtrl
200213c8   _SlWlanSetModeCmdCtrl
2003ffff   __STACK_END
0000ffff   __STACK_SIZE
00008000   __SYSMEM_SIZE
20021670   __TI_CINIT_Base
20021680   __TI_CINIT_Limit
20021658   __TI_Handler_Table_Base
20021664   __TI_Handler_Table_Limit
00000001   __TI_args_main
200205d5   __TI_auto_init
2002efe4   __TI_cleanup_ptr
20020eaf   __TI_decompress_none
20020f15   __TI_decompress_rle24
2002efe8   __TI_dtors_ptr
20015d73   __TI_printfi
200215c8   __TI_static_base__
20020e9d   __TI_zero_init
20020781   __aeabi_cdcmpeq
20020781   __aeabi_cdcmple
20020807   __aeabi_cdrcmple
20020bf1   __aeabi_d2iz
2001f89b   __aeabi_dadd
2001fcbd   __aeabi_ddiv
20020131   __aeabi_dmul
2001f891   __aeabi_dsub
20020da1   __aeabi_i2d
20020df1   __aeabi_llsr
20020e5d   __aeabi_lmul
2002088d   __aeabi_memclr
2002088d   __aeabi_memclr4
2002088d   __aeabi_memclr8
2002049f   __aeabi_memcpy
2002049f   __aeabi_memcpy4
2002049f   __aeabi_memcpy8
2002088f   __aeabi_memset
2002088f   __aeabi_memset4
2002088f   __aeabi_memset8
2001f2f5   __aeabi_uldivmod
ffffffff   __binit__
ffffffff   __c_args__
20030000   __stack
20020e45   _args_main
20020d3d   _c_int00
20020f2c   _ctypes_
2002efdc   _lock
20020e83   _nop
20020e7b   _register_lock
20020e75   _register_unlock
20016dc5   _sl_BuildAddress
20017671   _sl_HandleAsync_Accept
20017341   _sl_HandleAsync_Connect
20017eeb   _sl_HandleAsync_DnsGetHostByAddr
20018025   _sl_HandleAsync_DnsGetHostByName
20017e21   _sl_HandleAsync_DnsGetHostByService
2001ba29   _sl_HandleAsync_InitComplete
20018115   _sl_HandleAsync_PingResponse
20017a49   _sl_HandleAsync_Select
2001bac9   _sl_HandleAsync_Stop
20016ebd   _sl_ParseAddress
20016e13   _sl_TruncatePayloadByProtocol
20025000   _sys_memory
2002efe0   _unlock
20020c81   abort
20020ba5   atoi
ffffffff   binit
2001d381   calloc
2001b863   cc_SetupTransfer
2001b845   cc_UDMAChannelSelect
20020c39   copy_in
20014411   eTaskGetState
20020c89   exit
2001d0d1   free
2002e510   gLedBuf
2002ec90   gScriptBuf
2002e938   g_CmdBuf
20021594   g_H2NCnysPattern
2002158c   g_H2NSyncPattern
2002dd0c   g_ResponseBuf
2002d500   g_RingBuf
2002d906   g_RingBuf_Tx
2002efac   g_SpiFd
2002e7c0   g_StatMem
2002ebcc   g_WifiStatusInformation
2002ed00   g_cDummy
2002efb4   g_len
2002eff4   g_pCB
2002efa8   g_pHostIntHdl
20012000   g_pfnVectors
2002efb0   g_ucDMAEnabled
2002eb2c   g_ucDinDout
2002ed14   g_ucLED1Pin
2002ed15   g_ucLED2Pin
2002ed16   g_ucLED3Pin
2002ef88   g_uiLED1Port
2002ef8c   g_uiLED2Port
2002ef90   g_uiLED3Port
20020af5   ltoa
2002ec9e   mFade
2001eee7   main
2002f014   main_func_sp
2001d069   malloc
2001da5b   mem_Free
2001da4f   mem_Malloc
2001da81   mem_copy
2001da67   mem_set
2001d29d   memalign
20020e0f   memccpy
20020dcf   memcmp
2002049f   memcpy
20020895   memset
2001cfdd   minit
2002eac8   nextCmd
2001dad7   osi_ContextRestore
2001dad5   osi_ContextSave
2001da95   osi_EnterCritical
2001da9f   osi_ExitCritical
2001d77b   osi_InterruptDeRegister
2001d755   osi_InterruptRegister
2001d853   osi_LockObjCreate
2001d8bf   osi_LockObjDelete
2001d8cf   osi_LockObjLock
2001d8f1   osi_LockObjUnlock
2001d9b7   osi_MsgQCreate
2001d9e9   osi_MsgQDelete
2001da1f   osi_MsgQRead
2001d9f9   osi_MsgQWrite
2001dab1   osi_Sleep
2001d907   osi_Spawn
2001d83b   osi_SyncObjClear
2001d78d   osi_SyncObjCreate
2001d7cd   osi_SyncObjDelete
2001d7dd   osi_SyncObjSignal
2001d7f3   osi_SyncObjSignalFromISR
2001d819   osi_SyncObjWait
2001d86f   osi_TaskCreate
2001d8b1   osi_TaskDelete
2001dac1   osi_TaskDisable
2001dacb   osi_TaskEnable
2001daa9   osi_start
2002eff8   pPingCallBackFunc
2001490b   pcTaskGetTaskName
20020499   portCLZ
20020481   prvPortStartFirstTask
20020d05   pvPortMalloc
2002ef40   pxCurrentTCB
2001ff25   pxPortInitialiseStack
2001d191   realloc
20017515   sl_Accept
20016f87   sl_Bind
20016f63   sl_Close
20017215   sl_Connect
2001bca1   sl_DevGet
2001bd3b   sl_DevSet
2001bc71   sl_EventMaskGet
2001bc3b   sl_EventMaskSet
2001ccbd   sl_FsClose
2001cf85   sl_FsDel
2001cf09   sl_FsGetInfo
2001cc4d   sl_FsOpen
2001cd35   sl_FsRead
2001ce21   sl_FsWrite
200177c9   sl_GetSockOpt
200174d9   sl_Listen
20017ef9   sl_NetAppDnsGetHostByName
20017d05   sl_NetAppDnsGetHostByService
200183e9   sl_NetAppGet
20017b11   sl_NetAppGetServiceList
20017c8b   sl_NetAppMDNSRegisterService
20017bdb   sl_NetAppMDNSRegisterUnregisterService
20017cc7   sl_NetAppMDNSUnRegisterService
200181c5   sl_NetAppPingStart
20018389   sl_NetAppSendTokenValue
20018321   sl_NetAppSet
20017ad1   sl_NetAppStart
20017af1   sl_NetAppStop
20020093   sl_NetCfgGet
20020031   sl_NetCfgSet
200176f9   sl_Recv
20017109   sl_RecvFrom
2001785d   sl_Select
200173e1   sl_Send
20017005   sl_SendTo
20017765   sl_SetSockOpt
20016f17   sl_Socket
2001b93f   sl_Start
2001bb3b   sl_Stop
2001cb89   sl_Strlen
2001900d   sl_WlanConnect
2001922f   sl_WlanDisconnect
200199b1   sl_WlanGet
2001969d   sl_WlanGetNetworkList
2001929d   sl_WlanPolicyGet
2001923b   sl_WlanPolicySet
2001933d   sl_WlanProfileAdd
20019673   sl_WlanProfileDel
20019599   sl_WlanProfileGet
20019705   sl_WlanRxFilterAdd
200197bf   sl_WlanRxFilterGet
2001976f   sl_WlanRxFilterSet
20019849   sl_WlanRxStatGet
20019831   sl_WlanRxStatStart
2001983d   sl_WlanRxStatStop
20019941   sl_WlanSet
20019915   sl_WlanSetMode
2001988d   sl_WlanSmartConfigStart
2001987b   sl_WlanSmartConfigStop
2001b569   spi_Close
2001b46f   spi_Open
2001b5d9   spi_Read
2001b281   spi_Read_CPU
2001b6a1   spi_Write
2001b2ef   spi_Write_CPU
200209d9   sprintf
20020e2b   strcat
20020e89   strlen
20020d71   strncpy
2001c231   uDMAChannelAssign
2001bee1   uDMAChannelAttributeDisable
2001be8d   uDMAChannelAttributeEnable
2001bf35   uDMAChannelAttributeGet
2001bfa5   uDMAChannelControlSet
2001be1f   uDMAChannelDisable
2001be07   uDMAChannelEnable
2001be37   uDMAChannelIsEnabled
2001c1a9   uDMAChannelModeGet
2001be75   uDMAChannelRequest
2001c0d9   uDMAChannelScatterGatherSet
2001c161   uDMAChannelSizeGet
2001bfe1   uDMAChannelTransferSet
2001be6f   uDMAControlAlternateBaseGet
2001be69   uDMAControlBaseGet
2001be59   uDMAControlBaseSet
2001bdf1   uDMADisable
2001bde9   uDMAEnable
2001bdff   uDMAErrorStatusClear
2001bdf9   uDMAErrorStatusGet
2001c21d   uDMAIntClear
2001c1ef   uDMAIntRegister
2001c217   uDMAIntStatus
2001c205   uDMAIntUnregister
20018c65   ucQueueGetQueueNumber
20018c8d   ucQueueGetQueueType
200203e9   ulPortSetInterruptMask
200214cb   userGetToken
2001fedd   uxListRemove
20018c1f   uxQueueMessagesWaiting
20018c35   uxQueueMessagesWaitingFromISR
20014905   uxTaskGetNumberOfTasks
20014d11   uxTaskGetTaskNumber
20014491   uxTaskPriorityGet
2001eea3   vApplicationIdleHook
2001eea1   vApplicationMallocFailedHook
2001ee9f   vApplicationStackOverflowHook
2001ee9d   vAssertCalled
2001fdf3   vListInitialise
2001fe23   vListInitialiseItem
2001fe77   vListInsert
2001fe33   vListInsertEnd
200203ff   vPortClearInterruptMask
2001ff95   vPortEndScheduler
2001ffa9   vPortEnterCritical
2001ffc1   vPortExitCritical
20020d25   vPortFree
20020459   vPortSVCHandler
20020003   vPortSetupTimerInterrupt
2001ff97   vPortYield
20018e8f   vQueueAddToRegistry
20018c47   vQueueDelete
20018c75   vQueueSetQueueNumber
200143bf   vTaskDelay
20014325   vTaskDelayUntil
2001429b   vTaskDelete
200147e7   vTaskEndScheduler
20014a11   vTaskIncrementTick
20014935   vTaskList
20014d01   vTaskMissedYield
20014b8d   vTaskPlaceOnEventList
20015115   vTaskPriorityDisinherit
20015055   vTaskPriorityInherit
200144cd   vTaskPrioritySet
200146b5   vTaskResume
20014d31   vTaskSetTaskNumber
20014c65   vTaskSetTimeOutState
200147a1   vTaskStartScheduler
200145cd   vTaskSuspend
200147fd   vTaskSuspendAll
20014b05   vTaskSwitchContext
200206f9   vsnprintf
20020f21   wy_FsClose
2001e6eb   wy_FsDel
2001e673   wy_FsFormat
2001e647   wy_FsOpen
2001e51b   wy_FsPrintFileList
20020f25   wy_FsRead
20020f29   wy_FsWrite
2002f008   xHigherPriorityTaskWoken
2002040d   xPortPendSVHandler
2001ff6d   xPortStartScheduler
2001ffe1   xPortSysTickHandler
20018f1f   xQueueAddToSet
200188d5   xQueueAltGenericReceive
2001882b   xQueueAltGenericSend
20018707   xQueueCreateCountingSemaphore
20018689   xQueueCreateMutex
20018f0b   xQueueCreateSet
20018615   xQueueGenericCreate
20018a67   xQueueGenericReceive
20018585   xQueueGenericReset
20018727   xQueueGenericSend
200189d1   xQueueGenericSendFromISR
20018e2b   xQueueIsQueueEmptyFromISR
20018e6d   xQueueIsQueueFullFromISR
20018ba7   xQueueReceiveFromISR
2002eb7c   xQueueRegistry
20018f47   xQueueRemoveFromSet
20018f89   xQueueSelectFromSet
20018fa3   xQueueSelectFromSetFromISR
2002ed0c   xSimpleLinkSpawnQueue
2002ed10   xSimpleLinkSpawnTaskHndl
20014c89   xTaskCheckForTimeOut
2001417d   xTaskGenericCreate
20014ff7   xTaskGetCurrentTaskHandle
200149ed   xTaskGetIdleTaskHandle
20015007   xTaskGetSchedulerState
200148cf   xTaskGetTickCount
200148ed   xTaskGetTickCountFromISR
20014661   xTaskIsTaskSuspended
20014bed   xTaskRemoveFromEventList
2001480d   xTaskResumeAll
20014725   xTaskResumeFromISR


GLOBAL SYMBOLS: SORTED BY Symbol Address 

address    name
--------   ----
00000001   __TI_args_main
00008000   __SYSMEM_SIZE
0000ffff   __STACK_SIZE
20012000   g_pfnVectors
20012401   _SlDrvDriverCBInit
200124bf   _SlDrvDriverCBDeinit
2001254b   _SlDrvRxIrqHandler
2001258b   _SlDrvCmdOp
200125ff   _SlDrvCmdSend
20012645   _SlDrvDataReadOp
20012805   _SlDrvDataWriteOp
20012995   _SlDrvMsgWrite
20012b55   _SlDrvMsgRead
20013109   _SlAsyncEventGenericHandler
200135b3   _SlDrvMsgReadCmdCtx
20013699   _SlDrvMsgReadSpawnCtx
20013767   _SlDrvClassifyRxMsg
20013869   _SlDrvShiftDWord
200138b1   _SlDrvRxHdrRead
20013a6d   _SlDrvBasicCmd
20013ad1   _SlDrvWaitForPoolObj
20013cb5   _SlDrvReleasePoolObj
20013eaf   _SlDrvObjInit
20013f2b   _SlDrvObjDeInit
20013f4b   _SlRemoveFromList
20014005   _SlFindAndSetActiveObj
2001417d   xTaskGenericCreate
2001429b   vTaskDelete
20014325   vTaskDelayUntil
200143bf   vTaskDelay
20014411   eTaskGetState
20014491   uxTaskPriorityGet
200144cd   vTaskPrioritySet
200145cd   vTaskSuspend
20014661   xTaskIsTaskSuspended
200146b5   vTaskResume
20014725   xTaskResumeFromISR
200147a1   vTaskStartScheduler
200147e7   vTaskEndScheduler
200147fd   vTaskSuspendAll
2001480d   xTaskResumeAll
200148cf   xTaskGetTickCount
200148ed   xTaskGetTickCountFromISR
20014905   uxTaskGetNumberOfTasks
2001490b   pcTaskGetTaskName
20014935   vTaskList
200149ed   xTaskGetIdleTaskHandle
20014a11   vTaskIncrementTick
20014b05   vTaskSwitchContext
20014b8d   vTaskPlaceOnEventList
20014bed   xTaskRemoveFromEventList
20014c65   vTaskSetTimeOutState
20014c89   xTaskCheckForTimeOut
20014d01   vTaskMissedYield
20014d11   uxTaskGetTaskNumber
20014d31   vTaskSetTaskNumber
20014ff7   xTaskGetCurrentTaskHandle
20015007   xTaskGetSchedulerState
20015055   vTaskPriorityInherit
20015115   vTaskPriorityDisinherit
20015d73   __TI_printfi
2001607d   SimpleLinkWlanEventHandler
200161bd   SimpleLinkSockEventHandler
200161ef   SimpleLinkNetAppEventHandler
20016545   SimpleLinkHttpServerCallback
20016665   SimpleLinkGeneralEventHandler
20016671   Network_IF_ReadDeviceConfigurationPin
20016b33   Network_IF_DeInitDriver
20016b51   Network_IF_InitDriver
20016c51   Network_IF_AddNewProfile
20016dc5   _sl_BuildAddress
20016e13   _sl_TruncatePayloadByProtocol
20016ebd   _sl_ParseAddress
20016f17   sl_Socket
20016f63   sl_Close
20016f87   sl_Bind
20017005   sl_SendTo
20017109   sl_RecvFrom
20017215   sl_Connect
20017341   _sl_HandleAsync_Connect
200173e1   sl_Send
200174d9   sl_Listen
20017515   sl_Accept
20017671   _sl_HandleAsync_Accept
200176f9   sl_Recv
20017765   sl_SetSockOpt
200177c9   sl_GetSockOpt
2001785d   sl_Select
200179cb   SL_FD_SET
200179e9   SL_FD_CLR
20017a0d   SL_FD_ISSET
20017a31   SL_FD_ZERO
20017a49   _sl_HandleAsync_Select
20017ad1   sl_NetAppStart
20017af1   sl_NetAppStop
20017b11   sl_NetAppGetServiceList
20017bdb   sl_NetAppMDNSRegisterUnregisterService
20017c8b   sl_NetAppMDNSRegisterService
20017cc7   sl_NetAppMDNSUnRegisterService
20017d05   sl_NetAppDnsGetHostByService
20017e21   _sl_HandleAsync_DnsGetHostByService
20017eeb   _sl_HandleAsync_DnsGetHostByAddr
20017ef9   sl_NetAppDnsGetHostByName
20018025   _sl_HandleAsync_DnsGetHostByName
200180d9   CopyPingResultsToReport
20018115   _sl_HandleAsync_PingResponse
200181c5   sl_NetAppPingStart
20018321   sl_NetAppSet
20018389   sl_NetAppSendTokenValue
200183e9   sl_NetAppGet
20018475   _SlDrvNetAppEventHandler
20018585   xQueueGenericReset
20018615   xQueueGenericCreate
20018689   xQueueCreateMutex
20018707   xQueueCreateCountingSemaphore
20018727   xQueueGenericSend
2001882b   xQueueAltGenericSend
200188d5   xQueueAltGenericReceive
200189d1   xQueueGenericSendFromISR
20018a67   xQueueGenericReceive
20018ba7   xQueueReceiveFromISR
20018c1f   uxQueueMessagesWaiting
20018c35   uxQueueMessagesWaitingFromISR
20018c47   vQueueDelete
20018c65   ucQueueGetQueueNumber
20018c75   vQueueSetQueueNumber
20018c8d   ucQueueGetQueueType
20018e2b   xQueueIsQueueEmptyFromISR
20018e6d   xQueueIsQueueFullFromISR
20018e8f   vQueueAddToRegistry
20018f0b   xQueueCreateSet
20018f1f   xQueueAddToSet
20018f47   xQueueRemoveFromSet
20018f89   xQueueSelectFromSet
20018fa3   xQueueSelectFromSetFromISR
2001900d   sl_WlanConnect
2001922f   sl_WlanDisconnect
2001923b   sl_WlanPolicySet
2001929d   sl_WlanPolicyGet
2001933d   sl_WlanProfileAdd
20019599   sl_WlanProfileGet
20019673   sl_WlanProfileDel
2001969d   sl_WlanGetNetworkList
20019705   sl_WlanRxFilterAdd
2001976f   sl_WlanRxFilterSet
200197bf   sl_WlanRxFilterGet
20019831   sl_WlanRxStatStart
2001983d   sl_WlanRxStatStop
20019849   sl_WlanRxStatGet
2001987b   sl_WlanSmartConfigStop
2001988d   sl_WlanSmartConfigStart
20019915   sl_WlanSetMode
20019941   sl_WlanSet
200199b1   sl_WlanGet
20019a65   PRCMSOCReset
20019a71   PRCMMCUReset
20019a91   PRCMSysResetCauseGet
20019ab5   PRCMPeripheralClkEnable
20019ae1   PRCMPeripheralClkDisable
20019b01   PRCMPeripheralClockGet
20019b7f   PRCMPeripheralReset
20019bcd   PRCMPeripheralStatusGet
20019bf7   PRCMI2SClockFreqSet
20019c47   PRCMLPDSRestoreInfoSet
20019c5f   PRCMLPDSEnter
20019c8f   PRCMLPDSWakeupSourceEnable
20019cb1   PRCMLPDSWakeupSourceDisable
20019cc5   PRCMLPDSWakeupCauseGet
20019ccb   PRCMLPDSIntervalSet
20019ced   PRCMLPDSWakeUpGPIOSelect
20019d09   PRCMSleepEnter
20019d11   PRCMDeepSleepEnter
20019d41   PRCMSRAMRetentionEnable
20019d79   PRCMSRAMRetentionDisable
20019dad   PRCMHibernateWakeupSourceEnable
20019dd3   PRCMHibernateWakeupSourceDisable
20019df9   PRCMHibernateWakeupCauseGet
20019e15   PRCMHibernateIntervalSet
20019e89   PRCMHibernateWakeUpGPIOSelect
20019edb   PRCMHibernateEnter
20019eeb   PRCMSlowClkCtrGet
20019f25   PRCMSlowClkCtrMatchSet
20019f4d   PRCMSlowClkCtrMatchGet
20019f8d   PRCMOCRRegisterWrite
20019fa7   PRCMOCRRegisterRead
20019fc1   PRCMIntRegister
20019fd5   PRCMIntUnregister
20019fe9   PRCMIntEnable
2001a01d   PRCMIntDisable
2001a041   PRCMIntStatus
2001a047   PRCMRTCInUseSet
2001a059   PRCMRTCInUseGet
2001a079   PRCMRTCSet
2001a109   PRCMRTCGet
2001a1a1   PRCMRTCMatchSet
2001a23d   PRCMRTCMatchGet
2001a2d9   PRCMCC3200MCUInit
2001a6c7   SPIEnable
2001a6df   SPIDisable
2001a6f7   SPIDmaEnable
2001a711   SPIDmaDisable
2001a72b   SPIReset
2001a74d   SPIConfigSetExpClk
2001a7f1   SPIDataGetNonBlocking
2001a81b   SPIDataGet
2001a83b   SPIDataPutNonBlocking
2001a863   SPIDataPut
2001a881   SPIFIFOEnable
2001a89b   SPIFIFODisable
2001a8b5   SPIFIFOLevelSet
2001a8e9   SPIFIFOLevelGet
2001a91d   SPIWordCountSet
2001a945   SPIIntRegister
2001a969   SPIIntUnregister
2001a983   SPIIntEnable
2001a9c7   SPIIntDisable
2001aa11   SPIIntStatus
2001aa7f   SPIIntClear
2001aabd   SPICSEnable
2001aad5   SPICSDisable
2001aaed   SPITransfer
2001ab8d   Ledstrip_UpdateLed
2001abc1   Ledstrip_SetGradient
2001af39   Ledstrip_SetFade
2001b0db   Ledstrip_SetColorDirect
2001b131   Ledstrip_Init
2001b1ad   Ledstrip_FadeOffLeds
2001b1d1   Ledstrip_DoFade
2001b281   spi_Read_CPU
2001b2ef   spi_Write_CPU
2001b35d   DmaSpiSwIntHandler
2001b37b   SetupDMAReceive
2001b3f5   SetupDMASend
2001b46f   spi_Open
2001b569   spi_Close
2001b5d9   spi_Read
2001b6a1   spi_Write
2001b709   HostIntHanlder
2001b71d   NwpRegisterInterruptHandler
2001b74f   NwpMaskInterrupt
2001b75d   NwpUnMaskInterrupt
2001b775   NwpPowerOnPreamble
2001b7e5   NwpPowerOn
2001b815   NwpPowerOff
2001b845   cc_UDMAChannelSelect
2001b863   cc_SetupTransfer
2001b8e9   GetStartResponseConvert
2001b93f   sl_Start
2001ba29   _sl_HandleAsync_InitComplete
2001bac9   _sl_HandleAsync_Stop
2001bb3b   sl_Stop
2001bc3b   sl_EventMaskSet
2001bc71   sl_EventMaskGet
2001bca1   sl_DevGet
2001bd3b   sl_DevSet
2001bd9d   _SlDrvDeviceEventHandler
2001bde9   uDMAEnable
2001bdf1   uDMADisable
2001bdf9   uDMAErrorStatusGet
2001bdff   uDMAErrorStatusClear
2001be07   uDMAChannelEnable
2001be1f   uDMAChannelDisable
2001be37   uDMAChannelIsEnabled
2001be59   uDMAControlBaseSet
2001be69   uDMAControlBaseGet
2001be6f   uDMAControlAlternateBaseGet
2001be75   uDMAChannelRequest
2001be8d   uDMAChannelAttributeEnable
2001bee1   uDMAChannelAttributeDisable
2001bf35   uDMAChannelAttributeGet
2001bfa5   uDMAChannelControlSet
2001bfe1   uDMAChannelTransferSet
2001c0d9   uDMAChannelScatterGatherSet
2001c161   uDMAChannelSizeGet
2001c1a9   uDMAChannelModeGet
2001c1ef   uDMAIntRegister
2001c205   uDMAIntUnregister
2001c217   uDMAIntStatus
2001c21d   uDMAIntClear
2001c231   uDMAChannelAssign
2001c2c9   UARTParityModeSet
2001c2e5   UARTParityModeGet
2001c2f7   UARTFIFOLevelSet
2001c30f   UARTFIFOLevelGet
2001c337   UARTConfigSetExpClk
2001c3ad   UARTConfigGetExpClk
2001c3f9   UARTEnable
2001c41d   UARTDisable
2001c447   UARTFIFOEnable
2001c45d   UARTFIFODisable
2001c473   UARTModemControlSet
2001c497   UARTModemControlClear
2001c4bb   UARTModemControlGet
2001c4cd   UARTModemStatusGet
2001c4df   UARTFlowControlSet
2001c4fb   UARTFlowControlGet
2001c50d   UARTTxIntModeSet
2001c529   UARTTxIntModeGet
2001c53b   UARTCharsAvail
2001c553   UARTSpaceAvail
2001c575   UARTCharGetNonBlocking
2001c591   UARTCharGet
2001c5a7   UARTCharPutNonBlocking
2001c5cb   UARTCharPut
2001c5e9   UARTBreakCtl
2001c613   UARTBusy
2001c62b   UARTIntRegister
2001c649   UARTIntUnregister
2001c663   UARTIntEnable
2001c67b   UARTIntDisable
2001c693   UARTIntStatus
2001c6b1   UARTIntClear
2001c6c3   UARTDMAEnable
2001c6db   UARTDMADisable
2001c6f3   UARTRxErrorGet
2001c709   UARTRxErrorClear
2001c719   UdpServer_TaskQuit
2001c733   UdpServer_TaskInit
2001c7bb   UdpServer_Task
2001c84d   TcpServer_TaskQuit
2001c867   TcpServer_TaskInit
2001c9d5   TcpServer_Task
2001cb89   sl_Strlen
2001cbb9   _GetCreateFsMode
2001cc4d   sl_FsOpen
2001ccbd   sl_FsClose
2001cd35   sl_FsRead
2001ce21   sl_FsWrite
2001cf09   sl_FsGetInfo
2001cf85   sl_FsDel
2001cfdd   minit
2001d069   malloc
2001d0d1   free
2001d191   realloc
2001d29d   memalign
2001d381   calloc
2001d3b9   TimerEnable
2001d3d7   TimerDisable
2001d3f5   TimerConfigure
2001d42f   TimerControlLevel
2001d465   TimerControlEvent
2001d491   TimerControlStall
2001d4c7   TimerPrescaleSet
2001d4f1   TimerPrescaleGet
2001d50d   TimerPrescaleMatchSet
2001d537   TimerPrescaleMatchGet
2001d553   TimerLoadSet
2001d57d   TimerLoadGet
2001d599   TimerValueGet
2001d5b5   TimerMatchSet
2001d5df   TimerMatchGet
2001d5fb   TimerIntRegister
2001d665   TimerIntUnregister
2001d6c1   TimerIntEnable
2001d6d9   TimerIntDisable
2001d6f1   TimerIntStatus
2001d715   TimerIntClear
2001d727   TimerDMAEventSet
2001d739   TimerDMAEventGet
2001d755   osi_InterruptRegister
2001d77b   osi_InterruptDeRegister
2001d78d   osi_SyncObjCreate
2001d7cd   osi_SyncObjDelete
2001d7dd   osi_SyncObjSignal
2001d7f3   osi_SyncObjSignalFromISR
2001d819   osi_SyncObjWait
2001d83b   osi_SyncObjClear
2001d853   osi_LockObjCreate
2001d86f   osi_TaskCreate
2001d8b1   osi_TaskDelete
2001d8bf   osi_LockObjDelete
2001d8cf   osi_LockObjLock
2001d8f1   osi_LockObjUnlock
2001d907   osi_Spawn
2001d96b   VStartSimpleLinkSpawnTask
2001d9a3   VDeleteSimpleLinkSpawnTask
2001d9b7   osi_MsgQCreate
2001d9e9   osi_MsgQDelete
2001d9f9   osi_MsgQWrite
2001da1f   osi_MsgQRead
2001da4f   mem_Malloc
2001da5b   mem_Free
2001da67   mem_set
2001da81   mem_copy
2001da95   osi_EnterCritical
2001da9f   osi_ExitCritical
2001daa9   osi_start
2001dab1   osi_Sleep
2001dac1   osi_TaskDisable
2001dacb   osi_TaskEnable
2001dad5   osi_ContextSave
2001dad7   osi_ContextRestore
2001daef   IntMasterEnable
2001daf9   IntMasterDisable
2001db03   IntVTableBaseSet
2001db13   IntRegister
2001db2f   IntUnregister
2001db49   IntPriorityGroupingSet
2001db63   IntPriorityGroupingGet
2001db9b   IntPrioritySet
2001dbeb   IntPriorityGet
2001dc0f   IntEnable
2001dca9   IntDisable
2001dd43   IntPendSet
2001ddd1   IntPendClear
2001de29   IntPriorityMaskSet
2001de35   IntPriorityMaskGet
2001dea5   GPIODirModeSet
2001dedb   GPIODirModeGet
2001df0d   GPIOIntTypeSet
2001df8f   GPIOIntTypeGet
2001dff5   GPIOIntEnable
2001e00f   GPIOIntDisable
2001e029   GPIOIntStatus
2001e04b   GPIOIntClear
2001e05f   GPIOIntRegister
2001e07d   GPIOIntUnregister
2001e097   GPIOPinRead
2001e0af   GPIOPinWrite
2001e0cf   GPIODMATriggerEnable
2001e127   GPIODMATriggerDisable
2001e191   FlashDisable
2001e1c7   FlashErase
2001e201   FlashEraseNonBlocking
2001e21f   FlashMassErase
2001e24b   FlashMassEraseNonBlocking
2001e25b   FlashProgram
2001e2dd   FlashProgramNonBlocking
2001e35f   FlashProtectGet
2001e3d5   FlashIntRegister
2001e3e9   FlashIntUnregister
2001e3f9   FlashIntEnable
2001e40d   FlashIntDisable
2001e421   FlashIntStatus
2001e43d   FlashIntClear
2001e51b   wy_FsPrintFileList
2001e647   wy_FsOpen
2001e673   wy_FsFormat
2001e6eb   wy_FsDel
2001e745   CommandIO_SendResponse
2001e7ef   CommandIO_Init
2001e807   CommandIO_CreateResponse
2001e83d   CommandIO_Error
2001e899   CommandIO_GetCommands
2001e9a5   PinModeSet
2001e9dd   PinModeGet
2001ea07   PinDirModeSet
2001ea3b   PinDirModeGet
2001ea65   PinConfigGet
2001eaa3   PinConfigSet
2001eb1f   PinTypeUART
2001eb39   PinTypeI2C
2001eb55   PinTypeSPI
2001eb6f   PinTypeI2S
2001eb89   PinTypeTimer
2001eba3   PinTypeCamera
2001ebbd   PinTypeGPIO
2001ebed   PinTypeADC
2001ec01   PinTypeSDHost
2001ec29   ScriptCtrl_Write
2001ec65   ScriptCtrl_Clear
2001ec99   ScriptCtrl_Run
2001edad   ScriptCtrl_Init
2001eddd   ScriptCtrl_DecrementWaitValue
2001edeb   ScriptCtrl_CheckAndDecrementWaitValue
2001edf9   ScriptCtrl_Add
2001ee9d   vAssertCalled
2001ee9f   vApplicationStackOverflowHook
2001eea1   vApplicationMallocFailedHook
2001eea3   vApplicationIdleHook
2001eee7   main
2001f0d1   GPIO_IF_Set
2001f0e7   GPIO_IF_Get
2001f0ff   GPIO_IF_LedStatus
2001f141   GPIO_IF_LedOn
2001f1c5   GPIO_IF_LedOff
2001f249   GPIO_IF_LedToggle
2001f265   GPIO_IF_GetPortNPin
2001f283   GPIO_IF_LedConfigure
2001f2b3   GPIO_IF_ConfigureNIntEnable
2001f2f5   __aeabi_uldivmod
2001f4e9   Eeprom_Save
2001f57b   Eeprom_WriteBlock
2001f593   Eeprom_Write
2001f59d   Eeprom_ReadBlock
2001f5a9   Eeprom_Init
2001f6d9   Broadcast_TaskQuit
2001f6e9   Broadcast_TaskInit
2001f773   Broadcast_Task
2001f891   __aeabi_dsub
2001f89b   __aeabi_dadd
2001fa49   Message
2001fa61   Report
2001faa3   InitTerm
2001fac1   GetCmd
2001fb23   Error
2001fb57   ClearTerm
2001fb85   UpdateDutyCycle
2001fb8f   SetupTimerPWMMode
2001fbcb   Pwm_TaskInit
2001fc37   Pwm_Task
2001fc71   DeInitPWMModules
2001fcbd   __aeabi_ddiv
2001fdf3   vListInitialise
2001fe23   vListInitialiseItem
2001fe33   vListInsertEnd
2001fe77   vListInsert
2001fedd   uxListRemove
2001ff25   pxPortInitialiseStack
2001ff6d   xPortStartScheduler
2001ff95   vPortEndScheduler
2001ff97   vPortYield
2001ffa9   vPortEnterCritical
2001ffc1   vPortExitCritical
2001ffe1   xPortSysTickHandler
20020003   vPortSetupTimerInterrupt
20020031   sl_NetCfgSet
20020093   sl_NetCfgGet
20020131   __aeabi_dmul
2002022d   WlanSupport_TaskInit
20020235   WlanSupport_Task
20020329   CRCConfigSet
2002033d   CRCSeedSet
20020351   CRCDataWrite
20020363   CRCResultRead
20020371   CRCDataProcess
200203e9   ulPortSetInterruptMask
200203ff   vPortClearInterruptMask
2002040d   xPortPendSVHandler
20020459   vPortSVCHandler
20020481   prvPortStartFirstTask
20020499   portCLZ
2002049f   __aeabi_memcpy
2002049f   __aeabi_memcpy4
2002049f   __aeabi_memcpy8
2002049f   memcpy
2002053d   WyLightGetCommands_Task
20020563   WyLightFirmware_TaskInit
2002058d   WyLightFirmware_Task
200205d5   __TI_auto_init
20020669   RingBuf_Put
2002069d   RingBuf_IsEmpty
200206bb   RingBuf_Init
200206cb   RingBuf_HasError
200206d1   RingBuf_Get
200206f9   vsnprintf
20020781   __aeabi_cdcmpeq
20020781   __aeabi_cdcmple
20020807   __aeabi_cdrcmple
2002088d   __aeabi_memclr
2002088d   __aeabi_memclr4
2002088d   __aeabi_memclr8
2002088f   __aeabi_memset
2002088f   __aeabi_memset4
2002088f   __aeabi_memset8
20020895   memset
20020907   PinMuxConfig
20020971   _SlDrvFlowContInit
200209a3   _SlDrvFlowContDeinit
200209d9   sprintf
20020a39   CPUcpsid
20020a4d   CPUprimask
20020a57   CPUcpsie
20020a6b   CPUwfi
20020a77   CPUbasepriSet
20020a8d   CPUbasepriGet
20020af5   ltoa
20020b51   Crc_NewCrc
20020b65   Crc_Init
20020b81   Crc_AddCrc
20020ba5   atoi
20020bf1   __aeabi_d2iz
20020c39   copy_in
20020c7d   C$$EXIT
20020c81   abort
20020c89   exit
20020cc1   _Dtest
20020d05   pvPortMalloc
20020d25   vPortFree
20020d3d   _c_int00
20020d71   strncpy
20020da1   __aeabi_i2d
20020dcf   memcmp
20020df1   __aeabi_llsr
20020e0f   memccpy
20020e2b   strcat
20020e45   _args_main
20020e5d   __aeabi_lmul
20020e75   _register_unlock
20020e7b   _register_lock
20020e83   _nop
20020e89   strlen
20020e9d   __TI_zero_init
20020eaf   __TI_decompress_none
20020ebd   _Dclass
20020ecb   ResetISR
20020ed9   Broadcast_TaskRun
20020ee5   Eeprom_Read
20020ef1   TcpServer_TaskRun
20020efd   UdpServer_TaskRun
20020f09   UtilsDelay
20020f0f   Version_Print
20020f15   __TI_decompress_rle24
20020f1b   SPI_SendLedBuffer
20020f1d   SPI_Send
20020f1f   SPI_Init
20020f21   wy_FsClose
20020f25   wy_FsRead
20020f29   wy_FsWrite
20020f2c   _ctypes_
200213a4   _SlPolicySetCmdCtrl
200213a8   _SlPolicyGetCmdCtrl
200213ac   _SlProfileGetCmdCtrl
200213b0   _SlProfileDelCmdCtrl
200213b4   _SlWlanGetNetworkListCtrl
200213b8   _SlRxFilterAddtCmdCtrl
200213bc   _SlRxFilterSetCmdCtrl
200213c0   _SlRxFilterGetCmdCtrl
200213c4   _SlSmartConfigStartCmdCtrl
200213c8   _SlWlanSetModeCmdCtrl
200213cc   _SlWlanCfgSetCmdCtrl
200213d0   _SlWlanCfgGetCmdCtrl
200213e0   _SlActionLookupTable
20021418   _SlSockSocketCmdCtrl
2002141c   _SlSockCloseCmdCtrl
20021420   _SlRecvfomCmdCtrl
20021424   _SlSendCmdCtrl
20021428   _SlListenCmdCtrl
2002142c   _SlAcceptCmdCtrl
20021430   _SlRecvCmdCtrl
20021434   _SlSetSockOptCmdCtrl
20021438   _SlGetSockOptCmdCtrl
2002143c   _SlSelectCmdCtrl
2002144c   _SlFsOpenCmdCtrl
20021450   _SlFsCloseCmdCtrl
20021454   _SlFsReadCmdCtrl
20021458   _SlFsWriteCmdCtrl
2002145c   _SlFsGetInfoCmdCtrl
20021460   _SlFsDeleteCmdCtrl
200214cb   userGetToken
200214f4   _SlNetAppStartCtrl
200214f8   _SlNetAppStopCtrl
200214fc   _SlGetServiceListeCtrl
20021500   _SlRegisterServiceCtrl
20021504   _SlGetHostByServiceCtrl
20021508   _SlGetHostByNameCtrl
2002150c   _SlNetAppSetCmdCtrl
20021510   _SlNetAppSendTokenValueCmdCtrl
20021514   _SlNetAppGetCmdCtrl
20021578   _SlStopCmdCtrl
2002157c   _SlEventMaskSetCmdCtrl
20021580   _SlEventMaskGetCmdCtrl
20021584   _SlDeviceGetCmdCtrl
20021588   _SlDeviceSetCmdCtrl
2002158c   g_H2NSyncPattern
20021594   g_H2NCnysPattern
200215c0   _SlNetCfgSetCmdCtrl
200215c4   _SlNetCfgGetCmdCtrl
200215c8   __TI_static_base__
20021658   __TI_Handler_Table_Base
20021664   __TI_Handler_Table_Limit
20021670   __TI_CINIT_Base
20021680   __TI_CINIT_Limit
20025000   _sys_memory
2002d500   g_RingBuf
2002d906   g_RingBuf_Tx
2002dd0c   g_ResponseBuf
2002e510   gLedBuf
2002e7c0   g_StatMem
2002e938   g_CmdBuf
2002eac8   nextCmd
2002eb2c   g_ucDinDout
2002eb7c   xQueueRegistry
2002ebcc   g_WifiStatusInformation
2002ec90   gScriptBuf
2002ec9e   mFade
2002eca8   DMAMsgQ
2002ed00   g_cDummy
2002ed0c   xSimpleLinkSpawnQueue
2002ed10   xSimpleLinkSpawnTaskHndl
2002ed14   g_ucLED1Pin
2002ed15   g_ucLED2Pin
2002ed16   g_ucLED3Pin
2002ef40   pxCurrentTCB
2002ef88   g_uiLED1Port
2002ef8c   g_uiLED2Port
2002ef90   g_uiLED3Port
2002efa8   g_pHostIntHdl
2002efac   g_SpiFd
2002efb0   g_ucDMAEnabled
2002efb4   g_len
2002efb8   FirmwareCanAccessFileSystemSemaphore
2002efbc   NewDataAvailableSemaphore
2002efc0   WyLightGetCommandsTaskHandle
2002efc4   WyLightFirmwareTaskHandle
2002efd4   PwmTaskHandle
2002efd8   PwmMessageQ
2002efdc   _lock
2002efe0   _unlock
2002efe4   __TI_cleanup_ptr
2002efe8   __TI_dtors_ptr
2002efec   TcpServerTaskHandle
2002eff0   UdpServerTaskHandle
2002eff4   g_pCB
2002eff8   pPingCallBackFunc
2002effc   WlanSupportProvisioningDataAddedSemaphore
2002f000   WlanSupportTaskHandle
2002f004   BroadcastTaskHandle
2002f008   xHigherPriorityTaskWoken
2002f010   AccessLedBufferMutex
2002f014   main_func_sp
20030000   __stack
2003ffff   __STACK_END
ffffffff   __binit__
ffffffff   __c_args__
ffffffff   binit
UNDEFED    SHT$$INIT_ARRAY$$Base
UNDEFED    SHT$$INIT_ARRAY$$Limit

[718 symbols]
