Archive member included because of file (symbol)

/usr/local/gcc-arm-none-eabi-4_8-2014q3/bin/../lib/gcc/arm-none-eabi/4.8.4/../../../../arm-none-eabi/lib/armv7e-m/libc.a(lib_a-malloc.o)
                              obj/main.o (malloc)
/usr/local/gcc-arm-none-eabi-4_8-2014q3/bin/../lib/gcc/arm-none-eabi/4.8.4/../../../../arm-none-eabi/lib/armv7e-m/libc.a(lib_a-mallocr.o)
                              /usr/local/gcc-arm-none-eabi-4_8-2014q3/bin/../lib/gcc/arm-none-eabi/4.8.4/../../../../arm-none-eabi/lib/armv7e-m/libc.a(lib_a-malloc.o) (_malloc_r)
/usr/local/gcc-arm-none-eabi-4_8-2014q3/bin/../lib/gcc/arm-none-eabi/4.8.4/../../../../arm-none-eabi/lib/armv7e-m/libc.a(lib_a-memcmp.o)
                              obj/firmware_loader.o (memcmp)
/usr/local/gcc-arm-none-eabi-4_8-2014q3/bin/../lib/gcc/arm-none-eabi/4.8.4/../../../../arm-none-eabi/lib/armv7e-m/libc.a(lib_a-memcpy.o)
                              obj/firmware_loader.o (memcpy)
/usr/local/gcc-arm-none-eabi-4_8-2014q3/bin/../lib/gcc/arm-none-eabi/4.8.4/../../../../arm-none-eabi/lib/armv7e-m/libc.a(lib_a-memset.o)
                              obj/wy_fs.o (memset)
/usr/local/gcc-arm-none-eabi-4_8-2014q3/bin/../lib/gcc/arm-none-eabi/4.8.4/../../../../arm-none-eabi/lib/armv7e-m/libc.a(lib_a-mlock.o)
                              /usr/local/gcc-arm-none-eabi-4_8-2014q3/bin/../lib/gcc/arm-none-eabi/4.8.4/../../../../arm-none-eabi/lib/armv7e-m/libc.a(lib_a-mallocr.o) (__malloc_lock)
/usr/local/gcc-arm-none-eabi-4_8-2014q3/bin/../lib/gcc/arm-none-eabi/4.8.4/../../../../arm-none-eabi/lib/armv7e-m/libc.a(lib_a-sbrkr.o)
                              /usr/local/gcc-arm-none-eabi-4_8-2014q3/bin/../lib/gcc/arm-none-eabi/4.8.4/../../../../arm-none-eabi/lib/armv7e-m/libc.a(lib_a-mallocr.o) (_sbrk_r)
/usr/local/gcc-arm-none-eabi-4_8-2014q3/bin/../lib/gcc/arm-none-eabi/4.8.4/../../../../arm-none-eabi/lib/armv7e-m/libc.a(lib_a-strlen.o)
                              obj/wy_bl_network_if.o (strlen)
/usr/local/gcc-arm-none-eabi-4_8-2014q3/bin/../lib/gcc/arm-none-eabi/4.8.4/../../../../arm-none-eabi/lib/armv7e-m/libc.a(lib_a-vsnprintf.o)
                              obj/uart_if.o (vsnprintf)
/usr/local/gcc-arm-none-eabi-4_8-2014q3/bin/../lib/gcc/arm-none-eabi/4.8.4/../../../../arm-none-eabi/lib/armv7e-m/libc.a(lib_a-freer.o)
                              /usr/local/gcc-arm-none-eabi-4_8-2014q3/bin/../lib/gcc/arm-none-eabi/4.8.4/../../../../arm-none-eabi/lib/armv7e-m/libc.a(lib_a-malloc.o) (_free_r)
/usr/local/gcc-arm-none-eabi-4_8-2014q3/bin/../lib/gcc/arm-none-eabi/4.8.4/../../../../arm-none-eabi/lib/armv7e-m/libc.a(lib_a-impure.o)
                              /usr/local/gcc-arm-none-eabi-4_8-2014q3/bin/../lib/gcc/arm-none-eabi/4.8.4/../../../../arm-none-eabi/lib/armv7e-m/libc.a(lib_a-malloc.o) (_impure_ptr)
/usr/local/gcc-arm-none-eabi-4_8-2014q3/bin/../lib/gcc/arm-none-eabi/4.8.4/../../../../arm-none-eabi/lib/armv7e-m/libc.a(lib_a-reent.o)
                              /usr/local/gcc-arm-none-eabi-4_8-2014q3/bin/../lib/gcc/arm-none-eabi/4.8.4/../../../../arm-none-eabi/lib/armv7e-m/libc.a(lib_a-sbrkr.o) (errno)
/usr/local/gcc-arm-none-eabi-4_8-2014q3/bin/../lib/gcc/arm-none-eabi/4.8.4/../../../../arm-none-eabi/lib/armv7e-m/libc.a(lib_a-svfprintf.o)
                              /usr/local/gcc-arm-none-eabi-4_8-2014q3/bin/../lib/gcc/arm-none-eabi/4.8.4/../../../../arm-none-eabi/lib/armv7e-m/libc.a(lib_a-vsnprintf.o) (_svfprintf_r)
/usr/local/gcc-arm-none-eabi-4_8-2014q3/bin/../lib/gcc/arm-none-eabi/4.8.4/../../../../arm-none-eabi/lib/armv7e-m/libc.a(lib_a-dtoa.o)
                              /usr/local/gcc-arm-none-eabi-4_8-2014q3/bin/../lib/gcc/arm-none-eabi/4.8.4/../../../../arm-none-eabi/lib/armv7e-m/libc.a(lib_a-svfprintf.o) (_dtoa_r)
/usr/local/gcc-arm-none-eabi-4_8-2014q3/bin/../lib/gcc/arm-none-eabi/4.8.4/../../../../arm-none-eabi/lib/armv7e-m/libc.a(lib_a-locale.o)
                              /usr/local/gcc-arm-none-eabi-4_8-2014q3/bin/../lib/gcc/arm-none-eabi/4.8.4/../../../../arm-none-eabi/lib/armv7e-m/libc.a(lib_a-svfprintf.o) (_localeconv_r)
/usr/local/gcc-arm-none-eabi-4_8-2014q3/bin/../lib/gcc/arm-none-eabi/4.8.4/../../../../arm-none-eabi/lib/armv7e-m/libc.a(lib_a-memchr-stub.o)
                              /usr/local/gcc-arm-none-eabi-4_8-2014q3/bin/../lib/gcc/arm-none-eabi/4.8.4/../../../../arm-none-eabi/lib/armv7e-m/libc.a(lib_a-svfprintf.o) (memchr)
/usr/local/gcc-arm-none-eabi-4_8-2014q3/bin/../lib/gcc/arm-none-eabi/4.8.4/../../../../arm-none-eabi/lib/armv7e-m/libc.a(lib_a-mprec.o)
                              /usr/local/gcc-arm-none-eabi-4_8-2014q3/bin/../lib/gcc/arm-none-eabi/4.8.4/../../../../arm-none-eabi/lib/armv7e-m/libc.a(lib_a-dtoa.o) (_Balloc)
/usr/local/gcc-arm-none-eabi-4_8-2014q3/bin/../lib/gcc/arm-none-eabi/4.8.4/../../../../arm-none-eabi/lib/armv7e-m/libc.a(lib_a-s_fpclassify.o)
[...]
Memory Configuration

Name             Origin             Length             Attributes
SRAM             0x0000000020004000 0x000000000000dfff xrw
*default*        0x0000000000000000 0xffffffffffffffff

Linker script and memory map

                0x0000000000000100                HEAP_SIZE = 0x100
                0x0000000000002000                stack_size = 0x2000
                0x0000000020011fff                _stack_start = (ORIGIN (SRAM) + 0xdfff)
                0x000000002000ffff                _stack_end = (_stack_start - stack_size)

.text           0x0000000020004000     0x9f00
                0x0000000020004000                _text = .
 *(.intvecs)
 .intvecs       0x0000000020004000      0x400 obj/startup_gcc.o
                0x0000000020004000                g_pfnVectors
 CREATE_OBJECT_SYMBOLS
 *(.text .text.* .gnu.linkonce.t.*)
 .text._ZdlPv   0x0000000020004400        0x4 obj/main.o
                0x0000000020004400                operator delete(void*)
 .text._ZSt9make_heapIN9__gnu_cxx17__normal_iteratorIPiSt6vectorIiSaIiEEEEEvT_S7_
                0x0000000020004404       0x9e obj/main.o
                0x0000000020004404                void std::make_heap<__gnu_cxx::__normal_iterator<int*, std::vector<int, std::allocator<int> > > >(__gnu_cxx::__normal_iterator<int*, std::vector<int, std::allocator<int> > >, __gnu_cxx::__normal_iterator<int*, std::vector<int, std::allocator<int> > >)
 *fill*         0x00000000200044a2        0x2 
 .text.startup.main
                0x00000000200044a4      0x158 obj/main.o
                0x00000000200044a4                main
 .text._ZN9TestClassD2Ev
                0x00000000200045fc        0xc obj/TestClass.o
                0x00000000200045fc                TestClass::~TestClass()
                0x00000000200045fc                TestClass::~TestClass()
 .text._ZN9TestClassD0Ev
                0x0000000020004608       0x14 obj/TestClass.o
                0x0000000020004608                TestClass::~TestClass()
 .text._ZN9TestClassC2Ev
                0x000000002000461c       0x10 obj/TestClass.o
                0x000000002000461c                TestClass::TestClass()
                0x000000002000461c                TestClass::TestClass()
 .text.PinMuxConfig
                0x000000002000462c       0x6c obj/pinmux.o
                0x000000002000462c                PinMuxConfig
 .text.SHAMD5IntHandler
                0x0000000020004698       0x54 obj/firmware_loader.o
                0x0000000020004698                SHAMD5IntHandler
 .text.VerifySRAM
                0x00000000200046ec       0xa8 obj/firmware_loader.o
 .text.SaveSRAMContent
                0x0000000020004794      0x180 obj/firmware_loader.o
                0x0000000020004794                SaveSRAMContent
 .text.StartFirmware
                0x0000000020004914       0x18 obj/firmware_loader.o
                0x0000000020004914                StartFirmware
 .text.EmplaceFirmware
                0x000000002000492c       0x74 obj/firmware_loader.o
                0x000000002000492c                EmplaceFirmware
 .text.TcpServer_Accept
                0x00000000200049a0       0x38 obj/tcp_server.o
                0x00000000200049a0                TcpServer_Accept
 .text.TcpServer
                0x00000000200049d8      0x180 obj/tcp_server.o
                0x00000000200049d8                TcpServer
 .text.wifi_status_disconnected
                0x0000000020004b58       0x10 obj/wy_bl_network_if.o
                0x0000000020004b58                wifi_status_disconnected
 .text.SimpleLinkWlanEventHandler
                0x0000000020004b68       0x58 obj/wy_bl_network_if.o
                0x0000000020004b68                SimpleLinkWlanEventHandler
 .text.SimpleLinkNetAppEventHandler
                0x0000000020004bc0       0x64 obj/wy_bl_network_if.o
                0x0000000020004bc0                SimpleLinkNetAppEventHandler
 .text.SimpleLinkSockEventHandler
                0x0000000020004c24       0x4c obj/wy_bl_network_if.o
                0x0000000020004c24                SimpleLinkSockEventHandler
 .text.SimpleLinkHttpServerCallback
                0x0000000020004c70       0x10 obj/wy_bl_network_if.o
                0x0000000020004c70                SimpleLinkHttpServerCallback
 .text.Network_IF_StartSimpleLinkAsAP
                0x0000000020004c80       0x5c obj/wy_bl_network_if.o
                0x0000000020004c80                Network_IF_StartSimpleLinkAsAP
 .text.Network_IF_InitDriver
                0x0000000020004cdc      0x270 obj/wy_bl_network_if.o
                0x0000000020004cdc                Network_IF_InitDriver
 .text.Network_IF_DeInitDriver
                0x0000000020004f4c       0x20 obj/wy_bl_network_if.o
                0x0000000020004f4c                Network_IF_DeInitDriver
 .text.openFileSystem
                0x0000000020004f6c       0x98 obj/wy_fs.o
 .text.closeFileSystem
                0x0000000020005004       0x5c obj/wy_fs.o
 .text.wy_FsOpen
                0x0000000020005060       0xf8 obj/wy_fs.o
                0x0000000020005060                wy_FsOpen
 .text.wy_FsClose
                0x0000000020005158        0x8 obj/wy_fs.o
                0x0000000020005158                wy_FsClose
 .text.wy_FsRead
                0x0000000020005160        0x8 obj/wy_fs.o
                0x0000000020005160                wy_FsRead
 .text.wy_FsWrite
                0x0000000020005168        0x8 obj/wy_fs.o
                0x0000000020005168                wy_FsWrite
 .text.wy_FsGetInfo
                0x0000000020005170        0x8 obj/wy_fs.o
                0x0000000020005170                wy_FsGetInfo
 .text.wy_FsDel
                0x0000000020005178       0x40 obj/wy_fs.o
                0x0000000020005178                wy_FsDel
 .text.wy_FsFormat
                0x00000000200051b8       0x60 obj/wy_fs.o
                0x00000000200051b8                wy_FsFormat
 .text.wy_FsPrintFileList
                0x0000000020005218       0x58 obj/wy_fs.o
                0x0000000020005218                wy_FsPrintFileList
 .text.ResetISR
                0x0000000020005270       0x64 obj/startup_gcc.o
                0x0000000020005270                ResetISR
 .text.NmiSR    0x00000000200052d4        0x4 obj/startup_gcc.o
 .text.FaultISR
                0x00000000200052d8        0x4 obj/startup_gcc.o
 .text.BusFaultHandler
                0x00000000200052dc        0x4 obj/startup_gcc.o
 .text.IntDefaultHandler
                0x00000000200052e0        0x4 obj/startup_gcc.o
 .text._sbrk    0x00000000200052e4       0x30 obj/startup_gcc.o
                0x00000000200052e4                _sbrk
 .text.InitTerm
                0x0000000020005314       0x1c obj/uart_if.o
                0x0000000020005314                InitTerm
 .text.Message  0x0000000020005330       0x20 obj/uart_if.o
                0x0000000020005330                Message
 .text.Report   0x0000000020005350       0x40 obj/uart_if.o
                0x0000000020005350                Report
 .text.GPIO_IF_LedConfigure
                0x0000000020005390       0x54 obj/gpio_if.o
                0x0000000020005390                GPIO_IF_LedConfigure
 .text.GPIO_IF_LedOn
                0x00000000200053e4       0x8c obj/gpio_if.o
                0x00000000200053e4                GPIO_IF_LedOn
 .text.GPIO_IF_LedOff
                0x0000000020005470       0x8c obj/gpio_if.o
                0x0000000020005470                GPIO_IF_LedOff
 .text.GPIO_IF_GetPortNPin
                0x00000000200054fc       0x24 obj/gpio_if.o
                0x00000000200054fc                GPIO_IF_GetPortNPin
 .text.GPIO_IF_Get
                0x0000000020005520       0x18 obj/gpio_if.o
                0x0000000020005520                GPIO_IF_Get
 .text.CPUcpsid
                0x0000000020005538       0x10 obj/cpu.o
                0x0000000020005538                CPUcpsid
 .text.CPUcpsie
                0x0000000020005548       0x10 obj/cpu.o
                0x0000000020005548                CPUcpsie
 .text.IntDefaultHandler
                0x0000000020005558        0x4 obj/interrupt.o
 .text.IntMasterEnable
                0x000000002000555c        0xc obj/interrupt.o
                0x000000002000555c                IntMasterEnable
 .text.IntMasterDisable
                0x0000000020005568        0xc obj/interrupt.o
                0x0000000020005568                IntMasterDisable
 .text.IntVTableBaseSet
                0x0000000020005574        0xc obj/interrupt.o
                0x0000000020005574                IntVTableBaseSet
 .text.IntRegister
                0x0000000020005580       0x10 obj/interrupt.o
                0x0000000020005580                IntRegister
 .text.IntUnregister
                0x0000000020005590       0x14 obj/interrupt.o
                0x0000000020005590                IntUnregister
 .text.IntPrioritySet
                0x00000000200055a4       0x2c obj/interrupt.o
                0x00000000200055a4                IntPrioritySet
 .text.IntEnable
                0x00000000200055d0       0x90 obj/interrupt.o
                0x00000000200055d0                IntEnable
 .text.IntDisable
                0x0000000020005660       0x90 obj/interrupt.o
                0x0000000020005660                IntDisable
 .text.IntPendClear
                0x00000000200056f0       0x44 obj/interrupt.o
                0x00000000200056f0                IntPendClear
 .text.PinModeSet
                0x0000000020005734       0x28 obj/pin.o
                0x0000000020005734                PinModeSet
 .text.PinConfigSet
                0x000000002000575c       0x64 obj/pin.o
                0x000000002000575c                PinConfigSet
 .text.PinTypeUART
                0x00000000200057c0       0x14 obj/pin.o
                0x00000000200057c0                PinTypeUART
 .text.PinTypeTimer
                0x00000000200057d4       0x14 obj/pin.o
                0x00000000200057d4                PinTypeTimer
 .text.PinTypeGPIO
                0x00000000200057e8       0x24 obj/pin.o
                0x00000000200057e8                PinTypeGPIO
 .text.PRCMSysResetCauseGet
                0x000000002000580c       0x24 obj/prcm.o
                0x000000002000580c                PRCMSysResetCauseGet
 .text.PRCMPeripheralClkEnable
                0x0000000020005830       0x28 obj/prcm.o
                0x0000000020005830                PRCMPeripheralClkEnable
 .text.PRCMPeripheralClkDisable
                0x0000000020005858       0x1c obj/prcm.o
                0x0000000020005858                PRCMPeripheralClkDisable
 .text.PRCMPeripheralClockGet
                0x0000000020005874       0x54 obj/prcm.o
                0x0000000020005874                PRCMPeripheralClockGet
 .text.PRCMPeripheralReset
                0x00000000200058c8       0x44 obj/prcm.o
                0x00000000200058c8                PRCMPeripheralReset
 .text.PRCMPeripheralStatusGet
                0x000000002000590c       0x1c obj/prcm.o
                0x000000002000590c                PRCMPeripheralStatusGet
 .text.PRCMCC3200MCUInit
                0x0000000020005928       0xf4 obj/prcm.o
                0x0000000020005928                PRCMCC3200MCUInit
 .text.UARTEnable
                0x0000000020005a1c       0x18 obj/uart.o
                0x0000000020005a1c                UARTEnable
 .text.UARTDisable
                0x0000000020005a34       0x20 obj/uart.o
                0x0000000020005a34                UARTDisable
 .text.UARTConfigSetExpClk
                0x0000000020005a54       0x48 obj/uart.o
                0x0000000020005a54                UARTConfigSetExpClk
 .text.UARTCharPut
                0x0000000020005a9c        0xc obj/uart.o
                0x0000000020005a9c                UARTCharPut
 .text.UtilsDelay
                0x0000000020005aa8        0x8 obj/utils.o
                0x0000000020005aa8                UtilsDelay
 .text.SHAMD5IntStatus
                0x0000000020005ab0       0x34 obj/shamd5.o
                0x0000000020005ab0                SHAMD5IntStatus
 .text.SHAMD5IntEnable
                0x0000000020005ae4       0x34 obj/shamd5.o
                0x0000000020005ae4                SHAMD5IntEnable
 .text.SHAMD5IntDisable
                0x0000000020005b18       0x38 obj/shamd5.o
                0x0000000020005b18                SHAMD5IntDisable
 .text.SHAMD5IntRegister
                0x0000000020005b50       0x10 obj/shamd5.o
                0x0000000020005b50                SHAMD5IntRegister
 .text.SHAMD5ConfigSet
                0x0000000020005b60        0x4 obj/shamd5.o
                0x0000000020005b60                SHAMD5ConfigSet
 .text.SHAMD5DataWrite
                0x0000000020005b64       0x2c obj/shamd5.o
                0x0000000020005b64                SHAMD5DataWrite
 .text.SHAMD5DataWriteMultiple
                0x0000000020005b90       0x8c obj/shamd5.o
 .text.SHAMD5ResultRead
                0x0000000020005c1c       0x40 obj/shamd5.o
                0x0000000020005c1c                SHAMD5ResultRead
 .text.SHAMD5DataProcess
                0x0000000020005c5c       0x30 obj/shamd5.o
                0x0000000020005c5c                SHAMD5DataProcess
 .text.uDMAChannelEnable
                0x0000000020005c8c       0x14 obj/udma.o
                0x0000000020005c8c                uDMAChannelEnable
 .text.uDMAChannelAttributeEnable
                0x0000000020005ca0       0x50 obj/udma.o
                0x0000000020005ca0                uDMAChannelAttributeEnable
 .text.uDMAChannelAttributeDisable
                0x0000000020005cf0       0x50 obj/udma.o
                0x0000000020005cf0                uDMAChannelAttributeDisable
 .text.uDMAChannelControlSet
                0x0000000020005d40       0x20 obj/udma.o
                0x0000000020005d40                uDMAChannelControlSet
 .text.uDMAChannelTransferSet
                0x0000000020005d60       0x88 obj/udma.o
                0x0000000020005d60                uDMAChannelTransferSet
 .text.uDMAChannelAssign
                0x0000000020005de8       0x30 obj/udma.o
                0x0000000020005de8                uDMAChannelAssign
 .text.SPIDmaMaskGet
                0x0000000020005e18       0x3c obj/spi.o
 .text.SPIEnable
                0x0000000020005e54       0x10 obj/spi.o
                0x0000000020005e54                SPIEnable
 .text.SPIDisable
                0x0000000020005e64       0x10 obj/spi.o
                0x0000000020005e64                SPIDisable
 .text.SPIDmaEnable
                0x0000000020005e74        0xc obj/spi.o
                0x0000000020005e74                SPIDmaEnable
 .text.SPIDmaDisable
                0x0000000020005e80        0xc obj/spi.o
                0x0000000020005e80                SPIDmaDisable
 .text.SPIReset
                0x0000000020005e8c       0x18 obj/spi.o
                0x0000000020005e8c                SPIReset
 .text.SPIConfigSetExpClk
                0x0000000020005ea4       0x5c obj/spi.o
                0x0000000020005ea4                SPIConfigSetExpClk
 .text.SPIFIFOEnable
                0x0000000020005f00        0xc obj/spi.o
                0x0000000020005f00                SPIFIFOEnable
 .text.SPIFIFODisable
                0x0000000020005f0c       0x10 obj/spi.o
                0x0000000020005f0c                SPIFIFODisable
 .text.SPIFIFOLevelSet
                0x0000000020005f1c       0x18 obj/spi.o
                0x0000000020005f1c                SPIFIFOLevelSet
 .text.SPIWordCountSet
                0x0000000020005f34       0x10 obj/spi.o
                0x0000000020005f34                SPIWordCountSet
 .text.SPIIntUnregister
                0x0000000020005f44       0x4c obj/spi.o
                0x0000000020005f44                SPIIntUnregister
 .text.SPIIntEnable
                0x0000000020005f90       0x40 obj/spi.o
                0x0000000020005f90                SPIIntEnable
 .text.SPIIntClear
                0x0000000020005fd0       0x38 obj/spi.o
                0x0000000020005fd0                SPIIntClear
 .text.SPICSEnable
                0x0000000020006008       0x10 obj/spi.o
                0x0000000020006008                SPICSEnable
 .text.SPICSDisable
                0x0000000020006018       0x10 obj/spi.o
                0x0000000020006018                SPICSDisable
 .text.GPIODirModeSet
                0x0000000020006028       0x18 obj/gpio.o
                0x0000000020006028                GPIODirModeSet
 .text.GPIOPinRead
                0x0000000020006040        0x8 obj/gpio.o
                0x0000000020006040                GPIOPinRead
 .text.GPIOPinWrite
                0x0000000020006048        0x8 obj/gpio.o
                0x0000000020006048                GPIOPinWrite
 .text._sl_BuildAddress
                0x0000000020006050       0x2c obj/socket.o
                0x0000000020006050                _sl_BuildAddress
 .text._sl_TruncatePayloadByProtocol
                0x000000002000607c       0x80 obj/socket.o
                0x000000002000607c                _sl_TruncatePayloadByProtocol
 .text.sl_Socket
                0x00000000200060fc       0x38 obj/socket.o
                0x00000000200060fc                sl_Socket
 .text.sl_Close
                0x0000000020006134       0x24 obj/socket.o
                0x0000000020006134                sl_Close
 .text.sl_Bind  0x0000000020006158       0x68 obj/socket.o
                0x0000000020006158                sl_Bind
 .text._sl_HandleAsync_Connect
                0x00000000200061c0       0x7c obj/socket.o
                0x00000000200061c0                _sl_HandleAsync_Connect
 .text.sl_Send  0x000000002000623c       0xb4 obj/socket.o
                0x000000002000623c                sl_Send
 .text.sl_Listen
                0x00000000200062f0       0x28 obj/socket.o
                0x00000000200062f0                sl_Listen
 .text.sl_Accept
                0x0000000020006318      0x118 obj/socket.o
                0x0000000020006318                sl_Accept
 .text._sl_HandleAsync_Accept
                0x0000000020006430       0x70 obj/socket.o
                0x0000000020006430                _sl_HandleAsync_Accept
 .text.sl_Recv  0x00000000200064a0       0x40 obj/socket.o
                0x00000000200064a0                sl_Recv
 .text.sl_SetSockOpt
                0x00000000200064e0       0x40 obj/socket.o
                0x00000000200064e0                sl_SetSockOpt
 .text._sl_HandleAsync_Select
                0x0000000020006520       0x64 obj/socket.o
                0x0000000020006520                _sl_HandleAsync_Select
 .text._SlNonOsSemSet
                0x0000000020006584        0x8 obj/nonos.o
                0x0000000020006584                _SlNonOsSemSet
 .text._SlNonOsSpawn
                0x000000002000658c       0x34 obj/nonos.o
                0x000000002000658c                _SlNonOsSpawn
 .text._SlNonOsMainLoopTask
                0x00000000200065c0       0x3c obj/nonos.o
                0x00000000200065c0                _SlNonOsMainLoopTask
 .text._SlNonOsSemGet
                0x00000000200065fc       0x40 obj/nonos.o
                0x00000000200065fc                _SlNonOsSemGet
 .text.sl_Strlen
                0x000000002000663c       0x20 obj/fs.o
                0x000000002000663c                sl_Strlen
 .text._GetCreateFsMode
                0x000000002000665c       0x6c obj/fs.o
                0x000000002000665c                _GetCreateFsMode
 .text.sl_FsOpen
                0x00000000200066c8       0x64 obj/fs.o
                0x00000000200066c8                sl_FsOpen
 .text.sl_FsClose
                0x000000002000672c       0x78 obj/fs.o
                0x000000002000672c                sl_FsClose
 .text.sl_FsRead
                0x00000000200067a4       0xa8 obj/fs.o
                0x00000000200067a4                sl_FsRead
 .text.sl_FsWrite
                0x000000002000684c       0xa8 obj/fs.o
                0x000000002000684c                sl_FsWrite
 .text.sl_FsGetInfo
                0x00000000200068f4       0x60 obj/fs.o
                0x00000000200068f4                sl_FsGetInfo
 .text.sl_FsDel
                0x0000000020006954       0x40 obj/fs.o
                0x0000000020006954                sl_FsDel
 .text.GetStartResponseConvert
                0x0000000020006994       0x48 obj/device.o
                0x0000000020006994                GetStartResponseConvert
 .text.sl_Start
                0x00000000200069dc       0xe0 obj/device.o
                0x00000000200069dc                sl_Start
 .text._sl_HandleAsync_InitComplete
                0x0000000020006abc       0x84 obj/device.o
                0x0000000020006abc                _sl_HandleAsync_InitComplete
 .text._sl_HandleAsync_Stop
                0x0000000020006b40       0x64 obj/device.o
                0x0000000020006b40                _sl_HandleAsync_Stop
 .text.sl_Stop  0x0000000020006ba4       0xd4 obj/device.o
                0x0000000020006ba4                sl_Stop
 .text.sl_DevGet
                0x0000000020006c78       0x6c obj/device.o
                0x0000000020006c78                sl_DevGet
 .text._SlDrvDeviceEventHandler
                0x0000000020006ce4       0x20 obj/device.o
                0x0000000020006ce4                _SlDrvDeviceEventHandler
 .text.sl_WlanDisconnect
                0x0000000020006d04        0xc obj/wlan.o
                0x0000000020006d04                sl_WlanDisconnect
 .text.sl_WlanPolicySet
                0x0000000020006d10       0x38 obj/wlan.o
                0x0000000020006d10                sl_WlanPolicySet
 .text.sl_WlanSetMode
                0x0000000020006d48       0x24 obj/wlan.o
                0x0000000020006d48                sl_WlanSetMode
 .text.sl_WlanSet
                0x0000000020006d6c       0x40 obj/wlan.o
                0x0000000020006d6c                sl_WlanSet
 .text._SlDrvRxIrqHandler
                0x0000000020006dac       0x40 obj/driver.o
                0x0000000020006dac                _SlDrvRxIrqHandler
 .text._SlDrvMsgWrite
                0x0000000020006dec       0xfc obj/driver.o
                0x0000000020006dec                _SlDrvMsgWrite
 .text._SlDrvCmdSend
                0x0000000020006ee8       0x24 obj/driver.o
                0x0000000020006ee8                _SlDrvCmdSend
 .text._SlDrvDataWriteOp
                0x0000000020006f0c      0x13c obj/driver.o
                0x0000000020006f0c                _SlDrvDataWriteOp
 .text._SlAsyncEventGenericHandler
                0x0000000020007048      0x3b0 obj/driver.o
                0x0000000020007048                _SlAsyncEventGenericHandler
 .text._SlDrvClassifyRxMsg
                0x00000000200073f8       0xb4 obj/driver.o
                0x00000000200073f8                _SlDrvClassifyRxMsg
 .text._SlDrvShiftDWord
                0x00000000200074ac       0x18 obj/driver.o
                0x00000000200074ac                _SlDrvShiftDWord
 .text._SlDrvRxHdrRead
                0x00000000200074c4      0x158 obj/driver.o
                0x00000000200074c4                _SlDrvRxHdrRead
 .text._SlDrvWaitForPoolObj
                0x000000002000761c      0x120 obj/driver.o
                0x000000002000761c                _SlDrvWaitForPoolObj
 .text._SlDrvObjInit
                0x000000002000773c       0x38 obj/driver.o
                0x000000002000773c                _SlDrvObjInit
 .text._SlDrvDriverCBInit
                0x0000000020007774       0x98 obj/driver.o
                0x0000000020007774                _SlDrvDriverCBInit
 .text._SlDrvObjDeInit
                0x000000002000780c       0x1c obj/driver.o
                0x000000002000780c                _SlDrvObjDeInit
 .text._SlDrvDriverCBDeinit
                0x0000000020007828       0x68 obj/driver.o
                0x0000000020007828                _SlDrvDriverCBDeinit
 .text._SlRemoveFromList
                0x0000000020007890       0x64 obj/driver.o
                0x0000000020007890                _SlRemoveFromList
 .text._SlDrvReleasePoolObj
                0x00000000200078f4      0x118 obj/driver.o
                0x00000000200078f4                _SlDrvReleasePoolObj
 .text._SlDrvDataReadOp
                0x0000000020007a0c      0x164 obj/driver.o
                0x0000000020007a0c                _SlDrvDataReadOp
 .text._SlFindAndSetActiveObj
                0x0000000020007b70       0xb8 obj/driver.o
                0x0000000020007b70                _SlFindAndSetActiveObj
 .text._SlDrvMsgRead
                0x0000000020007c28      0x3c4 obj/driver.o
                0x0000000020007c28                _SlDrvMsgRead
 .text._SlDrvMsgReadCmdCtx
                0x0000000020007fec       0xb8 obj/driver.o
                0x0000000020007fec                _SlDrvMsgReadCmdCtx
 .text._SlDrvCmdOp
                0x00000000200080a4       0x5c obj/driver.o
                0x00000000200080a4                _SlDrvCmdOp
 .text._SlDrvBasicCmd
                0x0000000020008100       0x30 obj/driver.o
                0x0000000020008100                _SlDrvBasicCmd
 .text._SlDrvMsgReadSpawnCtx
                0x0000000020008130       0x9c obj/driver.o
                0x0000000020008130                _SlDrvMsgReadSpawnCtx
 .text.HostIntHanlder
                0x00000000200081cc       0x14 obj/cc_pal.o
                0x00000000200081cc                HostIntHanlder
 .text.DmaSpiSwIntHandler
                0x00000000200081e0       0x24 obj/cc_pal.o
                0x00000000200081e0                DmaSpiSwIntHandler
 .text.spi_Read_CPU
                0x0000000020008204       0x58 obj/cc_pal.o
                0x0000000020008204                spi_Read_CPU
 .text.spi_Write_CPU
                0x000000002000825c       0x58 obj/cc_pal.o
                0x000000002000825c                spi_Write_CPU
 .text.spi_Close
                0x00000000200082b4       0x78 obj/cc_pal.o
                0x00000000200082b4                spi_Close
 .text.NwpRegisterInterruptHandler
                0x000000002000832c       0x4c obj/cc_pal.o
                0x000000002000832c                NwpRegisterInterruptHandler
 .text.NwpMaskInterrupt
                0x0000000020008378        0xc obj/cc_pal.o
                0x0000000020008378                NwpMaskInterrupt
 .text.NwpUnMaskInterrupt
                0x0000000020008384        0xc obj/cc_pal.o
                0x0000000020008384                NwpUnMaskInterrupt
 .text.NwpPowerOn
                0x0000000020008390       0x30 obj/cc_pal.o
                0x0000000020008390                NwpPowerOn
 .text.NwpPowerOff
                0x00000000200083c0       0x3c obj/cc_pal.o
                0x00000000200083c0                NwpPowerOff
 .text.NwpPowerOnPreamble
                0x00000000200083fc       0x78 obj/cc_pal.o
                0x00000000200083fc                NwpPowerOnPreamble
 .text.cc_UDMAChannelSelect
                0x0000000020008474       0x18 obj/cc_pal.o
                0x0000000020008474                cc_UDMAChannelSelect
 .text.spi_Open
                0x000000002000848c      0x104 obj/cc_pal.o
                0x000000002000848c                spi_Open
 .text.cc_SetupTransfer
                0x0000000020008590       0x44 obj/cc_pal.o
                0x0000000020008590                cc_SetupTransfer
 .text.SetupDMAReceive
                0x00000000200085d4       0x70 obj/cc_pal.o
                0x00000000200085d4                SetupDMAReceive
 .text.spi_Read
                0x0000000020008644       0xc0 obj/cc_pal.o
                0x0000000020008644                spi_Read
 .text.SetupDMASend
                0x0000000020008704       0x6c obj/cc_pal.o
                0x0000000020008704                SetupDMASend
 .text.spi_Write
                0x0000000020008770       0x64 obj/cc_pal.o
                0x0000000020008770                spi_Write
 .text._SlDrvFlowContInit
                0x00000000200087d4       0x30 obj/flowcont.o
                0x00000000200087d4                _SlDrvFlowContInit
 .text._SlDrvFlowContDeinit
                0x0000000020008804       0x2c obj/flowcont.o
                0x0000000020008804                _SlDrvFlowContDeinit
 .text._sl_HandleAsync_DnsGetHostByService
                0x0000000020008830       0x70 obj/netapp.o
                0x0000000020008830                _sl_HandleAsync_DnsGetHostByService
 .text._sl_HandleAsync_DnsGetHostByName
                0x00000000200088a0       0x78 obj/netapp.o
                0x00000000200088a0                _sl_HandleAsync_DnsGetHostByName
 .text.CopyPingResultsToReport
                0x0000000020008918       0x1c obj/netapp.o
                0x0000000020008918                CopyPingResultsToReport
 .text._sl_HandleAsync_PingResponse
                0x0000000020008934       0x88 obj/netapp.o
                0x0000000020008934                _sl_HandleAsync_PingResponse
 .text.sl_NetAppSendTokenValue
                0x00000000200089bc       0x50 obj/netapp.o
                0x00000000200089bc                sl_NetAppSendTokenValue
 .text._SlDrvNetAppEventHandler
                0x0000000020008a0c       0xd0 obj/netapp.o
                0x0000000020008a0c                _SlDrvNetAppEventHandler
 .text.malloc   0x0000000020008adc       0x10 /usr/local/gcc-arm-none-eabi-4_8-2014q3/bin/../lib/gcc/arm-none-eabi/4.8.4/../../../../arm-none-eabi/lib/armv7e-m/libc.a(lib_a-malloc.o)
                0x0000000020008adc                malloc
 .text.free     0x0000000020008aec       0x10 /usr/local/gcc-arm-none-eabi-4_8-2014q3/bin/../lib/gcc/arm-none-eabi/4.8.4/../../../../arm-none-eabi/lib/armv7e-m/libc.a(lib_a-malloc.o)
                0x0000000020008aec                free
 .text._malloc_r
                0x0000000020008afc      0x538 /usr/local/gcc-arm-none-eabi-4_8-2014q3/bin/../lib/gcc/arm-none-eabi/4.8.4/../../../../arm-none-eabi/lib/armv7e-m/libc.a(lib_a-mallocr.o)
                0x0000000020008afc                _malloc_r
 .text.memcmp   0x0000000020009034       0x68 /usr/local/gcc-arm-none-eabi-4_8-2014q3/bin/../lib/gcc/arm-none-eabi/4.8.4/../../../../arm-none-eabi/lib/armv7e-m/libc.a(lib_a-memcmp.o)
                0x0000000020009034                memcmp
 .text          0x000000002000909c      0x134 /usr/local/gcc-arm-none-eabi-4_8-2014q3/bin/../lib/gcc/arm-none-eabi/4.8.4/../../../../arm-none-eabi/lib/armv7e-m/libc.a(lib_a-memcpy.o)
                0x000000002000909c                memcpy
 .text.memset   0x00000000200091d0       0x94 /usr/local/gcc-arm-none-eabi-4_8-2014q3/bin/../lib/gcc/arm-none-eabi/4.8.4/../../../../arm-none-eabi/lib/armv7e-m/libc.a(lib_a-memset.o)
                0x00000000200091d0                memset
 .text.__malloc_lock
                0x0000000020009264        0x4 /usr/local/gcc-arm-none-eabi-4_8-2014q3/bin/../lib/gcc/arm-none-eabi/4.8.4/../../../../arm-none-eabi/lib/armv7e-m/libc.a(lib_a-mlock.o)
                0x0000000020009264                __malloc_lock
 .text.__malloc_unlock
                0x0000000020009268        0x4 /usr/local/gcc-arm-none-eabi-4_8-2014q3/bin/../lib/gcc/arm-none-eabi/4.8.4/../../../../arm-none-eabi/lib/armv7e-m/libc.a(lib_a-mlock.o)
                0x0000000020009268                __malloc_unlock
 .text._sbrk_r  0x000000002000926c       0x24 /usr/local/gcc-arm-none-eabi-4_8-2014q3/bin/../lib/gcc/arm-none-eabi/4.8.4/../../../../arm-none-eabi/lib/armv7e-m/libc.a(lib_a-sbrkr.o)
                0x000000002000926c                _sbrk_r
 .text.strlen   0x0000000020009290       0x60 /usr/local/gcc-arm-none-eabi-4_8-2014q3/bin/../lib/gcc/arm-none-eabi/4.8.4/../../../../arm-none-eabi/lib/armv7e-m/libc.a(lib_a-strlen.o)
                0x0000000020009290                strlen
 .text._vsnprintf_r
                0x00000000200092f0       0x54 /usr/local/gcc-arm-none-eabi-4_8-2014q3/bin/../lib/gcc/arm-none-eabi/4.8.4/../../../../arm-none-eabi/lib/armv7e-m/libc.a(lib_a-vsnprintf.o)
                0x00000000200092f0                _vsnprintf_r
 .text.vsnprintf
                0x0000000020009344       0x20 /usr/local/gcc-arm-none-eabi-4_8-2014q3/bin/../lib/gcc/arm-none-eabi/4.8.4/../../../../arm-none-eabi/lib/armv7e-m/libc.a(lib_a-vsnprintf.o)
                0x0000000020009344                vsnprintf
 .text._malloc_trim_r
                0x0000000020009364       0x9c /usr/local/gcc-arm-none-eabi-4_8-2014q3/bin/../lib/gcc/arm-none-eabi/4.8.4/../../../../arm-none-eabi/lib/armv7e-m/libc.a(lib_a-freer.o)
                0x0000000020009364                _malloc_trim_r
 .text._free_r  0x0000000020009400      0x19c /usr/local/gcc-arm-none-eabi-4_8-2014q3/bin/../lib/gcc/arm-none-eabi/4.8.4/../../../../arm-none-eabi/lib/armv7e-m/libc.a(lib_a-freer.o)
                0x0000000020009400                _free_r
 .text._svfprintf_r
                0x000000002000959c     0x14f8 /usr/local/gcc-arm-none-eabi-4_8-2014q3/bin/../lib/gcc/arm-none-eabi/4.8.4/../../../../arm-none-eabi/lib/armv7e-m/libc.a(lib_a-svfprintf.o)
                0x000000002000959c                _svfprintf_r
 .text.quorem   0x000000002000aa94      0x130 /usr/local/gcc-arm-none-eabi-4_8-2014q3/bin/../lib/gcc/arm-none-eabi/4.8.4/../../../../arm-none-eabi/lib/armv7e-m/libc.a(lib_a-dtoa.o)
 *fill*         0x000000002000abc4        0x4 
 .text._dtoa_r  0x000000002000abc8      0xe38 /usr/local/gcc-arm-none-eabi-4_8-2014q3/bin/../lib/gcc/arm-none-eabi/4.8.4/../../../../arm-none-eabi/lib/armv7e-m/libc.a(lib_a-dtoa.o)
                0x000000002000abc8                _dtoa_r
 .text._localeconv_r
                0x000000002000ba00        0x8 /usr/local/gcc-arm-none-eabi-4_8-2014q3/bin/../lib/gcc/arm-none-eabi/4.8.4/../../../../arm-none-eabi/lib/armv7e-m/libc.a(lib_a-locale.o)
                0x000000002000ba00                _localeconv_r
 .text.memchr   0x000000002000ba08       0x90 /usr/local/gcc-arm-none-eabi-4_8-2014q3/bin/../lib/gcc/arm-none-eabi/4.8.4/../../../../arm-none-eabi/lib/armv7e-m/libc.a(lib_a-memchr-stub.o)
                0x000000002000ba08                memchr
 .text._Balloc  0x000000002000ba98       0x4c /usr/local/gcc-arm-none-eabi-4_8-2014q3/bin/../lib/gcc/arm-none-eabi/4.8.4/../../../../arm-none-eabi/lib/armv7e-m/libc.a(lib_a-mprec.o)
                0x000000002000ba98                _Balloc
 .text._Bfree   0x000000002000bae4       0x14 /usr/local/gcc-arm-none-eabi-4_8-2014q3/bin/../lib/gcc/arm-none-eabi/4.8.4/../../../../arm-none-eabi/lib/armv7e-m/libc.a(lib_a-mprec.o)
                0x000000002000bae4                _Bfree
 .text.__multadd
                0x000000002000baf8       0x98 /usr/local/gcc-arm-none-eabi-4_8-2014q3/bin/../lib/gcc/arm-none-eabi/4.8.4/../../../../arm-none-eabi/lib/armv7e-m/libc.a(lib_a-mprec.o)
                0x000000002000baf8                __multadd
 .text.__hi0bits
                0x000000002000bb90       0x40 /usr/local/gcc-arm-none-eabi-4_8-2014q3/bin/../lib/gcc/arm-none-eabi/4.8.4/../../../../arm-none-eabi/lib/armv7e-m/libc.a(lib_a-mprec.o)
                0x000000002000bb90                __hi0bits
 .text.__lo0bits
                0x000000002000bbd0       0x5c /usr/local/gcc-arm-none-eabi-4_8-2014q3/bin/../lib/gcc/arm-none-eabi/4.8.4/../../../../arm-none-eabi/lib/armv7e-m/libc.a(lib_a-mprec.o)
                0x000000002000bbd0                __lo0bits
 .text.__i2b    0x000000002000bc2c       0x14 /usr/local/gcc-arm-none-eabi-4_8-2014q3/bin/../lib/gcc/arm-none-eabi/4.8.4/../../../../arm-none-eabi/lib/armv7e-m/libc.a(lib_a-mprec.o)
                0x000000002000bc2c                __i2b
 .text.__multiply
                0x000000002000bc40      0x13c /usr/local/gcc-arm-none-eabi-4_8-2014q3/bin/../lib/gcc/arm-none-eabi/4.8.4/../../../../arm-none-eabi/lib/armv7e-m/libc.a(lib_a-mprec.o)
                0x000000002000bc40                __multiply
 .text.__pow5mult
                0x000000002000bd7c       0x9c /usr/local/gcc-arm-none-eabi-4_8-2014q3/bin/../lib/gcc/arm-none-eabi/4.8.4/../../../../arm-none-eabi/lib/armv7e-m/libc.a(lib_a-mprec.o)
                0x000000002000bd7c                __pow5mult
 .text.__lshift
                0x000000002000be18       0xbc /usr/local/gcc-arm-none-eabi-4_8-2014q3/bin/../lib/gcc/arm-none-eabi/4.8.4/../../../../arm-none-eabi/lib/armv7e-m/libc.a(lib_a-mprec.o)
                0x000000002000be18                __lshift
 .text.__mcmp   0x000000002000bed4       0x48 /usr/local/gcc-arm-none-eabi-4_8-2014q3/bin/../lib/gcc/arm-none-eabi/4.8.4/../../../../arm-none-eabi/lib/armv7e-m/libc.a(lib_a-mprec.o)
                0x000000002000bed4                __mcmp
 .text.__mdiff  0x000000002000bf1c       0xd4 /usr/local/gcc-arm-none-eabi-4_8-2014q3/bin/../lib/gcc/arm-none-eabi/4.8.4/../../../../arm-none-eabi/lib/armv7e-m/libc.a(lib_a-mprec.o)
                0x000000002000bf1c                __mdiff
 .text.__d2b    0x000000002000bff0       0xbc /usr/local/gcc-arm-none-eabi-4_8-2014q3/bin/../lib/gcc/arm-none-eabi/4.8.4/../../../../arm-none-eabi/lib/armv7e-m/libc.a(lib_a-mprec.o)
                0x000000002000bff0                __d2b
 .text.__fpclassifyd
                0x000000002000c0ac       0x50 /usr/local/gcc-arm-none-eabi-4_8-2014q3/bin/../lib/gcc/arm-none-eabi/4.8.4/../../../../arm-none-eabi/lib/armv7e-m/libc.a(lib_a-s_fpclassify.o)
                0x000000002000c0ac                __fpclassifyd
 .text.__ssprint_r
                0x000000002000c0fc      0x100 /usr/local/gcc-arm-none-eabi-4_8-2014q3/bin/../lib/gcc/arm-none-eabi/4.8.4/../../../../arm-none-eabi/lib/armv7e-m/libc.a(lib_a-svfiprintf.o)
                0x000000002000c0fc                __ssprint_r
 .text._calloc_r
                0x000000002000c1fc       0x60 /usr/local/gcc-arm-none-eabi-4_8-2014q3/bin/../lib/gcc/arm-none-eabi/4.8.4/../../../../arm-none-eabi/lib/armv7e-m/libc.a(lib_a-callocr.o)
                0x000000002000c1fc                _calloc_r
 .text.memmove  0x000000002000c25c       0xc0 /usr/local/gcc-arm-none-eabi-4_8-2014q3/bin/../lib/gcc/arm-none-eabi/4.8.4/../../../../arm-none-eabi/lib/armv7e-m/libc.a(lib_a-memmove.o)
                0x000000002000c25c                memmove
 .text._realloc_r
                0x000000002000c31c      0x3cc /usr/local/gcc-arm-none-eabi-4_8-2014q3/bin/../lib/gcc/arm-none-eabi/4.8.4/../../../../arm-none-eabi/lib/armv7e-m/libc.a(lib_a-reallocr.o)
                0x000000002000c31c                _realloc_r
 .text          0x000000002000c6e8      0x370 /usr/local/gcc-arm-none-eabi-4_8-2014q3/bin/../lib/gcc/arm-none-eabi/4.8.4/armv7e-m/libgcc.a(_arm_addsubdf3.o)
                0x000000002000c6e8                __aeabi_drsub
                0x000000002000c6f0                __subdf3
                0x000000002000c6f0                __aeabi_dsub
                0x000000002000c6f4                __aeabi_dadd
                0x000000002000c6f4                __adddf3
                0x000000002000c96c                __aeabi_ui2d
                0x000000002000c96c                __floatunsidf
                0x000000002000c98c                __floatsidf
                0x000000002000c98c                __aeabi_i2d
                0x000000002000c9b0                __extendsfdf2
                0x000000002000c9b0                __aeabi_f2d
                0x000000002000c9ec                __aeabi_ul2d
                0x000000002000c9ec                __floatundidf
                0x000000002000c9fc                __aeabi_l2d
                0x000000002000c9fc                __floatdidf
 .text          0x000000002000ca58      0x424 /usr/local/gcc-arm-none-eabi-4_8-2014q3/bin/../lib/gcc/arm-none-eabi/4.8.4/armv7e-m/libgcc.a(_arm_muldivdf3.o)
                0x000000002000ca58                __aeabi_dmul
                0x000000002000ca58                __muldf3
                0x000000002000ccac                __aeabi_ddiv
                0x000000002000ccac                __divdf3
 .text          0x000000002000ce7c      0x110 /usr/local/gcc-arm-none-eabi-4_8-2014q3/bin/../lib/gcc/arm-none-eabi/4.8.4/armv7e-m/libgcc.a(_arm_cmpdf2.o)
                0x000000002000ce7c                __gtdf2
                0x000000002000ce7c                __gedf2
                0x000000002000ce84                __ltdf2
                0x000000002000ce84                __ledf2
                0x000000002000ce8c                __eqdf2
                0x000000002000ce8c                __nedf2
                0x000000002000ce8c                __cmpdf2
                0x000000002000cf08                __aeabi_cdrcmple
                0x000000002000cf18                __aeabi_cdcmple
                0x000000002000cf18                __aeabi_cdcmpeq
                0x000000002000cf28                __aeabi_dcmpeq
                0x000000002000cf3c                __aeabi_dcmplt
                0x000000002000cf50                __aeabi_dcmple
                0x000000002000cf64                __aeabi_dcmpge
                0x000000002000cf78                __aeabi_dcmpgt
 .text          0x000000002000cf8c       0x50 /usr/local/gcc-arm-none-eabi-4_8-2014q3/bin/../lib/gcc/arm-none-eabi/4.8.4/armv7e-m/libgcc.a(_arm_fixdfsi.o)
                0x000000002000cf8c                __fixdfsi
                0x000000002000cf8c                __aeabi_d2iz
 .text          0x000000002000cfdc       0x2c /usr/local/gcc-arm-none-eabi-4_8-2014q3/bin/../lib/gcc/arm-none-eabi/4.8.4/armv7e-m/libgcc.a(_aeabi_uldivmod.o)
                0x000000002000cfdc                __aeabi_uldivmod
 .text          0x000000002000d008       0x60 /usr/local/gcc-arm-none-eabi-4_8-2014q3/bin/../lib/gcc/arm-none-eabi/4.8.4/armv7e-m/libgcc.a(bpabi.o)
                0x000000002000d008                __gnu_ldivmod_helper
                0x000000002000d038                __gnu_uldivmod_helper
 .text          0x000000002000d068        0x4 /usr/local/gcc-arm-none-eabi-4_8-2014q3/bin/../lib/gcc/arm-none-eabi/4.8.4/armv7e-m/libgcc.a(_dvmd_tls.o)
                0x000000002000d068                __aeabi_ldiv0
                0x000000002000d068                __aeabi_idiv0
 .text          0x000000002000d06c      0x298 /usr/local/gcc-arm-none-eabi-4_8-2014q3/bin/../lib/gcc/arm-none-eabi/4.8.4/armv7e-m/libgcc.a(_divdi3.o)
                0x000000002000d06c                __divdi3
 .text          0x000000002000d304      0x284 /usr/local/gcc-arm-none-eabi-4_8-2014q3/bin/../lib/gcc/arm-none-eabi/4.8.4/armv7e-m/libgcc.a(_udivdi3.o)
                0x000000002000d304                __udivdi3
 *(.plt)
 *(.gnu.warning)
 *(.glue_7t)
 .glue_7t       0x0000000000000000        0x0 linker stubs
 *(.glue_7)
 .glue_7        0x0000000000000000        0x0 linker stubs
                0x000000002000d588                . = ALIGN (0x4)
 *crtbegin.o(.ctors)
 *(EXCLUDE_FILE(*crtend.o) .ctors)
 *(SORT(.ctors.*))
 *crtend.o(.ctors)
 *crtbegin.o(.dtors)
 *(EXCLUDE_FILE(*crtend.o) .dtors)
 *(SORT(.dtors.*))
 *crtend.o(.dtors)
 *(.text*)
 *(.rodata .rodata.* .gnu.linkonce.r.*)
 .rodata        0x000000002000d588       0x28 obj/main.o
 .rodata.str1.1
                0x000000002000d5b0       0x1b obj/main.o
                                         0x1e (size before relaxing)
 *fill*         0x000000002000d5cb        0x5 
 .rodata._ZTV9TestClass
                0x000000002000d5d0       0x10 obj/TestClass.o
                0x000000002000d5d0                vtable for TestClass
 .rodata.str1.4
                0x000000002000d5e0       0x13 obj/firmware_loader.o
                                         0x14 (size before relaxing)
 *fill*         0x000000002000d5f3        0x1 
 .rodata.printFilesystemCommand.5048
                0x000000002000d5f4       0x18 obj/firmware_loader.o
 .rodata.formatFilesystemCommand.5046
                0x000000002000d60c       0x18 obj/firmware_loader.o
 .rodata.webSubdirectory.5056
                0x000000002000d624        0x8 obj/firmware_loader.o
 .rodata        0x000000002000d62c       0x18 obj/tcp_server.o
 .rodata.str1.4
                0x000000002000d644       0x73 obj/tcp_server.o
                                         0x74 (size before relaxing)
 *fill*         0x000000002000d6b7        0x1 
 .rodata.str1.4
                0x000000002000d6b8      0x2c3 obj/wy_bl_network_if.o
                                        0x2c4 (size before relaxing)
 *fill*         0x000000002000d97b        0x1 
 .rodata.FS_NAME.4805
                0x000000002000d97c       0x14 obj/wy_fs.o
 .rodata.FS_NAME.4809
                0x000000002000d990       0x14 obj/wy_fs.o
 .rodata.str1.4
                0x000000002000d9a4        0xb obj/wy_fs.o
                                         0x10 (size before relaxing)
 *fill*         0x000000002000d9af        0x1 
 .rodata.str1.4
                0x000000002000d9b0       0x1a obj/uart_if.o
                                         0x1c (size before relaxing)
 *fill*         0x000000002000d9ca        0x2 
 .rodata.ulReg  0x000000002000d9cc       0x10 obj/gpio_if.o
 .rodata.g_pulEnRegs
                0x000000002000d9dc       0x18 obj/interrupt.o
 .rodata.g_pulDisRegs
                0x000000002000d9f4       0x18 obj/interrupt.o
 .rodata.g_pulUnpendRegs
                0x000000002000da0c       0x18 obj/interrupt.o
 .rodata.g_pulRegs
                0x000000002000da24       0xd4 obj/interrupt.o
 .rodata.g_ulPinToPadMap
                0x000000002000daf8      0x100 obj/pin.o
 .rodata.PRCM_PeriphRegsList
                0x000000002000dbf8       0xa0 obj/prcm.o
 .rodata.g_ppulSPIIntMap
                0x000000002000dc98       0x24 obj/spi.o
 .rodata.g_ulSPIDmaMaskMap
                0x000000002000dcbc       0x18 obj/spi.o
 .rodata._SlSendCmdCtrl
                0x000000002000dcd4        0x4 obj/socket.o
                0x000000002000dcd4                _SlSendCmdCtrl
 .rodata._SlSockSocketCmdCtrl
                0x000000002000dcd8        0x4 obj/socket.o
                0x000000002000dcd8                _SlSockSocketCmdCtrl
 .rodata._SlListenCmdCtrl
                0x000000002000dcdc        0x4 obj/socket.o
                0x000000002000dcdc                _SlListenCmdCtrl
 .rodata._SlSockCloseCmdCtrl
                0x000000002000dce0        0x4 obj/socket.o
                0x000000002000dce0                _SlSockCloseCmdCtrl
 .rodata._SlRecvCmdCtrl
                0x000000002000dce4        0x4 obj/socket.o
                0x000000002000dce4                _SlRecvCmdCtrl
 .rodata._SlAcceptCmdCtrl
                0x000000002000dce8        0x4 obj/socket.o
                0x000000002000dce8                _SlAcceptCmdCtrl
 .rodata._SlSetSockOptCmdCtrl
                0x000000002000dcec        0x4 obj/socket.o
                0x000000002000dcec                _SlSetSockOptCmdCtrl
 .rodata        0x000000002000dcf0       0x14 obj/fs.o
 .rodata._SlFsDeleteCmdCtrl
                0x000000002000dd04        0x4 obj/fs.o
                0x000000002000dd04                _SlFsDeleteCmdCtrl
 .rodata._SlFsReadCmdCtrl
                0x000000002000dd08        0x4 obj/fs.o
                0x000000002000dd08                _SlFsReadCmdCtrl
 .rodata._SlFsWriteCmdCtrl
                0x000000002000dd0c        0x4 obj/fs.o
                0x000000002000dd0c                _SlFsWriteCmdCtrl
 .rodata._SlFsCloseCmdCtrl
                0x000000002000dd10        0x4 obj/fs.o
                0x000000002000dd10                _SlFsCloseCmdCtrl
 .rodata._SlFsGetInfoCmdCtrl
                0x000000002000dd14        0x4 obj/fs.o
                0x000000002000dd14                _SlFsGetInfoCmdCtrl
 .rodata._SlFsOpenCmdCtrl
                0x000000002000dd18        0x4 obj/fs.o
                0x000000002000dd18                _SlFsOpenCmdCtrl
 .rodata._SlDeviceGetCmdCtrl
                0x000000002000dd1c        0x4 obj/device.o
                0x000000002000dd1c                _SlDeviceGetCmdCtrl
 .rodata._SlStopCmdCtrl
                0x000000002000dd20        0x4 obj/device.o
                0x000000002000dd20                _SlStopCmdCtrl
 .rodata._SlWlanCfgSetCmdCtrl
                0x000000002000dd24        0x4 obj/wlan.o
                0x000000002000dd24                _SlWlanCfgSetCmdCtrl
 .rodata._SlWlanSetModeCmdCtrl
                0x000000002000dd28        0x4 obj/wlan.o
                0x000000002000dd28                _SlWlanSetModeCmdCtrl
 .rodata._SlPolicySetCmdCtrl
                0x000000002000dd2c        0x4 obj/wlan.o
                0x000000002000dd2c                _SlPolicySetCmdCtrl
 .rodata.g_H2NSyncPattern
                0x000000002000dd30        0x8 obj/driver.o
                0x000000002000dd30                g_H2NSyncPattern
 .rodata.g_H2NCnysPattern
                0x000000002000dd38        0x8 obj/driver.o
                0x000000002000dd38                g_H2NCnysPattern
 .rodata._SlActionLookupTable
                0x000000002000dd40       0x38 obj/driver.o
                0x000000002000dd40                _SlActionLookupTable
 .rodata._SlNetAppSendTokenValueCmdCtrl
                0x000000002000dd78        0x4 obj/netapp.o
                0x000000002000dd78                _SlNetAppSendTokenValueCmdCtrl
 .rodata.str1.4
                0x000000002000dd7c        0x2 /usr/local/gcc-arm-none-eabi-4_8-2014q3/bin/../lib/gcc/arm-none-eabi/4.8.4/../../../../arm-none-eabi/lib/armv7e-m/libc.a(lib_a-impure.o)
                                          0x4 (size before relaxing)
 *fill*         0x000000002000dd7e        0x2 
 .rodata.zeroes.6763
                0x000000002000dd80       0x10 /usr/local/gcc-arm-none-eabi-4_8-2014q3/bin/../lib/gcc/arm-none-eabi/4.8.4/../../../../arm-none-eabi/lib/armv7e-m/libc.a(lib_a-svfprintf.o)
 .rodata.str1.4
                0x000000002000dd90       0x42 /usr/local/gcc-arm-none-eabi-4_8-2014q3/bin/../lib/gcc/arm-none-eabi/4.8.4/../../../../arm-none-eabi/lib/armv7e-m/libc.a(lib_a-svfprintf.o)
                                         0x44 (size before relaxing)
 *fill*         0x000000002000ddd2        0x2 
 .rodata.blanks.6762
                0x000000002000ddd4       0x10 /usr/local/gcc-arm-none-eabi-4_8-2014q3/bin/../lib/gcc/arm-none-eabi/4.8.4/../../../../arm-none-eabi/lib/armv7e-m/libc.a(lib_a-svfprintf.o)
 .rodata.str1.4
                0x000000002000dde4       0x10 /usr/local/gcc-arm-none-eabi-4_8-2014q3/bin/../lib/gcc/arm-none-eabi/4.8.4/../../../../arm-none-eabi/lib/armv7e-m/libc.a(lib_a-dtoa.o)
                                         0x14 (size before relaxing)
 .rodata.str1.4
                0x000000002000ddf4        0xc /usr/local/gcc-arm-none-eabi-4_8-2014q3/bin/../lib/gcc/arm-none-eabi/4.8.4/../../../../arm-none-eabi/lib/armv7e-m/libc.a(lib_a-locale.o)
                                         0x14 (size before relaxing)
 .rodata.__mprec_tens
                0x000000002000de00       0xc8 /usr/local/gcc-arm-none-eabi-4_8-2014q3/bin/../lib/gcc/arm-none-eabi/4.8.4/../../../../arm-none-eabi/lib/armv7e-m/libc.a(lib_a-mprec.o)
                0x000000002000de00                __mprec_tens
 .rodata.__mprec_bigtens
                0x000000002000dec8       0x28 /usr/local/gcc-arm-none-eabi-4_8-2014q3/bin/../lib/gcc/arm-none-eabi/4.8.4/../../../../arm-none-eabi/lib/armv7e-m/libc.a(lib_a-mprec.o)
                0x000000002000dec8                __mprec_bigtens
 .rodata.p05.5269
                0x000000002000def0        0xc /usr/local/gcc-arm-none-eabi-4_8-2014q3/bin/../lib/gcc/arm-none-eabi/4.8.4/../../../../arm-none-eabi/lib/armv7e-m/libc.a(lib_a-mprec.o)
 *(.ARM.extab* .gnu.linkonce.armextab.*)
 *(.init)
 *(.fini)
                0x000000002000df00                . = ALIGN (0x8)
 *fill*         0x000000002000defc        0x4 
                0x000000002000df00                _etext = .

.vfp11_veneer   0x000000002000df00        0x0
 .vfp11_veneer  0x0000000000000000        0x0 linker stubs

.v4_bx          0x000000002000df00        0x0
 .v4_bx         0x0000000000000000        0x0 linker stubs

.iplt           0x000000002000df00        0x0
 .iplt          0x0000000000000000        0x0 obj/main.o

.ARM            0x000000002000df00        0x8
                0x000000002000df00                __exidx_start = .
 *(.ARM.exidx* .gnu.linkonce.armexidx.*)
 .ARM.exidx     0x000000002000df00        0x8 /usr/local/gcc-arm-none-eabi-4_8-2014q3/bin/../lib/gcc/arm-none-eabi/4.8.4/armv7e-m/libgcc.a(_divdi3.o)
 .ARM.exidx     0x000000002000df08        0x0 /usr/local/gcc-arm-none-eabi-4_8-2014q3/bin/../lib/gcc/arm-none-eabi/4.8.4/armv7e-m/libgcc.a(_udivdi3.o)
                                          0x8 (size before relaxing)
                0x000000002000df08                __exidx_end = .
                0x000000002000df08                __init_data = .

.rel.dyn        0x000000002000df08        0x0
 .rel.iplt      0x0000000000000000        0x0 obj/main.o

.data           0x000000002000df08      0x878
                0x000000002000df08                _data = .
 *(.jcr)
 *(.got.plt)
 *(.got)
 *(.shdata)
 *(.data .data.* .gnu.linkonce.d.*)
 .data.__malloc_av_
                0x000000002000df08      0x408 /usr/local/gcc-arm-none-eabi-4_8-2014q3/bin/../lib/gcc/arm-none-eabi/4.8.4/../../../../arm-none-eabi/lib/armv7e-m/libc.a(lib_a-mallocr.o)
                0x000000002000df08                __malloc_av_
 .data.__malloc_trim_threshold
                0x000000002000e310        0x4 /usr/local/gcc-arm-none-eabi-4_8-2014q3/bin/../lib/gcc/arm-none-eabi/4.8.4/../../../../arm-none-eabi/lib/armv7e-m/libc.a(lib_a-mallocr.o)
                0x000000002000e310                __malloc_trim_threshold
 .data.__malloc_sbrk_base
                0x000000002000e314        0x4 /usr/local/gcc-arm-none-eabi-4_8-2014q3/bin/../lib/gcc/arm-none-eabi/4.8.4/../../../../arm-none-eabi/lib/armv7e-m/libc.a(lib_a-mallocr.o)
                0x000000002000e314                __malloc_sbrk_base
 .data.impure_data
                0x000000002000e318      0x428 /usr/local/gcc-arm-none-eabi-4_8-2014q3/bin/../lib/gcc/arm-none-eabi/4.8.4/../../../../arm-none-eabi/lib/armv7e-m/libc.a(lib_a-impure.o)
 .data._impure_ptr
                0x000000002000e740        0x4 /usr/local/gcc-arm-none-eabi-4_8-2014q3/bin/../lib/gcc/arm-none-eabi/4.8.4/../../../../arm-none-eabi/lib/armv7e-m/libc.a(lib_a-impure.o)
                0x000000002000e740                _impure_ptr
 .data.lconv    0x000000002000e744       0x38 /usr/local/gcc-arm-none-eabi-4_8-2014q3/bin/../lib/gcc/arm-none-eabi/4.8.4/../../../../arm-none-eabi/lib/armv7e-m/libc.a(lib_a-locale.o)
                0x000000002000e780                . = ALIGN (0x8)
 *fill*         0x000000002000e77c        0x4 
                0x000000002000e780                _edata = .

.igot.plt       0x000000002000e780        0x0
 .igot.plt      0x0000000000000000        0x0 obj/main.o

.bss            0x000000002000e780     0x174c
                0x000000002000e780                _bss = .
 *(.shbss)
 *(.bss .bss.* .gnu.linkonce.b.*)
 .bss.g_ContextReadyFlag
                0x000000002000e780        0x4 obj/firmware_loader.o
 .bss.g_ulStatus
                0x000000002000e784        0x4 obj/wy_bl_network_if.o
 .bss.Filesystem
                0x000000002000e788      0x500 obj/wy_fs.o
 .bss.pui32Stack
                0x000000002000ec88     0x1000 obj/startup_gcc.o
 .bss.heap_end  0x000000002000fc88        0x4 obj/startup_gcc.o
 .bss.g_uiLED3Port
                0x000000002000fc8c        0x4 obj/gpio_if.o
                0x000000002000fc8c                g_uiLED3Port
 .bss.g_uiLED1Port
                0x000000002000fc90        0x4 obj/gpio_if.o
                0x000000002000fc90                g_uiLED1Port
 .bss.g_uiLED2Port
                0x000000002000fc94        0x4 obj/gpio_if.o
                0x000000002000fc94                g_uiLED2Port
 .bss.pPingCallBackFunc
                0x000000002000fc98        0x4 obj/driver.o
                0x000000002000fc98                pPingCallBackFunc
 .bss.g_pCB     0x000000002000fc9c        0x4 obj/driver.o
                0x000000002000fc9c                g_pCB
 .bss.g_pHostIntHdl
                0x000000002000fca0        0x4 obj/cc_pal.o
                0x000000002000fca0                g_pHostIntHdl
 .bss.g_SpiFd   0x000000002000fca4        0x4 obj/cc_pal.o
                0x000000002000fca4                g_SpiFd
 .bss.g_ucDMAEnabled
                0x000000002000fca8        0x1 obj/cc_pal.o
                0x000000002000fca8                g_ucDMAEnabled
 *fill*         0x000000002000fca9        0x3 
 .bss.g_len     0x000000002000fcac        0x4 obj/cc_pal.o
                0x000000002000fcac                g_len
 .bss.__malloc_max_total_mem
                0x000000002000fcb0        0x4 /usr/local/gcc-arm-none-eabi-4_8-2014q3/bin/../lib/gcc/arm-none-eabi/4.8.4/../../../../arm-none-eabi/lib/armv7e-m/libc.a(lib_a-mallocr.o)
                0x000000002000fcb0                __malloc_max_total_mem
 .bss.__malloc_max_sbrked_mem
                0x000000002000fcb4        0x4 /usr/local/gcc-arm-none-eabi-4_8-2014q3/bin/../lib/gcc/arm-none-eabi/4.8.4/../../../../arm-none-eabi/lib/armv7e-m/libc.a(lib_a-mallocr.o)
                0x000000002000fcb4                __malloc_max_sbrked_mem
 .bss.__malloc_top_pad
                0x000000002000fcb8        0x4 /usr/local/gcc-arm-none-eabi-4_8-2014q3/bin/../lib/gcc/arm-none-eabi/4.8.4/../../../../arm-none-eabi/lib/armv7e-m/libc.a(lib_a-mallocr.o)
                0x000000002000fcb8                __malloc_top_pad
 .bss.__malloc_current_mallinfo
                0x000000002000fcbc       0x28 /usr/local/gcc-arm-none-eabi-4_8-2014q3/bin/../lib/gcc/arm-none-eabi/4.8.4/../../../../arm-none-eabi/lib/armv7e-m/libc.a(lib_a-mallocr.o)
                0x000000002000fcbc                __malloc_current_mallinfo
 *(COMMON)
 COMMON         0x000000002000fce4        0x3 obj/gpio_if.o
                0x000000002000fce4                g_ucLED1Pin
                0x000000002000fce5                g_ucLED2Pin
                0x000000002000fce6                g_ucLED3Pin
 *fill*         0x000000002000fce7        0x1 
 COMMON         0x000000002000fce8       0x28 obj/nonos.o
                0x000000002000fce8                g__SlNonOsCB
 COMMON         0x000000002000fd10      0x164 obj/driver.o
                0x000000002000fd10                g_StatMem
 COMMON         0x000000002000fe74       0x54 obj/cc_pal.o
                0x000000002000fe74                g_cDummy
                0x000000002000fe78                g_ucDinDout
 COMMON         0x000000002000fec8        0x4 /usr/local/gcc-arm-none-eabi-4_8-2014q3/bin/../lib/gcc/arm-none-eabi/4.8.4/../../../../arm-none-eabi/lib/armv7e-m/libc.a(lib_a-reent.o)
                0x000000002000fec8                errno
                0x000000002000fecc                _ebss = .

.heap           0x000000002000fecc      0x104
                0x000000002000fecc                _heap = .
                0x000000002000ffcc                . = (. + HEAP_SIZE)
 *fill*         0x000000002000fecc      0x100 
                0x000000002000ffd0                . = ALIGN (0x8)
 *fill*         0x000000002000ffcc        0x4 
                0x000000002000ffd0                _eheap = .
LOAD obj/main.o
LOAD obj/TestClass.o
LOAD obj/pinmux.o
LOAD obj/firmware_loader.o
LOAD obj/tcp_server.o
LOAD obj/wy_bl_network_if.o
LOAD obj/wy_fs.o
LOAD obj/startup_gcc.o
LOAD obj/uart_if.o
LOAD obj/gpio_if.o
LOAD obj/cpu.o
LOAD obj/flash.o
LOAD obj/interrupt.o
LOAD obj/pin.o
LOAD obj/prcm.o
LOAD obj/uart.o
LOAD obj/utils.o
LOAD obj/shamd5.o
LOAD obj/udma.o
LOAD obj/spi.o
LOAD obj/gpio.o
LOAD obj/socket.o
LOAD obj/nonos.o
LOAD obj/fs.o
LOAD obj/device.o
LOAD obj/wlan.o
LOAD obj/driver.o
LOAD obj/netcfg.o
LOAD obj/cc_pal.o
LOAD obj/flowcont.o
LOAD obj/netapp.o
LOAD /usr/local/gcc-arm-none-eabi-4_8-2014q3/bin/../lib/gcc/arm-none-eabi/4.8.4/../../../../arm-none-eabi/lib/armv7e-m/libm.a
LOAD /usr/local/gcc-arm-none-eabi-4_8-2014q3/bin/../lib/gcc/arm-none-eabi/4.8.4/../../../../arm-none-eabi/lib/armv7e-m/libc.a
LOAD /usr/local/gcc-arm-none-eabi-4_8-2014q3/bin/../lib/gcc/arm-none-eabi/4.8.4/armv7e-m/libgcc.a
OUTPUT(exe/WyLight_cc_te.axf elf32-littlearm)

.debug_info     0x0000000000000000    0x1c460
 .debug_info    0x0000000000000000     0x79bf obj/main.o
 .debug_info    0x00000000000079bf      0x251 obj/TestClass.o
 .debug_info    0x0000000000007c10      0x1f7 obj/pinmux.o
 .debug_info    0x0000000000007e07      0xbaf obj/firmware_loader.o
 .debug_info    0x00000000000089b6      0x7e9 obj/tcp_server.o
 .debug_info    0x000000000000919f     0x1147 obj/wy_bl_network_if.o
 .debug_info    0x000000000000a2e6      0xc5a obj/wy_fs.o
 .debug_info    0x000000000000af40      0x1ea obj/startup_gcc.o
 .debug_info    0x000000000000b12a      0x2bd obj/uart_if.o
 .debug_info    0x000000000000b3e7      0x95c obj/gpio_if.o
 .debug_info    0x000000000000bd43       0xf6 obj/cpu.o
 .debug_info    0x000000000000be39      0x3f2 obj/interrupt.o
 .debug_info    0x000000000000c22b      0x5f4 obj/pin.o
 .debug_info    0x000000000000c81f      0x976 obj/prcm.o
 .debug_info    0x000000000000d195      0x93b obj/uart.o
 .debug_info    0x000000000000dad0       0x50 obj/utils.o
 .debug_info    0x000000000000db20      0x710 obj/shamd5.o
 .debug_info    0x000000000000e230      0x5fa obj/udma.o
 .debug_info    0x000000000000e82a      0xc55 obj/spi.o
 .debug_info    0x000000000000f47f      0x477 obj/gpio.o
 .debug_info    0x000000000000f8f6     0x2203 obj/socket.o
 .debug_info    0x0000000000011af9      0x645 obj/nonos.o
 .debug_info    0x000000000001213e      0xe08 obj/fs.o
 .debug_info    0x0000000000012f46     0x11a0 obj/device.o
 .debug_info    0x00000000000140e6     0x2048 obj/wlan.o
 .debug_info    0x000000000001612e     0x2ca6 obj/driver.o
 .debug_info    0x0000000000018dd4     0x102b obj/cc_pal.o
 .debug_info    0x0000000000019dff      0x572 obj/flowcont.o
 .debug_info    0x000000000001a371     0x20ef obj/netapp.o

.debug_abbrev   0x0000000000000000     0x41ce
 .debug_abbrev  0x0000000000000000      0xa7b obj/main.o
 .debug_abbrev  0x0000000000000a7b      0x1ca obj/TestClass.o
 .debug_abbrev  0x0000000000000c45       0x95 obj/pinmux.o
 .debug_abbrev  0x0000000000000cda      0x29c obj/firmware_loader.o
 .debug_abbrev  0x0000000000000f76      0x223 obj/tcp_server.o
 .debug_abbrev  0x0000000000001199      0x2ce obj/wy_bl_network_if.o
 .debug_abbrev  0x0000000000001467      0x249 obj/wy_fs.o
 .debug_abbrev  0x00000000000016b0      0x11a obj/startup_gcc.o
 .debug_abbrev  0x00000000000017ca      0x168 obj/uart_if.o
 .debug_abbrev  0x0000000000001932      0x1f5 obj/gpio_if.o
 .debug_abbrev  0x0000000000001b27       0xb0 obj/cpu.o
 .debug_abbrev  0x0000000000001bd7      0x180 obj/interrupt.o
 .debug_abbrev  0x0000000000001d57      0x11c obj/pin.o
 .debug_abbrev  0x0000000000001e73      0x27e obj/prcm.o
 .debug_abbrev  0x00000000000020f1      0x1d2 obj/uart.o
 .debug_abbrev  0x00000000000022c3       0x48 obj/utils.o
 .debug_abbrev  0x000000000000230b      0x1e5 obj/shamd5.o
 .debug_abbrev  0x00000000000024f0      0x1bd obj/udma.o
 .debug_abbrev  0x00000000000026ad      0x1e8 obj/spi.o
 .debug_abbrev  0x0000000000002895      0x17a obj/gpio.o
 .debug_abbrev  0x0000000000002a0f      0x343 obj/socket.o
 .debug_abbrev  0x0000000000002d52      0x168 obj/nonos.o
 .debug_abbrev  0x0000000000002eba      0x292 obj/fs.o
 .debug_abbrev  0x000000000000314c      0x329 obj/device.o
 .debug_abbrev  0x0000000000003475      0x2aa obj/wlan.o
 .debug_abbrev  0x000000000000371f      0x374 obj/driver.o
 .debug_abbrev  0x0000000000003a93      0x270 obj/cc_pal.o
 .debug_abbrev  0x0000000000003d03      0x16a obj/flowcont.o
 .debug_abbrev  0x0000000000003e6d      0x361 obj/netapp.o

.debug_loc      0x0000000000000000     0xa5de
 .debug_loc     0x0000000000000000      0x4b3 obj/main.o
 .debug_loc     0x00000000000004b3       0x29 obj/TestClass.o
 .debug_loc     0x00000000000004dc      0x32c obj/firmware_loader.o
 .debug_loc     0x0000000000000808      0x1f4 obj/tcp_server.o
 .debug_loc     0x00000000000009fc      0x3d0 obj/wy_bl_network_if.o
 .debug_loc     0x0000000000000dcc      0x63a obj/wy_fs.o
 .debug_loc     0x0000000000001406       0x43 obj/startup_gcc.o
 .debug_loc     0x0000000000001449       0x6b obj/uart_if.o
 .debug_loc     0x00000000000014b4      0x7be obj/gpio_if.o
 .debug_loc     0x0000000000001c72      0x185 obj/interrupt.o
 .debug_loc     0x0000000000001df7      0x5dd obj/pin.o
 .debug_loc     0x00000000000023d4      0x76a obj/prcm.o
 .debug_loc     0x0000000000002b3e      0x584 obj/uart.o
 .debug_loc     0x00000000000030c2      0x612 obj/shamd5.o
 .debug_loc     0x00000000000036d4      0x671 obj/udma.o
 .debug_loc     0x0000000000003d45      0xfdd obj/spi.o
 .debug_loc     0x0000000000004d22      0x2fe obj/gpio.o
 .debug_loc     0x0000000000005020     0x108f obj/socket.o
 .debug_loc     0x00000000000060af      0x1f0 obj/nonos.o
 .debug_loc     0x000000000000629f      0x688 obj/fs.o
 .debug_loc     0x0000000000006927      0x758 obj/device.o
 .debug_loc     0x000000000000707f      0xcd9 obj/wlan.o
 .debug_loc     0x0000000000007d58     0x11dd obj/driver.o
 .debug_loc     0x0000000000008f35      0x6c3 obj/cc_pal.o
 .debug_loc     0x00000000000095f8       0x30 obj/flowcont.o
 .debug_loc     0x0000000000009628      0xfb6 obj/netapp.o

.debug_aranges  0x0000000000000000      0xe98
 .debug_aranges
                0x0000000000000000       0x48 obj/main.o
 .debug_aranges
                0x0000000000000048       0x30 obj/TestClass.o
 .debug_aranges
                0x0000000000000078       0x20 obj/pinmux.o
 .debug_aranges
                0x0000000000000098       0x40 obj/firmware_loader.o
 .debug_aranges
                0x00000000000000d8       0x28 obj/tcp_server.o
 .debug_aranges
                0x0000000000000100       0x60 obj/wy_bl_network_if.o
 .debug_aranges
                0x0000000000000160       0x68 obj/wy_fs.o
 .debug_aranges
                0x00000000000001c8       0x48 obj/startup_gcc.o
 .debug_aranges
                0x0000000000000210       0x38 obj/uart_if.o
 .debug_aranges
                0x0000000000000248       0x60 obj/gpio_if.o
 .debug_aranges
                0x00000000000002a8       0x48 obj/cpu.o
 .debug_aranges
                0x00000000000002f0       0x98 obj/interrupt.o
 .debug_aranges
                0x0000000000000388       0x90 obj/pin.o
 .debug_aranges
                0x0000000000000418      0x170 obj/prcm.o
 .debug_aranges
                0x0000000000000588      0x138 obj/uart.o
 .debug_aranges
                0x00000000000006c0       0x20 obj/utils.o
 .debug_aranges
                0x00000000000006e0       0xb0 obj/shamd5.o
 .debug_aranges
                0x0000000000000790       0xd8 obj/udma.o
 .debug_aranges
                0x0000000000000868       0xe0 obj/spi.o
 .debug_aranges
                0x0000000000000948       0x90 obj/gpio.o
 .debug_aranges
                0x00000000000009d8       0xd0 obj/socket.o
 .debug_aranges
                0x0000000000000aa8       0x38 obj/nonos.o
 .debug_aranges
                0x0000000000000ae0       0x58 obj/fs.o
 .debug_aranges
                0x0000000000000b38       0x70 obj/device.o
 .debug_aranges
                0x0000000000000ba8       0xb0 obj/wlan.o
 .debug_aranges
                0x0000000000000c58       0xc8 obj/driver.o
 .debug_aranges
                0x0000000000000d20       0xa8 obj/cc_pal.o
 .debug_aranges
                0x0000000000000dc8       0x28 obj/flowcont.o
 .debug_aranges
                0x0000000000000df0       0xa8 obj/netapp.o

.debug_ranges   0x0000000000000000      0xe20
 .debug_ranges  0x0000000000000000       0xf0 obj/main.o
 .debug_ranges  0x00000000000000f0       0x20 obj/TestClass.o
 .debug_ranges  0x0000000000000110       0x10 obj/pinmux.o
 .debug_ranges  0x0000000000000120       0x30 obj/firmware_loader.o
 .debug_ranges  0x0000000000000150       0x70 obj/tcp_server.o
 .debug_ranges  0x00000000000001c0       0x50 obj/wy_bl_network_if.o
 .debug_ranges  0x0000000000000210       0x58 obj/wy_fs.o
 .debug_ranges  0x0000000000000268       0x38 obj/startup_gcc.o
 .debug_ranges  0x00000000000002a0       0x28 obj/uart_if.o
 .debug_ranges  0x00000000000002c8       0x50 obj/gpio_if.o
 .debug_ranges  0x0000000000000318       0x38 obj/cpu.o
 .debug_ranges  0x0000000000000350       0x88 obj/interrupt.o
 .debug_ranges  0x00000000000003d8       0x80 obj/pin.o
 .debug_ranges  0x0000000000000458      0x160 obj/prcm.o
 .debug_ranges  0x00000000000005b8      0x128 obj/uart.o
 .debug_ranges  0x00000000000006e0       0x10 obj/utils.o
 .debug_ranges  0x00000000000006f0       0xa0 obj/shamd5.o
 .debug_ranges  0x0000000000000790       0xc8 obj/udma.o
 .debug_ranges  0x0000000000000858       0xd0 obj/spi.o
 .debug_ranges  0x0000000000000928       0x80 obj/gpio.o
 .debug_ranges  0x00000000000009a8       0xc0 obj/socket.o
 .debug_ranges  0x0000000000000a68       0x28 obj/nonos.o
 .debug_ranges  0x0000000000000a90       0x48 obj/fs.o
 .debug_ranges  0x0000000000000ad8       0x60 obj/device.o
 .debug_ranges  0x0000000000000b38       0xb8 obj/wlan.o
 .debug_ranges  0x0000000000000bf0       0xe8 obj/driver.o
 .debug_ranges  0x0000000000000cd8       0x98 obj/cc_pal.o
 .debug_ranges  0x0000000000000d70       0x18 obj/flowcont.o
 .debug_ranges  0x0000000000000d88       0x98 obj/netapp.o

.debug_line     0x0000000000000000     0x49be
 .debug_line    0x0000000000000000      0x7d1 obj/main.o
 .debug_line    0x00000000000007d1       0x78 obj/TestClass.o
 .debug_line    0x0000000000000849       0x8a obj/pinmux.o
 .debug_line    0x00000000000008d3      0x28a obj/firmware_loader.o
 .debug_line    0x0000000000000b5d      0x24c obj/tcp_server.o
 .debug_line    0x0000000000000da9      0x26c obj/wy_bl_network_if.o
 .debug_line    0x0000000000001015      0x222 obj/wy_fs.o
 .debug_line    0x0000000000001237      0x150 obj/startup_gcc.o
 .debug_line    0x0000000000001387      0x162 obj/uart_if.o
 .debug_line    0x00000000000014e9      0x122 obj/gpio_if.o
 .debug_line    0x000000000000160b       0xa5 obj/cpu.o
 .debug_line    0x00000000000016b0      0x1c8 obj/interrupt.o
 .debug_line    0x0000000000001878      0x167 obj/pin.o
 .debug_line    0x00000000000019df      0x3e8 obj/prcm.o
 .debug_line    0x0000000000001dc7      0x369 obj/uart.o
 .debug_line    0x0000000000002130       0x45 obj/utils.o
 .debug_line    0x0000000000002175      0x38a obj/shamd5.o
 .debug_line    0x00000000000024ff      0x28c obj/udma.o
 .debug_line    0x000000000000278b      0x331 obj/spi.o
 .debug_line    0x0000000000002abc      0x1aa obj/gpio.o
 .debug_line    0x0000000000002c66      0x473 obj/socket.o
 .debug_line    0x00000000000030d9      0x151 obj/nonos.o
 .debug_line    0x000000000000322a      0x246 obj/fs.o
 .debug_line    0x0000000000003470      0x2c3 obj/device.o
 .debug_line    0x0000000000003733      0x3b5 obj/wlan.o
 .debug_line    0x0000000000003ae8      0x653 obj/driver.o
 .debug_line    0x000000000000413b      0x3a4 obj/cc_pal.o
 .debug_line    0x00000000000044df      0x10b obj/flowcont.o
 .debug_line    0x00000000000045ea      0x3d4 obj/netapp.o

.debug_str      0x0000000000000000     0x95f6
 .debug_str     0x0000000000000000     0x414b obj/main.o
                                       0x4627 (size before relaxing)
 .debug_str     0x000000000000414b       0x82 obj/TestClass.o
                                        0x1e8 (size before relaxing)
 .debug_str     0x00000000000041cd      0x106 obj/pinmux.o
                                        0x16a (size before relaxing)
 .debug_str     0x00000000000042d3      0x33d obj/firmware_loader.o
                                        0x55d (size before relaxing)
 .debug_str     0x0000000000004610      0x1cd obj/tcp_server.o
                                        0x3dd (size before relaxing)
 .debug_str     0x00000000000047dd      0x8a7 obj/wy_bl_network_if.o
                                        0xb11 (size before relaxing)
 .debug_str     0x0000000000005084      0x255 obj/wy_fs.o
                                        0x544 (size before relaxing)
 .debug_str     0x00000000000052d9       0xa8 obj/startup_gcc.o
                                        0x240 (size before relaxing)
 .debug_str     0x0000000000005381       0x8a obj/uart_if.o
                                        0x234 (size before relaxing)
 .debug_str     0x000000000000540b      0x17d obj/gpio_if.o
                                        0x453 (size before relaxing)
 .debug_str     0x0000000000005588       0x65 obj/cpu.o
                                        0x14d (size before relaxing)
 .debug_str     0x00000000000055ed      0x156 obj/interrupt.o
                                        0x308 (size before relaxing)
 .debug_str     0x0000000000005743       0xf9 obj/pin.o
                                        0x23e (size before relaxing)
 .debug_str     0x000000000000583c      0x4df obj/prcm.o
                                        0x6cd (size before relaxing)
 .debug_str     0x0000000000005d1b      0x2f5 obj/uart.o
                                        0x496 (size before relaxing)
 .debug_str     0x0000000000006010       0x27 obj/utils.o
                                        0x10f (size before relaxing)
 .debug_str     0x0000000000006037      0x1ea obj/shamd5.o
                                        0x417 (size before relaxing)
 .debug_str     0x0000000000006221      0x2f9 obj/udma.o
                                        0x450 (size before relaxing)
 .debug_str     0x000000000000651a      0x2ab obj/spi.o
                                        0x49b (size before relaxing)
 .debug_str     0x00000000000067c5       0xca obj/gpio.o
                                        0x2ac (size before relaxing)
 .debug_str     0x000000000000688f      0xaf8 obj/socket.o
                                        0xdf7 (size before relaxing)
 .debug_str     0x0000000000007387       0x98 obj/nonos.o
                                        0x5d2 (size before relaxing)
 .debug_str     0x000000000000741f      0x2a5 obj/fs.o
                                        0x967 (size before relaxing)
 .debug_str     0x00000000000076c4      0x2f3 obj/device.o
                                        0xa4a (size before relaxing)
 .debug_str     0x00000000000079b7      0xd1b obj/wlan.o
                                       0x10ca (size before relaxing)
 .debug_str     0x00000000000086d2      0x41b obj/driver.o
                                        0xf3a (size before relaxing)
 .debug_str     0x0000000000008aed      0x1d5 obj/cc_pal.o
                                        0x62e (size before relaxing)
 .debug_str     0x0000000000008cc2       0x1f obj/flowcont.o
                                        0x551 (size before relaxing)
 .debug_str     0x0000000000008ce1      0x915 obj/netapp.o
                                       0x12fe (size before relaxing)

.comment        0x0000000000000000       0x70
 .comment       0x0000000000000000       0x70 obj/main.o
                                         0x71 (size before relaxing)
 .comment       0x0000000000000000       0x71 obj/TestClass.o
 .comment       0x0000000000000000       0x71 obj/pinmux.o
 .comment       0x0000000000000000       0x71 obj/firmware_loader.o
 .comment       0x0000000000000000       0x71 obj/tcp_server.o
 .comment       0x0000000000000000       0x71 obj/wy_bl_network_if.o
 .comment       0x0000000000000000       0x71 obj/wy_fs.o
 .comment       0x0000000000000000       0x71 obj/startup_gcc.o
 .comment       0x0000000000000000       0x71 obj/uart_if.o
 .comment       0x0000000000000000       0x71 obj/gpio_if.o
 .comment       0x0000000000000000       0x71 obj/cpu.o
 .comment       0x0000000000000000       0x71 obj/interrupt.o
 .comment       0x0000000000000000       0x71 obj/pin.o
 .comment       0x0000000000000000       0x71 obj/prcm.o
 .comment       0x0000000000000000       0x71 obj/uart.o
 .comment       0x0000000000000000       0x71 obj/utils.o
 .comment       0x0000000000000000       0x71 obj/shamd5.o
 .comment       0x0000000000000000       0x71 obj/udma.o
 .comment       0x0000000000000000       0x71 obj/spi.o
 .comment       0x0000000000000000       0x71 obj/gpio.o
 .comment       0x0000000000000000       0x71 obj/socket.o
 .comment       0x0000000000000000       0x71 obj/nonos.o
 .comment       0x0000000000000000       0x71 obj/fs.o
 .comment       0x0000000000000000       0x71 obj/device.o
 .comment       0x0000000000000000       0x71 obj/wlan.o
 .comment       0x0000000000000000       0x71 obj/driver.o
 .comment       0x0000000000000000       0x71 obj/cc_pal.o
 .comment       0x0000000000000000       0x71 obj/flowcont.o
 .comment       0x0000000000000000       0x71 obj/netapp.o

.ARM.attributes
                0x0000000000000000       0x31
 .ARM.attributes
                0x0000000000000000       0x33 obj/main.o
 .ARM.attributes
                0x0000000000000033       0x33 obj/TestClass.o
 .ARM.attributes
                0x0000000000000066       0x33 obj/pinmux.o
 .ARM.attributes
                0x0000000000000099       0x33 obj/firmware_loader.o
 .ARM.attributes
                0x00000000000000cc       0x33 obj/tcp_server.o
 .ARM.attributes
                0x00000000000000ff       0x33 obj/wy_bl_network_if.o
 .ARM.attributes
                0x0000000000000132       0x33 obj/wy_fs.o
 .ARM.attributes
                0x0000000000000165       0x33 obj/startup_gcc.o
 .ARM.attributes
                0x0000000000000198       0x33 obj/uart_if.o
 .ARM.attributes
                0x00000000000001cb       0x33 obj/gpio_if.o
 .ARM.attributes
                0x00000000000001fe       0x33 obj/cpu.o
 .ARM.attributes
                0x0000000000000231       0x33 obj/interrupt.o
 .ARM.attributes
                0x0000000000000264       0x33 obj/pin.o
 .ARM.attributes
                0x0000000000000297       0x33 obj/prcm.o
 .ARM.attributes
                0x00000000000002ca       0x33 obj/uart.o
 .ARM.attributes
                0x00000000000002fd       0x33 obj/utils.o
 .ARM.attributes
                0x0000000000000330       0x33 obj/shamd5.o
 .ARM.attributes
                0x0000000000000363       0x33 obj/udma.o
 .ARM.attributes
                0x0000000000000396       0x33 obj/spi.o
 .ARM.attributes
                0x00000000000003c9       0x33 obj/gpio.o
 .ARM.attributes
                0x00000000000003fc       0x33 obj/socket.o
 .ARM.attributes
                0x000000000000042f       0x33 obj/nonos.o
 .ARM.attributes
                0x0000000000000462       0x33 obj/fs.o
 .ARM.attributes
                0x0000000000000495       0x33 obj/device.o
 .ARM.attributes
                0x00000000000004c8       0x33 obj/wlan.o
 .ARM.attributes
                0x00000000000004fb       0x33 obj/driver.o
 .ARM.attributes
                0x000000000000052e       0x33 obj/cc_pal.o
 .ARM.attributes
                0x0000000000000561       0x33 obj/flowcont.o
 .ARM.attributes
                0x0000000000000594       0x33 obj/netapp.o
 .ARM.attributes
                0x00000000000005c7       0x2e /usr/local/gcc-arm-none-eabi-4_8-2014q3/bin/../lib/gcc/arm-none-eabi/4.8.4/../../../../arm-none-eabi/lib/armv7e-m/libc.a(lib_a-malloc.o)
 .ARM.attributes
                0x00000000000005f5       0x2e /usr/local/gcc-arm-none-eabi-4_8-2014q3/bin/../lib/gcc/arm-none-eabi/4.8.4/../../../../arm-none-eabi/lib/armv7e-m/libc.a(lib_a-mallocr.o)
 .ARM.attributes
                0x0000000000000623       0x2e /usr/local/gcc-arm-none-eabi-4_8-2014q3/bin/../lib/gcc/arm-none-eabi/4.8.4/../../../../arm-none-eabi/lib/armv7e-m/libc.a(lib_a-memcmp.o)
 .ARM.attributes
                0x0000000000000651       0x1c /usr/local/gcc-arm-none-eabi-4_8-2014q3/bin/../lib/gcc/arm-none-eabi/4.8.4/../../../../arm-none-eabi/lib/armv7e-m/libc.a(lib_a-memcpy.o)
 .ARM.attributes
                0x000000000000066d       0x2e /usr/local/gcc-arm-none-eabi-4_8-2014q3/bin/../lib/gcc/arm-none-eabi/4.8.4/../../../../arm-none-eabi/lib/armv7e-m/libc.a(lib_a-memset.o)
 .ARM.attributes
                0x000000000000069b       0x2e /usr/local/gcc-arm-none-eabi-4_8-2014q3/bin/../lib/gcc/arm-none-eabi/4.8.4/../../../../arm-none-eabi/lib/armv7e-m/libc.a(lib_a-mlock.o)
 .ARM.attributes
                0x00000000000006c9       0x2e /usr/local/gcc-arm-none-eabi-4_8-2014q3/bin/../lib/gcc/arm-none-eabi/4.8.4/../../../../arm-none-eabi/lib/armv7e-m/libc.a(lib_a-sbrkr.o)
 .ARM.attributes
                0x00000000000006f7       0x2e /usr/local/gcc-arm-none-eabi-4_8-2014q3/bin/../lib/gcc/arm-none-eabi/4.8.4/../../../../arm-none-eabi/lib/armv7e-m/libc.a(lib_a-strlen.o)
 .ARM.attributes
                0x0000000000000725       0x2e /usr/local/gcc-arm-none-eabi-4_8-2014q3/bin/../lib/gcc/arm-none-eabi/4.8.4/../../../../arm-none-eabi/lib/armv7e-m/libc.a(lib_a-vsnprintf.o)
 .ARM.attributes
                0x0000000000000753       0x2e /usr/local/gcc-arm-none-eabi-4_8-2014q3/bin/../lib/gcc/arm-none-eabi/4.8.4/../../../../arm-none-eabi/lib/armv7e-m/libc.a(lib_a-freer.o)
 .ARM.attributes
                0x0000000000000781       0x2e /usr/local/gcc-arm-none-eabi-4_8-2014q3/bin/../lib/gcc/arm-none-eabi/4.8.4/../../../../arm-none-eabi/lib/armv7e-m/libc.a(lib_a-impure.o)
 .ARM.attributes
                0x00000000000007af       0x2e /usr/local/gcc-arm-none-eabi-4_8-2014q3/bin/../lib/gcc/arm-none-eabi/4.8.4/../../../../arm-none-eabi/lib/armv7e-m/libc.a(lib_a-reent.o)
 .ARM.attributes
                0x00000000000007dd       0x2e /usr/local/gcc-arm-none-eabi-4_8-2014q3/bin/../lib/gcc/arm-none-eabi/4.8.4/../../../../arm-none-eabi/lib/armv7e-m/libc.a(lib_a-svfprintf.o)
 .ARM.attributes
                0x000000000000080b       0x2e /usr/local/gcc-arm-none-eabi-4_8-2014q3/bin/../lib/gcc/arm-none-eabi/4.8.4/../../../../arm-none-eabi/lib/armv7e-m/libc.a(lib_a-dtoa.o)
 .ARM.attributes
                0x0000000000000839       0x2e /usr/local/gcc-arm-none-eabi-4_8-2014q3/bin/../lib/gcc/arm-none-eabi/4.8.4/../../../../arm-none-eabi/lib/armv7e-m/libc.a(lib_a-locale.o)
 .ARM.attributes
                0x0000000000000867       0x2e /usr/local/gcc-arm-none-eabi-4_8-2014q3/bin/../lib/gcc/arm-none-eabi/4.8.4/../../../../arm-none-eabi/lib/armv7e-m/libc.a(lib_a-memchr-stub.o)
 .ARM.attributes
                0x0000000000000895       0x2e /usr/local/gcc-arm-none-eabi-4_8-2014q3/bin/../lib/gcc/arm-none-eabi/4.8.4/../../../../arm-none-eabi/lib/armv7e-m/libc.a(lib_a-mprec.o)
 .ARM.attributes
                0x00000000000008c3       0x2e /usr/local/gcc-arm-none-eabi-4_8-2014q3/bin/../lib/gcc/arm-none-eabi/4.8.4/../../../../arm-none-eabi/lib/armv7e-m/libc.a(lib_a-s_fpclassify.o)
 .ARM.attributes
                0x00000000000008f1       0x2e /usr/local/gcc-arm-none-eabi-4_8-2014q3/bin/../lib/gcc/arm-none-eabi/4.8.4/../../../../arm-none-eabi/lib/armv7e-m/libc.a(lib_a-svfiprintf.o)
 .ARM.attributes
                0x000000000000091f       0x2e /usr/local/gcc-arm-none-eabi-4_8-2014q3/bin/../lib/gcc/arm-none-eabi/4.8.4/../../../../arm-none-eabi/lib/armv7e-m/libc.a(lib_a-callocr.o)
 .ARM.attributes
                0x000000000000094d       0x2e /usr/local/gcc-arm-none-eabi-4_8-2014q3/bin/../lib/gcc/arm-none-eabi/4.8.4/../../../../arm-none-eabi/lib/armv7e-m/libc.a(lib_a-memmove.o)
 .ARM.attributes
                0x000000000000097b       0x2e /usr/local/gcc-arm-none-eabi-4_8-2014q3/bin/../lib/gcc/arm-none-eabi/4.8.4/../../../../arm-none-eabi/lib/armv7e-m/libc.a(lib_a-reallocr.o)
 .ARM.attributes
                0x00000000000009a9       0x1e /usr/local/gcc-arm-none-eabi-4_8-2014q3/bin/../lib/gcc/arm-none-eabi/4.8.4/armv7e-m/libgcc.a(_arm_addsubdf3.o)
 .ARM.attributes
                0x00000000000009c7       0x1e /usr/local/gcc-arm-none-eabi-4_8-2014q3/bin/../lib/gcc/arm-none-eabi/4.8.4/armv7e-m/libgcc.a(_arm_muldivdf3.o)
 .ARM.attributes
                0x00000000000009e5       0x1e /usr/local/gcc-arm-none-eabi-4_8-2014q3/bin/../lib/gcc/arm-none-eabi/4.8.4/armv7e-m/libgcc.a(_arm_cmpdf2.o)
 .ARM.attributes
                0x0000000000000a03       0x1e /usr/local/gcc-arm-none-eabi-4_8-2014q3/bin/../lib/gcc/arm-none-eabi/4.8.4/armv7e-m/libgcc.a(_arm_fixdfsi.o)
 .ARM.attributes
                0x0000000000000a21       0x1e /usr/local/gcc-arm-none-eabi-4_8-2014q3/bin/../lib/gcc/arm-none-eabi/4.8.4/armv7e-m/libgcc.a(_aeabi_uldivmod.o)
 .ARM.attributes
                0x0000000000000a3f       0x2e /usr/local/gcc-arm-none-eabi-4_8-2014q3/bin/../lib/gcc/arm-none-eabi/4.8.4/armv7e-m/libgcc.a(bpabi.o)
 .ARM.attributes
                0x0000000000000a6d       0x1e /usr/local/gcc-arm-none-eabi-4_8-2014q3/bin/../lib/gcc/arm-none-eabi/4.8.4/armv7e-m/libgcc.a(_dvmd_tls.o)
 .ARM.attributes
                0x0000000000000a8b       0x2e /usr/local/gcc-arm-none-eabi-4_8-2014q3/bin/../lib/gcc/arm-none-eabi/4.8.4/armv7e-m/libgcc.a(_divdi3.o)
 .ARM.attributes
                0x0000000000000ab9       0x2e /usr/local/gcc-arm-none-eabi-4_8-2014q3/bin/../lib/gcc/arm-none-eabi/4.8.4/armv7e-m/libgcc.a(_udivdi3.o)

.debug_frame    0x0000000000000000     0x2ae4
 .debug_frame   0x0000000000000000       0xa0 obj/main.o
 .debug_frame   0x00000000000000a0       0x48 obj/TestClass.o
 .debug_frame   0x00000000000000e8       0x28 obj/pinmux.o
 .debug_frame   0x0000000000000110       0xa0 obj/firmware_loader.o
 .debug_frame   0x00000000000001b0       0x54 obj/tcp_server.o
 .debug_frame   0x0000000000000204       0xe8 obj/wy_bl_network_if.o
 .debug_frame   0x00000000000002ec      0x130 obj/wy_fs.o
 .debug_frame   0x000000000000041c       0x78 obj/startup_gcc.o
 .debug_frame   0x0000000000000494       0x84 obj/uart_if.o
 .debug_frame   0x0000000000000518       0xe4 obj/gpio_if.o
 .debug_frame   0x00000000000005fc       0x70 obj/cpu.o
 .debug_frame   0x000000000000066c      0x138 obj/interrupt.o
 .debug_frame   0x00000000000007a4      0x15c obj/pin.o
 .debug_frame   0x0000000000000900      0x368 obj/prcm.o
 .debug_frame   0x0000000000000c68      0x278 obj/uart.o
 .debug_frame   0x0000000000000ee0       0x20 obj/utils.o
 .debug_frame   0x0000000000000f00      0x1ac obj/shamd5.o
 .debug_frame   0x00000000000010ac      0x1c4 obj/udma.o
 .debug_frame   0x0000000000001270      0x1fc obj/spi.o
 .debug_frame   0x000000000000146c      0x124 obj/gpio.o
 .debug_frame   0x0000000000001590      0x270 obj/socket.o
 .debug_frame   0x0000000000001800       0x78 obj/nonos.o
 .debug_frame   0x0000000000001878      0x10c obj/fs.o
 .debug_frame   0x0000000000001984      0x130 obj/device.o
 .debug_frame   0x0000000000001ab4      0x224 obj/wlan.o
 .debug_frame   0x0000000000001cd8      0x270 obj/driver.o
 .debug_frame   0x0000000000001f48      0x1ec obj/cc_pal.o
 .debug_frame   0x0000000000002134       0x40 obj/flowcont.o
 .debug_frame   0x0000000000002174      0x1ec obj/netapp.o
 .debug_frame   0x0000000000002360       0x30 /usr/local/gcc-arm-none-eabi-4_8-2014q3/bin/../lib/gcc/arm-none-eabi/4.8.4/../../../../arm-none-eabi/lib/armv7e-m/libc.a(lib_a-malloc.o)
 .debug_frame   0x0000000000002390       0x38 /usr/local/gcc-arm-none-eabi-4_8-2014q3/bin/../lib/gcc/arm-none-eabi/4.8.4/../../../../arm-none-eabi/lib/armv7e-m/libc.a(lib_a-mallocr.o)
 .debug_frame   0x00000000000023c8       0x2c /usr/local/gcc-arm-none-eabi-4_8-2014q3/bin/../lib/gcc/arm-none-eabi/4.8.4/../../../../arm-none-eabi/lib/armv7e-m/libc.a(lib_a-memcmp.o)
 .debug_frame   0x00000000000023f4       0x2c /usr/local/gcc-arm-none-eabi-4_8-2014q3/bin/../lib/gcc/arm-none-eabi/4.8.4/../../../../arm-none-eabi/lib/armv7e-m/libc.a(lib_a-memset.o)
 .debug_frame   0x0000000000002420       0x30 /usr/local/gcc-arm-none-eabi-4_8-2014q3/bin/../lib/gcc/arm-none-eabi/4.8.4/../../../../arm-none-eabi/lib/armv7e-m/libc.a(lib_a-mlock.o)
 .debug_frame   0x0000000000002450       0x2c /usr/local/gcc-arm-none-eabi-4_8-2014q3/bin/../lib/gcc/arm-none-eabi/4.8.4/../../../../arm-none-eabi/lib/armv7e-m/libc.a(lib_a-sbrkr.o)
 .debug_frame   0x000000000000247c       0x20 /usr/local/gcc-arm-none-eabi-4_8-2014q3/bin/../lib/gcc/arm-none-eabi/4.8.4/../../../../arm-none-eabi/lib/armv7e-m/libc.a(lib_a-strlen.o)
 .debug_frame   0x000000000000249c       0x50 /usr/local/gcc-arm-none-eabi-4_8-2014q3/bin/../lib/gcc/arm-none-eabi/4.8.4/../../../../arm-none-eabi/lib/armv7e-m/libc.a(lib_a-vsnprintf.o)
 .debug_frame   0x00000000000024ec       0x50 /usr/local/gcc-arm-none-eabi-4_8-2014q3/bin/../lib/gcc/arm-none-eabi/4.8.4/../../../../arm-none-eabi/lib/armv7e-m/libc.a(lib_a-freer.o)
 .debug_frame   0x000000000000253c       0x48 /usr/local/gcc-arm-none-eabi-4_8-2014q3/bin/../lib/gcc/arm-none-eabi/4.8.4/../../../../arm-none-eabi/lib/armv7e-m/libc.a(lib_a-reent.o)
 .debug_frame   0x0000000000002584       0x3c /usr/local/gcc-arm-none-eabi-4_8-2014q3/bin/../lib/gcc/arm-none-eabi/4.8.4/../../../../arm-none-eabi/lib/armv7e-m/libc.a(lib_a-svfprintf.o)
 .debug_frame   0x00000000000025c0       0x64 /usr/local/gcc-arm-none-eabi-4_8-2014q3/bin/../lib/gcc/arm-none-eabi/4.8.4/../../../../arm-none-eabi/lib/armv7e-m/libc.a(lib_a-dtoa.o)
 .debug_frame   0x0000000000002624       0x98 /usr/local/gcc-arm-none-eabi-4_8-2014q3/bin/../lib/gcc/arm-none-eabi/4.8.4/../../../../arm-none-eabi/lib/armv7e-m/libc.a(lib_a-locale.o)
 .debug_frame   0x00000000000026bc       0x2c /usr/local/gcc-arm-none-eabi-4_8-2014q3/bin/../lib/gcc/arm-none-eabi/4.8.4/../../../../arm-none-eabi/lib/armv7e-m/libc.a(lib_a-memchr-stub.o)
 .debug_frame   0x00000000000026e8      0x22c /usr/local/gcc-arm-none-eabi-4_8-2014q3/bin/../lib/gcc/arm-none-eabi/4.8.4/../../../../arm-none-eabi/lib/armv7e-m/libc.a(lib_a-mprec.o)
 .debug_frame   0x0000000000002914       0x28 /usr/local/gcc-arm-none-eabi-4_8-2014q3/bin/../lib/gcc/arm-none-eabi/4.8.4/../../../../arm-none-eabi/lib/armv7e-m/libc.a(lib_a-s_fpclassify.o)
 .debug_frame   0x000000000000293c       0x64 /usr/local/gcc-arm-none-eabi-4_8-2014q3/bin/../lib/gcc/arm-none-eabi/4.8.4/../../../../arm-none-eabi/lib/armv7e-m/libc.a(lib_a-svfiprintf.o)
 .debug_frame   0x00000000000029a0       0x28 /usr/local/gcc-arm-none-eabi-4_8-2014q3/bin/../lib/gcc/arm-none-eabi/4.8.4/../../../../arm-none-eabi/lib/armv7e-m/libc.a(lib_a-callocr.o)
 .debug_frame   0x00000000000029c8       0x2c /usr/local/gcc-arm-none-eabi-4_8-2014q3/bin/../lib/gcc/arm-none-eabi/4.8.4/../../../../arm-none-eabi/lib/armv7e-m/libc.a(lib_a-memmove.o)
 .debug_frame   0x00000000000029f4       0x38 /usr/local/gcc-arm-none-eabi-4_8-2014q3/bin/../lib/gcc/arm-none-eabi/4.8.4/../../../../arm-none-eabi/lib/armv7e-m/libc.a(lib_a-reallocr.o)
 .debug_frame   0x0000000000002a2c       0x50 /usr/local/gcc-arm-none-eabi-4_8-2014q3/bin/../lib/gcc/arm-none-eabi/4.8.4/armv7e-m/libgcc.a(bpabi.o)
 .debug_frame   0x0000000000002a7c       0x34 /usr/local/gcc-arm-none-eabi-4_8-2014q3/bin/../lib/gcc/arm-none-eabi/4.8.4/armv7e-m/libgcc.a(_divdi3.o)
 .debug_frame   0x0000000000002ab0       0x34 /usr/local/gcc-arm-none-eabi-4_8-2014q3/bin/../lib/gcc/arm-none-eabi/4.8.4/armv7e-m/libgcc.a(_udivdi3.o)
