<?xml version="1.0"?>
<link_info>
   <banner>TI ARM Linker PC v5.1.7</banner>
   <copyright>Copyright (c) 1996-2014 Texas Instruments Incorporated</copyright>
   <link_time>0x53e37468</link_time>
   <link_errors>0x0</link_errors>
   <output_file>des.out</output_file>
   <entry_point>
      <name>_c_int00</name>
      <address>0x20008b79</address>
   </entry_point>
   <input_file_list>
      <input_file id="fl-2">
         <path>.\</path>
         <kind>object</kind>
         <file>des_userinput.obj</file>
         <name>des_userinput.obj</name>
      </input_file>
      <input_file id="fl-3">
         <path>.\</path>
         <kind>object</kind>
         <file>main.obj</file>
         <name>main.obj</name>
      </input_file>
      <input_file id="fl-4">
         <path>.\</path>
         <kind>object</kind>
         <file>pinmux.obj</file>
         <name>pinmux.obj</name>
      </input_file>
      <input_file id="fl-5">
         <path>.\</path>
         <kind>object</kind>
         <file>startup_ccs.obj</file>
         <name>startup_ccs.obj</name>
      </input_file>
      <input_file id="fl-6">
         <path>.\</path>
         <kind>object</kind>
         <file>uart_if.obj</file>
         <name>uart_if.obj</name>
      </input_file>
      <input_file id="fl-134">
         <path>c:\ti\ccsv6\tools\compiler\arm_5.1.7\lib\</path>
         <kind>archive</kind>
         <file>rtsv7M4_T_le_eabi.lib</file>
         <name>boot.obj</name>
      </input_file>
      <input_file id="fl-135">
         <path>c:\ti\ccsv6\tools\compiler\arm_5.1.7\lib\</path>
         <kind>archive</kind>
         <file>rtsv7M4_T_le_eabi.lib</file>
         <name>copy_decompress_none.obj</name>
      </input_file>
      <input_file id="fl-136">
         <path>c:\ti\ccsv6\tools\compiler\arm_5.1.7\lib\</path>
         <kind>archive</kind>
         <file>rtsv7M4_T_le_eabi.lib</file>
         <name>copy_decompress_rle.obj</name>
      </input_file>
      <input_file id="fl-137">
         <path>c:\ti\ccsv6\tools\compiler\arm_5.1.7\lib\</path>
         <kind>archive</kind>
         <file>rtsv7M4_T_le_eabi.lib</file>
         <name>copy_zero_init.obj</name>
      </input_file>
      <input_file id="fl-138">
         <path>c:\ti\ccsv6\tools\compiler\arm_5.1.7\lib\</path>
         <kind>archive</kind>
         <file>rtsv7M4_T_le_eabi.lib</file>
         <name>exit.obj</name>
      </input_file>
      <input_file id="fl-139">
         <path>c:\ti\ccsv6\tools\compiler\arm_5.1.7\lib\</path>
         <kind>archive</kind>
         <file>rtsv7M4_T_le_eabi.lib</file>
         <name>memcpy_t2.obj</name>
      </input_file>
      <input_file id="fl-13a">
         <path>c:\ti\ccsv6\tools\compiler\arm_5.1.7\lib\</path>
         <kind>archive</kind>
         <file>rtsv7M4_T_le_eabi.lib</file>
         <name>memory.obj</name>
      </input_file>
      <input_file id="fl-13b">
         <path>c:\ti\ccsv6\tools\compiler\arm_5.1.7\lib\</path>
         <kind>archive</kind>
         <file>rtsv7M4_T_le_eabi.lib</file>
         <name>memset_t2.obj</name>
      </input_file>
      <input_file id="fl-13c">
         <path>c:\ti\ccsv6\tools\compiler\arm_5.1.7\lib\</path>
         <kind>archive</kind>
         <file>rtsv7M4_T_le_eabi.lib</file>
         <name>stkdepth_vars.obj</name>
      </input_file>
      <input_file id="fl-13d">
         <path>c:\ti\ccsv6\tools\compiler\arm_5.1.7\lib\</path>
         <kind>archive</kind>
         <file>rtsv7M4_T_le_eabi.lib</file>
         <name>strcmp.obj</name>
      </input_file>
      <input_file id="fl-13e">
         <path>c:\ti\ccsv6\tools\compiler\arm_5.1.7\lib\</path>
         <kind>archive</kind>
         <file>rtsv7M4_T_le_eabi.lib</file>
         <name>strcpy.obj</name>
      </input_file>
      <input_file id="fl-13f">
         <path>c:\ti\ccsv6\tools\compiler\arm_5.1.7\lib\</path>
         <kind>archive</kind>
         <file>rtsv7M4_T_le_eabi.lib</file>
         <name>strtok.obj</name>
      </input_file>
      <input_file id="fl-140">
         <path>c:\ti\ccsv6\tools\compiler\arm_5.1.7\lib\</path>
         <kind>archive</kind>
         <file>rtsv7M4_T_le_eabi.lib</file>
         <name>vsnprintf.obj</name>
      </input_file>
      <input_file id="fl-141">
         <path>c:\ti\ccsv6\tools\compiler\arm_5.1.7\lib\</path>
         <kind>archive</kind>
         <file>rtsv7M4_T_le_eabi.lib</file>
         <name>_lock.obj</name>
      </input_file>
      <input_file id="fl-142">
         <path>c:\ti\ccsv6\tools\compiler\arm_5.1.7\lib\</path>
         <kind>archive</kind>
         <file>rtsv7M4_T_le_eabi.lib</file>
         <name>_printfi.obj</name>
      </input_file>
      <input_file id="fl-143">
         <path>c:\ti\ccsv6\tools\compiler\arm_5.1.7\lib\</path>
         <kind>archive</kind>
         <file>rtsv7M4_T_le_eabi.lib</file>
         <name>args_main.obj</name>
      </input_file>
      <input_file id="fl-144">
         <path>c:\ti\ccsv6\tools\compiler\arm_5.1.7\lib\</path>
         <kind>archive</kind>
         <file>rtsv7M4_T_le_eabi.lib</file>
         <name>atoi.obj</name>
      </input_file>
      <input_file id="fl-145">
         <path>c:\ti\ccsv6\tools\compiler\arm_5.1.7\lib\</path>
         <kind>archive</kind>
         <file>rtsv7M4_T_le_eabi.lib</file>
         <name>auto_init.obj</name>
      </input_file>
      <input_file id="fl-146">
         <path>c:\ti\ccsv6\tools\compiler\arm_5.1.7\lib\</path>
         <kind>archive</kind>
         <file>rtsv7M4_T_le_eabi.lib</file>
         <name>cpy_tbl.obj</name>
      </input_file>
      <input_file id="fl-147">
         <path>c:\ti\ccsv6\tools\compiler\arm_5.1.7\lib\</path>
         <kind>archive</kind>
         <file>rtsv7M4_T_le_eabi.lib</file>
         <name>ctype.obj</name>
      </input_file>
      <input_file id="fl-148">
         <path>c:\ti\ccsv6\tools\compiler\arm_5.1.7\lib\</path>
         <kind>archive</kind>
         <file>rtsv7M4_T_le_eabi.lib</file>
         <name>fd_add_t2.obj</name>
      </input_file>
      <input_file id="fl-149">
         <path>c:\ti\ccsv6\tools\compiler\arm_5.1.7\lib\</path>
         <kind>archive</kind>
         <file>rtsv7M4_T_le_eabi.lib</file>
         <name>fd_cmp_t2.obj</name>
      </input_file>
      <input_file id="fl-14a">
         <path>c:\ti\ccsv6\tools\compiler\arm_5.1.7\lib\</path>
         <kind>archive</kind>
         <file>rtsv7M4_T_le_eabi.lib</file>
         <name>fd_div_t2.obj</name>
      </input_file>
      <input_file id="fl-14b">
         <path>c:\ti\ccsv6\tools\compiler\arm_5.1.7\lib\</path>
         <kind>archive</kind>
         <file>rtsv7M4_T_le_eabi.lib</file>
         <name>fd_mul_t2.obj</name>
      </input_file>
      <input_file id="fl-14c">
         <path>c:\ti\ccsv6\tools\compiler\arm_5.1.7\lib\</path>
         <kind>archive</kind>
         <file>rtsv7M4_T_le_eabi.lib</file>
         <name>fd_toi_t2.obj</name>
      </input_file>
      <input_file id="fl-14d">
         <path>c:\ti\ccsv6\tools\compiler\arm_5.1.7\lib\</path>
         <kind>archive</kind>
         <file>rtsv7M4_T_le_eabi.lib</file>
         <name>i_tofd_t2.obj</name>
      </input_file>
      <input_file id="fl-14e">
         <path>c:\ti\ccsv6\tools\compiler\arm_5.1.7\lib\</path>
         <kind>archive</kind>
         <file>rtsv7M4_T_le_eabi.lib</file>
         <name>ll_mul_t2.obj</name>
      </input_file>
      <input_file id="fl-14f">
         <path>c:\ti\ccsv6\tools\compiler\arm_5.1.7\lib\</path>
         <kind>archive</kind>
         <file>rtsv7M4_T_le_eabi.lib</file>
         <name>ltoa.obj</name>
      </input_file>
      <input_file id="fl-150">
         <path>c:\ti\ccsv6\tools\compiler\arm_5.1.7\lib\</path>
         <kind>archive</kind>
         <file>rtsv7M4_T_le_eabi.lib</file>
         <name>memccpy.obj</name>
      </input_file>
      <input_file id="fl-151">
         <path>c:\ti\ccsv6\tools\compiler\arm_5.1.7\lib\</path>
         <kind>archive</kind>
         <file>rtsv7M4_T_le_eabi.lib</file>
         <name>strcspn.obj</name>
      </input_file>
      <input_file id="fl-152">
         <path>c:\ti\ccsv6\tools\compiler\arm_5.1.7\lib\</path>
         <kind>archive</kind>
         <file>rtsv7M4_T_le_eabi.lib</file>
         <name>strlen.obj</name>
      </input_file>
      <input_file id="fl-153">
         <path>c:\ti\ccsv6\tools\compiler\arm_5.1.7\lib\</path>
         <kind>archive</kind>
         <file>rtsv7M4_T_le_eabi.lib</file>
         <name>strspn.obj</name>
      </input_file>
      <input_file id="fl-154">
         <path>c:\ti\ccsv6\tools\compiler\arm_5.1.7\lib\</path>
         <kind>archive</kind>
         <file>rtsv7M4_T_le_eabi.lib</file>
         <name>ull_div_t2.obj</name>
      </input_file>
      <input_file id="fl-155">
         <path>c:\ti\ccsv6\tools\compiler\arm_5.1.7\lib\</path>
         <kind>archive</kind>
         <file>rtsv7M4_T_le_eabi.lib</file>
         <name>xdclass.obj</name>
      </input_file>
      <input_file id="fl-156">
         <path>c:\ti\ccsv6\tools\compiler\arm_5.1.7\lib\</path>
         <kind>archive</kind>
         <file>rtsv7M4_T_le_eabi.lib</file>
         <name>xdtest.obj</name>
      </input_file>
      <input_file id="fl-157">
         <path>C:\ti\CC3200SDK\cc3200-sdk\example\des\ccs\..\..\..\driverlib\ccs\Release\</path>
         <kind>archive</kind>
         <file>driverlib.a</file>
         <name>des.obj</name>
      </input_file>
      <input_file id="fl-158">
         <path>C:\ti\CC3200SDK\cc3200-sdk\example\des\ccs\..\..\..\driverlib\ccs\Release\</path>
         <kind>archive</kind>
         <file>driverlib.a</file>
         <name>interrupt.obj</name>
      </input_file>
      <input_file id="fl-159">
         <path>C:\ti\CC3200SDK\cc3200-sdk\example\des\ccs\..\..\..\driverlib\ccs\Release\</path>
         <kind>archive</kind>
         <file>driverlib.a</file>
         <name>pin.obj</name>
      </input_file>
      <input_file id="fl-15a">
         <path>C:\ti\CC3200SDK\cc3200-sdk\example\des\ccs\..\..\..\driverlib\ccs\Release\</path>
         <kind>archive</kind>
         <file>driverlib.a</file>
         <name>prcm.obj</name>
      </input_file>
      <input_file id="fl-15b">
         <path>C:\ti\CC3200SDK\cc3200-sdk\example\des\ccs\..\..\..\driverlib\ccs\Release\</path>
         <kind>archive</kind>
         <file>driverlib.a</file>
         <name>uart.obj</name>
      </input_file>
      <input_file id="fl-15c">
         <path>C:\ti\CC3200SDK\cc3200-sdk\example\des\ccs\..\..\..\driverlib\ccs\Release\</path>
         <kind>archive</kind>
         <file>driverlib.a</file>
         <name>cpu.obj</name>
      </input_file>
      <input_file id="fl-15d">
         <path>C:\ti\CC3200SDK\cc3200-sdk\example\des\ccs\..\..\..\driverlib\ccs\Release\</path>
         <kind>archive</kind>
         <file>driverlib.a</file>
         <name>flash.obj</name>
      </input_file>
      <input_file id="fl-15e">
         <path>C:\ti\CC3200SDK\cc3200-sdk\example\des\ccs\..\..\..\driverlib\ccs\Release\</path>
         <kind>archive</kind>
         <file>driverlib.a</file>
         <name>utils.obj</name>
      </input_file>
      <input_file id="fl-15f">
         <path>c:\ti\ccsv6\tools\compiler\arm_5.1.7\lib\</path>
         <kind>archive</kind>
         <file>rtsv7M4_T_le_eabi.lib</file>
         <name>ll_lsr_t2.obj</name>
      </input_file>
   </input_file_list>
   <object_component_list>
      <object_component id="oc-e">
         <name>.intvecs</name>
         <load_address>0x20004000</load_address>
         <run_address>0x20004000</run_address>
         <size>0x400</size>
         <input_file_ref idref="fl-5"/>
      </object_component>
      <object_component id="oc-1a7">
         <name>.text</name>
         <load_address>0x20004400</load_address>
         <run_address>0x20004400</run_address>
         <size>0xec0</size>
         <input_file_ref idref="fl-142"/>
      </object_component>
      <object_component id="oc-c7">
         <name>.text</name>
         <load_address>0x200052c0</load_address>
         <run_address>0x200052c0</run_address>
         <size>0x98c</size>
         <input_file_ref idref="fl-15a"/>
      </object_component>
      <object_component id="oc-e1">
         <name>.text</name>
         <load_address>0x20005c4c</load_address>
         <run_address>0x20005c4c</run_address>
         <size>0x818</size>
         <input_file_ref idref="fl-2"/>
      </object_component>
      <object_component id="oc-118">
         <name>.text</name>
         <load_address>0x20006464</load_address>
         <run_address>0x20006464</run_address>
         <size>0x48c</size>
         <input_file_ref idref="fl-15b"/>
      </object_component>
      <object_component id="oc-b0">
         <name>.text</name>
         <load_address>0x200068f0</load_address>
         <run_address>0x200068f0</run_address>
         <size>0x440</size>
         <input_file_ref idref="fl-157"/>
      </object_component>
      <object_component id="oc-b6">
         <name>.text</name>
         <load_address>0x20006d30</load_address>
         <run_address>0x20006d30</run_address>
         <size>0x3dc</size>
         <input_file_ref idref="fl-13a"/>
      </object_component>
      <object_component id="oc-7d">
         <name>.text</name>
         <load_address>0x2000710c</load_address>
         <run_address>0x2000710c</run_address>
         <size>0x3d4</size>
         <input_file_ref idref="fl-3"/>
      </object_component>
      <object_component id="oc-cd">
         <name>.text</name>
         <load_address>0x200074e0</load_address>
         <run_address>0x200074e0</run_address>
         <size>0x370</size>
         <input_file_ref idref="fl-158"/>
      </object_component>
      <object_component id="oc-137">
         <name>.text</name>
         <load_address>0x20007850</load_address>
         <run_address>0x20007850</run_address>
         <size>0x300</size>
         <input_file_ref idref="fl-15d"/>
      </object_component>
      <object_component id="oc-169">
         <name>.text</name>
         <load_address>0x20007b50</load_address>
         <run_address>0x20007b50</run_address>
         <size>0x284</size>
         <input_file_ref idref="fl-159"/>
      </object_component>
      <object_component id="oc-12d">
         <name>.text</name>
         <load_address>0x20007dd4</load_address>
         <run_address>0x20007dd4</run_address>
         <size>0x1f4</size>
         <input_file_ref idref="fl-154"/>
      </object_component>
      <object_component id="oc-c1">
         <name>.text</name>
         <load_address>0x20007fc8</load_address>
         <run_address>0x20007fc8</run_address>
         <size>0x1d4</size>
         <input_file_ref idref="fl-6"/>
      </object_component>
      <object_component id="oc-237">
         <name>.text</name>
         <load_address>0x2000819c</load_address>
         <run_address>0x2000819c</run_address>
         <size>0x1b6</size>
         <input_file_ref idref="fl-148"/>
      </object_component>
      <object_component id="oc-21d">
         <name>.text</name>
         <load_address>0x20008352</load_address>
         <run_address>0x20008352</run_address>
         <size>0x136</size>
         <input_file_ref idref="fl-14a"/>
      </object_component>
      <object_component id="oc-218">
         <name>.text</name>
         <load_address>0x20008488</load_address>
         <run_address>0x20008488</run_address>
         <size>0xfc</size>
         <input_file_ref idref="fl-14b"/>
      </object_component>
      <object_component id="oc-4a">
         <name>.text</name>
         <load_address>0x20008584</load_address>
         <run_address>0x20008584</run_address>
         <size>0x9c</size>
         <input_file_ref idref="fl-139"/>
      </object_component>
      <object_component id="oc-35">
         <name>.text</name>
         <load_address>0x20008620</load_address>
         <run_address>0x20008620</run_address>
         <size>0x94</size>
         <input_file_ref idref="fl-145"/>
      </object_component>
      <object_component id="oc-11e">
         <name>.text</name>
         <load_address>0x200086b4</load_address>
         <run_address>0x200086b4</run_address>
         <size>0x88</size>
         <input_file_ref idref="fl-140"/>
      </object_component>
      <object_component id="oc-213">
         <name>.text:__aeabi_cdcmple</name>
         <load_address>0x2000873c</load_address>
         <run_address>0x2000873c</run_address>
         <size>0x86</size>
         <input_file_ref idref="fl-149"/>
      </object_component>
      <object_component id="oc-222">
         <name>.text:__aeabi_cdrcmple</name>
         <load_address>0x200087c2</load_address>
         <run_address>0x200087c2</run_address>
         <size>0x86</size>
         <input_file_ref idref="fl-149"/>
      </object_component>
      <object_component id="oc-bc">
         <name>.text</name>
         <load_address>0x20008848</load_address>
         <run_address>0x20008848</run_address>
         <size>0x78</size>
         <input_file_ref idref="fl-13b"/>
      </object_component>
      <object_component id="oc-13d">
         <name>.text</name>
         <load_address>0x200088c0</load_address>
         <run_address>0x200088c0</run_address>
         <size>0x5e</size>
         <input_file_ref idref="fl-15c"/>
      </object_component>
      <object_component id="oc-5d">
         <name>.text</name>
         <load_address>0x2000891e</load_address>
         <run_address>0x2000891e</run_address>
         <size>0x5e</size>
         <input_file_ref idref="fl-136"/>
      </object_component>
      <object_component id="oc-22c">
         <name>.text</name>
         <load_address>0x2000897c</load_address>
         <run_address>0x2000897c</run_address>
         <size>0x5a</size>
         <input_file_ref idref="fl-14f"/>
      </object_component>
      <object_component id="oc-248">
         <name>.text</name>
         <load_address>0x200089d8</load_address>
         <run_address>0x200089d8</run_address>
         <size>0x4c</size>
         <input_file_ref idref="fl-144"/>
      </object_component>
      <object_component id="oc-227">
         <name>.text</name>
         <load_address>0x20008a24</load_address>
         <run_address>0x20008a24</run_address>
         <size>0x48</size>
         <input_file_ref idref="fl-14c"/>
      </object_component>
      <object_component id="oc-76">
         <name>.text</name>
         <load_address>0x20008a6c</load_address>
         <run_address>0x20008a6c</run_address>
         <size>0x44</size>
         <input_file_ref idref="fl-146"/>
      </object_component>
      <object_component id="oc-40">
         <name>.text</name>
         <load_address>0x20008ab0</load_address>
         <run_address>0x20008ab0</run_address>
         <size>0x44</size>
         <input_file_ref idref="fl-138"/>
      </object_component>
      <object_component id="oc-27e">
         <name>.text</name>
         <load_address>0x20008af4</load_address>
         <run_address>0x20008af4</run_address>
         <size>0x44</size>
         <input_file_ref idref="fl-156"/>
      </object_component>
      <object_component id="oc-17e">
         <name>.text</name>
         <load_address>0x20008b38</load_address>
         <run_address>0x20008b38</run_address>
         <size>0x40</size>
         <input_file_ref idref="fl-13f"/>
      </object_component>
      <object_component id="oc-11">
         <name>.text</name>
         <load_address>0x20008b78</load_address>
         <run_address>0x20008b78</run_address>
         <size>0x34</size>
         <input_file_ref idref="fl-134"/>
      </object_component>
      <object_component id="oc-232">
         <name>.text</name>
         <load_address>0x20008bac</load_address>
         <run_address>0x20008bac</run_address>
         <size>0x2e</size>
         <input_file_ref idref="fl-14d"/>
      </object_component>
      <object_component id="oc-1ed">
         <name>.text</name>
         <load_address>0x20008bda</load_address>
         <run_address>0x20008bda</run_address>
         <size>0x2a</size>
         <input_file_ref idref="fl-153"/>
      </object_component>
      <object_component id="oc-1f3">
         <name>.text</name>
         <load_address>0x20008c04</load_address>
         <run_address>0x20008c04</run_address>
         <size>0x22</size>
         <input_file_ref idref="fl-151"/>
      </object_component>
      <object_component id="oc-132">
         <name>.text</name>
         <load_address>0x20008c26</load_address>
         <run_address>0x20008c26</run_address>
         <size>0x1e</size>
         <input_file_ref idref="fl-15f"/>
      </object_component>
      <object_component id="oc-db">
         <name>.text</name>
         <load_address>0x20008c44</load_address>
         <run_address>0x20008c44</run_address>
         <size>0x1c</size>
         <input_file_ref idref="fl-4"/>
      </object_component>
      <object_component id="oc-242">
         <name>.text</name>
         <load_address>0x20008c60</load_address>
         <run_address>0x20008c60</run_address>
         <size>0x1c</size>
         <input_file_ref idref="fl-150"/>
      </object_component>
      <object_component id="oc-3a">
         <name>.text</name>
         <load_address>0x20008c7c</load_address>
         <run_address>0x20008c7c</run_address>
         <size>0x18</size>
         <input_file_ref idref="fl-143"/>
      </object_component>
      <object_component id="oc-208">
         <name>.text</name>
         <load_address>0x20008c94</load_address>
         <run_address>0x20008c94</run_address>
         <size>0x18</size>
         <input_file_ref idref="fl-14e"/>
      </object_component>
      <object_component id="oc-184">
         <name>.text</name>
         <load_address>0x20008cac</load_address>
         <run_address>0x20008cac</run_address>
         <size>0x18</size>
         <input_file_ref idref="fl-13d"/>
      </object_component>
      <object_component id="oc-fc">
         <name>.text</name>
         <load_address>0x20008cc4</load_address>
         <run_address>0x20008cc4</run_address>
         <size>0x14</size>
         <input_file_ref idref="fl-141"/>
      </object_component>
      <object_component id="oc-20d">
         <name>.text</name>
         <load_address>0x20008cd8</load_address>
         <run_address>0x20008cd8</run_address>
         <size>0x14</size>
         <input_file_ref idref="fl-152"/>
      </object_component>
      <object_component id="oc-1c">
         <name>.text:decompress:ZI</name>
         <load_address>0x20008cec</load_address>
         <run_address>0x20008cec</run_address>
         <size>0x12</size>
         <input_file_ref idref="fl-137"/>
      </object_component>
      <object_component id="oc-170">
         <name>.text</name>
         <load_address>0x20008cfe</load_address>
         <run_address>0x20008cfe</run_address>
         <size>0x10</size>
         <input_file_ref idref="fl-13e"/>
      </object_component>
      <object_component id="oc-16">
         <name>.text:decompress:none</name>
         <load_address>0x20008d0e</load_address>
         <run_address>0x20008d0e</run_address>
         <size>0xe</size>
         <input_file_ref idref="fl-135"/>
      </object_component>
      <object_component id="oc-23c">
         <name>.text</name>
         <load_address>0x20008d1c</load_address>
         <run_address>0x20008d1c</run_address>
         <size>0xe</size>
         <input_file_ref idref="fl-155"/>
      </object_component>
      <object_component id="oc-2c">
         <name>.text</name>
         <load_address>0x20008d2a</load_address>
         <run_address>0x20008d2a</run_address>
         <size>0xe</size>
         <input_file_ref idref="fl-5"/>
      </object_component>
      <object_component id="oc-1c2">
         <name>.text:UtilsDelay</name>
         <load_address>0x20008d38</load_address>
         <run_address>0x20008d38</run_address>
         <size>0x6</size>
         <input_file_ref idref="fl-15e"/>
      </object_component>
      <object_component id="oc-22">
         <name>.text:decompress:rle24</name>
         <load_address>0x20008d3e</load_address>
         <run_address>0x20008d3e</run_address>
         <size>0x6</size>
         <input_file_ref idref="fl-136"/>
      </object_component>
      <object_component id="oc-287">
         <name>.const:.string:_ctypes_</name>
         <load_address>0x20008d44</load_address>
         <run_address>0x20008d44</run_address>
         <size>0x102</size>
         <input_file_ref idref="fl-147"/>
      </object_component>
      <object_component id="oc-1e4">
         <name>.const:g_ulPinToPadMap</name>
         <load_address>0x20008e48</load_address>
         <run_address>0x20008e48</run_address>
         <size>0x100</size>
         <input_file_ref idref="fl-159"/>
      </object_component>
      <object_component id="oc-150">
         <name>.const:g_pulRegs</name>
         <load_address>0x20008f48</load_address>
         <run_address>0x20008f48</run_address>
         <size>0xd4</size>
         <input_file_ref idref="fl-158"/>
      </object_component>
      <object_component id="oc-143">
         <name>.const:PRCM_PeriphRegsList</name>
         <load_address>0x2000901c</load_address>
         <run_address>0x2000901c</run_address>
         <size>0xa0</size>
         <input_file_ref idref="fl-15a"/>
      </object_component>
      <object_component id="oc-14d">
         <name>.const</name>
         <load_address>0x200090bc</load_address>
         <run_address>0x200090bc</run_address>
         <size>0x80</size>
         <input_file_ref idref="fl-158"/>
      </object_component>
      <object_component id="oc-1c6">
         <name>.const:g_pulFMPPERegs</name>
         <load_address>0x2000913c</load_address>
         <run_address>0x2000913c</run_address>
         <size>0x40</size>
         <input_file_ref idref="fl-15d"/>
      </object_component>
      <object_component id="oc-1c3">
         <name>.const:g_pulFMPRERegs</name>
         <load_address>0x2000917c</load_address>
         <run_address>0x2000917c</run_address>
         <size>0x40</size>
         <input_file_ref idref="fl-15d"/>
      </object_component>
      <object_component id="oc-1a2">
         <name>.const</name>
         <load_address>0x200091bc</load_address>
         <run_address>0x200091bc</run_address>
         <size>0x10</size>
         <input_file_ref idref="fl-15b"/>
      </object_component>
      <object_component id="oc-e7">
         <name>.const:.string</name>
         <load_address>0x200091cc</load_address>
         <run_address>0x200091cc</run_address>
         <size>0x8</size>
         <input_file_ref idref="fl-3"/>
      </object_component>
      <object_component id="oc-2c6">
         <name>.cinit..data.load</name>
         <load_address>0x200091d8</load_address>
         <run_address>0x200091d8</run_address>
         <size>0xd3</size>
      </object_component>
      <object_component id="oc-2c4">
         <name>__TI_handler_table</name>
         <load_address>0x200092ac</load_address>
         <run_address>0x200092ac</run_address>
         <size>0xc</size>
      </object_component>
      <object_component id="oc-2c7">
         <name>.cinit..bss.load</name>
         <load_address>0x200092b8</load_address>
         <run_address>0x200092b8</run_address>
         <size>0x8</size>
      </object_component>
      <object_component id="oc-2c5">
         <name>__TI_cinit_table</name>
         <load_address>0x200092c0</load_address>
         <run_address>0x200092c0</run_address>
         <size>0x10</size>
      </object_component>
      <object_component id="oc-46">
         <name>.data</name>
         <load_address>0x2001f0dc</load_address>
         <run_address>0x2001f0dc</run_address>
         <size>0x4</size>
         <input_file_ref idref="fl-13c"/>
      </object_component>
      <object_component id="oc-85">
         <name>.data</name>
         <load_address>0x2001f0c8</load_address>
         <run_address>0x2001f0c8</run_address>
         <size>0x8</size>
         <input_file_ref idref="fl-141"/>
      </object_component>
      <object_component id="oc-88">
         <name>.data</name>
         <load_address>0x2001f0d0</load_address>
         <run_address>0x2001f0d0</run_address>
         <size>0x8</size>
         <input_file_ref idref="fl-138"/>
      </object_component>
      <object_component id="oc-d8">
         <name>.data:psDESTestVectors</name>
         <load_address>0x2001f000</load_address>
         <run_address>0x2001f000</run_address>
         <size>0x5c</size>
         <input_file_ref idref="fl-3"/>
      </object_component>
      <object_component id="oc-113">
         <name>.data</name>
         <load_address>0x2001f0bc</load_address>
         <run_address>0x2001f0bc</run_address>
         <size>0xc</size>
         <input_file_ref idref="fl-13a"/>
      </object_component>
      <object_component id="oc-15c">
         <name>.data</name>
         <load_address>0x2001f09c</load_address>
         <run_address>0x2001f09c</run_address>
         <size>0x20</size>
         <input_file_ref idref="fl-3"/>
      </object_component>
      <object_component id="oc-15f">
         <name>.data:pui32DESPlainText</name>
         <load_address>0x2001f05c</load_address>
         <run_address>0x2001f05c</run_address>
         <size>0x40</size>
         <input_file_ref idref="fl-3"/>
      </object_component>
      <object_component id="oc-18a">
         <name>.data</name>
         <load_address>0x2001f0d8</load_address>
         <run_address>0x2001f0d8</run_address>
         <size>0x4</size>
         <input_file_ref idref="fl-2"/>
      </object_component>
      <object_component id="oc-1f9">
         <name>.data</name>
         <load_address>0x2001f0e0</load_address>
         <run_address>0x2001f0e0</run_address>
         <size>0x4</size>
         <input_file_ref idref="fl-13f"/>
      </object_component>
      <object_component id="oc-195">
         <name>.bss:pui32AESPlainMsg</name>
         <uninitialized>true</uninitialized>
         <run_address>0x2001f0e4</run_address>
         <size>0x40</size>
         <input_file_ref idref="fl-2"/>
      </object_component>
      <object_component id="oc-18e">
         <name>.common:DESKey1</name>
         <uninitialized>true</uninitialized>
         <run_address>0x2001f144</run_address>
         <size>0x4</size>
      </object_component>
      <object_component id="oc-18f">
         <name>.common:DESKey2</name>
         <uninitialized>true</uninitialized>
         <run_address>0x2001f148</run_address>
         <size>0x4</size>
      </object_component>
      <object_component id="oc-18d">
         <name>.common:DESKey3</name>
         <uninitialized>true</uninitialized>
         <run_address>0x2001f14c</run_address>
         <size>0x4</size>
      </object_component>
      <object_component id="oc-193">
         <name>.common:TDESKey1</name>
         <uninitialized>true</uninitialized>
         <run_address>0x2001f150</run_address>
         <size>0x4</size>
      </object_component>
      <object_component id="oc-194">
         <name>.common:TDESKey2</name>
         <uninitialized>true</uninitialized>
         <run_address>0x2001f154</run_address>
         <size>0x4</size>
      </object_component>
      <object_component id="oc-192">
         <name>.common:TDESKey3</name>
         <uninitialized>true</uninitialized>
         <run_address>0x2001f158</run_address>
         <size>0x4</size>
      </object_component>
      <object_component id="oc-190">
         <name>.common:uiDESKey</name>
         <uninitialized>true</uninitialized>
         <run_address>0x2001f13c</run_address>
         <size>0x8</size>
      </object_component>
      <object_component id="oc-191">
         <name>.common:uiTDESKey</name>
         <uninitialized>true</uninitialized>
         <run_address>0x2001f124</run_address>
         <size>0x18</size>
      </object_component>
      <object_component id="oc-d3">
         <name>.common:g_bContextInIntFlag</name>
         <uninitialized>true</uninitialized>
         <run_address>0x2001f160</run_address>
         <size>0x1</size>
      </object_component>
      <object_component id="oc-d6">
         <name>.common:g_bDataInIntFlag</name>
         <uninitialized>true</uninitialized>
         <run_address>0x2001f161</run_address>
         <size>0x1</size>
      </object_component>
      <object_component id="oc-d7">
         <name>.common:g_bDataOutIntFlag</name>
         <uninitialized>true</uninitialized>
         <run_address>0x2001f162</run_address>
         <size>0x1</size>
      </object_component>
      <object_component id="oc-124">
         <name>.common:__Errorlog</name>
         <uninitialized>true</uninitialized>
         <run_address>0x2001f15c</run_address>
         <size>0x4</size>
      </object_component>
      <object_component id="oc-29">
         <name>.sysmem</name>
         <uninitialized>true</uninitialized>
         <run_address>0x20017000</run_address>
         <size>0x8</size>
         <input_file_ref idref="fl-13a"/>
      </object_component>
      <object_component id="oc-2c9">
         <name>.sysmem</name>
         <uninitialized>true</uninitialized>
         <run_address>0x20017000</run_address>
         <size>0x0</size>
      </object_component>
      <object_component id="oc-28">
         <name>.stack</name>
         <uninitialized>true</uninitialized>
         <run_address>0x2002f000</run_address>
         <size>0x0</size>
         <input_file_ref idref="fl-134"/>
      </object_component>
      <object_component id="oc-2c8">
         <name>.stack</name>
         <uninitialized>true</uninitialized>
         <run_address>0x2002f000</run_address>
         <size>0x0</size>
      </object_component>
      <object_component id="oc-f">
         <name>.debug_info</name>
         <load_address>0x0</load_address>
         <run_address>0x0</run_address>
         <size>0x100</size>
         <input_file_ref idref="fl-5"/>
      </object_component>
      <object_component id="oc-14">
         <name>.debug_info</name>
         <load_address>0x100</load_address>
         <run_address>0x100</run_address>
         <size>0x105</size>
         <input_file_ref idref="fl-134"/>
      </object_component>
      <object_component id="oc-19">
         <name>.debug_info</name>
         <load_address>0x205</load_address>
         <run_address>0x205</run_address>
         <size>0x1a6</size>
         <input_file_ref idref="fl-135"/>
      </object_component>
      <object_component id="oc-1e">
         <name>.debug_info</name>
         <load_address>0x3ab</load_address>
         <run_address>0x3ab</run_address>
         <size>0x17c</size>
         <input_file_ref idref="fl-137"/>
      </object_component>
      <object_component id="oc-24">
         <name>.debug_info</name>
         <load_address>0x527</load_address>
         <run_address>0x527</run_address>
         <size>0x1a0</size>
         <input_file_ref idref="fl-136"/>
      </object_component>
      <object_component id="oc-2a">
         <name>.debug_info</name>
         <load_address>0x6c7</load_address>
         <run_address>0x6c7</run_address>
         <size>0xc8</size>
         <input_file_ref idref="fl-13a"/>
      </object_component>
      <object_component id="oc-2d">
         <name>.debug_info</name>
         <load_address>0x78f</load_address>
         <run_address>0x78f</run_address>
         <size>0x3f0</size>
         <input_file_ref idref="fl-5"/>
      </object_component>
      <object_component id="oc-34">
         <name>.debug_info</name>
         <load_address>0xb7f</load_address>
         <run_address>0xb7f</run_address>
         <size>0x11b</size>
         <input_file_ref idref="fl-5"/>
      </object_component>
      <object_component id="oc-37">
         <name>.debug_info</name>
         <load_address>0xc9a</load_address>
         <run_address>0xc9a</run_address>
         <size>0x14f</size>
         <input_file_ref idref="fl-145"/>
      </object_component>
      <object_component id="oc-3b">
         <name>.debug_info</name>
         <load_address>0xde9</load_address>
         <run_address>0xde9</run_address>
         <size>0x12e</size>
         <input_file_ref idref="fl-143"/>
      </object_component>
      <object_component id="oc-42">
         <name>.debug_info</name>
         <load_address>0xf17</load_address>
         <run_address>0xf17</run_address>
         <size>0x1d4</size>
         <input_file_ref idref="fl-138"/>
      </object_component>
      <object_component id="oc-47">
         <name>.debug_info</name>
         <load_address>0x10eb</load_address>
         <run_address>0x10eb</run_address>
         <size>0xd0</size>
         <input_file_ref idref="fl-13c"/>
      </object_component>
      <object_component id="oc-4b">
         <name>.debug_info</name>
         <load_address>0x11bb</load_address>
         <run_address>0x11bb</run_address>
         <size>0xde</size>
         <input_file_ref idref="fl-139"/>
      </object_component>
      <object_component id="oc-50">
         <name>.debug_info</name>
         <load_address>0x1299</load_address>
         <run_address>0x1299</run_address>
         <size>0x46</size>
         <input_file_ref idref="fl-135"/>
      </object_component>
      <object_component id="oc-55">
         <name>.debug_info</name>
         <load_address>0x12df</load_address>
         <run_address>0x12df</run_address>
         <size>0x104</size>
         <input_file_ref idref="fl-135"/>
      </object_component>
      <object_component id="oc-57">
         <name>.debug_info</name>
         <load_address>0x13e3</load_address>
         <run_address>0x13e3</run_address>
         <size>0x46</size>
         <input_file_ref idref="fl-137"/>
      </object_component>
      <object_component id="oc-5c">
         <name>.debug_info</name>
         <load_address>0x1429</load_address>
         <run_address>0x1429</run_address>
         <size>0xbf</size>
         <input_file_ref idref="fl-137"/>
      </object_component>
      <object_component id="oc-5f">
         <name>.debug_info</name>
         <load_address>0x14e8</load_address>
         <run_address>0x14e8</run_address>
         <size>0x201</size>
         <input_file_ref idref="fl-136"/>
      </object_component>
      <object_component id="oc-64">
         <name>.debug_info</name>
         <load_address>0x16e9</load_address>
         <run_address>0x16e9</run_address>
         <size>0xc9</size>
         <input_file_ref idref="fl-136"/>
      </object_component>
      <object_component id="oc-65">
         <name>.debug_info</name>
         <load_address>0x17b2</load_address>
         <run_address>0x17b2</run_address>
         <size>0x39</size>
         <input_file_ref idref="fl-136"/>
      </object_component>
      <object_component id="oc-6c">
         <name>.debug_info</name>
         <load_address>0x17eb</load_address>
         <run_address>0x17eb</run_address>
         <size>0x1e9</size>
         <input_file_ref idref="fl-13a"/>
      </object_component>
      <object_component id="oc-71">
         <name>.debug_info</name>
         <load_address>0x19d4</load_address>
         <run_address>0x19d4</run_address>
         <size>0x84</size>
         <input_file_ref idref="fl-4"/>
      </object_component>
      <object_component id="oc-77">
         <name>.debug_info</name>
         <load_address>0x1a58</load_address>
         <run_address>0x1a58</run_address>
         <size>0x15d</size>
         <input_file_ref idref="fl-146"/>
      </object_component>
      <object_component id="oc-7e">
         <name>.debug_info</name>
         <load_address>0x1bb5</load_address>
         <run_address>0x1bb5</run_address>
         <size>0xa7f</size>
         <input_file_ref idref="fl-3"/>
      </object_component>
      <object_component id="oc-84">
         <name>.debug_info</name>
         <load_address>0x2634</load_address>
         <run_address>0x2634</run_address>
         <size>0x12d</size>
         <input_file_ref idref="fl-143"/>
      </object_component>
      <object_component id="oc-86">
         <name>.debug_info</name>
         <load_address>0x2761</load_address>
         <run_address>0x2761</run_address>
         <size>0xda</size>
         <input_file_ref idref="fl-141"/>
      </object_component>
      <object_component id="oc-89">
         <name>.debug_info</name>
         <load_address>0x283b</load_address>
         <run_address>0x283b</run_address>
         <size>0xfd</size>
         <input_file_ref idref="fl-138"/>
      </object_component>
      <object_component id="oc-8c">
         <name>.debug_info</name>
         <load_address>0x2938</load_address>
         <run_address>0x2938</run_address>
         <size>0x158</size>
         <input_file_ref idref="fl-138"/>
      </object_component>
      <object_component id="oc-91">
         <name>.debug_info</name>
         <load_address>0x2a90</load_address>
         <run_address>0x2a90</run_address>
         <size>0x2c</size>
         <input_file_ref idref="fl-135"/>
      </object_component>
      <object_component id="oc-98">
         <name>.debug_info</name>
         <load_address>0x2abc</load_address>
         <run_address>0x2abc</run_address>
         <size>0x2c</size>
         <input_file_ref idref="fl-137"/>
      </object_component>
      <object_component id="oc-a4">
         <name>.debug_info</name>
         <load_address>0x2ae8</load_address>
         <run_address>0x2ae8</run_address>
         <size>0x2c</size>
         <input_file_ref idref="fl-13a"/>
      </object_component>
      <object_component id="oc-a9">
         <name>.debug_info</name>
         <load_address>0x2b14</load_address>
         <run_address>0x2b14</run_address>
         <size>0x62</size>
         <input_file_ref idref="fl-13a"/>
      </object_component>
      <object_component id="oc-af">
         <name>.debug_info</name>
         <load_address>0x2b76</load_address>
         <run_address>0x2b76</run_address>
         <size>0x15a</size>
         <input_file_ref idref="fl-146"/>
      </object_component>
      <object_component id="oc-b1">
         <name>.debug_info</name>
         <load_address>0x2cd0</load_address>
         <run_address>0x2cd0</run_address>
         <size>0x1578</size>
         <input_file_ref idref="fl-157"/>
      </object_component>
      <object_component id="oc-b7">
         <name>.debug_info</name>
         <load_address>0x4248</load_address>
         <run_address>0x4248</run_address>
         <size>0x867</size>
         <input_file_ref idref="fl-13a"/>
      </object_component>
      <object_component id="oc-bd">
         <name>.debug_info</name>
         <load_address>0x4aaf</load_address>
         <run_address>0x4aaf</run_address>
         <size>0x10e</size>
         <input_file_ref idref="fl-13b"/>
      </object_component>
      <object_component id="oc-c2">
         <name>.debug_info</name>
         <load_address>0x4bbd</load_address>
         <run_address>0x4bbd</run_address>
         <size>0x6e8</size>
         <input_file_ref idref="fl-6"/>
      </object_component>
      <object_component id="oc-c8">
         <name>.debug_info</name>
         <load_address>0x52a5</load_address>
         <run_address>0x52a5</run_address>
         <size>0x284a</size>
         <input_file_ref idref="fl-15a"/>
      </object_component>
      <object_component id="oc-d1">
         <name>.debug_info</name>
         <load_address>0x7aef</load_address>
         <run_address>0x7aef</run_address>
         <size>0xed3</size>
         <input_file_ref idref="fl-158"/>
      </object_component>
      <object_component id="oc-d4">
         <name>.debug_info</name>
         <load_address>0x89c2</load_address>
         <run_address>0x89c2</run_address>
         <size>0x614</size>
         <input_file_ref idref="fl-3"/>
      </object_component>
      <object_component id="oc-d9">
         <name>.debug_info</name>
         <load_address>0x8fd6</load_address>
         <run_address>0x8fd6</run_address>
         <size>0xfe</size>
         <input_file_ref idref="fl-3"/>
      </object_component>
      <object_component id="oc-dc">
         <name>.debug_info</name>
         <load_address>0x90d4</load_address>
         <run_address>0x90d4</run_address>
         <size>0x1b0</size>
         <input_file_ref idref="fl-4"/>
      </object_component>
      <object_component id="oc-e2">
         <name>.debug_info</name>
         <load_address>0x9284</load_address>
         <run_address>0x9284</run_address>
         <size>0xd35</size>
         <input_file_ref idref="fl-2"/>
      </object_component>
      <object_component id="oc-e8">
         <name>.debug_info</name>
         <load_address>0x9fb9</load_address>
         <run_address>0x9fb9</run_address>
         <size>0xec</size>
         <input_file_ref idref="fl-3"/>
      </object_component>
      <object_component id="oc-eb">
         <name>.debug_info</name>
         <load_address>0xa0a5</load_address>
         <run_address>0xa0a5</run_address>
         <size>0x18b</size>
         <input_file_ref idref="fl-2"/>
      </object_component>
      <object_component id="oc-f0">
         <name>.debug_info</name>
         <load_address>0xa230</load_address>
         <run_address>0xa230</run_address>
         <size>0x8b</size>
         <input_file_ref idref="fl-2"/>
      </object_component>
      <object_component id="oc-f7">
         <name>.debug_info</name>
         <load_address>0xa2bb</load_address>
         <run_address>0xa2bb</run_address>
         <size>0x5e</size>
         <input_file_ref idref="fl-143"/>
      </object_component>
      <object_component id="oc-fd">
         <name>.debug_info</name>
         <load_address>0xa319</load_address>
         <run_address>0xa319</run_address>
         <size>0x1e6</size>
         <input_file_ref idref="fl-141"/>
      </object_component>
      <object_component id="oc-104">
         <name>.debug_info</name>
         <load_address>0xa4ff</load_address>
         <run_address>0xa4ff</run_address>
         <size>0xeb</size>
         <input_file_ref idref="fl-141"/>
      </object_component>
      <object_component id="oc-10c">
         <name>.debug_info</name>
         <load_address>0xa5ea</load_address>
         <run_address>0xa5ea</run_address>
         <size>0xcd</size>
         <input_file_ref idref="fl-146"/>
      </object_component>
      <object_component id="oc-112">
         <name>.debug_info</name>
         <load_address>0xa6b7</load_address>
         <run_address>0xa6b7</run_address>
         <size>0x1ad</size>
         <input_file_ref idref="fl-157"/>
      </object_component>
      <object_component id="oc-114">
         <name>.debug_info</name>
         <load_address>0xa864</load_address>
         <run_address>0xa864</run_address>
         <size>0x113</size>
         <input_file_ref idref="fl-13a"/>
      </object_component>
      <object_component id="oc-11b">
         <name>.debug_info</name>
         <load_address>0xa977</load_address>
         <run_address>0xa977</run_address>
         <size>0x23d0</size>
         <input_file_ref idref="fl-15b"/>
      </object_component>
      <object_component id="oc-120">
         <name>.debug_info</name>
         <load_address>0xcd47</load_address>
         <run_address>0xcd47</run_address>
         <size>0x361</size>
         <input_file_ref idref="fl-140"/>
      </object_component>
      <object_component id="oc-125">
         <name>.debug_info</name>
         <load_address>0xd0a8</load_address>
         <run_address>0xd0a8</run_address>
         <size>0x2d0</size>
         <input_file_ref idref="fl-6"/>
      </object_component>
      <object_component id="oc-128">
         <name>.debug_info</name>
         <load_address>0xd378</load_address>
         <run_address>0xd378</run_address>
         <size>0x4e</size>
         <input_file_ref idref="fl-2"/>
      </object_component>
      <object_component id="oc-12e">
         <name>.debug_info</name>
         <load_address>0xd3c6</load_address>
         <run_address>0xd3c6</run_address>
         <size>0x14c</size>
         <input_file_ref idref="fl-154"/>
      </object_component>
      <object_component id="oc-135">
         <name>.debug_info</name>
         <load_address>0xd512</load_address>
         <run_address>0xd512</run_address>
         <size>0xe7</size>
         <input_file_ref idref="fl-15f"/>
      </object_component>
      <object_component id="oc-138">
         <name>.debug_info</name>
         <load_address>0xd5f9</load_address>
         <run_address>0xd5f9</run_address>
         <size>0xd10</size>
         <input_file_ref idref="fl-15d"/>
      </object_component>
      <object_component id="oc-141">
         <name>.debug_info</name>
         <load_address>0xe309</load_address>
         <run_address>0xe309</run_address>
         <size>0x45f</size>
         <input_file_ref idref="fl-15c"/>
      </object_component>
      <object_component id="oc-144">
         <name>.debug_info</name>
         <load_address>0xe768</load_address>
         <run_address>0xe768</run_address>
         <size>0xff</size>
         <input_file_ref idref="fl-15a"/>
      </object_component>
      <object_component id="oc-147">
         <name>.debug_info</name>
         <load_address>0xe867</load_address>
         <run_address>0xe867</run_address>
         <size>0x2c</size>
         <input_file_ref idref="fl-2"/>
      </object_component>
      <object_component id="oc-14c">
         <name>.debug_info</name>
         <load_address>0xe893</load_address>
         <run_address>0xe893</run_address>
         <size>0x1d2</size>
         <input_file_ref idref="fl-15a"/>
      </object_component>
      <object_component id="oc-14e">
         <name>.debug_info</name>
         <load_address>0xea65</load_address>
         <run_address>0xea65</run_address>
         <size>0x19e</size>
         <input_file_ref idref="fl-158"/>
      </object_component>
      <object_component id="oc-151">
         <name>.debug_info</name>
         <load_address>0xec03</load_address>
         <run_address>0xec03</run_address>
         <size>0xf0</size>
         <input_file_ref idref="fl-158"/>
      </object_component>
      <object_component id="oc-154">
         <name>.debug_info</name>
         <load_address>0xecf3</load_address>
         <run_address>0xecf3</run_address>
         <size>0x19b</size>
         <input_file_ref idref="fl-158"/>
      </object_component>
      <object_component id="oc-157">
         <name>.debug_info</name>
         <load_address>0xee8e</load_address>
         <run_address>0xee8e</run_address>
         <size>0xc8</size>
         <input_file_ref idref="fl-2"/>
      </object_component>
      <object_component id="oc-15d">
         <name>.debug_info</name>
         <load_address>0xef56</load_address>
         <run_address>0xef56</run_address>
         <size>0x11d</size>
         <input_file_ref idref="fl-3"/>
      </object_component>
      <object_component id="oc-160">
         <name>.debug_info</name>
         <load_address>0xf073</load_address>
         <run_address>0xf073</run_address>
         <size>0x100</size>
         <input_file_ref idref="fl-3"/>
      </object_component>
      <object_component id="oc-164">
         <name>.debug_info</name>
         <load_address>0xf173</load_address>
         <run_address>0xf173</run_address>
         <size>0xc6</size>
         <input_file_ref idref="fl-3"/>
      </object_component>
      <object_component id="oc-16c">
         <name>.debug_info</name>
         <load_address>0xf239</load_address>
         <run_address>0xf239</run_address>
         <size>0x10c1</size>
         <input_file_ref idref="fl-159"/>
      </object_component>
      <object_component id="oc-171">
         <name>.debug_info</name>
         <load_address>0x102fa</load_address>
         <run_address>0x102fa</run_address>
         <size>0x1a3</size>
         <input_file_ref idref="fl-13e"/>
      </object_component>
      <object_component id="oc-177">
         <name>.debug_info</name>
         <load_address>0x1049d</load_address>
         <run_address>0x1049d</run_address>
         <size>0x40d</size>
         <input_file_ref idref="fl-2"/>
      </object_component>
      <object_component id="oc-17f">
         <name>.debug_info</name>
         <load_address>0x108aa</load_address>
         <run_address>0x108aa</run_address>
         <size>0x167</size>
         <input_file_ref idref="fl-13f"/>
      </object_component>
      <object_component id="oc-187">
         <name>.debug_info</name>
         <load_address>0x10a11</load_address>
         <run_address>0x10a11</run_address>
         <size>0x1b8</size>
         <input_file_ref idref="fl-13d"/>
      </object_component>
      <object_component id="oc-18b">
         <name>.debug_info</name>
         <load_address>0x10bc9</load_address>
         <run_address>0x10bc9</run_address>
         <size>0xfd</size>
         <input_file_ref idref="fl-2"/>
      </object_component>
      <object_component id="oc-196">
         <name>.debug_info</name>
         <load_address>0x10cc6</load_address>
         <run_address>0x10cc6</run_address>
         <size>0x107</size>
         <input_file_ref idref="fl-2"/>
      </object_component>
      <object_component id="oc-1a3">
         <name>.debug_info</name>
         <load_address>0x10dcd</load_address>
         <run_address>0x10dcd</run_address>
         <size>0xf9</size>
         <input_file_ref idref="fl-15b"/>
      </object_component>
      <object_component id="oc-1a6">
         <name>.debug_info</name>
         <load_address>0x10ec6</load_address>
         <run_address>0x10ec6</run_address>
         <size>0x1a3</size>
         <input_file_ref idref="fl-15b"/>
      </object_component>
      <object_component id="oc-1a8">
         <name>.debug_info</name>
         <load_address>0x11069</load_address>
         <run_address>0x11069</run_address>
         <size>0x12c3</size>
         <input_file_ref idref="fl-142"/>
      </object_component>
      <object_component id="oc-1ae">
         <name>.debug_info</name>
         <load_address>0x1232c</load_address>
         <run_address>0x1232c</run_address>
         <size>0x194</size>
         <input_file_ref idref="fl-140"/>
      </object_component>
      <object_component id="oc-1af">
         <name>.debug_info</name>
         <load_address>0x124c0</load_address>
         <run_address>0x124c0</run_address>
         <size>0x2c</size>
         <input_file_ref idref="fl-140"/>
      </object_component>
      <object_component id="oc-1b4">
         <name>.debug_info</name>
         <load_address>0x124ec</load_address>
         <run_address>0x124ec</run_address>
         <size>0x69</size>
         <input_file_ref idref="fl-140"/>
      </object_component>
      <object_component id="oc-1bb">
         <name>.debug_info</name>
         <load_address>0x12555</load_address>
         <run_address>0x12555</run_address>
         <size>0x110</size>
         <input_file_ref idref="fl-6"/>
      </object_component>
      <object_component id="oc-1c4">
         <name>.debug_info</name>
         <load_address>0x12665</load_address>
         <run_address>0x12665</run_address>
         <size>0xf6</size>
         <input_file_ref idref="fl-15d"/>
      </object_component>
      <object_component id="oc-1c7">
         <name>.debug_info</name>
         <load_address>0x1275b</load_address>
         <run_address>0x1275b</run_address>
         <size>0xf6</size>
         <input_file_ref idref="fl-15d"/>
      </object_component>
      <object_component id="oc-1ca">
         <name>.debug_info</name>
         <load_address>0x12851</load_address>
         <run_address>0x12851</run_address>
         <size>0x1ba</size>
         <input_file_ref idref="fl-15d"/>
      </object_component>
      <object_component id="oc-1cb">
         <name>.debug_info</name>
         <load_address>0x12a0b</load_address>
         <run_address>0x12a0b</run_address>
         <size>0x51</size>
         <input_file_ref idref="fl-15a"/>
      </object_component>
      <object_component id="oc-1d5">
         <name>.debug_info</name>
         <load_address>0x12a5c</load_address>
         <run_address>0x12a5c</run_address>
         <size>0x62</size>
         <input_file_ref idref="fl-2"/>
      </object_component>
      <object_component id="oc-1e5">
         <name>.debug_info</name>
         <load_address>0x12abe</load_address>
         <run_address>0x12abe</run_address>
         <size>0xf6</size>
         <input_file_ref idref="fl-159"/>
      </object_component>
      <object_component id="oc-1e8">
         <name>.debug_info</name>
         <load_address>0x12bb4</load_address>
         <run_address>0x12bb4</run_address>
         <size>0xe8</size>
         <input_file_ref idref="fl-159"/>
      </object_component>
      <object_component id="oc-1ea">
         <name>.debug_info</name>
         <load_address>0x12c9c</load_address>
         <run_address>0x12c9c</run_address>
         <size>0xbc</size>
         <input_file_ref idref="fl-13e"/>
      </object_component>
      <object_component id="oc-1ee">
         <name>.debug_info</name>
         <load_address>0x12d58</load_address>
         <run_address>0x12d58</run_address>
         <size>0x17f</size>
         <input_file_ref idref="fl-153"/>
      </object_component>
      <object_component id="oc-1f4">
         <name>.debug_info</name>
         <load_address>0x12ed7</load_address>
         <run_address>0x12ed7</run_address>
         <size>0x154</size>
         <input_file_ref idref="fl-151"/>
      </object_component>
      <object_component id="oc-1fa">
         <name>.debug_info</name>
         <load_address>0x1302b</load_address>
         <run_address>0x1302b</run_address>
         <size>0xc1</size>
         <input_file_ref idref="fl-13f"/>
      </object_component>
      <object_component id="oc-1fd">
         <name>.debug_info</name>
         <load_address>0x130ec</load_address>
         <run_address>0x130ec</run_address>
         <size>0x10c</size>
         <input_file_ref idref="fl-13f"/>
      </object_component>
      <object_component id="oc-1ff">
         <name>.debug_info</name>
         <load_address>0x131f8</load_address>
         <run_address>0x131f8</run_address>
         <size>0xac</size>
         <input_file_ref idref="fl-13d"/>
      </object_component>
      <object_component id="oc-209">
         <name>.debug_info</name>
         <load_address>0x132a4</load_address>
         <run_address>0x132a4</run_address>
         <size>0xe7</size>
         <input_file_ref idref="fl-14e"/>
      </object_component>
      <object_component id="oc-20e">
         <name>.debug_info</name>
         <load_address>0x1338b</load_address>
         <run_address>0x1338b</run_address>
         <size>0x18d</size>
         <input_file_ref idref="fl-152"/>
      </object_component>
      <object_component id="oc-214">
         <name>.debug_info</name>
         <load_address>0x13518</load_address>
         <run_address>0x13518</run_address>
         <size>0xed</size>
         <input_file_ref idref="fl-149"/>
      </object_component>
      <object_component id="oc-219">
         <name>.debug_info</name>
         <load_address>0x13605</load_address>
         <run_address>0x13605</run_address>
         <size>0xff</size>
         <input_file_ref idref="fl-14b"/>
      </object_component>
      <object_component id="oc-21e">
         <name>.debug_info</name>
         <load_address>0x13704</load_address>
         <run_address>0x13704</run_address>
         <size>0xff</size>
         <input_file_ref idref="fl-14a"/>
      </object_component>
      <object_component id="oc-223">
         <name>.debug_info</name>
         <load_address>0x13803</load_address>
         <run_address>0x13803</run_address>
         <size>0xef</size>
         <input_file_ref idref="fl-149"/>
      </object_component>
      <object_component id="oc-228">
         <name>.debug_info</name>
         <load_address>0x138f2</load_address>
         <run_address>0x138f2</run_address>
         <size>0xf3</size>
         <input_file_ref idref="fl-14c"/>
      </object_component>
      <object_component id="oc-22d">
         <name>.debug_info</name>
         <load_address>0x139e5</load_address>
         <run_address>0x139e5</run_address>
         <size>0x189</size>
         <input_file_ref idref="fl-14f"/>
      </object_component>
      <object_component id="oc-233">
         <name>.debug_info</name>
         <load_address>0x13b6e</load_address>
         <run_address>0x13b6e</run_address>
         <size>0xf1</size>
         <input_file_ref idref="fl-14d"/>
      </object_component>
      <object_component id="oc-238">
         <name>.debug_info</name>
         <load_address>0x13c5f</load_address>
         <run_address>0x13c5f</run_address>
         <size>0x111</size>
         <input_file_ref idref="fl-148"/>
      </object_component>
      <object_component id="oc-23d">
         <name>.debug_info</name>
         <load_address>0x13d70</load_address>
         <run_address>0x13d70</run_address>
         <size>0x122</size>
         <input_file_ref idref="fl-155"/>
      </object_component>
      <object_component id="oc-243">
         <name>.debug_info</name>
         <load_address>0x13e92</load_address>
         <run_address>0x13e92</run_address>
         <size>0x172</size>
         <input_file_ref idref="fl-150"/>
      </object_component>
      <object_component id="oc-249">
         <name>.debug_info</name>
         <load_address>0x14004</load_address>
         <run_address>0x14004</run_address>
         <size>0x138</size>
         <input_file_ref idref="fl-144"/>
      </object_component>
      <object_component id="oc-24f">
         <name>.debug_info</name>
         <load_address>0x1413c</load_address>
         <run_address>0x1413c</run_address>
         <size>0x27d</size>
         <input_file_ref idref="fl-142"/>
      </object_component>
      <object_component id="oc-250">
         <name>.debug_info</name>
         <load_address>0x143b9</load_address>
         <run_address>0x143b9</run_address>
         <size>0x86</size>
         <input_file_ref idref="fl-142"/>
      </object_component>
      <object_component id="oc-255">
         <name>.debug_info</name>
         <load_address>0x1443f</load_address>
         <run_address>0x1443f</run_address>
         <size>0x39</size>
         <input_file_ref idref="fl-142"/>
      </object_component>
      <object_component id="oc-269">
         <name>.debug_info</name>
         <load_address>0x14478</load_address>
         <run_address>0x14478</run_address>
         <size>0xb7</size>
         <input_file_ref idref="fl-153"/>
      </object_component>
      <object_component id="oc-26b">
         <name>.debug_info</name>
         <load_address>0x1452f</load_address>
         <run_address>0x1452f</run_address>
         <size>0xb2</size>
         <input_file_ref idref="fl-151"/>
      </object_component>
      <object_component id="oc-274">
         <name>.debug_info</name>
         <load_address>0x145e1</load_address>
         <run_address>0x145e1</run_address>
         <size>0xb1</size>
         <input_file_ref idref="fl-152"/>
      </object_component>
      <object_component id="oc-27b">
         <name>.debug_info</name>
         <load_address>0x14692</load_address>
         <run_address>0x14692</run_address>
         <size>0x113</size>
         <input_file_ref idref="fl-14f"/>
      </object_component>
      <object_component id="oc-27f">
         <name>.debug_info</name>
         <load_address>0x147a5</load_address>
         <run_address>0x147a5</run_address>
         <size>0x121</size>
         <input_file_ref idref="fl-156"/>
      </object_component>
      <object_component id="oc-286">
         <name>.debug_info</name>
         <load_address>0x148c6</load_address>
         <run_address>0x148c6</run_address>
         <size>0xb8</size>
         <input_file_ref idref="fl-150"/>
      </object_component>
      <object_component id="oc-288">
         <name>.debug_info</name>
         <load_address>0x1497e</load_address>
         <run_address>0x1497e</run_address>
         <size>0xc1</size>
         <input_file_ref idref="fl-147"/>
      </object_component>
      <object_component id="oc-28b">
         <name>.debug_info</name>
         <load_address>0x14a3f</load_address>
         <run_address>0x14a3f</run_address>
         <size>0xd7</size>
         <input_file_ref idref="fl-144"/>
      </object_component>
      <object_component id="oc-28e">
         <name>.debug_info</name>
         <load_address>0x14b16</load_address>
         <run_address>0x14b16</run_address>
         <size>0x46</size>
         <input_file_ref idref="fl-142"/>
      </object_component>
      <object_component id="oc-29c">
         <name>.debug_info</name>
         <load_address>0x14b5c</load_address>
         <run_address>0x14b5c</run_address>
         <size>0xac</size>
         <input_file_ref idref="fl-156"/>
      </object_component>
      <object_component id="oc-2a1">
         <name>.debug_info</name>
         <load_address>0x14c08</load_address>
         <run_address>0x14c08</run_address>
         <size>0xb5</size>
         <input_file_ref idref="fl-147"/>
      </object_component>
      <object_component id="oc-2ca">
         <name>.debug_info</name>
         <load_address>0x14cbd</load_address>
         <run_address>0x14cbd</run_address>
         <size>0xa0</size>
      </object_component>
      <object_component id="oc-10">
         <name>.debug_pubnames</name>
         <load_address>0x0</load_address>
         <run_address>0x0</run_address>
         <size>0x23</size>
         <input_file_ref idref="fl-5"/>
      </object_component>
      <object_component id="oc-15">
         <name>.debug_pubnames</name>
         <load_address>0x23</load_address>
         <run_address>0x23</run_address>
         <size>0x1f</size>
         <input_file_ref idref="fl-134"/>
      </object_component>
      <object_component id="oc-1a">
         <name>.debug_pubnames</name>
         <load_address>0x42</load_address>
         <run_address>0x42</run_address>
         <size>0x2b</size>
         <input_file_ref idref="fl-135"/>
      </object_component>
      <object_component id="oc-20">
         <name>.debug_pubnames</name>
         <load_address>0x6d</load_address>
         <run_address>0x6d</run_address>
         <size>0x25</size>
         <input_file_ref idref="fl-137"/>
      </object_component>
      <object_component id="oc-25">
         <name>.debug_pubnames</name>
         <load_address>0x92</load_address>
         <run_address>0x92</run_address>
         <size>0x2c</size>
         <input_file_ref idref="fl-136"/>
      </object_component>
      <object_component id="oc-2b">
         <name>.debug_pubnames</name>
         <load_address>0xbe</load_address>
         <run_address>0xbe</run_address>
         <size>0x22</size>
         <input_file_ref idref="fl-13a"/>
      </object_component>
      <object_component id="oc-2f">
         <name>.debug_pubnames</name>
         <load_address>0xe0</load_address>
         <run_address>0xe0</run_address>
         <size>0x60</size>
         <input_file_ref idref="fl-5"/>
      </object_component>
      <object_component id="oc-39">
         <name>.debug_pubnames</name>
         <load_address>0x140</load_address>
         <run_address>0x140</run_address>
         <size>0x37</size>
         <input_file_ref idref="fl-145"/>
      </object_component>
      <object_component id="oc-3d">
         <name>.debug_pubnames</name>
         <load_address>0x177</load_address>
         <run_address>0x177</run_address>
         <size>0x21</size>
         <input_file_ref idref="fl-143"/>
      </object_component>
      <object_component id="oc-43">
         <name>.debug_pubnames</name>
         <load_address>0x198</load_address>
         <run_address>0x198</run_address>
         <size>0x35</size>
         <input_file_ref idref="fl-138"/>
      </object_component>
      <object_component id="oc-48">
         <name>.debug_pubnames</name>
         <load_address>0x1cd</load_address>
         <run_address>0x1cd</run_address>
         <size>0x23</size>
         <input_file_ref idref="fl-13c"/>
      </object_component>
      <object_component id="oc-4d">
         <name>.debug_pubnames</name>
         <load_address>0x1f0</load_address>
         <run_address>0x1f0</run_address>
         <size>0x1d</size>
         <input_file_ref idref="fl-139"/>
      </object_component>
      <object_component id="oc-60">
         <name>.debug_pubnames</name>
         <load_address>0x20d</load_address>
         <run_address>0x20d</run_address>
         <size>0x2f</size>
         <input_file_ref idref="fl-136"/>
      </object_component>
      <object_component id="oc-79">
         <name>.debug_pubnames</name>
         <load_address>0x23c</load_address>
         <run_address>0x23c</run_address>
         <size>0x1e</size>
         <input_file_ref idref="fl-146"/>
      </object_component>
      <object_component id="oc-80">
         <name>.debug_pubnames</name>
         <load_address>0x25a</load_address>
         <run_address>0x25a</run_address>
         <size>0x70</size>
         <input_file_ref idref="fl-3"/>
      </object_component>
      <object_component id="oc-87">
         <name>.debug_pubnames</name>
         <load_address>0x2ca</load_address>
         <run_address>0x2ca</run_address>
         <size>0x28</size>
         <input_file_ref idref="fl-141"/>
      </object_component>
      <object_component id="oc-8a">
         <name>.debug_pubnames</name>
         <load_address>0x2f2</load_address>
         <run_address>0x2f2</run_address>
         <size>0x3a</size>
         <input_file_ref idref="fl-138"/>
      </object_component>
      <object_component id="oc-b3">
         <name>.debug_pubnames</name>
         <load_address>0x32c</load_address>
         <run_address>0x32c</run_address>
         <size>0x14d</size>
         <input_file_ref idref="fl-157"/>
      </object_component>
      <object_component id="oc-b9">
         <name>.debug_pubnames</name>
         <load_address>0x479</load_address>
         <run_address>0x479</run_address>
         <size>0x6c</size>
         <input_file_ref idref="fl-13a"/>
      </object_component>
      <object_component id="oc-bf">
         <name>.debug_pubnames</name>
         <load_address>0x4e5</load_address>
         <run_address>0x4e5</run_address>
         <size>0x37</size>
         <input_file_ref idref="fl-13b"/>
      </object_component>
      <object_component id="oc-c4">
         <name>.debug_pubnames</name>
         <load_address>0x51c</load_address>
         <run_address>0x51c</run_address>
         <size>0x59</size>
         <input_file_ref idref="fl-6"/>
      </object_component>
      <object_component id="oc-ca">
         <name>.debug_pubnames</name>
         <load_address>0x575</load_address>
         <run_address>0x575</run_address>
         <size>0x42d</size>
         <input_file_ref idref="fl-15a"/>
      </object_component>
      <object_component id="oc-d2">
         <name>.debug_pubnames</name>
         <load_address>0x9a2</load_address>
         <run_address>0x9a2</run_address>
         <size>0x14f</size>
         <input_file_ref idref="fl-158"/>
      </object_component>
      <object_component id="oc-d5">
         <name>.debug_pubnames</name>
         <load_address>0xaf1</load_address>
         <run_address>0xaf1</run_address>
         <size>0x55</size>
         <input_file_ref idref="fl-3"/>
      </object_component>
      <object_component id="oc-da">
         <name>.debug_pubnames</name>
         <load_address>0xb46</load_address>
         <run_address>0xb46</run_address>
         <size>0x27</size>
         <input_file_ref idref="fl-3"/>
      </object_component>
      <object_component id="oc-de">
         <name>.debug_pubnames</name>
         <load_address>0xb6d</load_address>
         <run_address>0xb6d</run_address>
         <size>0x23</size>
         <input_file_ref idref="fl-4"/>
      </object_component>
      <object_component id="oc-e4">
         <name>.debug_pubnames</name>
         <load_address>0xb90</load_address>
         <run_address>0xb90</run_address>
         <size>0x77</size>
         <input_file_ref idref="fl-2"/>
      </object_component>
      <object_component id="oc-e9">
         <name>.debug_pubnames</name>
         <load_address>0xc07</load_address>
         <run_address>0xc07</run_address>
         <size>0x1e</size>
         <input_file_ref idref="fl-3"/>
      </object_component>
      <object_component id="oc-ff">
         <name>.debug_pubnames</name>
         <load_address>0xc25</load_address>
         <run_address>0xc25</run_address>
         <size>0x43</size>
         <input_file_ref idref="fl-141"/>
      </object_component>
      <object_component id="oc-115">
         <name>.debug_pubnames</name>
         <load_address>0xc68</load_address>
         <run_address>0xc68</run_address>
         <size>0x42</size>
         <input_file_ref idref="fl-13a"/>
      </object_component>
      <object_component id="oc-11c">
         <name>.debug_pubnames</name>
         <load_address>0xcaa</load_address>
         <run_address>0xcaa</run_address>
         <size>0x305</size>
         <input_file_ref idref="fl-15b"/>
      </object_component>
      <object_component id="oc-122">
         <name>.debug_pubnames</name>
         <load_address>0xfaf</load_address>
         <run_address>0xfaf</run_address>
         <size>0x34</size>
         <input_file_ref idref="fl-140"/>
      </object_component>
      <object_component id="oc-126">
         <name>.debug_pubnames</name>
         <load_address>0xfe3</load_address>
         <run_address>0xfe3</run_address>
         <size>0x21</size>
         <input_file_ref idref="fl-6"/>
      </object_component>
      <object_component id="oc-130">
         <name>.debug_pubnames</name>
         <load_address>0x1004</load_address>
         <run_address>0x1004</run_address>
         <size>0x39</size>
         <input_file_ref idref="fl-154"/>
      </object_component>
      <object_component id="oc-136">
         <name>.debug_pubnames</name>
         <load_address>0x103d</load_address>
         <run_address>0x103d</run_address>
         <size>0x23</size>
         <input_file_ref idref="fl-15f"/>
      </object_component>
      <object_component id="oc-13a">
         <name>.debug_pubnames</name>
         <load_address>0x1060</load_address>
         <run_address>0x1060</run_address>
         <size>0x136</size>
         <input_file_ref idref="fl-15d"/>
      </object_component>
      <object_component id="oc-142">
         <name>.debug_pubnames</name>
         <load_address>0x1196</load_address>
         <run_address>0x1196</run_address>
         <size>0x6a</size>
         <input_file_ref idref="fl-15c"/>
      </object_component>
      <object_component id="oc-145">
         <name>.debug_pubnames</name>
         <load_address>0x1200</load_address>
         <run_address>0x1200</run_address>
         <size>0x2a</size>
         <input_file_ref idref="fl-15a"/>
      </object_component>
      <object_component id="oc-14f">
         <name>.debug_pubnames</name>
         <load_address>0x122a</load_address>
         <run_address>0x122a</run_address>
         <size>0x6b</size>
         <input_file_ref idref="fl-158"/>
      </object_component>
      <object_component id="oc-152">
         <name>.debug_pubnames</name>
         <load_address>0x1295</load_address>
         <run_address>0x1295</run_address>
         <size>0x20</size>
         <input_file_ref idref="fl-158"/>
      </object_component>
      <object_component id="oc-15e">
         <name>.debug_pubnames</name>
         <load_address>0x12b5</load_address>
         <run_address>0x12b5</run_address>
         <size>0x33</size>
         <input_file_ref idref="fl-3"/>
      </object_component>
      <object_component id="oc-161">
         <name>.debug_pubnames</name>
         <load_address>0x12e8</load_address>
         <run_address>0x12e8</run_address>
         <size>0x28</size>
         <input_file_ref idref="fl-3"/>
      </object_component>
      <object_component id="oc-16e">
         <name>.debug_pubnames</name>
         <load_address>0x1310</load_address>
         <run_address>0x1310</run_address>
         <size>0x107</size>
         <input_file_ref idref="fl-159"/>
      </object_component>
      <object_component id="oc-173">
         <name>.debug_pubnames</name>
         <load_address>0x1417</load_address>
         <run_address>0x1417</run_address>
         <size>0x1d</size>
         <input_file_ref idref="fl-13e"/>
      </object_component>
      <object_component id="oc-178">
         <name>.debug_pubnames</name>
         <load_address>0x1434</load_address>
         <run_address>0x1434</run_address>
         <size>0x78</size>
         <input_file_ref idref="fl-2"/>
      </object_component>
      <object_component id="oc-181">
         <name>.debug_pubnames</name>
         <load_address>0x14ac</load_address>
         <run_address>0x14ac</run_address>
         <size>0x1d</size>
         <input_file_ref idref="fl-13f"/>
      </object_component>
      <object_component id="oc-189">
         <name>.debug_pubnames</name>
         <load_address>0x14c9</load_address>
         <run_address>0x14c9</run_address>
         <size>0x1d</size>
         <input_file_ref idref="fl-13d"/>
      </object_component>
      <object_component id="oc-18c">
         <name>.debug_pubnames</name>
         <load_address>0x14e6</load_address>
         <run_address>0x14e6</run_address>
         <size>0x22</size>
         <input_file_ref idref="fl-2"/>
      </object_component>
      <object_component id="oc-197">
         <name>.debug_pubnames</name>
         <load_address>0x1508</load_address>
         <run_address>0x1508</run_address>
[...]
         <value>0x20007d1b</value>
         <object_component_ref idref="oc-169"/>
      </symbol>
      <symbol id="sm-686">
         <name>PinTypeI2C</name>
         <value>0x20007ce5</value>
         <object_component_ref idref="oc-169"/>
      </symbol>
      <symbol id="sm-687">
         <name>PinTypeUART</name>
         <value>0x20007ccb</value>
         <object_component_ref idref="oc-169"/>
      </symbol>
      <symbol id="sm-688">
         <name>PinConfigGet</name>
         <value>0x20007c11</value>
         <object_component_ref idref="oc-169"/>
      </symbol>
      <symbol id="sm-689">
         <name>PinDirModeSet</name>
         <value>0x20007bb3</value>
         <object_component_ref idref="oc-169"/>
      </symbol>
      <symbol id="sm-68a">
         <name>PinTypeADC</name>
         <value>0x20007d99</value>
         <object_component_ref idref="oc-169"/>
      </symbol>
      <symbol id="sm-68b">
         <name>PinTypeTimer</name>
         <value>0x20007d35</value>
         <object_component_ref idref="oc-169"/>
      </symbol>
      <symbol id="sm-68c">
         <name>PinModeGet</name>
         <value>0x20007b89</value>
         <object_component_ref idref="oc-169"/>
      </symbol>
      <symbol id="sm-68d">
         <name>PinTypeGPIO</name>
         <value>0x20007d69</value>
         <object_component_ref idref="oc-169"/>
      </symbol>
      <symbol id="sm-68e">
         <name>PinTypeSDHost</name>
         <value>0x20007dad</value>
         <object_component_ref idref="oc-169"/>
      </symbol>
      <symbol id="sm-68f">
         <name>PinConfigSet</name>
         <value>0x20007c4f</value>
         <object_component_ref idref="oc-169"/>
      </symbol>
      <symbol id="sm-690">
         <name>PinDirModeGet</name>
         <value>0x20007be7</value>
         <object_component_ref idref="oc-169"/>
      </symbol>
      <symbol id="sm-691">
         <name>PinTypeSPI</name>
         <value>0x20007d01</value>
         <object_component_ref idref="oc-169"/>
      </symbol>
      <symbol id="sm-692">
         <name>PinModeSet</name>
         <value>0x20007b51</value>
         <object_component_ref idref="oc-169"/>
      </symbol>
      <symbol id="sm-754">
         <name>PRCMLPDSWakeupSourceEnable</name>
         <value>0x200054eb</value>
         <object_component_ref idref="oc-c7"/>
      </symbol>
      <symbol id="sm-755">
         <name>PRCMLPDSRestoreInfoSet</name>
         <value>0x200054a3</value>
         <object_component_ref idref="oc-c7"/>
      </symbol>
      <symbol id="sm-756">
         <name>PRCMSRAMRetentionDisable</name>
         <value>0x200055d5</value>
         <object_component_ref idref="oc-c7"/>
      </symbol>
      <symbol id="sm-757">
         <name>PRCMSlowClkCtrGet</name>
         <value>0x20005747</value>
         <object_component_ref idref="oc-c7"/>
      </symbol>
      <symbol id="sm-758">
         <name>PRCMPeripheralReset</name>
         <value>0x200053db</value>
         <object_component_ref idref="oc-c7"/>
      </symbol>
      <symbol id="sm-759">
         <name>PRCMHibernateWakeupSourceDisable</name>
         <value>0x2000562f</value>
         <object_component_ref idref="oc-c7"/>
      </symbol>
      <symbol id="sm-75a">
         <name>PRCMLPDSEnter</name>
         <value>0x200054bb</value>
         <object_component_ref idref="oc-c7"/>
      </symbol>
      <symbol id="sm-75b">
         <name>PRCMRTCInUseSet</name>
         <value>0x200058a3</value>
         <object_component_ref idref="oc-c7"/>
      </symbol>
      <symbol id="sm-75c">
         <name>PRCMPeripheralClkEnable</name>
         <value>0x20005311</value>
         <object_component_ref idref="oc-c7"/>
      </symbol>
      <symbol id="sm-75d">
         <name>PRCMIntEnable</name>
         <value>0x20005845</value>
         <object_component_ref idref="oc-c7"/>
      </symbol>
      <symbol id="sm-75e">
         <name>PRCMIntDisable</name>
         <value>0x20005879</value>
         <object_component_ref idref="oc-c7"/>
      </symbol>
      <symbol id="sm-75f">
         <name>PRCMPeripheralClockGet</name>
         <value>0x2000535d</value>
         <object_component_ref idref="oc-c7"/>
      </symbol>
      <symbol id="sm-760">
         <name>PRCMSRAMRetentionEnable</name>
         <value>0x2000559d</value>
         <object_component_ref idref="oc-c7"/>
      </symbol>
      <symbol id="sm-761">
         <name>PRCMHibernateEnter</name>
         <value>0x20005737</value>
         <object_component_ref idref="oc-c7"/>
      </symbol>
      <symbol id="sm-762">
         <name>PRCMI2SClockFreqSet</name>
         <value>0x20005453</value>
         <object_component_ref idref="oc-c7"/>
      </symbol>
      <symbol id="sm-763">
         <name>PRCMHibernateIntervalSet</name>
         <value>0x20005671</value>
         <object_component_ref idref="oc-c7"/>
      </symbol>
      <symbol id="sm-764">
         <name>PRCMRTCInUseGet</name>
         <value>0x200058b5</value>
         <object_component_ref idref="oc-c7"/>
      </symbol>
      <symbol id="sm-765">
         <name>PRCMCC3200MCUInit</name>
         <value>0x20005b35</value>
         <object_component_ref idref="oc-c7"/>
      </symbol>
      <symbol id="sm-766">
         <name>PRCMSlowClkCtrMatchGet</name>
         <value>0x200057a9</value>
         <object_component_ref idref="oc-c7"/>
      </symbol>
      <symbol id="sm-767">
         <name>PRCMHibernateWakeupCauseGet</name>
         <value>0x20005655</value>
         <object_component_ref idref="oc-c7"/>
      </symbol>
      <symbol id="sm-768">
         <name>PRCMIntStatus</name>
         <value>0x2000589d</value>
         <object_component_ref idref="oc-c7"/>
      </symbol>
      <symbol id="sm-769">
         <name>PRCMIntUnregister</name>
         <value>0x20005831</value>
         <object_component_ref idref="oc-c7"/>
      </symbol>
      <symbol id="sm-76a">
         <name>PRCMIntRegister</name>
         <value>0x2000581d</value>
         <object_component_ref idref="oc-c7"/>
      </symbol>
      <symbol id="sm-76b">
         <name>PRCMHibernateWakeUpGPIOSelect</name>
         <value>0x200056e5</value>
         <object_component_ref idref="oc-c7"/>
      </symbol>
      <symbol id="sm-76c">
         <name>PRCMOCRRegisterRead</name>
         <value>0x20005803</value>
         <object_component_ref idref="oc-c7"/>
      </symbol>
      <symbol id="sm-76d">
         <name>PRCMDeepSleepEnter</name>
         <value>0x2000556d</value>
         <object_component_ref idref="oc-c7"/>
      </symbol>
      <symbol id="sm-76e">
         <name>PRCMRTCMatchSet</name>
         <value>0x200059fd</value>
         <object_component_ref idref="oc-c7"/>
      </symbol>
      <symbol id="sm-76f">
         <name>PRCMOCRRegisterWrite</name>
         <value>0x200057e9</value>
         <object_component_ref idref="oc-c7"/>
      </symbol>
      <symbol id="sm-770">
         <name>PRCMSOCReset</name>
         <value>0x200052c1</value>
         <object_component_ref idref="oc-c7"/>
      </symbol>
      <symbol id="sm-771">
         <name>PRCMLPDSIntervalSet</name>
         <value>0x20005527</value>
         <object_component_ref idref="oc-c7"/>
      </symbol>
      <symbol id="sm-772">
         <name>PRCMSysResetCauseGet</name>
         <value>0x200052ed</value>
         <object_component_ref idref="oc-c7"/>
      </symbol>
      <symbol id="sm-773">
         <name>PRCMRTCGet</name>
         <value>0x20005965</value>
         <object_component_ref idref="oc-c7"/>
      </symbol>
      <symbol id="sm-774">
         <name>PRCMSlowClkCtrMatchSet</name>
         <value>0x20005781</value>
         <object_component_ref idref="oc-c7"/>
      </symbol>
      <symbol id="sm-775">
         <name>PRCMLPDSWakeupSourceDisable</name>
         <value>0x2000550d</value>
         <object_component_ref idref="oc-c7"/>
      </symbol>
      <symbol id="sm-776">
         <name>PRCMLPDSWakeupCauseGet</name>
         <value>0x20005521</value>
         <object_component_ref idref="oc-c7"/>
      </symbol>
      <symbol id="sm-777">
         <name>PRCMLPDSWakeUpGPIOSelect</name>
         <value>0x20005549</value>
         <object_component_ref idref="oc-c7"/>
      </symbol>
      <symbol id="sm-778">
         <name>PRCMSleepEnter</name>
         <value>0x20005565</value>
         <object_component_ref idref="oc-c7"/>
      </symbol>
      <symbol id="sm-779">
         <name>PRCMPeripheralStatusGet</name>
         <value>0x20005429</value>
         <object_component_ref idref="oc-c7"/>
      </symbol>
      <symbol id="sm-77a">
         <name>PRCMRTCMatchGet</name>
         <value>0x20005a99</value>
         <object_component_ref idref="oc-c7"/>
      </symbol>
      <symbol id="sm-77b">
         <name>PRCMHibernateWakeupSourceEnable</name>
         <value>0x20005609</value>
         <object_component_ref idref="oc-c7"/>
      </symbol>
      <symbol id="sm-77c">
         <name>PRCMPeripheralClkDisable</name>
         <value>0x2000533d</value>
         <object_component_ref idref="oc-c7"/>
      </symbol>
      <symbol id="sm-77d">
         <name>PRCMMCUReset</name>
         <value>0x200052cd</value>
         <object_component_ref idref="oc-c7"/>
      </symbol>
      <symbol id="sm-77e">
         <name>PRCMRTCSet</name>
         <value>0x200058d5</value>
         <object_component_ref idref="oc-c7"/>
      </symbol>
      <symbol id="sm-7d4">
         <name>UARTCharPutNonBlocking</name>
         <value>0x2000677f</value>
         <object_component_ref idref="oc-118"/>
      </symbol>
      <symbol id="sm-7d5">
         <name>UARTDMAEnable</name>
         <value>0x2000689b</value>
         <object_component_ref idref="oc-118"/>
      </symbol>
      <symbol id="sm-7d6">
         <name>UARTTxIntModeSet</name>
         <value>0x200066e5</value>
         <object_component_ref idref="oc-118"/>
      </symbol>
      <symbol id="sm-7d7">
         <name>UARTFIFODisable</name>
         <value>0x20006635</value>
         <object_component_ref idref="oc-118"/>
      </symbol>
      <symbol id="sm-7d8">
         <name>UARTIntUnregister</name>
         <value>0x20006821</value>
         <object_component_ref idref="oc-118"/>
      </symbol>
      <symbol id="sm-7d9">
         <name>UARTRxErrorClear</name>
         <value>0x200068e1</value>
         <object_component_ref idref="oc-118"/>
      </symbol>
      <symbol id="sm-7da">
         <name>UARTModemControlSet</name>
         <value>0x2000664b</value>
         <object_component_ref idref="oc-118"/>
      </symbol>
      <symbol id="sm-7db">
         <name>UARTFlowControlSet</name>
         <value>0x200066b7</value>
         <object_component_ref idref="oc-118"/>
      </symbol>
      <symbol id="sm-7dc">
         <name>UARTConfigSetExpClk</name>
         <value>0x2000650f</value>
         <object_component_ref idref="oc-118"/>
      </symbol>
      <symbol id="sm-7dd">
         <name>UARTDisable</name>
         <value>0x200065f5</value>
         <object_component_ref idref="oc-118"/>
      </symbol>
      <symbol id="sm-7de">
         <name>UARTFIFOLevelGet</name>
         <value>0x200064e7</value>
         <object_component_ref idref="oc-118"/>
      </symbol>
      <symbol id="sm-7df">
         <name>UARTBusy</name>
         <value>0x200067eb</value>
         <object_component_ref idref="oc-118"/>
      </symbol>
      <symbol id="sm-7e0">
         <name>UARTIntEnable</name>
         <value>0x2000683b</value>
         <object_component_ref idref="oc-118"/>
      </symbol>
      <symbol id="sm-7e1">
         <name>UARTCharsAvail</name>
         <value>0x20006713</value>
         <object_component_ref idref="oc-118"/>
      </symbol>
      <symbol id="sm-7e2">
         <name>UARTCharGetNonBlocking</name>
         <value>0x2000674d</value>
         <object_component_ref idref="oc-118"/>
      </symbol>
      <symbol id="sm-7e3">
         <name>UARTTxIntModeGet</name>
         <value>0x20006701</value>
         <object_component_ref idref="oc-118"/>
      </symbol>
      <symbol id="sm-7e4">
         <name>UARTModemStatusGet</name>
         <value>0x200066a5</value>
         <object_component_ref idref="oc-118"/>
      </symbol>
      <symbol id="sm-7e5">
         <name>UARTIntDisable</name>
         <value>0x20006853</value>
         <object_component_ref idref="oc-118"/>
      </symbol>
      <symbol id="sm-7e6">
         <name>UARTCharPut</name>
         <value>0x200067a3</value>
         <object_component_ref idref="oc-118"/>
      </symbol>
      <symbol id="sm-7e7">
         <name>UARTParityModeSet</name>
         <value>0x200064a1</value>
         <object_component_ref idref="oc-118"/>
      </symbol>
      <symbol id="sm-7e8">
         <name>UARTRxErrorGet</name>
         <value>0x200068cb</value>
         <object_component_ref idref="oc-118"/>
      </symbol>
      <symbol id="sm-7e9">
         <name>UARTConfigGetExpClk</name>
         <value>0x20006585</value>
         <object_component_ref idref="oc-118"/>
      </symbol>
      <symbol id="sm-7ea">
         <name>UARTEnable</name>
         <value>0x200065d1</value>
         <object_component_ref idref="oc-118"/>
      </symbol>
      <symbol id="sm-7eb">
         <name>UARTModemControlGet</name>
         <value>0x20006693</value>
         <object_component_ref idref="oc-118"/>
      </symbol>
      <symbol id="sm-7ec">
         <name>UARTFlowControlGet</name>
         <value>0x200066d3</value>
         <object_component_ref idref="oc-118"/>
      </symbol>
      <symbol id="sm-7ed">
         <name>UARTFIFOEnable</name>
         <value>0x2000661f</value>
         <object_component_ref idref="oc-118"/>
      </symbol>
      <symbol id="sm-7ee">
         <name>UARTIntClear</name>
         <value>0x20006889</value>
         <object_component_ref idref="oc-118"/>
      </symbol>
      <symbol id="sm-7ef">
         <name>UARTIntStatus</name>
         <value>0x2000686b</value>
         <object_component_ref idref="oc-118"/>
      </symbol>
      <symbol id="sm-7f0">
         <name>UARTDMADisable</name>
         <value>0x200068b3</value>
         <object_component_ref idref="oc-118"/>
      </symbol>
      <symbol id="sm-7f1">
         <name>UARTSpaceAvail</name>
         <value>0x2000672b</value>
         <object_component_ref idref="oc-118"/>
      </symbol>
      <symbol id="sm-7f2">
         <name>UARTCharGet</name>
         <value>0x20006769</value>
         <object_component_ref idref="oc-118"/>
      </symbol>
      <symbol id="sm-7f3">
         <name>UARTFIFOLevelSet</name>
         <value>0x200064cf</value>
         <object_component_ref idref="oc-118"/>
      </symbol>
      <symbol id="sm-7f4">
         <name>UARTModemControlClear</name>
         <value>0x2000666f</value>
         <object_component_ref idref="oc-118"/>
      </symbol>
      <symbol id="sm-7f5">
         <name>UARTParityModeGet</name>
         <value>0x200064bd</value>
         <object_component_ref idref="oc-118"/>
      </symbol>
      <symbol id="sm-7f6">
         <name>UARTIntRegister</name>
         <value>0x20006803</value>
         <object_component_ref idref="oc-118"/>
      </symbol>
      <symbol id="sm-7f7">
         <name>UARTBreakCtl</name>
         <value>0x200067c1</value>
         <object_component_ref idref="oc-118"/>
      </symbol>
      <symbol id="sm-806">
         <name>CPUbasepriGet</name>
         <value>0x20008915</value>
         <object_component_ref idref="oc-13d"/>
      </symbol>
      <symbol id="sm-807">
         <name>CPUbasepriSet</name>
         <value>0x200088ff</value>
         <object_component_ref idref="oc-13d"/>
      </symbol>
      <symbol id="sm-808">
         <name>CPUprimask</name>
         <value>0x200088d5</value>
         <object_component_ref idref="oc-13d"/>
      </symbol>
      <symbol id="sm-809">
         <name>CPUcpsie</name>
         <value>0x200088df</value>
         <object_component_ref idref="oc-13d"/>
      </symbol>
      <symbol id="sm-80a">
         <name>CPUcpsid</name>
         <value>0x200088c1</value>
         <object_component_ref idref="oc-13d"/>
      </symbol>
      <symbol id="sm-80b">
         <name>CPUwfi</name>
         <value>0x200088f3</value>
         <object_component_ref idref="oc-13d"/>
      </symbol>
      <symbol id="sm-864">
         <name>FlashErase</name>
         <value>0x20007887</value>
         <object_component_ref idref="oc-137"/>
      </symbol>
      <symbol id="sm-865">
         <name>FlashEraseNonBlocking</name>
         <value>0x200078c1</value>
         <object_component_ref idref="oc-137"/>
      </symbol>
      <symbol id="sm-866">
         <name>FlashIntStatus</name>
         <value>0x20007ae1</value>
         <object_component_ref idref="oc-137"/>
      </symbol>
      <symbol id="sm-867">
         <name>FlashProgram</name>
         <value>0x2000791b</value>
         <object_component_ref idref="oc-137"/>
      </symbol>
      <symbol id="sm-868">
         <name>FlashDisable</name>
         <value>0x20007851</value>
         <object_component_ref idref="oc-137"/>
      </symbol>
      <symbol id="sm-869">
         <name>FlashIntEnable</name>
         <value>0x20007ab9</value>
         <object_component_ref idref="oc-137"/>
      </symbol>
      <symbol id="sm-86a">
         <name>FlashIntUnregister</name>
         <value>0x20007aa9</value>
         <object_component_ref idref="oc-137"/>
      </symbol>
      <symbol id="sm-86b">
         <name>FlashProtectGet</name>
         <value>0x20007a1f</value>
         <object_component_ref idref="oc-137"/>
      </symbol>
      <symbol id="sm-86c">
         <name>FlashMassErase</name>
         <value>0x200078df</value>
         <object_component_ref idref="oc-137"/>
      </symbol>
      <symbol id="sm-86d">
         <name>FlashProgramNonBlocking</name>
         <value>0x2000799d</value>
         <object_component_ref idref="oc-137"/>
      </symbol>
      <symbol id="sm-86e">
         <name>FlashIntClear</name>
         <value>0x20007afd</value>
         <object_component_ref idref="oc-137"/>
      </symbol>
      <symbol id="sm-86f">
         <name>FlashMassEraseNonBlocking</name>
         <value>0x2000790b</value>
         <object_component_ref idref="oc-137"/>
      </symbol>
      <symbol id="sm-870">
         <name>FlashIntDisable</name>
         <value>0x20007acd</value>
         <object_component_ref idref="oc-137"/>
      </symbol>
      <symbol id="sm-871">
         <name>FlashIntRegister</name>
         <value>0x20007a95</value>
         <object_component_ref idref="oc-137"/>
      </symbol>
      <symbol id="sm-875">
         <name>UtilsDelay</name>
         <value>0x20008d39</value>
         <object_component_ref idref="oc-1c2"/>
      </symbol>
      <symbol id="sm-87e">
         <name>__aeabi_llsr</name>
         <value>0x20008c27</value>
         <object_component_ref idref="oc-132"/>
      </symbol>
      <symbol id="sm-87f">
         <name>__TI_static_base__</name>
         <value>0x200091d8</value>
      </symbol>
      <symbol id="sm-880">
         <name>__TI_args_main</name>
         <value>0x1</value>
      </symbol>
      <symbol id="sm-881">
         <name>SHT$$INIT_ARRAY$$Limit</name>
         <value>0x0</value>
      </symbol>
      <symbol id="sm-882">
         <name>SHT$$INIT_ARRAY$$Base</name>
         <value>0x0</value>
      </symbol>
   </symbol_table>
   <title>Link successful</title>
</link_info>
