******************************************************************************
                  TI ARM Linker PC v5.1.7                      
******************************************************************************
>> Linked Wed Aug 06 12:12:29 2014

OUTPUT FILE NAME:   <freertos_demo.out>
ENTRY POINT SYMBOL: "_c_int00"  address: 20009f01


MEMORY CONFIGURATION

         name            origin    length      used     unused   attr    fill
----------------------  --------  ---------  --------  --------  ----  --------
  SRAM_CODE             20004000   00012fff  0000657c  0000ca83  RW X
  SRAM_DATA             20017000   00019000  00004320  00014ce0  RW X


SEGMENT ALLOCATION MAP

run origin  load origin   length   init length attrs members
----------  ----------- ---------- ----------- ----- -------
20004000    20004000    00006580   00006580    r-x
  20004000    20004000    00000400   00000400    r-- .intvecs
  20004400    20004400    00005ca4   00005ca4    r-x .text
  2000a0a4    2000a0a4    00000488   00000488    r-- .const
  2000a530    2000a530    00000050   00000050    r-- .cinit
20017000    20017000    00004220   00000000    rw-
  20017000    20017000    00004000   00000000    rw- .sysmem
  2001b000    2001b000    000001c0   00000000    rw- .bss
  2001b1c0    2001b1c0    00000060   00000000    rw- .data
2002ff00    2002ff00    00000100   00000000    rw-
  2002ff00    2002ff00    00000100   00000000    rw- .stack


SECTION ALLOCATION MAP

 output                                  attributes/
section   page    origin      length       input sections
--------  ----  ----------  ----------   ----------------
.init_array 
*          0    20004000    00000000     UNINITIALIZED

.intvecs   0    20004000    00000400     
                  20004000    00000400     startup_ccs.obj (.intvecs)

.text      0    20004400    00005ca4     
                  20004400    00001040     free_rtos.a : tasks.obj (.text)
                  20005440    00000ec0     rtsv7M4_T_le_eabi.lib : _printfi.obj (.text)
                  20006300    00000a88     free_rtos.a : queue.obj (.text)
                  20006d88    0000098c     driverlib.a : prcm.obj (.text)
                  20007714    0000048c                 : uart.obj (.text)
                  20007ba0    000003dc     rtsv7M4_T_le_eabi.lib : memory.obj (.text)
                  20007f7c    00000398     free_rtos.a : osi_freertos.obj (.text)
                  20008314    00000370     driverlib.a : interrupt.obj (.text)
                  20008684    00000300                 : flash.obj (.text)
                  20008984    00000284                 : pin.obj (.text)
                  20008c08    00000200     main.obj (.text)
                  20008e08    000001f4     rtsv7M4_T_le_eabi.lib : ull_div_t2.obj (.text)
                  20008ffc    000001d4     uart_if.obj (.text)
                  200091d0    000001b6     rtsv7M4_T_le_eabi.lib : fd_add_t2.obj (.text)
                  20009386    00000136                           : fd_div_t2.obj (.text)
                  200094bc    00000132     free_rtos.a : list.obj (.text)
                  200095ee    00000002     --HOLE-- [fill = 0]
                  200095f0    0000010c                 : port.obj (.text)
                  200096fc    000000fc     rtsv7M4_T_le_eabi.lib : fd_mul_t2.obj (.text)
                  200097f8    000000ba     free_rtos.a : portasm.obj (.text)
                  200098b2    0000009c     rtsv7M4_T_le_eabi.lib : memcpy_t2.obj (.text)
                  2000994e    00000002     --HOLE-- [fill = 0]
                  20009950    00000094                           : auto_init.obj (.text)
                  200099e4    00000088                           : vsnprintf.obj (.text)
                  20009a6c    00000086                           : fd_cmp_t2.obj (.text:__aeabi_cdcmple)
                  20009af2    00000086                           : fd_cmp_t2.obj (.text:__aeabi_cdrcmple)
                  20009b78    00000078                           : memset_t2.obj (.text)
                  20009bf0    00000060                           : sprintf.obj (.text)
                  20009c50    0000005e     driverlib.a : cpu.obj (.text)
                  20009cae    0000005e     rtsv7M4_T_le_eabi.lib : copy_decompress_rle.obj (.text)
                  20009d0c    0000005a                           : ltoa.obj (.text)
                  20009d66    00000002     --HOLE-- [fill = 0]
                  20009d68    0000004c                           : atoi.obj (.text)
                  20009db4    00000048                           : fd_toi_t2.obj (.text)
                  20009dfc    00000044                           : cpy_tbl.obj (.text)
                  20009e40    00000044                           : exit.obj (.text)
                  20009e84    00000044                           : xdtest.obj (.text)
                  20009ec8    00000038     free_rtos.a : heap_3.obj (.text)
                  20009f00    00000034     rtsv7M4_T_le_eabi.lib : boot.obj (.text)
                  20009f34    00000030                           : strncpy.obj (.text)
                  20009f64    0000002e                           : i_tofd_t2.obj (.text)
                  20009f92    0000001e                           : ll_lsr_t2.obj (.text)
                  20009fb0    0000001c     pinmux.obj (.text)
                  20009fcc    0000001c     rtsv7M4_T_le_eabi.lib : memccpy.obj (.text)
                  20009fe8    0000001a                           : strcat.obj (.text)
                  2000a002    00000002     --HOLE-- [fill = 0]
                  2000a004    00000018                           : args_main.obj (.text)
                  2000a01c    00000018                           : ll_mul_t2.obj (.text)
                  2000a034    00000014                           : _lock.obj (.text)
                  2000a048    00000014                           : strlen.obj (.text)
                  2000a05c    00000012                           : copy_zero_init.obj (.text:decompress:ZI)
                  2000a06e    0000000e                           : copy_decompress_none.obj (.text:decompress:none)
                  2000a07c    0000000e                           : xdclass.obj (.text)
                  2000a08a    0000000e     startup_ccs.obj (.text)
                  2000a098    00000006     driverlib.a : utils.obj (.text:UtilsDelay)
                  2000a09e    00000006     rtsv7M4_T_le_eabi.lib : copy_decompress_rle.obj (.text:decompress:rle24)

.const     0    2000a0a4    00000488     
                  2000a0a4    00000102     rtsv7M4_T_le_eabi.lib : ctype.obj (.const:.string:_ctypes_)
                  2000a1a6    00000002     --HOLE-- [fill = 0]
                  2000a1a8    00000100     driverlib.a : pin.obj (.const:g_ulPinToPadMap)
                  2000a2a8    000000d4                 : interrupt.obj (.const:g_pulRegs)
                  2000a37c    000000a0                 : prcm.obj (.const:PRCM_PeriphRegsList)
                  2000a41c    00000080                 : interrupt.obj (.const)
                  2000a49c    00000040                 : flash.obj (.const:g_pulFMPPERegs)
                  2000a4dc    00000040                 : flash.obj (.const:g_pulFMPRERegs)
                  2000a51c    00000010                 : uart.obj (.const)

.cinit     0    2000a530    00000050     
                  2000a530    00000029     (.cinit..data.load) [load image, compression = rle]
                  2000a559    00000003     --HOLE-- [fill = 0]
                  2000a55c    0000000c     (__TI_handler_table)
                  2000a568    00000008     (.cinit..bss.load) [load image, compression = zero_init]
                  2000a570    00000010     (__TI_cinit_table)

.sysmem    0    20017000    00004000     UNINITIALIZED
                  20017000    00000008     rtsv7M4_T_le_eabi.lib : memory.obj (.sysmem)
                  20017008    00003ff8     --HOLE--

.bss       0    2001b000    000001c0     UNINITIALIZED
                  2001b000    000000c8     free_rtos.a : tasks.obj (.bss:pxReadyTasksLists)
                  2001b0c8    00000050                 : queue.obj (.bss:xQueueRegistry)
                  2001b118    0000002c                 : tasks.obj (.bss:pcStatusString$1)
                  2001b144    00000014     (.common:xDelayedTaskList1)
                  2001b158    00000014     (.common:xDelayedTaskList2)
                  2001b16c    00000014     (.common:xPendingReadyList)
                  2001b180    00000014     (.common:xSuspendedTaskList)
                  2001b194    00000014     (.common:xTasksWaitingTermination)
                  2001b1a8    00000004     (.common:__Errorlog)
                  2001b1ac    00000004     (.common:pxDelayedTaskList)
                  2001b1b0    00000004     (.common:pxOverflowDelayedTaskList)
                  2001b1b4    00000004     (.common:xPrintQueue)
                  2001b1b8    00000004     (.common:xSimpleLinkSpawnQueue)
                  2001b1bc    00000004     (.common:xSimpleLinkSpawnTaskHndl)

.data      0    2001b1c0    00000060     UNINITIALIZED
                  2001b1c0    00000038     free_rtos.a : tasks.obj (.data)
                  2001b1f8    0000000c     rtsv7M4_T_le_eabi.lib : memory.obj (.data)
                  2001b204    00000008                           : _lock.obj (.data)
                  2001b20c    00000008                           : exit.obj (.data)
                  2001b214    00000004     free_rtos.a : osi_freertos.obj (.data)
                  2001b218    00000004                 : port.obj (.data)
                  2001b21c    00000004     rtsv7M4_T_le_eabi.lib : stkdepth_vars.obj (.data)

.stack     0    2002ff00    00000100     UNINITIALIZED
                  2002ff00    00000100     --HOLE--


LINKER GENERATED COPY TABLES

__TI_cinit_table @ 2000a570 records: 2, size/record: 8, table size: 16
	.data: load addr=2000a530, load size=00000029 bytes, run addr=2001b1c0, run size=00000060 bytes, compression=rle
	.bss: load addr=2000a568, load size=00000008 bytes, run addr=2001b000, run size=000001c0 bytes, compression=zero_init


LINKER GENERATED HANDLER TABLE

__TI_handler_table @ 2000a55c records: 3, size/record: 4, table size: 12
	index: 0, handler: __TI_decompress_rle24
	index: 1, handler: __TI_decompress_none
	index: 2, handler: __TI_zero_init


GLOBAL SYMBOLS: SORTED ALPHABETICALLY BY Name 

address    name
--------   ----
20009e41   C$$EXIT
20009ca5   CPUbasepriGet
20009c8f   CPUbasepriSet
20009c51   CPUcpsid
20009c6f   CPUcpsie
20009c65   CPUprimask
20009c83   CPUwfi
2000903d   ClearTerm
20009047   Error
20008685   FlashDisable
200086bb   FlashErase
200086f5   FlashEraseNonBlocking
20008931   FlashIntClear
20008901   FlashIntDisable
200088ed   FlashIntEnable
200088c9   FlashIntRegister
20008915   FlashIntStatus
200088dd   FlashIntUnregister
20008713   FlashMassErase
2000873f   FlashMassEraseNonBlocking
2000874f   FlashProgram
200087d1   FlashProgramNonBlocking
20008853   FlashProtectGet
2000907f   GetCmd
20008ffd   InitTerm
200084d1   IntDisable
20008437   IntEnable
20008321   IntMasterDisable
20008317   IntMasterEnable
200085f9   IntPendClear
2000856b   IntPendSet
20008413   IntPriorityGet
2000838b   IntPriorityGroupingGet
20008371   IntPriorityGroupingSet
2000865d   IntPriorityMaskGet
20008651   IntPriorityMaskSet
200083c3   IntPrioritySet
2000833b   IntRegister
20008357   IntUnregister
2000832b   IntVTableBaseSet
2000901b   Message
200075fd   PRCMCC3200MCUInit
20007035   PRCMDeepSleepEnter
200071ff   PRCMHibernateEnter
20007139   PRCMHibernateIntervalSet
200071ad   PRCMHibernateWakeUpGPIOSelect
2000711d   PRCMHibernateWakeupCauseGet
200070f7   PRCMHibernateWakeupSourceDisable
200070d1   PRCMHibernateWakeupSourceEnable
20006f1b   PRCMI2SClockFreqSet
20007341   PRCMIntDisable
2000730d   PRCMIntEnable
200072e5   PRCMIntRegister
20007365   PRCMIntStatus
200072f9   PRCMIntUnregister
20006f83   PRCMLPDSEnter
20006fef   PRCMLPDSIntervalSet
20006f6b   PRCMLPDSRestoreInfoSet
20007011   PRCMLPDSWakeUpGPIOSelect
20006fe9   PRCMLPDSWakeupCauseGet
20006fd5   PRCMLPDSWakeupSourceDisable
20006fb3   PRCMLPDSWakeupSourceEnable
20006d95   PRCMMCUReset
200072cb   PRCMOCRRegisterRead
200072b1   PRCMOCRRegisterWrite
20006e05   PRCMPeripheralClkDisable
20006dd9   PRCMPeripheralClkEnable
20006e25   PRCMPeripheralClockGet
20006ea3   PRCMPeripheralReset
20006ef1   PRCMPeripheralStatusGet
2000742d   PRCMRTCGet
2000737d   PRCMRTCInUseGet
2000736b   PRCMRTCInUseSet
20007561   PRCMRTCMatchGet
200074c5   PRCMRTCMatchSet
2000739d   PRCMRTCSet
20006d89   PRCMSOCReset
2000709d   PRCMSRAMRetentionDisable
20007065   PRCMSRAMRetentionEnable
2000702d   PRCMSleepEnter
2000720f   PRCMSlowClkCtrGet
20007271   PRCMSlowClkCtrMatchGet
20007249   PRCMSlowClkCtrMatchSet
20006db5   PRCMSysResetCauseGet
20008a45   PinConfigGet
20008a83   PinConfigSet
20008a1b   PinDirModeGet
200089e7   PinDirModeSet
200089bd   PinModeGet
20008985   PinModeSet
20009fb1   PinMuxConfig
20008bcd   PinTypeADC
20008b83   PinTypeCamera
20008b9d   PinTypeGPIO
20008b19   PinTypeI2C
20008b4f   PinTypeI2S
20008be1   PinTypeSDHost
20008b35   PinTypeSPI
20008b69   PinTypeTimer
20008aff   PinTypeUART
20009111   Report
2000a08b   ResetISR
UNDEFED    SHT$$INIT_ARRAY$$Base
UNDEFED    SHT$$INIT_ARRAY$$Limit
20007a71   UARTBreakCtl
20007a9b   UARTBusy
20007a19   UARTCharGet
200079fd   UARTCharGetNonBlocking
20007a53   UARTCharPut
20007a2f   UARTCharPutNonBlocking
200079c3   UARTCharsAvail
20007835   UARTConfigGetExpClk
200077bf   UARTConfigSetExpClk
20007b63   UARTDMADisable
20007b4b   UARTDMAEnable
200078a5   UARTDisable
20007881   UARTEnable
200078e5   UARTFIFODisable
200078cf   UARTFIFOEnable
20007797   UARTFIFOLevelGet
2000777f   UARTFIFOLevelSet
20007983   UARTFlowControlGet
20007967   UARTFlowControlSet
20007b39   UARTIntClear
20007b03   UARTIntDisable
20007aeb   UARTIntEnable
20007ab3   UARTIntRegister
20007b1b   UARTIntStatus
20007ad1   UARTIntUnregister
2000791f   UARTModemControlClear
20007943   UARTModemControlGet
200078fb   UARTModemControlSet
20007955   UARTModemStatusGet
2000776d   UARTParityModeGet
20007751   UARTParityModeSet
20007b91   UARTRxErrorClear
20007b7b   UARTRxErrorGet
200079db   UARTSpaceAvail
200079b1   UARTTxIntModeGet
20007995   UARTTxIntModeSet
2000a099   UtilsDelay
200081cb   VDeleteSimpleLinkSpawnTask
20008193   VStartSimpleLinkSpawnTask
2000a07d   _Dclass
20009e85   _Dtest
20030000   __STACK_END
00000100   __STACK_SIZE
00004000   __SYSMEM_SIZE
2000a570   __TI_CINIT_Base
2000a580   __TI_CINIT_Limit
2000a55c   __TI_Handler_Table_Base
2000a568   __TI_Handler_Table_Limit
00000001   __TI_args_main
20009951   __TI_auto_init
2001b20c   __TI_cleanup_ptr
2000a06f   __TI_decompress_none
2000a09f   __TI_decompress_rle24
2001b210   __TI_dtors_ptr
20005ff7   __TI_printfi
2000a530   __TI_static_base__
2000a05d   __TI_zero_init
20009a6d   __aeabi_cdcmpeq
20009a6d   __aeabi_cdcmple
20009af3   __aeabi_cdrcmple
20009db5   __aeabi_d2iz
200091db   __aeabi_dadd
20009387   __aeabi_ddiv
200096fd   __aeabi_dmul
200091d1   __aeabi_dsub
20009f65   __aeabi_i2d
20009f93   __aeabi_llsr
2000a01d   __aeabi_lmul
20009b79   __aeabi_memclr
20009b79   __aeabi_memclr4
20009b79   __aeabi_memclr8
200098b3   __aeabi_memcpy
200098b3   __aeabi_memcpy4
200098b3   __aeabi_memcpy8
20009b7b   __aeabi_memset
20009b7b   __aeabi_memset4
20009b7b   __aeabi_memset8
20008e09   __aeabi_uldivmod
ffffffff   __binit__
ffffffff   __c_args__
2002ff00   __stack
2000a005   _args_main
20009f01   _c_int00
2000a0a4   _ctypes_
2001b204   _lock
2000a043   _nop
2000a03b   _register_lock
2000a035   _register_unlock
20017000   _sys_memory
2001b208   _unlock
20009e45   abort
20009d69   atoi
ffffffff   binit
20007f45   calloc
20009dfd   copy_in
20004695   eTaskGetState
20009e4d   exit
20007c95   free
20004000   g_pfnVectors
20009d0d   ltoa
20008cd3   main
2001b21c   main_func_sp
20007c2d   malloc
20008283   mem_Free
20008277   mem_Malloc
200082a9   mem_copy
2000828f   mem_set
20007e61   memalign
20009fcd   memccpy
200098b3   memcpy
20009b81   memset
20007ba1   minit
200082ff   osi_ContextRestore
200082fd   osi_ContextSave
200082bd   osi_EnterCritical
200082c7   osi_ExitCritical
20007fa3   osi_InterruptDeRegister
20007f7d   osi_InterruptRegister
2000807b   osi_LockObjCreate
200080e7   osi_LockObjDelete
200080f7   osi_LockObjLock
20008119   osi_LockObjUnlock
200081df   osi_MsgQCreate
20008211   osi_MsgQDelete
20008247   osi_MsgQRead
20008221   osi_MsgQWrite
200082d9   osi_Sleep
2000812f   osi_Spawn
20008063   osi_SyncObjClear
20007fb5   osi_SyncObjCreate
20007ff5   osi_SyncObjDelete
20008005   osi_SyncObjSignal
2000801b   osi_SyncObjSignalFromISR
20008041   osi_SyncObjWait
20008097   osi_TaskCreate
200080d9   osi_TaskDelete
200082e9   osi_TaskDisable
200082f3   osi_TaskEnable
200082d1   osi_start
20004b8f   pcTaskGetTaskName
200098ad   portCLZ
20009895   prvPortStartFirstTask
20009ec9   pvPortMalloc
2001b1c0   pxCurrentTCB
200095f1   pxPortInitialiseStack
20007d55   realloc
20009bf1   sprintf
20009fe9   strcat
2000a049   strlen
20009f35   strncpy
200069e1   ucQueueGetQueueNumber
20006a09   ucQueueGetQueueType
200097fd   ulPortSetInterruptMask
200095a7   uxListRemove
2000699b   uxQueueMessagesWaiting
200069b1   uxQueueMessagesWaitingFromISR
20004b89   uxTaskGetNumberOfTasks
20004f95   uxTaskGetTaskNumber
20004715   uxTaskPriorityGet
20008c87   vApplicationIdleHook
20008c93   vApplicationMallocFailedHook
20008c89   vApplicationStackOverflowHook
20008c7b   vApplicationTickHook
20008c7d   vAssertCalled
200094bd   vListInitialise
200094ed   vListInitialiseItem
20009541   vListInsert
200094fd   vListInsertEnd
20009813   vPortClearInterruptMask
20009661   vPortEndScheduler
20009675   vPortEnterCritical
2000968d   vPortExitCritical
20009ee9   vPortFree
2000986d   vPortSVCHandler
200096cf   vPortSetupTimerInterrupt
20009663   vPortYield
20006c0b   vQueueAddToRegistry
200069c3   vQueueDelete
200069f1   vQueueSetQueueNumber
20004643   vTaskDelay
200045a9   vTaskDelayUntil
2000451f   vTaskDelete
20004a6b   vTaskEndScheduler
20004c95   vTaskIncrementTick
20004bb9   vTaskList
20004f85   vTaskMissedYield
20004e11   vTaskPlaceOnEventList
20005399   vTaskPriorityDisinherit
200052d9   vTaskPriorityInherit
20004751   vTaskPrioritySet
20004939   vTaskResume
20004fb5   vTaskSetTaskNumber
20004ee9   vTaskSetTimeOutState
20004a25   vTaskStartScheduler
20004851   vTaskSuspend
20004a81   vTaskSuspendAll
20004d89   vTaskSwitchContext
200099e5   vsnprintf
2001b214   xHigherPriorityTaskWoken
20009821   xPortPendSVHandler
20009639   xPortStartScheduler
200096ad   xPortSysTickHandler
2001b1b4   xPrintQueue
20006c9b   xQueueAddToSet
20006651   xQueueAltGenericReceive
200065a7   xQueueAltGenericSend
20006483   xQueueCreateCountingSemaphore
20006405   xQueueCreateMutex
20006c87   xQueueCreateSet
20006391   xQueueGenericCreate
200067e3   xQueueGenericReceive
20006301   xQueueGenericReset
200064a3   xQueueGenericSend
2000674d   xQueueGenericSendFromISR
20006ba7   xQueueIsQueueEmptyFromISR
20006be9   xQueueIsQueueFullFromISR
20006923   xQueueReceiveFromISR
2001b0c8   xQueueRegistry
20006cc3   xQueueRemoveFromSet
20006d05   xQueueSelectFromSet
20006d1f   xQueueSelectFromSetFromISR
2001b1b8   xSimpleLinkSpawnQueue
2001b1bc   xSimpleLinkSpawnTaskHndl
20004f0d   xTaskCheckForTimeOut
20004401   xTaskGenericCreate
2000527b   xTaskGetCurrentTaskHandle
20004c71   xTaskGetIdleTaskHandle
2000528b   xTaskGetSchedulerState
20004b53   xTaskGetTickCount
20004b71   xTaskGetTickCountFromISR
200048e5   xTaskIsTaskSuspended
20004e71   xTaskRemoveFromEventList
20004a91   xTaskResumeAll
200049a9   xTaskResumeFromISR


GLOBAL SYMBOLS: SORTED BY Symbol Address 

address    name
--------   ----
00000001   __TI_args_main
00000100   __STACK_SIZE
00004000   __SYSMEM_SIZE
20004000   g_pfnVectors
20004401   xTaskGenericCreate
2000451f   vTaskDelete
200045a9   vTaskDelayUntil
20004643   vTaskDelay
20004695   eTaskGetState
20004715   uxTaskPriorityGet
20004751   vTaskPrioritySet
20004851   vTaskSuspend
200048e5   xTaskIsTaskSuspended
20004939   vTaskResume
200049a9   xTaskResumeFromISR
20004a25   vTaskStartScheduler
20004a6b   vTaskEndScheduler
20004a81   vTaskSuspendAll
20004a91   xTaskResumeAll
20004b53   xTaskGetTickCount
20004b71   xTaskGetTickCountFromISR
20004b89   uxTaskGetNumberOfTasks
20004b8f   pcTaskGetTaskName
20004bb9   vTaskList
20004c71   xTaskGetIdleTaskHandle
20004c95   vTaskIncrementTick
20004d89   vTaskSwitchContext
20004e11   vTaskPlaceOnEventList
20004e71   xTaskRemoveFromEventList
20004ee9   vTaskSetTimeOutState
20004f0d   xTaskCheckForTimeOut
20004f85   vTaskMissedYield
20004f95   uxTaskGetTaskNumber
20004fb5   vTaskSetTaskNumber
2000527b   xTaskGetCurrentTaskHandle
2000528b   xTaskGetSchedulerState
200052d9   vTaskPriorityInherit
20005399   vTaskPriorityDisinherit
20005ff7   __TI_printfi
20006301   xQueueGenericReset
20006391   xQueueGenericCreate
20006405   xQueueCreateMutex
20006483   xQueueCreateCountingSemaphore
200064a3   xQueueGenericSend
200065a7   xQueueAltGenericSend
20006651   xQueueAltGenericReceive
2000674d   xQueueGenericSendFromISR
200067e3   xQueueGenericReceive
20006923   xQueueReceiveFromISR
2000699b   uxQueueMessagesWaiting
200069b1   uxQueueMessagesWaitingFromISR
200069c3   vQueueDelete
200069e1   ucQueueGetQueueNumber
200069f1   vQueueSetQueueNumber
20006a09   ucQueueGetQueueType
20006ba7   xQueueIsQueueEmptyFromISR
20006be9   xQueueIsQueueFullFromISR
20006c0b   vQueueAddToRegistry
20006c87   xQueueCreateSet
20006c9b   xQueueAddToSet
20006cc3   xQueueRemoveFromSet
20006d05   xQueueSelectFromSet
20006d1f   xQueueSelectFromSetFromISR
20006d89   PRCMSOCReset
20006d95   PRCMMCUReset
20006db5   PRCMSysResetCauseGet
20006dd9   PRCMPeripheralClkEnable
20006e05   PRCMPeripheralClkDisable
20006e25   PRCMPeripheralClockGet
20006ea3   PRCMPeripheralReset
20006ef1   PRCMPeripheralStatusGet
20006f1b   PRCMI2SClockFreqSet
20006f6b   PRCMLPDSRestoreInfoSet
20006f83   PRCMLPDSEnter
20006fb3   PRCMLPDSWakeupSourceEnable
20006fd5   PRCMLPDSWakeupSourceDisable
20006fe9   PRCMLPDSWakeupCauseGet
20006fef   PRCMLPDSIntervalSet
20007011   PRCMLPDSWakeUpGPIOSelect
2000702d   PRCMSleepEnter
20007035   PRCMDeepSleepEnter
20007065   PRCMSRAMRetentionEnable
2000709d   PRCMSRAMRetentionDisable
200070d1   PRCMHibernateWakeupSourceEnable
200070f7   PRCMHibernateWakeupSourceDisable
2000711d   PRCMHibernateWakeupCauseGet
20007139   PRCMHibernateIntervalSet
200071ad   PRCMHibernateWakeUpGPIOSelect
200071ff   PRCMHibernateEnter
2000720f   PRCMSlowClkCtrGet
20007249   PRCMSlowClkCtrMatchSet
20007271   PRCMSlowClkCtrMatchGet
200072b1   PRCMOCRRegisterWrite
200072cb   PRCMOCRRegisterRead
200072e5   PRCMIntRegister
200072f9   PRCMIntUnregister
2000730d   PRCMIntEnable
20007341   PRCMIntDisable
20007365   PRCMIntStatus
2000736b   PRCMRTCInUseSet
2000737d   PRCMRTCInUseGet
2000739d   PRCMRTCSet
2000742d   PRCMRTCGet
200074c5   PRCMRTCMatchSet
20007561   PRCMRTCMatchGet
200075fd   PRCMCC3200MCUInit
20007751   UARTParityModeSet
2000776d   UARTParityModeGet
2000777f   UARTFIFOLevelSet
20007797   UARTFIFOLevelGet
200077bf   UARTConfigSetExpClk
20007835   UARTConfigGetExpClk
20007881   UARTEnable
200078a5   UARTDisable
200078cf   UARTFIFOEnable
200078e5   UARTFIFODisable
200078fb   UARTModemControlSet
2000791f   UARTModemControlClear
20007943   UARTModemControlGet
20007955   UARTModemStatusGet
20007967   UARTFlowControlSet
20007983   UARTFlowControlGet
20007995   UARTTxIntModeSet
200079b1   UARTTxIntModeGet
200079c3   UARTCharsAvail
200079db   UARTSpaceAvail
200079fd   UARTCharGetNonBlocking
20007a19   UARTCharGet
20007a2f   UARTCharPutNonBlocking
20007a53   UARTCharPut
20007a71   UARTBreakCtl
20007a9b   UARTBusy
20007ab3   UARTIntRegister
20007ad1   UARTIntUnregister
20007aeb   UARTIntEnable
20007b03   UARTIntDisable
20007b1b   UARTIntStatus
20007b39   UARTIntClear
20007b4b   UARTDMAEnable
20007b63   UARTDMADisable
20007b7b   UARTRxErrorGet
20007b91   UARTRxErrorClear
20007ba1   minit
20007c2d   malloc
20007c95   free
20007d55   realloc
20007e61   memalign
20007f45   calloc
20007f7d   osi_InterruptRegister
20007fa3   osi_InterruptDeRegister
20007fb5   osi_SyncObjCreate
20007ff5   osi_SyncObjDelete
20008005   osi_SyncObjSignal
2000801b   osi_SyncObjSignalFromISR
20008041   osi_SyncObjWait
20008063   osi_SyncObjClear
2000807b   osi_LockObjCreate
20008097   osi_TaskCreate
200080d9   osi_TaskDelete
200080e7   osi_LockObjDelete
200080f7   osi_LockObjLock
20008119   osi_LockObjUnlock
2000812f   osi_Spawn
20008193   VStartSimpleLinkSpawnTask
200081cb   VDeleteSimpleLinkSpawnTask
200081df   osi_MsgQCreate
20008211   osi_MsgQDelete
20008221   osi_MsgQWrite
20008247   osi_MsgQRead
20008277   mem_Malloc
20008283   mem_Free
2000828f   mem_set
200082a9   mem_copy
200082bd   osi_EnterCritical
200082c7   osi_ExitCritical
200082d1   osi_start
200082d9   osi_Sleep
200082e9   osi_TaskDisable
200082f3   osi_TaskEnable
200082fd   osi_ContextSave
200082ff   osi_ContextRestore
20008317   IntMasterEnable
20008321   IntMasterDisable
2000832b   IntVTableBaseSet
2000833b   IntRegister
20008357   IntUnregister
20008371   IntPriorityGroupingSet
2000838b   IntPriorityGroupingGet
200083c3   IntPrioritySet
20008413   IntPriorityGet
20008437   IntEnable
200084d1   IntDisable
2000856b   IntPendSet
200085f9   IntPendClear
20008651   IntPriorityMaskSet
2000865d   IntPriorityMaskGet
20008685   FlashDisable
200086bb   FlashErase
200086f5   FlashEraseNonBlocking
20008713   FlashMassErase
2000873f   FlashMassEraseNonBlocking
2000874f   FlashProgram
200087d1   FlashProgramNonBlocking
20008853   FlashProtectGet
200088c9   FlashIntRegister
200088dd   FlashIntUnregister
200088ed   FlashIntEnable
20008901   FlashIntDisable
20008915   FlashIntStatus
20008931   FlashIntClear
20008985   PinModeSet
200089bd   PinModeGet
200089e7   PinDirModeSet
20008a1b   PinDirModeGet
20008a45   PinConfigGet
20008a83   PinConfigSet
20008aff   PinTypeUART
20008b19   PinTypeI2C
20008b35   PinTypeSPI
20008b4f   PinTypeI2S
20008b69   PinTypeTimer
20008b83   PinTypeCamera
20008b9d   PinTypeGPIO
20008bcd   PinTypeADC
20008be1   PinTypeSDHost
20008c7b   vApplicationTickHook
20008c7d   vAssertCalled
20008c87   vApplicationIdleHook
20008c89   vApplicationStackOverflowHook
20008c93   vApplicationMallocFailedHook
20008cd3   main
20008e09   __aeabi_uldivmod
20008ffd   InitTerm
2000901b   Message
2000903d   ClearTerm
20009047   Error
2000907f   GetCmd
20009111   Report
200091d1   __aeabi_dsub
200091db   __aeabi_dadd
20009387   __aeabi_ddiv
200094bd   vListInitialise
200094ed   vListInitialiseItem
200094fd   vListInsertEnd
20009541   vListInsert
200095a7   uxListRemove
200095f1   pxPortInitialiseStack
20009639   xPortStartScheduler
20009661   vPortEndScheduler
20009663   vPortYield
20009675   vPortEnterCritical
2000968d   vPortExitCritical
200096ad   xPortSysTickHandler
200096cf   vPortSetupTimerInterrupt
200096fd   __aeabi_dmul
200097fd   ulPortSetInterruptMask
20009813   vPortClearInterruptMask
20009821   xPortPendSVHandler
2000986d   vPortSVCHandler
20009895   prvPortStartFirstTask
200098ad   portCLZ
200098b3   __aeabi_memcpy
200098b3   __aeabi_memcpy4
200098b3   __aeabi_memcpy8
200098b3   memcpy
20009951   __TI_auto_init
200099e5   vsnprintf
20009a6d   __aeabi_cdcmpeq
20009a6d   __aeabi_cdcmple
20009af3   __aeabi_cdrcmple
20009b79   __aeabi_memclr
20009b79   __aeabi_memclr4
20009b79   __aeabi_memclr8
20009b7b   __aeabi_memset
20009b7b   __aeabi_memset4
20009b7b   __aeabi_memset8
20009b81   memset
20009bf1   sprintf
20009c51   CPUcpsid
20009c65   CPUprimask
20009c6f   CPUcpsie
20009c83   CPUwfi
20009c8f   CPUbasepriSet
20009ca5   CPUbasepriGet
20009d0d   ltoa
20009d69   atoi
20009db5   __aeabi_d2iz
20009dfd   copy_in
20009e41   C$$EXIT
20009e45   abort
20009e4d   exit
20009e85   _Dtest
20009ec9   pvPortMalloc
20009ee9   vPortFree
20009f01   _c_int00
20009f35   strncpy
20009f65   __aeabi_i2d
20009f93   __aeabi_llsr
20009fb1   PinMuxConfig
20009fcd   memccpy
20009fe9   strcat
2000a005   _args_main
2000a01d   __aeabi_lmul
2000a035   _register_unlock
2000a03b   _register_lock
2000a043   _nop
2000a049   strlen
2000a05d   __TI_zero_init
2000a06f   __TI_decompress_none
2000a07d   _Dclass
2000a08b   ResetISR
2000a099   UtilsDelay
2000a09f   __TI_decompress_rle24
2000a0a4   _ctypes_
2000a530   __TI_static_base__
2000a55c   __TI_Handler_Table_Base
2000a568   __TI_Handler_Table_Limit
2000a570   __TI_CINIT_Base
2000a580   __TI_CINIT_Limit
20017000   _sys_memory
2001b0c8   xQueueRegistry
2001b1b4   xPrintQueue
2001b1b8   xSimpleLinkSpawnQueue
2001b1bc   xSimpleLinkSpawnTaskHndl
2001b1c0   pxCurrentTCB
2001b204   _lock
2001b208   _unlock
2001b20c   __TI_cleanup_ptr
2001b210   __TI_dtors_ptr
2001b214   xHigherPriorityTaskWoken
2001b21c   main_func_sp
2002ff00   __stack
20030000   __STACK_END
ffffffff   __binit__
ffffffff   __c_args__
ffffffff   binit
UNDEFED    SHT$$INIT_ARRAY$$Base
UNDEFED    SHT$$INIT_ARRAY$$Limit

[338 symbols]
