******************************************************************************
                  TI ARM Linker PC v5.1.7                      
******************************************************************************
>> Linked Wed Aug 06 08:26:23 2014

OUTPUT FILE NAME:   <wlan_station.out>
ENTRY POINT SYMBOL: "_c_int00"  address: 20013f71


MEMORY CONFIGURATION

         name            origin    length      used     unused   attr    fill
----------------------  --------  ---------  --------  --------  ----  --------
  SRAM_CODE             20004000   00013fff  00013f66  00000099  RW X
  SRAM_DATA             20018000   00019000  0000bd13  0000d2ed  RW X


SEGMENT ALLOCATION MAP

run origin  load origin   length   init length attrs members
----------  ----------- ---------- ----------- ----- -------
20004000    20004000    00013f68   00013f68    r-x
  20004000    20004000    0000030c   0000030c    r-- .resetVecs
  2000430c    2000430c    0001125c   0001125c    r-x .text
  20015568    20015568    00002636   00002636    r-- .const
  20017ba0    20017ba0    000003c8   000003c8    r-- .cinit
20018000    20018000    00009d14   00000000    rw-
  20018000    20018000    000096df   00000000    rw- .bss
  200216e0    200216e0    00000634   00000000    rw- .data
2002f000    2002f000    00002000   00000000    rw-
  2002f000    2002f000    00002000   00000000    rw- .stack


SECTION ALLOCATION MAP

 output                                  attributes/
section   page    origin      length       input sections
--------  ----  ----------  ----------   ----------------
.bootVecs 
*          0    00000000    00000008     DSECT
                  00000000    00000008     boot.aem4 : boot.oem4 (.bootVecs)

xdc.meta   0    00000000    000000ee     COPY SECTION
                  00000000    000000ee     app_pem4.oem4 (xdc.meta)

.init_array 
*          0    20004000    00000000     UNINITIALIZED

.vecs      0    20004000    00000000     DSECT

.resetVecs 
*          0    20004000    0000030c     
                  20004000    0000030c     app_pem4.oem4 (.resetVecs)

.text      0    2000430c    0001125c     
                  2000430c    00001e48     simplelink.a : driver.obj (.text)
                  20006154    00000ec0     rtsv7M4_T_le_eabi.lib : _printfi.obj (.text)
                  20007014    00000e34     main.obj (.text)
                  20007e48    00000d88     simplelink.a : socket.obj (.text)
                  20008bd0    00000b44                  : netapp.obj (.text)
                  20009714    00000a5c                  : wlan.obj (.text)
                  2000a170    0000098c     driverlib.a : prcm.obj (.text)
                  2000aafc    0000079c                 : spi.obj (.text)
                  2000b298    00000668     simplelink.a : cc_pal.obj (.text)
                  2000b900    0000054c                  : device.obj (.text)
                  2000be4c    00000538     ti_rtos.a : osi_tirtos.obj (.text)
                  2000c384    000004a4     driverlib.a : udma.obj (.text)
                  2000c828    0000048c                 : uart.obj (.text)
                  2000ccb4    0000045c     simplelink.a : fs.obj (.text)
                  2000d110    00000424     sysbios.aem4 : BIOS.obj (.text:ti_sysbios_family_arm_m3_Hwi_excDumpRegs__I)
                  2000d534    00000394     gpio_if.obj (.text)
                  2000d8c8    00000370     driverlib.a : interrupt.obj (.text)
                  2000dc38    0000033c     ti.targets.arm.rtsarm.aem4 : System.oem4 (.text:xdc_runtime_System_doPrint__I)
                  2000df74    00000334     driverlib.a : gpio.obj (.text)
                  2000e2a8    00000310     rtsv7M4_T_le_eabi.lib : lowlev.obj (.text)
                  2000e5b8    00000304     sysbios.aem4 : BIOS.obj (.text:ti_sysbios_knl_Semaphore_pend__E)
                  2000e8bc    00000300     driverlib.a : flash.obj (.text)
                  2000ebbc    000002d4     rtsv7M4_T_le_eabi.lib : trgdrv.obj (.text)
                  2000ee90    00000284     driverlib.a : pin.obj (.text)
                  2000f114    00000248     sysbios.aem4 : BIOS.obj (.text:ti_sysbios_heaps_HeapMem_free__E)
                  2000f35c    00000234                  : BIOS.obj (.text:ti_sysbios_heaps_HeapMem_alloc__E)
                  2000f590    00000228                  : BIOS.obj (.text:ti_sysbios_knl_Task_Instance_finalize__E)
                  2000f7b8    00000208                  : BIOS.obj (.text:ti_sysbios_knl_Task_sleep__E)
                  2000f9c0    000001f8                  : BIOS.obj (.text:ti_sysbios_family_arm_m3_Hwi_excHandlerMax__I)
                  2000fbb8    000001f4     rtsv7M4_T_le_eabi.lib : ull_div_t2.obj (.text)
                  2000fdac    000001d4     uart_if.obj (.text)
                  2000ff80    000001c0     rtsv7M4_T_le_eabi.lib : fopen.obj (.text)
                  20010140    000001bc     sysbios.aem4 : BIOS.obj (.text:ti_sysbios_knl_Task_Instance_init__E)
                  200102fc    000001b6     rtsv7M4_T_le_eabi.lib : fd_add_t2.obj (.text)
                  200104b2    00000002     app_pem4.oem4 (.text:ti_sysbios_BIOS_nullFunc__I)
                  200104b4    0000018c     sysbios.aem4 : BIOS.obj (.text:ti_sysbios_knl_Task_Module_startup__E)
                  20010640    00000168                  : BIOS.obj (.text:ti_sysbios_family_arm_m3_Hwi_excBusFault__I)
                  200107a8    00000160                  : BIOS.obj (.text:ti_sysbios_knl_Mailbox_Instance_init__E)
                  20010908    00000154                  : BIOS.obj (.text:ti_sysbios_family_arm_m3_Hwi_excUsageFault__I)
                  20010a5c    00000140                  : BIOS.obj (.text:ti_sysbios_family_arm_m3_Hwi_excMemFault__I)
                  20010b9c    0000013c                  : BIOS.obj (.text:ti_sysbios_family_arm_m3_Hwi_dispatchC__I)
                  20010cd8    00000138                  : BIOS.obj (.text:ti_sysbios_heaps_HeapMem_Instance_init__E)
                  20010e10    00000138                  : BIOS.obj (.text:ti_sysbios_knl_Semaphore_post__E)
                  20010f48    00000136     rtsv7M4_T_le_eabi.lib : fd_div_t2.obj (.text)
                  2001107e    00000002     sysbios.aem4 : BIOS.obj (.text:ti_sysbios_gates_GateHwi_Instance_init__E)
                  20011080    00000134     rtsv7M4_T_le_eabi.lib : fputs.obj (.text)
                  200111b4    00000130     ti.targets.arm.rtsarm.aem4 : LoggerBuf.oem4 (.text:xdc_runtime_LoggerBuf_write8__E)
                  200112e4    0000012c     sysbios.aem4 : BIOS.obj (.text:ti_sysbios_knl_Clock_workFunc__E)
                  20011410    00000120                  : BIOS.obj (.text:ti_sysbios_knl_Swi_run__I)
                  20011530    00000120     ti.targets.arm.rtsarm.aem4 : Error.oem4 (.text:xdc_runtime_Error_policyDefault__E)
                  20011650    00000104                                : Core-mem.oem4 (.text:xdc_runtime_Core_createObject__I)
                  20011754    00000104     app_pem4.oem4 (.text:xdc_runtime_System_printfExtend__I)
                  20011858    00000100     simplelink.a : netcfg.obj (.text)
                  20011958    000000fc     rtsv7M4_T_le_eabi.lib : fd_mul_t2.obj (.text)
                  20011a54    000000fc     ti.targets.arm.rtsarm.aem4 : Startup.oem4 (.text:xdc_runtime_Startup_startMods__I)
                  20011b50    000000dc     rtsv7M4_T_le_eabi.lib : setvbuf.obj (.text)
                  20011c2c    000000d4     ti.targets.arm.rtsarm.aem4 : LoggerBuf.oem4 (.text:xdc_runtime_LoggerBuf_write4__E)
                  20011d00    000000d0     sysbios.aem4 : m3_Hwi_asm.obj (.text:ti_sysbios_family_arm_m3_Hwi_dispatch__I)
                  20011dd0    000000cc     ti.targets.arm.rtsarm.aem4 : Core-smem.oem4 (.text:xdc_runtime_Core_constructObject__I)
                  20011e9c    000000c8     sysbios.aem4 : BIOS.obj (.text:ti_sysbios_knl_Task_schedule__I)
                  20011f64    000000c4                  : BIOS.obj (.text:ti_sysbios_family_arm_m3_Hwi_Module_startup__E)
                  20012028    000000c0     rtsv7M4_T_le_eabi.lib : fflush.obj (.text)
                  200120e8    000000c0     sysbios.aem4 : BIOS.obj (.text:ti_sysbios_knl_Task_exit__E)
                  200121a8    000000bc                  : BIOS.obj (.text:ti_sysbios_knl_Task_startCore__E)
                  20012264    000000b4                  : BIOS.obj (.text:ti_sysbios_family_arm_m3_Hwi_excHardFault__I)
                  20012318    000000b4                  : BIOS.obj (.text:ti_sysbios_gates_GateMutex_enter__E)
                  200123cc    000000b4                  : BIOS.obj (.text:ti_sysbios_knl_Task_checkStacks__E)
                  20012480    000000b0                  : BIOS.obj (.text:ti_sysbios_family_arm_m3_Hwi_excDebugMon__I)
                  20012530    000000ac     rtsv7M4_T_le_eabi.lib : _io_perm.obj (.text)
                  200125dc    000000a8     sysbios.aem4 : BIOS.obj (.text:ti_sysbios_knl_Swi_post__E)
                  20012684    000000a8                  : BIOS.obj (.text:ti_sysbios_knl_Task_blockI__E)
                  2001272c    000000a8                  : BIOS.obj (.text:ti_sysbios_knl_Task_postInit__I)
                  200127d4    000000a0     auto_init.aem4 : auto_init.oem4 (.text)
                  20012874    0000009c     rtsv7M4_T_le_eabi.lib : fputc.obj (.text)
                  20012910    0000009c                           : memcpy_t2.obj (.text)
                  200129ac    0000009c     sysbios.aem4 : BIOS.obj (.text:ti_sysbios_family_arm_m3_Hwi_Instance_init__E)
                  20012a48    0000009c                  : BIOS.obj (.text:ti_sysbios_knl_Semaphore_Instance_init__E)
                  20012ae4    0000009a     ti.targets.arm.rtsarm.aem4 : Text.oem4 (.text:xdc_runtime_Text_putSite__E)
                  20012b7e    00000002     app_pem4.oem4 (.text:xdc_runtime_Startup_reset__I)
                  20012b80    00000098     rtsv7M4_T_le_eabi.lib : fclose.obj (.text)
                  20012c18    00000094     sysbios.aem4 : BIOS.obj (.text:ti_sysbios_knl_Mailbox_post__E)
                  20012cac    00000094                  : BIOS.obj (.text:ti_sysbios_knl_Task_unblockI__E)
                  20012d40    00000094     ti.targets.arm.rtsarm.aem4 : Text.oem4 (.text:xdc_runtime_Text_putMod__E)
                  20012dd4    00000088     rtsv7M4_T_le_eabi.lib : vsnprintf.obj (.text)
                  20012e5c    00000088     sysbios.aem4 : BIOS.obj (.text:ti_sysbios_knl_Mailbox_Module_startup__E)
                  20012ee4    00000086     rtsv7M4_T_le_eabi.lib : fd_cmp_t2.obj (.text:__aeabi_cdcmple)
                  20012f6a    00000086                           : fd_cmp_t2.obj (.text:__aeabi_cdrcmple)
                  20012ff0    00000084     sysbios.aem4 : BIOS.obj (.text:ti_sysbios_family_arm_m3_Hwi_initNVIC__E)
                  20013074    00000084                  : BIOS.obj (.text:ti_sysbios_knl_Mailbox_pend__E)
                  200130f8    00000080     ti.targets.arm.rtsarm.aem4 : LoggerBuf.oem4 (.text:xdc_runtime_LoggerBuf_setFilterLevel__E)
                  20013178    00000078     rtsv7M4_T_le_eabi.lib : memset_t2.obj (.text)
                  200131f0    00000070                           : printf.obj (.text)
                  20013260    00000070     sysbios.aem4 : BIOS.obj (.text:ti_sysbios_family_arm_m3_Hwi_postInit__I)
                  200132d0    00000070                  : BIOS.obj (.text:ti_sysbios_knl_Mailbox_Instance_finalize__E)
                  20013340    00000070     ti.targets.arm.rtsarm.aem4 : Memory.oem4 (.text:xdc_runtime_Memory_alloc__E)
                  200133b0    0000006c                                : Error.oem4 (.text:xdc_runtime_Error_print__E)
                  2001341c    0000006c                                : LoggerBuf.oem4 (.text:xdc_runtime_LoggerBuf_getFilterLevel__E)
                  20013488    00000068     simplelink.a : flowcont.obj (.text)
                  200134f0    00000066     ti.targets.arm.rtsarm.aem4 : Core-mem.oem4 (.text:xdc_runtime_Core_deleteObject__I)
                  20013556    00000002     --HOLE-- [fill = 0]
                  20013558    00000064     pinmux.obj (.text)
                  200135bc    00000064     rtsv7M4_T_le_eabi.lib : fseek.obj (.text)
                  20013620    00000064     app_pem4.oem4 (.text:ti_sysbios_family_arm_m3_Hwi_create)
                  20013684    00000064     app_pem4.oem4 (.text:ti_sysbios_knl_Mailbox_create)
                  200136e8    00000060     rtsv7M4_T_le_eabi.lib : trgmsg.obj (.text)
                  20013748    00000060     sysbios.aem4 : BIOS.obj (.text:ti_sysbios_family_arm_m3_TimestampProvider_get64__E)
                  200137a8    00000060                  : BIOS.obj (.text:ti_sysbios_knl_Clock_logTick__E)
                  20013808    00000060     ti.targets.arm.rtsarm.aem4 : System.oem4 (.text:xdc_runtime_System_formatNum__I)
                  20013868    0000005e     driverlib.a : cpu.obj (.text)
                  200138c6    0000005e     rtsv7M4_T_le_eabi.lib : copy_decompress_rle.obj (.text)
                  20013924    0000005c     sysbios.aem4 : BIOS.obj (.text:ti_sysbios_family_arm_m3_Timer_setPeriod__E)
                  20013980    0000005c     app_pem4.oem4 (.text:ti_sysbios_knl_Task_create)
                  200139dc    0000005c     app_pem4.oem4 (.text:xdc_runtime_LoggerBuf_Object__create__S)
                  20013a38    0000005b     ti.targets.arm.rtsarm.aem4 : Text.oem4 (.text:xdc_runtime_Text_putLab__E)
                  20013a93    00000001     --HOLE-- [fill = 0]
                  20013a94    0000005a     rtsv7M4_T_le_eabi.lib : ltoa.obj (.text)
                  20013aee    00000002     --HOLE-- [fill = 0]
                  20013af0    00000058     sysbios.aem4 : BIOS.obj (.text:ti_sysbios_knl_Swi_restoreHwi__E)
                  20013b48    00000058                  : BIOS.obj (.text:ti_sysbios_knl_Swi_schedule__I)
                  20013ba0    00000054                  : BIOS.obj (.text:ti_sysbios_family_arm_m3_Timer_start__E)
                  20013bf4    00000050     ti.targets.arm.rtsarm.aem4 : Startup.oem4 (.text:xdc_runtime_Startup_exec__E)
                  20013c44    00000050                                : Text.oem4 (.text:xdc_runtime_Text_visitRope2__I)
                  20013c94    0000004c     rtsv7M4_T_le_eabi.lib : atoi.obj (.text)
                  20013ce0    0000004c     sysbios.aem4 : m3_TaskSupport_asm.obj (.text:ti_sysbios_family_arm_m3_TaskSupport_buildTaskStack)
                  20013d2c    0000004c                  : BIOS.obj (.text:ti_sysbios_knl_Swi_runLoop__I)
                  20013d78    00000048     rtsv7M4_T_le_eabi.lib : fd_toi_t2.obj (.text)
                  20013dc0    00000048     sysbios.aem4 : BIOS.obj (.text:ti_sysbios_family_arm_m3_Hwi_excReserved__I)
                  20013e08    00000048                  : m3_Hwi_asm_switch.obj (.text:ti_sysbios_family_arm_m3_Hwi_initStacks__E)
                  20013e50    00000048                  : BIOS.obj (.text:ti_sysbios_family_arm_m3_Timer_initDevice__I)
                  20013e98    00000048                  : BIOS.obj (.text:ti_sysbios_heaps_HeapMem_getStats__E)
                  20013ee0    00000048     ti.targets.arm.rtsarm.aem4 : Assert.oem4 (.text:xdc_runtime_Assert_raise__I)
                  20013f28    00000046                                : Core-params.oem4 (.text:xdc_runtime_Core_assignParams__I)
                  20013f6e    00000002     --HOLE-- [fill = 0]
                  20013f70    00000044     boot.aem4 : boot.oem4 (.text)
                  20013fb4    00000044     rtsv7M4_T_le_eabi.lib : cpy_tbl.obj (.text)
                  20013ff8    00000044                           : exit.obj (.text)
                  2001403c    00000044                           : xdtest.obj (.text)
                  20014080    00000044     sysbios.aem4 : BIOS.obj (.text:ti_sysbios_family_arm_m3_Hwi_disableInterrupt__E)
                  200140c4    00000044                  : BIOS.obj (.text:ti_sysbios_family_arm_m3_Hwi_enableInterrupt__E)
                  20014108    00000044                  : BIOS.obj (.text:ti_sysbios_knl_Task_allBlockedFunction__I)
                  2001414c    00000044     ti.targets.arm.rtsarm.aem4 : Error.oem4 (.text:xdc_runtime_Error_setX__E)
                  20014190    00000044                                : LoggerBuf.oem4 (.text:xdc_runtime_LoggerBuf_filterOutEvent__I)
                  200141d4    00000044                                : SysMin.oem4 (.text:xdc_runtime_SysMin_flush__E)
                  20014218    00000042     rtsv7M4_T_le_eabi.lib : u_divt2.obj (.text)
                  2001425a    00000002     --HOLE-- [fill = 0]
                  2001425c    00000040     sysbios.aem4 : BIOS.obj (.text:ti_sysbios_family_arm_m3_Timer_Module_startup__E)
                  2001429c    00000040                  : BIOS.obj (.text:ti_sysbios_knl_Mailbox_postInit__I)
                  200142dc    0000003e     app_pem4.oem4 (.text:realloc)
                  2001431a    00000002     --HOLE-- [fill = 0]
                  2001431c    0000003c     sysbios.aem4 : BIOS.obj (.text:ti_sysbios_family_arm_m3_Hwi_excSvCall__I)
                  20014358    0000003c                  : BIOS.obj (.text:ti_sysbios_heaps_HeapMem_init__I)
                  20014394    0000003c                  : BIOS.obj (.text:ti_sysbios_knl_Swi_startup__E)
                  200143d0    0000003c     ti.targets.arm.rtsarm.aem4 : Text.oem4 (.text:xdc_runtime_Text_xprintf__I)
                  2001440c    0000003a                                : LoggerBuf.oem4 (.text:xdc_runtime_LoggerBuf_Instance_init__E)
                  20014446    00000002     --HOLE-- [fill = 0]
                  20014448    00000038     sysbios.aem4 : BIOS.obj (.text:ti_sysbios_family_arm_m3_Hwi_excNoIsr__I)
                  20014480    00000038                  : BIOS.obj (.text:ti_sysbios_family_arm_m3_Hwi_getStackInfo__E)
                  200144b8    00000038                  : BIOS.obj (.text:ti_sysbios_family_arm_m3_TaskSupport_start__E)
                  200144f0    00000038                  : BIOS.obj (.text:ti_sysbios_knl_Task_processVitalTaskFlag__I)
                  20014528    00000038     ti.targets.arm.rtsarm.aem4 : SysMin.oem4 (.text:xdc_runtime_SysMin_putch__E)
                  20014560    00000038                                : System.oem4 (.text:xdc_runtime_System_atexit__E)
                  20014598    00000034     sysbios.aem4 : BIOS.obj (.text:ti_sysbios_family_arm_m3_Hwi_excNmi__I)
                  200145cc    00000034                  : BIOS.obj (.text:ti_sysbios_family_arm_m3_Timer_periodicStub__I)
                  20014600    00000034                  : BIOS.obj (.text:ti_sysbios_hal_Hwi_checkStack)
                  20014634    00000034     app_pem4.oem4 (.text:ti_sysbios_knl_Semaphore_create)
                  20014668    00000034     ti.targets.arm.rtsarm.aem4 : Core-label.oem4 (.text:xdc_runtime_Core_assignLabel__I)
                  2001469c    00000033                                : Text.oem4 (.text:xdc_runtime_Text_printVisFxn__I)
                  200146cf    00000001     --HOLE-- [fill = 0]
                  200146d0    00000032     sysbios.aem4 : BIOS.obj (.text:ti_sysbios_knl_Semaphore_pendTimeout__I)
                  20014702    00000030     rtsv7M4_T_le_eabi.lib : strncpy.obj (.text)
                  20014732    00000002     --HOLE-- [fill = 0]
                  20014734    00000030     app_pem4.oem4 (.text:ti_sysbios_BIOS_atExitFunc__I)
                  20014764    00000030     app_pem4.oem4 (.text:ti_sysbios_gates_GateHwi_Object__create__S)
                  20014794    00000030     app_pem4.oem4 (.text:ti_sysbios_gates_GateMutex_Object__create__S)
                  200147c4    00000030     app_pem4.oem4 (.text:ti_sysbios_heaps_HeapMem_Object__create__S)
                  200147f4    00000030     app_pem4.oem4 (.text:ti_sysbios_knl_Semaphore_construct)
                  20014824    00000030     ti.targets.arm.rtsarm.aem4 : SysMin.oem4 (.text:xdc_runtime_SysMin_abort__E)
                  20014854    00000030                                : System.oem4 (.text:xdc_runtime_System_processAtExit__E)
                  20014884    0000002e     app_pem4.oem4 (.text:malloc)
                  200148b2    0000002e     rtsv7M4_T_le_eabi.lib : i_tofd_t2.obj (.text)
                  200148e0    0000002c     sysbios.aem4 : BIOS.obj (.text:ti_sysbios_family_arm_m3_Hwi_Instance_finalize__E)
                  2001490c    0000002c                  : BIOS.obj (.text:ti_sysbios_hal_Hwi_initStack)
                  20014938    0000002c     app_pem4.oem4 (.text:ti_sysbios_knl_Clock_doTick__I)
                  20014964    0000002c     app_pem4.oem4 (.text:ti_sysbios_knl_Queue_construct)
                  20014990    0000002c     sysbios.aem4 : BIOS.obj (.text:ti_sysbios_knl_Task_restore__E)
                  200149bc    0000002c     ti.targets.arm.rtsarm.aem4 : Text.oem4 (.text:xdc_runtime_Text_cordText__E)
                  200149e8    0000002a                                : System.oem4 (.text:xdc_runtime_System_putchar__I)
                  20014a12    00000002     --HOLE-- [fill = 0]
                  20014a14    00000028                                : LoggerBuf.oem4 (.text:xdc_runtime_LoggerBuf_Module_startup__E)
                  20014a3c    00000026                                : System.oem4 (.text:xdc_runtime_System_avprintf__E)
                  20014a62    00000002     --HOLE-- [fill = 0]
                  20014a64    00000024     app_pem4.oem4 (.text:ti_sysbios_BIOS_errorRaiseHook__I)
                  20014a88    00000024     app_pem4.oem4 (.text:ti_sysbios_BIOS_registerRTSLock__I)
                  20014aac    00000024     app_pem4.oem4 (.text:ti_sysbios_BIOS_removeRTSLock__I)
                  20014ad0    00000024     app_pem4.oem4 (.text:ti_sysbios_BIOS_startFunc__I)
                  20014af4    00000024     sysbios.aem4 : BIOS.obj (.text:ti_sysbios_family_arm_m3_Hwi_doTaskRestore__I)
                  20014b18    00000024                  : BIOS.obj (.text:ti_sysbios_family_arm_m3_Timer_startup__E)
                  20014b3c    00000024     app_pem4.oem4 (.text:ti_sysbios_gates_GateMutex_Object__delete__S)
                  20014b60    00000024     sysbios.aem4 : BIOS.obj (.text:ti_sysbios_knl_Clock_Module_startup__E)
                  20014b84    00000024     app_pem4.oem4 (.text:ti_sysbios_knl_Semaphore_Object__delete__S)
                  20014ba8    00000024     sysbios.aem4 : BIOS.obj (.text:ti_sysbios_knl_Swi_Module_startup__E)
                  20014bcc    00000024     ti.targets.arm.rtsarm.aem4 : System.oem4 (.text:xdc_runtime_System_vprintf__E)
                  20014bf0    00000022     app_pem4.oem4 (.text:xdc_runtime_SysMin_output__I)
                  20014c12    00000002     --HOLE-- [fill = 0]
                  20014c14    00000020     app_pem4.oem4 (.text:ti_sysbios_family_arm_m3_Hwi_Object__delete__S)
                  20014c34    00000020     sysbios.aem4 : m3_Hwi_asm.obj (.text:ti_sysbios_family_arm_m3_Hwi_excHandlerAsm__I)
                  20014c54    00000020                  : BIOS.obj (.text:ti_sysbios_family_arm_m3_Hwi_excHandler__I)
                  20014c74    00000020                  : BIOS.obj (.text:ti_sysbios_family_arm_m3_TimestampProvider_Module_startup__E)
                  20014c94    00000020     app_pem4.oem4 (.text:ti_sysbios_gates_GateHwi_Object__delete__S)
                  20014cb4    00000020     app_pem4.oem4 (.text:ti_sysbios_heaps_HeapMem_Object__delete__S)
                  20014cd4    00000020     sysbios.aem4 : BIOS.obj (.text:ti_sysbios_knl_Idle_run__E)
                  20014cf4    00000020     app_pem4.oem4 (.text:ti_sysbios_knl_Mailbox_Object__delete__S)
                  20014d14    00000020     app_pem4.oem4 (.text:ti_sysbios_knl_Semaphore_Object__destruct__S)
                  20014d34    00000020     app_pem4.oem4 (.text:ti_sysbios_knl_Task_Object__delete__S)
                  20014d54    00000020     sysbios.aem4 : BIOS.obj (.text:ti_sysbios_knl_Task_enter__I)
                  20014d74    00000020     app_pem4.oem4 (.text:xdc_runtime_LoggerBuf_Object__delete__S)
                  20014d94    00000020     ti.targets.arm.rtsarm.aem4 : LoggerBuf.oem4 (.text:xdc_runtime_LoggerBuf_reset__E)
                  20014db4    00000020                                : Registry.oem4 (.text:xdc_runtime_Registry_findById__E)
                  20014dd4    00000020                                : SysMin.oem4 (.text:xdc_runtime_SysMin_Module_startup__E)
                  20014df4    0000001e     rtsv7M4_T_le_eabi.lib : ll_lsr_t2.obj (.text)
                  20014e12    0000001e     sysbios.aem4 : m3_Hwi_asm_switch.obj (.text:ti_sysbios_family_xxx_Hwi_switchAndRunFunc)
                  20014e30    0000001c     rtsv7M4_T_le_eabi.lib : memccpy.obj (.text)
                  20014e4c    0000001c     app_pem4.oem4 (.text:ti_sysbios_BIOS_rtsLock__I)
                  20014e68    0000001c     sysbios.aem4 : BIOS.obj (.text:ti_sysbios_family_arm_m3_Hwi_setPriority__E)
                  20014e84    0000001c                  : BIOS.obj (.text:ti_sysbios_gates_GateMutex_Instance_init__E)
                  20014ea0    0000001c     app_pem4.oem4 (.text:ti_sysbios_knl_Queue_Object__destruct__S)
                  20014ebc    0000001c     ti.targets.arm.rtsarm.aem4 : Error.oem4 (.text:xdc_runtime_Error_raiseX__E)
                  20014ed8    0000001c                                : Memory.oem4 (.text:xdc_runtime_Memory_valloc__E)
                  20014ef4    0000001c                                : SysMin.oem4 (.text:xdc_runtime_SysMin_exit__E)
                  20014f10    0000001c                                : System.oem4 (.text:xdc_runtime_System_abort__E)
                  20014f2c    0000001a     app_pem4.oem4 (.text:ti_sysbios_family_arm_m3_Hwi_Handle__label__S)
                  20014f46    0000001a     sysbios.aem4 : m3_Hwi_asm.obj (.text:ti_sysbios_family_arm_m3_Hwi_pendSV__I)
                  20014f60    0000001a     app_pem4.oem4 (.text:ti_sysbios_gates_GateHwi_Handle__label__S)
                  20014f7a    0000001a     app_pem4.oem4 (.text:ti_sysbios_gates_GateMutex_Handle__label__S)
                  20014f94    0000001a     app_pem4.oem4 (.text:ti_sysbios_heaps_HeapMem_Handle__label__S)
                  20014fae    0000001a     app_pem4.oem4 (.text:ti_sysbios_knl_Swi_Handle__label__S)
                  20014fc8    0000001a     app_pem4.oem4 (.text:ti_sysbios_knl_Task_Handle__label__S)
                  20014fe2    0000001a     sysbios.aem4 : BIOS.obj (.text:ti_sysbios_knl_Task_sleepTimeout__I)
                  20014ffc    0000001a     app_pem4.oem4 (.text:xdc_runtime_LoggerBuf_Handle__label__S)
                  20015016    0000001a     app_pem4.oem4 (.text:xdc_runtime_System_aprintf__E)
                  20015030    0000001a     app_pem4.oem4 (.text:xdc_runtime_System_printf__E)
                  2001504a    00000018     app_pem4.oem4 (.text:free)
                  20015062    00000002     --HOLE-- [fill = 0]
                  20015064    00000018     rtsv7M4_T_le_eabi.lib : args_main.obj (.text)
                  2001507c    00000018                           : ll_mul_t2.obj (.text)
                  20015094    00000018                           : strcmp.obj (.text)
                  200150ac    00000018     app_pem4.oem4 (.text:ti_sysbios_BIOS_rtsUnlock__I)
                  200150c4    00000018     app_pem4.oem4 (.text:ti_sysbios_family_arm_m3_Hwi_Module__startupDone__F)
                  200150dc    00000018     app_pem4.oem4 (.text:ti_sysbios_family_arm_m3_Timer_Module__startupDone__F)
                  200150f4    00000018     sysbios.aem4 : BIOS.obj (.text:ti_sysbios_gates_GateMutex_leave__E)
                  2001510c    00000018     ti.targets.arm.rtsarm.aem4 : Error.oem4 (.text:xdc_runtime_Error_check__E)
                  20015124    00000018                                : System.oem4 (.text:xdc_runtime_System_exit__E)
                  2001513c    00000018                                : Text.oem4 (.text:xdc_runtime_Text_ropeText__E)
                  20015154    00000016     rtsv7M4_T_le_eabi.lib : memchr.obj (.text)
                  2001516a    00000016                           : strchr.obj (.text)
                  20015180    00000016     app_pem4.oem4 (.text:ti_sysbios_BIOS_exitFunc__I)
                  20015196    00000002     --HOLE-- [fill = 0]
                  20015198    00000014     rtsv7M4_T_le_eabi.lib : _lock.obj (.text)
                  200151ac    00000014                           : strlen.obj (.text)
                  200151c0    00000014     app_pem4.oem4 (.text:ti_sysbios_family_arm_m3_Hwi_Object__get__S)
                  200151d4    00000014     sysbios.aem4 : BIOS.obj (.text:ti_sysbios_family_arm_m3_Hwi_switchFromBootStack__E)
                  200151e8    00000014     app_pem4.oem4 (.text:ti_sysbios_heaps_HeapMem_Object__get__S)
                  200151fc    00000014     app_pem4.oem4 (.text:ti_sysbios_knl_Swi_Object__get__S)
                  20015210    00000014     app_pem4.oem4 (.text:xdc_runtime_LoggerBuf_Object__get__S)
                  20015224    00000012     rtsv7M4_T_le_eabi.lib : copy_zero_init.obj (.text:decompress:ZI)
                  20015236    00000012     sysbios.aem4 : BIOS.obj (.text:ti_sysbios_hal_Hwi_Module_startup__E)
                  20015248    00000012                  : BIOS.obj (.text:ti_sysbios_hal_Timer_Module_startup__E)
                  2001525a    00000012     ti.targets.arm.rtsarm.aem4 : LoggerBuf.oem4 (.text:xdc_runtime_LoggerBuf_Instance_finalize__E)
                  2001526c    00000012                                : LoggerBuf.oem4 (.text:xdc_runtime_LoggerBuf_write1__E)
                  2001527e    00000012                                : LoggerBuf.oem4 (.text:xdc_runtime_LoggerBuf_write2__E)
                  20015290    00000012     app_pem4.oem4 (.text:xdc_runtime_Startup_exec__I)
                  200152a2    00000010     rtsv7M4_T_le_eabi.lib : strcpy.obj (.text)
                  200152b2    00000002     --HOLE-- [fill = 0]
                  200152b4    00000010     sysbios.aem4 : BIOS.obj (.text:ti_sysbios_BIOS_setThreadType__E)
                  200152c4    00000010                  : BIOS.obj (.text:ti_sysbios_BIOS_start__E)
                  200152d4    00000010                  : BIOS.obj (.text:ti_sysbios_family_arm_m3_Hwi_getHandle__E)
                  200152e4    00000010                  : m3_TaskSupport_asm.obj (.text:ti_sysbios_family_arm_m3_TaskSupport_glue)
                  200152f4    00000010                  : m3_TaskSupport_asm.obj (.text:ti_sysbios_family_arm_m3_TaskSupport_swap__E)
                  20015304    00000010                  : BIOS.obj (.text:ti_sysbios_gates_GateMutex_Instance_finalize__E)
                  20015314    00000010     app_pem4.oem4 (.text:ti_sysbios_knl_Mailbox_Object__get__S)
                  20015324    00000010     sysbios.aem4 : BIOS.obj (.text:ti_sysbios_knl_Semaphore_Instance_finalize__E)
                  20015334    00000010                  : BIOS.obj (.text:ti_sysbios_knl_Swi_disable__E)
                  20015344    00000010     app_pem4.oem4 (.text:ti_sysbios_knl_Task_Object__get__S)
                  20015354    00000010     sysbios.aem4 : BIOS.obj (.text:ti_sysbios_knl_Task_disable__E)
                  20015364    00000010     ti.targets.arm.rtsarm.aem4 : Gate.oem4 (.text:xdc_runtime_Gate_leaveSystem__E)
                  20015374    00000010                                : LoggerBuf.oem4 (.text:xdc_runtime_LoggerBuf_write0__E)
                  20015384    00000010                                : Memory.oem4 (.text:xdc_runtime_Memory_free__E)
                  20015394    00000010                                : SysMin.oem4 (.text:xdc_runtime_SysMin_ready__E)
                  200153a4    00000010                                : System.oem4 (.text:xdc_runtime_System_vsnprintf__E)
                  200153b4    00000010     app_pem4.oem4 (.text:xdc_runtime_Text_visitRope__I)
                  200153c4    0000000e     rtsv7M4_T_le_eabi.lib : copy_decompress_none.obj (.text:decompress:none)
                  200153d2    0000000e                           : xdclass.obj (.text)
                  200153e0    0000000e     sysbios.aem4 : BIOS.obj (.text:ti_sysbios_knl_Queue_empty__E)
                  200153ee    00000002     --HOLE-- [fill = 0]
                  200153f0    0000000c     app_pem4.oem4 (.text:ti_sysbios_family_arm_m3_Hwi_Params__init__S)
                  200153fc    0000000c     sysbios.aem4 : BIOS.obj (.text:ti_sysbios_family_arm_m3_Hwi_disableFxn__E)
                  20015408    0000000c                  : BIOS.obj (.text:ti_sysbios_family_arm_m3_TaskSupport_checkStack__E)
                  20015414    0000000c                  : BIOS.obj (.text:ti_sysbios_family_arm_m3_TaskSupport_getStackAlignment__E)
                  20015420    0000000c                  : BIOS.obj (.text:ti_sysbios_gates_GateHwi_enter__E)
                  2001542c    0000000c     app_pem4.oem4 (.text:ti_sysbios_knl_Queue_Object__get__S)
                  20015438    0000000c     app_pem4.oem4 (.text:ti_sysbios_knl_Semaphore_Params__init__S)
                  20015444    0000000c     app_pem4.oem4 (.text:ti_sysbios_knl_Task_Params__init__S)
                  20015450    0000000c     ti.targets.arm.rtsarm.aem4 : Error.oem4 (.text:xdc_runtime_Error_init__E)
                  2001545c    0000000c                                : Gate.oem4 (.text:xdc_runtime_Gate_enterSystem__E)
                  20015468    0000000c                                : Memory.oem4 (.text:xdc_runtime_Memory_calloc__E)
                  20015474    0000000c                                : Memory.oem4 (.text:xdc_runtime_Memory_getMaxDefaultTypeAlign__E)
                  20015480    0000000a     app_pem4.oem4 (.text:xdc_runtime_IHeap_alloc)
                  2001548a    0000000a     app_pem4.oem4 (.text:xdc_runtime_IHeap_free)
                  20015494    0000000a     ti.targets.arm.rtsarm.aem4 : LoggerBuf.oem4 (.text:xdc_runtime_LoggerBuf_disable__E)
                  2001549e    0000000a                                : LoggerBuf.oem4 (.text:xdc_runtime_LoggerBuf_enable__E)
                  200154a8    00000008     sysbios.aem4 : BIOS.obj (.text:ti_sysbios_family_arm_m3_Hwi_doSwiRestore__I)
                  200154b0    00000008                  : BIOS.obj (.text:ti_sysbios_family_arm_m3_Hwi_startup__E)
                  200154b8    00000008                  : BIOS.obj (.text:ti_sysbios_knl_Idle_loop__E)
                  200154c0    00000006     driverlib.a : utils.obj (.text:UtilsDelay)
                  200154c6    00000006     ti.targets.arm.rtsarm.aem4 : xdc_noinit.oem4 (.text:__xdc__init)
                  200154cc    00000006     rtsv7M4_T_le_eabi.lib : copy_decompress_rle.obj (.text:decompress:rle24)
                  200154d2    00000006     sysbios.aem4 : BIOS.obj (.text:ti_sysbios_family_arm_m3_Hwi_restoreFxn__E)
                  200154d8    00000006                  : BIOS.obj (.text:ti_sysbios_gates_GateHwi_leave__E)
                  200154de    00000006                  : BIOS.obj (.text:ti_sysbios_heaps_HeapMem_isBlocking__E)
                  200154e4    00000006                  : BIOS.obj (.text:ti_sysbios_knl_Queue_Instance_init__E)
                  200154ea    00000006     ti.targets.arm.rtsarm.aem4 : System.oem4 (.text:xdc_runtime_System_Module_startup__E)
                  200154f0    00000004                                : LoggerBuf.oem4 (.text:LoggerBuf_instanceStartup)
                  200154f4    00000004     app_pem4.oem4 (.text:ti_sysbios_BIOS_RtsGateProxy_enter__E)
                  200154f8    00000004     app_pem4.oem4 (.text:ti_sysbios_BIOS_RtsGateProxy_leave__E)
                  200154fc    00000004     app_pem4.oem4 (.text:ti_sysbios_family_arm_m3_Hwi_delete)
                  20015500    00000004     app_pem4.oem4 (.text:ti_sysbios_family_arm_m3_TaskSupport_Module__startupDone__S)
                  20015504    00000004     sysbios.aem4 : BIOS.obj (.text:ti_sysbios_family_arm_m3_Timer_getMaxTicks__E)
                  20015508    00000004                  : BIOS.obj (.text:ti_sysbios_gates_GateHwi_query__E)
                  2001550c    00000004                  : BIOS.obj (.text:ti_sysbios_gates_GateMutex_query__E)
                  20015510    00000004     app_pem4.oem4 (.text:ti_sysbios_hal_Hwi_HwiProxy_Module__startupDone__S)
                  20015514    00000004     app_pem4.oem4 (.text:ti_sysbios_hal_Timer_TimerProxy_Module__startupDone__S)
                  20015518    00000004     app_pem4.oem4 (.text:ti_sysbios_heaps_HeapMem_Module_GateProxy_enter__E)
                  2001551c    00000004     app_pem4.oem4 (.text:ti_sysbios_heaps_HeapMem_Module_GateProxy_leave__E)
                  20015520    00000004     app_pem4.oem4 (.text:ti_sysbios_knl_Clock_TimerProxy_Module__startupDone__S)
                  20015524    00000004     app_pem4.oem4 (.text:ti_sysbios_knl_Clock_TimerProxy_getMaxTicks__E)
                  20015528    00000004     app_pem4.oem4 (.text:ti_sysbios_knl_Mailbox_delete)
                  2001552c    00000004     app_pem4.oem4 (.text:ti_sysbios_knl_Queue_destruct)
                  20015530    00000004     app_pem4.oem4 (.text:ti_sysbios_knl_Semaphore_delete)
                  20015534    00000004     app_pem4.oem4 (.text:ti_sysbios_knl_Semaphore_destruct)
                  20015538    00000004     app_pem4.oem4 (.text:ti_sysbios_knl_Task_SupportProxy_Module__startupDone__S)
                  2001553c    00000004     app_pem4.oem4 (.text:ti_sysbios_knl_Task_delete)
                  20015540    00000004     sysbios.aem4 : BIOS.obj (.text:ti_sysbios_knl_Task_startup__E)
                  20015544    00000004     ti.targets.arm.rtsarm.aem4 : Error.oem4 (.text:xdc_runtime_Error_getSite__E)
                  20015548    00000004     app_pem4.oem4 (.text:xdc_runtime_LoggerBuf_Module_GateProxy_enter__E)
                  2001554c    00000004     app_pem4.oem4 (.text:xdc_runtime_LoggerBuf_Module_GateProxy_leave__E)
                  20015550    00000004     app_pem4.oem4 (.text:xdc_runtime_Memory_HeapProxy_alloc__E)
                  20015554    00000004     app_pem4.oem4 (.text:xdc_runtime_Memory_HeapProxy_free__E)
                  20015558    00000004     app_pem4.oem4 (.text:xdc_runtime_System_Module_GateProxy_enter__E)
                  2001555c    00000004     app_pem4.oem4 (.text:xdc_runtime_System_Module_GateProxy_leave__E)
                  20015560    00000004     ti.targets.arm.rtsarm.aem4 : System.oem4 (.text:xdc_runtime_System_aprintf_va__F)
                  20015564    00000004                                : System.oem4 (.text:xdc_runtime_System_printf_va__F)

.const     0    20015568    00002636     
                  20015568    0000178e     app_pem4.oem4 (.const:xdc_runtime_Text_charTab__A)
                  20016cf6    00000102     rtsv7M4_T_le_eabi.lib : ctype.obj (.const:.string:_ctypes_)
                  20016df8    00000100     driverlib.a : pin.obj (.const:g_ulPinToPadMap)
                  20016ef8    000000d4                 : interrupt.obj (.const:g_pulRegs)
                  20016fcc    000000b8     app_pem4.oem4 (.const:xdc_runtime_Text_nodeTab__A)
                  20017084    000000b0     simplelink.a : wlan.obj (.const:$P$T0$1)
                  20017134    000000a0     driverlib.a : prcm.obj (.const:PRCM_PeriphRegsList)
                  200171d4    00000080                 : interrupt.obj (.const)
                  20017254    00000074     main.obj (.const)
                  200172c8    00000048     app_pem4.oem4 (.const:.string)
                  20017310    00000040     driverlib.a : flash.obj (.const:g_pulFMPPERegs)
                  20017350    00000040                 : flash.obj (.const:g_pulFMPRERegs)
                  20017390    0000003c     simplelink.a : wlan.obj (.const)
                  200173cc    0000003c     app_pem4.oem4 (.const:ti_sysbios_knl_Task_Object__PARAMS__C)
                  20017408    0000003c     app_pem4.oem4 (.const:xdc_runtime_LoggerBuf_Module__FXNS__C)
                  20017444    00000038     simplelink.a : driver.obj (.const:_SlActionLookupTable)
                  2001747c    00000038                  : fs.obj (.const)
                  200174b4    00000034                  : socket.obj (.const)
                  200174e8    00000034     app_pem4.oem4 (.const:ti_sysbios_knl_Mailbox_Object__PARAMS__C)
                  2001751c    00000030     app_pem4.oem4 (.const:ti_sysbios_family_arm_m3_Hwi_Object__PARAMS__C)
                  2001754c    00000030     app_pem4.oem4 (.const:xdc_runtime_Startup_sfxnTab__A)
                  2001757c    0000002c     main.obj (.const:$P$T0$1)
                  200175a8    00000028     simplelink.a : netapp.obj (.const)
                  200175d0    00000028     app_pem4.oem4 (.const:ti_sysbios_heaps_HeapMem_Module__FXNS__C)
                  200175f8    00000024     driverlib.a : spi.obj (.const:g_ppulSPIIntMap)
                  2001761c    00000024     app_pem4.oem4 (.const:ti_sysbios_gates_GateHwi_Module__FXNS__C)
                  20017640    00000024     app_pem4.oem4 (.const:ti_sysbios_gates_GateMutex_Module__FXNS__C)
                  20017664    00000024     app_pem4.oem4 (.const:ti_sysbios_heaps_HeapMem_Object__PARAMS__C)
                  20017688    00000024     app_pem4.oem4 (.const:ti_sysbios_knl_Semaphore_Object__PARAMS__C)
                  200176ac    00000024     app_pem4.oem4 (.const:xdc_runtime_LoggerBuf_Object__PARAMS__C)
                  200176d0    00000020     app_pem4.oem4 (.const:ti_sysbios_family_arm_m3_Hwi_Object__DESC__C)
                  200176f0    00000020     app_pem4.oem4 (.const:ti_sysbios_gates_GateHwi_Object__DESC__C)
                  20017710    00000020     app_pem4.oem4 (.const:ti_sysbios_gates_GateMutex_Object__DESC__C)
                  20017730    00000020     app_pem4.oem4 (.const:ti_sysbios_heaps_HeapMem_Object__DESC__C)
                  20017750    00000020     app_pem4.oem4 (.const:ti_sysbios_knl_Mailbox_Object__DESC__C)
                  20017770    00000020     app_pem4.oem4 (.const:ti_sysbios_knl_Queue_Object__DESC__C)
                  20017790    00000020     app_pem4.oem4 (.const:ti_sysbios_knl_Semaphore_Object__DESC__C)
                  200177b0    00000020     app_pem4.oem4 (.const:ti_sysbios_knl_Task_Object__DESC__C)
                  200177d0    00000020     app_pem4.oem4 (.const:xdc_runtime_LoggerBuf_Object__DESC__C)
                  200177f0    00000018     driverlib.a : spi.obj (.const)
                  20017808    00000018     app_pem4.oem4 (.const:ti_sysbios_gates_GateHwi_Object__PARAMS__C)
                  20017820    00000018     app_pem4.oem4 (.const:ti_sysbios_gates_GateMutex_Object__PARAMS__C)
                  20017838    00000018     app_pem4.oem4 (.const:ti_sysbios_knl_Queue_Object__PARAMS__C)
                  20017850    00000018     app_pem4.oem4 (.const:xdc_runtime_Startup_sfxnRts__A)
                  20017868    00000014     simplelink.a : device.obj (.const)
                  2001787c    00000014                  : driver.obj (.const)
                  20017890    00000011     ti.targets.arm.rtsarm.aem4 : System.oem4 (.const:.string)
                  200178a1    00000001     app_pem4.oem4 (.const:xdc_runtime_Error_policy__C)
                  200178a2    00000002     app_pem4.oem4 (.const:ti_sysbios_family_arm_m3_Hwi_Module__id__C)
                  200178a4    00000010     main.obj (.const:.string)
                  200178b4    00000010     driverlib.a : uart.obj (.const)
                  200178c4    0000000c     app_pem4.oem4 (.const:xdc_runtime_Startup_firstFxns__A)
                  200178d0    00000008     simplelink.a : netcfg.obj (.const)
                  200178d8    00000008     app_pem4.oem4 (.const:ti_sysbios_family_arm_m3_Hwi_excHookFuncs__A)
                  200178e0    00000008     app_pem4.oem4 (.const:ti_sysbios_knl_Idle_funcList__C)
                  200178e8    00000008     app_pem4.oem4 (.const:xdc_runtime_Startup_firstFxns__C)
                  200178f0    00000008     app_pem4.oem4 (.const:xdc_runtime_Startup_lastFxns__C)
                  200178f8    00000004     app_pem4.oem4 (.const:ti_sysbios_family_arm_m3_Hwi_E_NMI__C)
                  200178fc    00000004     app_pem4.oem4 (.const:ti_sysbios_family_arm_m3_Hwi_E_alreadyDefined__C)
                  20017900    00000004     app_pem4.oem4 (.const:ti_sysbios_family_arm_m3_Hwi_E_busFault__C)
                  20017904    00000004     app_pem4.oem4 (.const:ti_sysbios_family_arm_m3_Hwi_E_debugMon__C)
                  20017908    00000004     app_pem4.oem4 (.const:ti_sysbios_family_arm_m3_Hwi_E_hardFault__C)
                  2001790c    00000004     app_pem4.oem4 (.const:ti_sysbios_family_arm_m3_Hwi_E_memFault__C)
                  20017910    00000004     app_pem4.oem4 (.const:ti_sysbios_family_arm_m3_Hwi_E_noIsr__C)
                  20017914    00000004     app_pem4.oem4 (.const:ti_sysbios_family_arm_m3_Hwi_E_reserved__C)
                  20017918    00000004     app_pem4.oem4 (.const:ti_sysbios_family_arm_m3_Hwi_E_svCall__C)
                  2001791c    00000004     app_pem4.oem4 (.const:ti_sysbios_family_arm_m3_Hwi_E_usageFault__C)
                  20017920    00000004     app_pem4.oem4 (.const:ti_sysbios_family_arm_m3_Hwi_LD_end__C)
                  20017924    00000004     app_pem4.oem4 (.const:ti_sysbios_family_arm_m3_Hwi_LM_begin__C)
                  20017928    00000004     app_pem4.oem4 (.const:ti_sysbios_family_arm_m3_Hwi_Module__diagsEnabled__C)
                  2001792c    00000004     app_pem4.oem4 (.const:ti_sysbios_family_arm_m3_Hwi_Module__diagsIncluded__C)
                  20017930    00000004     app_pem4.oem4 (.const:ti_sysbios_family_arm_m3_Hwi_Module__diagsMask__C)
                  20017934    00000004     app_pem4.oem4 (.const:ti_sysbios_family_arm_m3_Hwi_Module__loggerFxn1__C)
                  20017938    00000004     app_pem4.oem4 (.const:ti_sysbios_family_arm_m3_Hwi_Module__loggerFxn8__C)
                  2001793c    00000004     app_pem4.oem4 (.const:ti_sysbios_family_arm_m3_Hwi_Module__loggerObj__C)
                  20017940    00000004     app_pem4.oem4 (.const:ti_sysbios_family_arm_m3_Hwi_NUM_INTERRUPTS__C)
                  20017944    00000004     app_pem4.oem4 (.const:ti_sysbios_family_arm_m3_Hwi_Object__count__C)
                  20017948    00000004     app_pem4.oem4 (.const:ti_sysbios_family_arm_m3_Hwi_ccr__C)
                  2001794c    00000004     app_pem4.oem4 (.const:ti_sysbios_family_arm_m3_Hwi_excHandlerFunc__C)
                  20017950    00000004     app_pem4.oem4 (.const:ti_sysbios_family_arm_m3_Hwi_excHookFuncs__C)
                  20017954    00000004     app_pem4.oem4 (.const:ti_sysbios_family_arm_m3_Hwi_nullIsrFunc__C)
                  20017958    00000004     app_pem4.oem4 (.const:ti_sysbios_family_arm_m3_Hwi_priGroup__C)
                  2001795c    00000004     app_pem4.oem4 (.const:ti_sysbios_family_arm_m3_TaskSupport_stackAlignment__C)
                  20017960    00000004     app_pem4.oem4 (.const:ti_sysbios_family_arm_m3_Timer_E_cannotSupport__C)
                  20017964    00000004     app_pem4.oem4 (.const:ti_sysbios_family_arm_m3_Timer_startupNeeded__C)
                  20017968    00000004     app_pem4.oem4 (.const:ti_sysbios_gates_GateMutex_A_badContext__C)
                  2001796c    00000004     app_pem4.oem4 (.const:ti_sysbios_gates_GateMutex_Instance_State_sem__O)
                  20017970    00000004     app_pem4.oem4 (.const:ti_sysbios_gates_GateMutex_Module__diagsEnabled__C)
                  20017974    00000004     app_pem4.oem4 (.const:ti_sysbios_gates_GateMutex_Module__diagsIncluded__C)
                  20017978    00000004     app_pem4.oem4 (.const:ti_sysbios_gates_GateMutex_Module__diagsMask__C)
                  2001797c    00000004     app_pem4.oem4 (.const:ti_sysbios_hal_Hwi_E_stackOverflow__C)
                  20017980    00000004     app_pem4.oem4 (.const:ti_sysbios_heaps_HeapMem_A_align__C)
                  20017984    00000004     app_pem4.oem4 (.const:ti_sysbios_heaps_HeapMem_A_heapSize__C)
                  20017988    00000004     app_pem4.oem4 (.const:ti_sysbios_heaps_HeapMem_A_invalidFree__C)
                  2001798c    00000004     app_pem4.oem4 (.const:ti_sysbios_heaps_HeapMem_A_zeroBlock__C)
                  20017990    00000004     app_pem4.oem4 (.const:ti_sysbios_heaps_HeapMem_E_memory__C)
                  20017994    00000004     app_pem4.oem4 (.const:ti_sysbios_heaps_HeapMem_Module__diagsEnabled__C)
                  20017998    00000004     app_pem4.oem4 (.const:ti_sysbios_heaps_HeapMem_Module__diagsIncluded__C)
                  2001799c    00000004     app_pem4.oem4 (.const:ti_sysbios_heaps_HeapMem_Module__diagsMask__C)
                  200179a0    00000004     app_pem4.oem4 (.const:ti_sysbios_heaps_HeapMem_Module__gateObj__C)
                  200179a4    00000004     app_pem4.oem4 (.const:ti_sysbios_heaps_HeapMem_Object__count__C)
                  200179a8    00000004     app_pem4.oem4 (.const:ti_sysbios_heaps_HeapMem_reqAlign__C)
                  200179ac    00000004     app_pem4.oem4 (.const:ti_sysbios_knl_Clock_LM_begin__C)
                  200179b0    00000004     app_pem4.oem4 (.const:ti_sysbios_knl_Clock_LM_tick__C)
                  200179b4    00000004     app_pem4.oem4 (.const:ti_sysbios_knl_Clock_LW_delayed__C)
                  200179b8    00000004     app_pem4.oem4 (.const:ti_sysbios_knl_Clock_Module_State_clockQ__O)
                  200179bc    00000004     app_pem4.oem4 (.const:ti_sysbios_knl_Clock_Module__diagsEnabled__C)
                  200179c0    00000004     app_pem4.oem4 (.const:ti_sysbios_knl_Clock_Module__diagsIncluded__C)
                  200179c4    00000004     app_pem4.oem4 (.const:ti_sysbios_knl_Clock_Module__diagsMask__C)
                  200179c8    00000004     app_pem4.oem4 (.const:ti_sysbios_knl_Clock_Module__loggerFxn1__C)
                  200179cc    00000004     app_pem4.oem4 (.const:ti_sysbios_knl_Clock_Module__loggerFxn2__C)
                  200179d0    00000004     app_pem4.oem4 (.const:ti_sysbios_knl_Clock_Module__loggerObj__C)
                  200179d4    00000004     app_pem4.oem4 (.const:ti_sysbios_knl_Clock_tickPeriod__C)
                  200179d8    00000004     app_pem4.oem4 (.const:ti_sysbios_knl_Idle_funcList__A)
                  200179dc    00000004     app_pem4.oem4 (.const:ti_sysbios_knl_Mailbox_A_invalidBufSize__C)
                  200179e0    00000004     app_pem4.oem4 (.const:ti_sysbios_knl_Mailbox_Instance_State_dataQue__O)
                  200179e4    00000004     app_pem4.oem4 (.const:ti_sysbios_knl_Mailbox_Instance_State_dataSem__O)
                  200179e8    00000004     app_pem4.oem4 (.const:ti_sysbios_knl_Mailbox_Instance_State_freeQue__O)
                  200179ec    00000004     app_pem4.oem4 (.const:ti_sysbios_knl_Mailbox_Instance_State_freeSem__O)
                  200179f0    00000004     app_pem4.oem4 (.const:ti_sysbios_knl_Mailbox_Module__diagsEnabled__C)
                  200179f4    00000004     app_pem4.oem4 (.const:ti_sysbios_knl_Mailbox_Module__diagsIncluded__C)
                  200179f8    00000004     app_pem4.oem4 (.const:ti_sysbios_knl_Mailbox_Module__diagsMask__C)
                  200179fc    00000004     app_pem4.oem4 (.const:ti_sysbios_knl_Mailbox_Object__count__C)
                  20017a00    00000004     app_pem4.oem4 (.const:ti_sysbios_knl_Mailbox_maxTypeAlign__C)
                  20017a04    00000004     app_pem4.oem4 (.const:ti_sysbios_knl_Semaphore_A_badContext__C)
                  20017a08    00000004     app_pem4.oem4 (.const:ti_sysbios_knl_Semaphore_A_noEvents__C)
                  20017a0c    00000004     app_pem4.oem4 (.const:ti_sysbios_knl_Semaphore_A_overflow__C)
                  20017a10    00000004     app_pem4.oem4 (.const:ti_sysbios_knl_Semaphore_A_pendTaskDisabled__C)
                  20017a14    00000004     app_pem4.oem4 (.const:ti_sysbios_knl_Semaphore_Instance_State_pendQ__O)
                  20017a18    00000004     app_pem4.oem4 (.const:ti_sysbios_knl_Semaphore_LM_pend__C)
                  20017a1c    00000004     app_pem4.oem4 (.const:ti_sysbios_knl_Semaphore_LM_post__C)
                  20017a20    00000004     app_pem4.oem4 (.const:ti_sysbios_knl_Semaphore_Module__diagsEnabled__C)
                  20017a24    00000004     app_pem4.oem4 (.const:ti_sysbios_knl_Semaphore_Module__diagsIncluded__C)
                  20017a28    00000004     app_pem4.oem4 (.const:ti_sysbios_knl_Semaphore_Module__diagsMask__C)
                  20017a2c    00000004     app_pem4.oem4 (.const:ti_sysbios_knl_Semaphore_Module__loggerFxn2__C)
                  20017a30    00000004     app_pem4.oem4 (.const:ti_sysbios_knl_Semaphore_Module__loggerFxn4__C)
                  20017a34    00000004     app_pem4.oem4 (.const:ti_sysbios_knl_Semaphore_Module__loggerObj__C)
                  20017a38    00000004     app_pem4.oem4 (.const:ti_sysbios_knl_Swi_LD_end__C)
                  20017a3c    00000004     app_pem4.oem4 (.const:ti_sysbios_knl_Swi_LM_begin__C)
                  20017a40    00000004     app_pem4.oem4 (.const:ti_sysbios_knl_Swi_LM_post__C)
                  20017a44    00000004     app_pem4.oem4 (.const:ti_sysbios_knl_Swi_Module__diagsEnabled__C)
                  20017a48    00000004     app_pem4.oem4 (.const:ti_sysbios_knl_Swi_Module__diagsIncluded__C)
                  20017a4c    00000004     app_pem4.oem4 (.const:ti_sysbios_knl_Swi_Module__diagsMask__C)
                  20017a50    00000004     app_pem4.oem4 (.const:ti_sysbios_knl_Swi_Module__loggerFxn1__C)
                  20017a54    00000004     app_pem4.oem4 (.const:ti_sysbios_knl_Swi_Module__loggerFxn4__C)
                  20017a58    00000004     app_pem4.oem4 (.const:ti_sysbios_knl_Swi_Module__loggerObj__C)
                  20017a5c    00000004     app_pem4.oem4 (.const:ti_sysbios_knl_Swi_Object__count__C)
                  20017a60    00000004     app_pem4.oem4 (.const:ti_sysbios_knl_Task_A_badPriority__C)
                  20017a64    00000004     app_pem4.oem4 (.const:ti_sysbios_knl_Task_A_badTaskState__C)
                  20017a68    00000004     app_pem4.oem4 (.const:ti_sysbios_knl_Task_A_badThreadType__C)
                  20017a6c    00000004     app_pem4.oem4 (.const:ti_sysbios_knl_Task_A_badTimeout__C)
                  20017a70    00000004     app_pem4.oem4 (.const:ti_sysbios_knl_Task_A_noPendElem__C)
                  20017a74    00000004     app_pem4.oem4 (.const:ti_sysbios_knl_Task_A_sleepTaskDisabled__C)
                  20017a78    00000004     app_pem4.oem4 (.const:ti_sysbios_knl_Task_E_spOutOfBounds__C)
                  20017a7c    00000004     app_pem4.oem4 (.const:ti_sysbios_knl_Task_E_stackOverflow__C)
                  20017a80    00000004     app_pem4.oem4 (.const:ti_sysbios_knl_Task_LD_block__C)
                  20017a84    00000004     app_pem4.oem4 (.const:ti_sysbios_knl_Task_LD_exit__C)
                  20017a88    00000004     app_pem4.oem4 (.const:ti_sysbios_knl_Task_LD_ready__C)
                  20017a8c    00000004     app_pem4.oem4 (.const:ti_sysbios_knl_Task_LM_sleep__C)
                  20017a90    00000004     app_pem4.oem4 (.const:ti_sysbios_knl_Task_LM_switch__C)
                  20017a94    00000004     app_pem4.oem4 (.const:ti_sysbios_knl_Task_Module_State_inactiveQ__O)
                  20017a98    00000004     app_pem4.oem4 (.const:ti_sysbios_knl_Task_Module__diagsEnabled__C)
                  20017a9c    00000004     app_pem4.oem4 (.const:ti_sysbios_knl_Task_Module__diagsIncluded__C)
                  20017aa0    00000004     app_pem4.oem4 (.const:ti_sysbios_knl_Task_Module__diagsMask__C)
                  20017aa4    00000004     app_pem4.oem4 (.const:ti_sysbios_knl_Task_Module__loggerFxn2__C)
                  20017aa8    00000004     app_pem4.oem4 (.const:ti_sysbios_knl_Task_Module__loggerFxn4__C)
                  20017aac    00000004     app_pem4.oem4 (.const:ti_sysbios_knl_Task_Module__loggerObj__C)
                  20017ab0    00000004     app_pem4.oem4 (.const:ti_sysbios_knl_Task_Object__count__C)
                  20017ab4    00000004     app_pem4.oem4 (.const:ti_sysbios_knl_Task_allBlockedFunc__C)
                  20017ab8    00000004     app_pem4.oem4 (.const:ti_sysbios_knl_Task_defaultStackHeap__C)
                  20017abc    00000004     app_pem4.oem4 (.const:ti_sysbios_knl_Task_defaultStackSize__C)
                  20017ac0    00000004     app_pem4.oem4 (.const:ti_sysbios_knl_Task_numConstructedTasks__C)
                  20017ac4    00000004     app_pem4.oem4 (.const:xdc_runtime_Assert_E_assertFailed__C)
                  20017ac8    00000004     app_pem4.oem4 (.const:xdc_runtime_Core_A_initializedParams__C)
                  20017acc    00000004     app_pem4.oem4 (.const:xdc_runtime_Core_Module__diagsEnabled__C)
                  20017ad0    00000004     app_pem4.oem4 (.const:xdc_runtime_Core_Module__diagsIncluded__C)
                  20017ad4    00000004     app_pem4.oem4 (.const:xdc_runtime_Core_Module__diagsMask__C)
                  20017ad8    00000004     app_pem4.oem4 (.const:xdc_runtime_Error_E_memory__C)
                  20017adc    00000004     app_pem4.oem4 (.const:xdc_runtime_Error_Module__diagsEnabled__C)
                  20017ae0    00000004     app_pem4.oem4 (.const:xdc_runtime_Error_Module__diagsIncluded__C)
                  20017ae4    00000004     app_pem4.oem4 (.const:xdc_runtime_Error_Module__diagsMask__C)
                  20017ae8    00000004     app_pem4.oem4 (.const:xdc_runtime_Error_Module__loggerFxn8__C)
                  20017aec    00000004     app_pem4.oem4 (.const:xdc_runtime_Error_Module__loggerObj__C)
                  20017af0    00000004     app_pem4.oem4 (.const:xdc_runtime_Error_policyFxn__C)
                  20017af4    00000004     app_pem4.oem4 (.const:xdc_runtime_Error_raiseHook__C)
                  20017af8    00000004     app_pem4.oem4 (.const:xdc_runtime_IFilterLogger_Interface__BASE__C)
                  20017afc    00000004     app_pem4.oem4 (.const:xdc_runtime_IGateProvider_Interface__BASE__C)
                  20017b00    00000004     app_pem4.oem4 (.const:xdc_runtime_IHeap_Interface__BASE__C)
                  20017b04    00000004     app_pem4.oem4 (.const:xdc_runtime_ILogger_Interface__BASE__C)
                  20017b08    00000004     app_pem4.oem4 (.const:xdc_runtime_IModule_Interface__BASE__C)
                  20017b0c    00000004     app_pem4.oem4 (.const:xdc_runtime_Log_L_error__C)
                  20017b10    00000004     app_pem4.oem4 (.const:xdc_runtime_LoggerBuf_E_badLevel__C)
                  20017b14    00000004     app_pem4.oem4 (.const:xdc_runtime_LoggerBuf_Module__gateObj__C)
                  20017b18    00000004     app_pem4.oem4 (.const:xdc_runtime_LoggerBuf_Object__count__C)
                  20017b1c    00000004     app_pem4.oem4 (.const:xdc_runtime_LoggerBuf_statusLogger__C)
                  20017b20    00000004     app_pem4.oem4 (.const:xdc_runtime_Memory_defaultHeapInstance__C)
                  20017b24    00000004     app_pem4.oem4 (.const:xdc_runtime_Startup_execImpl__C)
                  20017b28    00000004     app_pem4.oem4 (.const:xdc_runtime_Startup_maxPasses__C)
                  20017b2c    00000004     app_pem4.oem4 (.const:xdc_runtime_Startup_sfxnRts__C)
                  20017b30    00000004     app_pem4.oem4 (.const:xdc_runtime_Startup_sfxnTab__C)
                  20017b34    00000004     app_pem4.oem4 (.const:xdc_runtime_SysMin_bufSize__C)
                  20017b38    00000004     app_pem4.oem4 (.const:xdc_runtime_SysMin_outputFunc__C)
                  20017b3c    00000004     app_pem4.oem4 (.const:xdc_runtime_System_Module__gateObj__C)
                  20017b40    00000004     app_pem4.oem4 (.const:xdc_runtime_System_abortFxn__C)
                  20017b44    00000004     app_pem4.oem4 (.const:xdc_runtime_System_exitFxn__C)
                  20017b48    00000004     app_pem4.oem4 (.const:xdc_runtime_System_extendFxn__C)
                  20017b4c    00000004     app_pem4.oem4 (.const:xdc_runtime_System_maxAtexitHandlers__C)
                  20017b50    00000004     app_pem4.oem4 (.const:xdc_runtime_Text_charTab__C)
                  20017b54    00000004     app_pem4.oem4 (.const:xdc_runtime_Text_nameEmpty__C)
                  20017b58    00000004     app_pem4.oem4 (.const:xdc_runtime_Text_nameStatic__C)
                  20017b5c    00000004     app_pem4.oem4 (.const:xdc_runtime_Text_nameUnknown__C)
                  20017b60    00000004     app_pem4.oem4 (.const:xdc_runtime_Text_nodeTab__C)
                  20017b64    00000004     app_pem4.oem4 (.const:xdc_runtime_Text_visitRopeFxn__C)
                  20017b68    00000002     app_pem4.oem4 (.const:ti_sysbios_family_arm_m3_Hwi_Module__loggerDefined__C)
                  20017b6a    00000002     app_pem4.oem4 (.const:ti_sysbios_family_arm_m3_Timer_Module__id__C)
                  20017b6c    00000002     app_pem4.oem4 (.const:ti_sysbios_family_arm_m3_TimestampProvider_configTimer__C)
                  20017b6e    00000002     app_pem4.oem4 (.const:ti_sysbios_gates_GateMutex_Module__id__C)
                  20017b70    00000002     app_pem4.oem4 (.const:ti_sysbios_hal_Hwi_Module__id__C)
                  20017b72    00000002     app_pem4.oem4 (.const:ti_sysbios_heaps_HeapMem_Module__id__C)
                  20017b74    00000002     app_pem4.oem4 (.const:ti_sysbios_knl_Clock_Module__id__C)
                  20017b76    00000002     app_pem4.oem4 (.const:ti_sysbios_knl_Clock_Module__loggerDefined__C)
                  20017b78    00000002     app_pem4.oem4 (.const:ti_sysbios_knl_Mailbox_Module__id__C)
                  20017b7a    00000002     app_pem4.oem4 (.const:ti_sysbios_knl_Semaphore_Module__id__C)
                  20017b7c    00000002     app_pem4.oem4 (.const:ti_sysbios_knl_Semaphore_Module__loggerDefined__C)
                  20017b7e    00000002     app_pem4.oem4 (.const:ti_sysbios_knl_Swi_Module__id__C)
                  20017b80    00000002     app_pem4.oem4 (.const:ti_sysbios_knl_Swi_Module__loggerDefined__C)
                  20017b82    00000002     app_pem4.oem4 (.const:ti_sysbios_knl_Task_Module__id__C)
                  20017b84    00000002     app_pem4.oem4 (.const:ti_sysbios_knl_Task_Module__loggerDefined__C)
                  20017b86    00000002     app_pem4.oem4 (.const:ti_sysbios_knl_Task_initStackFlag__C)
                  20017b88    00000002     app_pem4.oem4 (.const:xdc_runtime_Core_Module__id__C)
                  20017b8a    00000002     app_pem4.oem4 (.const:xdc_runtime_Error_Module__loggerDefined__C)
                  20017b8c    00000002     app_pem4.oem4 (.const:xdc_runtime_Error_maxDepth__C)
                  20017b8e    00000002     app_pem4.oem4 (.const:xdc_runtime_LoggerBuf_Module__id__C)
                  20017b90    00000002     app_pem4.oem4 (.const:xdc_runtime_LoggerBuf_filterByLevel__C)
                  20017b92    00000002     app_pem4.oem4 (.const:xdc_runtime_Memory_Module__id__C)
                  20017b94    00000002     app_pem4.oem4 (.const:xdc_runtime_SysMin_flushAtExit__C)
                  20017b96    00000002     app_pem4.oem4 (.const:xdc_runtime_Text_charCnt__C)
                  20017b98    00000002     app_pem4.oem4 (.const:xdc_runtime_Text_isLoaded__C)
                  20017b9a    00000002     app_pem4.oem4 (.const:xdc_runtime_Text_registryModsLastId__C)
                  20017b9c    00000002     app_pem4.oem4 (.const:xdc_runtime_Text_unnamedModsLastId__C)

.cinit     0    20017ba0    000003c8     
                  20017ba0    000003a4     (.cinit..data.load) [load image, compression = rle]
                  20017f44    0000000c     (__TI_handler_table)
                  20017f50    00000008     (.cinit..bss.load) [load image, compression = zero_init]
                  20017f58    00000010     (__TI_cinit_table)

.bss       0    20018000    000096df     UNINITIALIZED
                  20018000    00008000     app_pem4.oem4 (.bss:ti_sysbios_heaps_HeapMem_Instance_State_0_buf__A)
                  20020000    00000800     app_pem4.oem4 (.bss:taskStackSection)
                  20020800    00000400     app_pem4.oem4 (.bss:xdc_runtime_LoggerBuf_Instance_State_0_entryArr__A)
                  20020c00    00000400     app_pem4.oem4 (.bss:xdc_runtime_SysMin_Module_State_0_outbuf__A)
                  20021000    0000030c     app_pem4.oem4 (.bss:ti_sysbios_family_arm_m3_Hwi_dispatchTable)
                  2002130c    00000178     simplelink.a : driver.obj (.bss:g_StatMem)
                  20021484    00000120     rtsv7M4_T_le_eabi.lib : trgmsg.obj (.bss:__CIOBUF_)
                  200215a4    000000a0                           : defs.obj (.bss:__TI_tmpnams)
                  20021644    00000050     simplelink.a : cc_pal.obj (.bss:g_ucDinDout)
                  20021694    00000024     main.obj (.bss:g_ucConnectionSSID)
                  200216b8    00000008     (.common:g_ucConnectionBSSID)
                  200216c0    00000008     (.common:parmbuf)
                  200216c8    00000004     (.common:DMAMsgQ)
                  200216cc    00000004     (.common:SimpleLinkSpawnTaskHndl)
                  200216d0    00000004     (.common:__Errorlog)
                  200216d4    00000004     (.common:g_cDummy)
                  200216d8    00000004     (.common:simpleLink_mailbox)
                  200216dc    00000001     (.common:g_ucLED1Pin)
                  200216dd    00000001     (.common:g_ucLED2Pin)
                  200216de    00000001     (.common:g_ucLED3Pin)

.data      0    200216e0    00000634     UNINITIALIZED
                  200216e0    00000138     app_pem4.oem4 (.data)
                  20021818    000000f0     rtsv7M4_T_le_eabi.lib : defs.obj (.data:_ftable)
                  20021908    000000d0                           : lowlev.obj (.data)
                  200219d8    00000080     app_pem4.oem4 (.data:ti_sysbios_knl_Swi_Module_State_0_readyQ__A)
                  20021a58    00000080     app_pem4.oem4 (.data:ti_sysbios_knl_Task_Module_State_0_readyQ__A)
                  20021ad8    0000004c     app_pem4.oem4 (.data:ti_sysbios_knl_Task_Object__table__V)
                  20021b24    00000044     app_pem4.oem4 (.data:ti_sysbios_knl_Task_Module__state__V)
                  20021b68    00000038     app_pem4.oem4 (.data:ti_sysbios_gates_GateMutex_Object__table__V)
                  20021ba0    00000034     app_pem4.oem4 (.data:ti_sysbios_family_arm_m3_Hwi_Module__state__V)
                  20021bd4    00000030     app_pem4.oem4 (.data:ti_sysbios_family_arm_m3_Timer_Object__table__V)
                  20021c04    00000030     app_pem4.oem4 (.data:ti_sysbios_knl_Swi_Object__table__V)
                  20021c34    0000002c     app_pem4.oem4 (.data:ti_sysbios_knl_Clock_Module__state__V)
                  20021c60    00000024     app_pem4.oem4 (.data:ti_sysbios_BIOS_Module__state__V)
                  20021c84    00000024     app_pem4.oem4 (.data:xdc_runtime_LoggerBuf_Object__table__V)
                  20021ca8    0000001c     gpio_if.obj (.data)
                  20021cc4    00000010     main.obj (.data)
                  20021cd4    00000010     rtsv7M4_T_le_eabi.lib : defs.obj (.data)
                  20021ce4    00000010     simplelink.a : cc_pal.obj (.data)
                  20021cf4    00000008     rtsv7M4_T_le_eabi.lib : _lock.obj (.data)
                  20021cfc    00000008                           : exit.obj (.data)
                  20021d04    00000008     simplelink.a : driver.obj (.data)
                  20021d0c    00000004     rtsv7M4_T_le_eabi.lib : fopen.obj (.data)
                  20021d10    00000004                           : stkdepth_vars.obj (.data)

.stack     0    2002f000    00002000     UNINITIALIZED
                  2002f000    00002000     --HOLE--


LINKER GENERATED COPY TABLES

__TI_cinit_table @ 20017f58 records: 2, size/record: 8, table size: 16
	.data: load addr=20017ba0, load size=000003a4 bytes, run addr=200216e0, run size=00000634 bytes, compression=rle
	.bss: load addr=20017f50, load size=00000008 bytes, run addr=20018000, run size=000096df bytes, compression=zero_init


LINKER GENERATED HANDLER TABLE

__TI_handler_table @ 20017f44 records: 3, size/record: 4, table size: 12
	index: 0, handler: __TI_decompress_rle24
	index: 1, handler: __TI_decompress_none
	index: 2, handler: __TI_zero_init


GLOBAL SYMBOLS: SORTED ALPHABETICALLY BY Name 

address    name
--------   ----
20013ff9   C$$EXIT
20013713   C$$IO$$
200138bd   CPUbasepriGet
200138a7   CPUbasepriSet
20013869   CPUcpsid
20013887   CPUcpsie
2001387d   CPUprimask
2001389b   CPUwfi
2000fded   ClearTerm
200091dd   CopyPingResultsToReport
200216c8   DMAMsgQ
2000b375   DmaSpiSwIntHandler
2000fdf7   Error
2000e8bd   FlashDisable
2000e8f3   FlashErase
2000e92d   FlashEraseNonBlocking
2000eb69   FlashIntClear
2000eb39   FlashIntDisable
2000eb25   FlashIntEnable
2000eb01   FlashIntRegister
2000eb4d   FlashIntStatus
2000eb15   FlashIntUnregister
2000e94b   FlashMassErase
2000e977   FlashMassEraseNonBlocking
2000e987   FlashProgram
2000ea09   FlashProgramNonBlocking
2000ea8b   FlashProtectGet
2000e23f   GPIODMATriggerDisable
2000e1e7   GPIODMATriggerEnable
2000dff3   GPIODirModeGet
2000dfbd   GPIODirModeSet
2000e163   GPIOIntClear
2000e127   GPIOIntDisable
2000e10d   GPIOIntEnable
2000e177   GPIOIntRegister
2000e141   GPIOIntStatus
2000e0a7   GPIOIntTypeGet
2000e025   GPIOIntTypeSet
2000e195   GPIOIntUnregister
2000e1af   GPIOPinRead
2000e1c7   GPIOPinWrite
2000d7f5   GPIO_IF_ConfigureNIntEnable
2000d871   GPIO_IF_Get
2000d7af   GPIO_IF_GetPortNPin
2000d571   GPIO_IF_LedConfigure
2000d663   GPIO_IF_LedOff
2000d5af   GPIO_IF_LedOn
2000d717   GPIO_IF_LedStatus
2000d781   GPIO_IF_LedToggle
2000d837   GPIO_IF_Set
2000fe2f   GetCmd
2000b901   GetStartResponseConvert
2000ee49   HOSTclock
2000ee11   HOSTclose
2000edd3   HOSTgetenv
2000ed77   HOSTlseek
2000ed25   HOSTopen
2000ecd9   HOSTread
2000ec7b   HOSTrename
2000ec41   HOSTtime
2000ec09   HOSTunlink
2000ebbd   HOSTwrite
2000b721   HostIntHanlder
2000fdad   InitTerm
2000da85   IntDisable
2000d9eb   IntEnable
2000d8d5   IntMasterDisable
2000d8cb   IntMasterEnable
2000dbad   IntPendClear
2000db1f   IntPendSet
2000d9c7   IntPriorityGet
2000d93f   IntPriorityGroupingGet
2000d925   IntPriorityGroupingSet
2000dc11   IntPriorityMaskGet
2000dc05   IntPriorityMaskSet
2000d977   IntPrioritySet
2000d8ef   IntRegister
2000d90b   IntUnregister
2000d8df   IntVTableBaseSet
200154f1   LoggerBuf_instanceStartup
2000fdcb   Message
2000b767   NwpMaskInterrupt
2000b82d   NwpPowerOff
2000b7fd   NwpPowerOn
2000b78d   NwpPowerOnPreamble
2000b735   NwpRegisterInterruptHandler
2000b775   NwpUnMaskInterrupt
2000a9e5   PRCMCC3200MCUInit
2000a41d   PRCMDeepSleepEnter
2000a5e7   PRCMHibernateEnter
2000a521   PRCMHibernateIntervalSet
2000a595   PRCMHibernateWakeUpGPIOSelect
2000a505   PRCMHibernateWakeupCauseGet
2000a4df   PRCMHibernateWakeupSourceDisable
2000a4b9   PRCMHibernateWakeupSourceEnable
2000a303   PRCMI2SClockFreqSet
2000a729   PRCMIntDisable
2000a6f5   PRCMIntEnable
2000a6cd   PRCMIntRegister
2000a74d   PRCMIntStatus
2000a6e1   PRCMIntUnregister
2000a36b   PRCMLPDSEnter
2000a3d7   PRCMLPDSIntervalSet
2000a353   PRCMLPDSRestoreInfoSet
2000a3f9   PRCMLPDSWakeUpGPIOSelect
2000a3d1   PRCMLPDSWakeupCauseGet
2000a3bd   PRCMLPDSWakeupSourceDisable
2000a39b   PRCMLPDSWakeupSourceEnable
2000a17d   PRCMMCUReset
2000a6b3   PRCMOCRRegisterRead
2000a699   PRCMOCRRegisterWrite
2000a1ed   PRCMPeripheralClkDisable
2000a1c1   PRCMPeripheralClkEnable
2000a20d   PRCMPeripheralClockGet
2000a28b   PRCMPeripheralReset
2000a2d9   PRCMPeripheralStatusGet
2000a815   PRCMRTCGet
2000a765   PRCMRTCInUseGet
2000a753   PRCMRTCInUseSet
2000a949   PRCMRTCMatchGet
2000a8ad   PRCMRTCMatchSet
2000a785   PRCMRTCSet
2000a171   PRCMSOCReset
2000a485   PRCMSRAMRetentionDisable
2000a44d   PRCMSRAMRetentionEnable
2000a415   PRCMSleepEnter
2000a5f7   PRCMSlowClkCtrGet
2000a659   PRCMSlowClkCtrMatchGet
2000a631   PRCMSlowClkCtrMatchSet
2000a19d   PRCMSysResetCauseGet
2000ef51   PinConfigGet
2000ef8f   PinConfigSet
2000ef27   PinDirModeGet
2000eef3   PinDirModeSet
2000eec9   PinModeGet
2000ee91   PinModeSet
20013559   PinMuxConfig
2000f0d9   PinTypeADC
2000f08f   PinTypeCamera
2000f0a9   PinTypeGPIO
2000f025   PinTypeI2C
2000f05b   PinTypeI2S
2000f0ed   PinTypeSDHost
2000f041   PinTypeSPI
2000f075   PinTypeTimer
2000f00b   PinTypeUART
2000fec1   Report
UNDEFED    SHT$$INIT_ARRAY$$Base
UNDEFED    SHT$$INIT_ARRAY$$Limit
20008ae9   SL_FD_CLR
20008b0d   SL_FD_ISSET
20008acb   SL_FD_SET
20008b31   SL_FD_ZERO
2000b1e1   SPICSDisable
2000b1c9   SPICSEnable
2000ae59   SPIConfigSetExpClk
2000af27   SPIDataGet
2000aefd   SPIDataGetNonBlocking
2000af6f   SPIDataPut
2000af47   SPIDataPutNonBlocking
2000adeb   SPIDisable
2000ae1d   SPIDmaDisable
2000ae03   SPIDmaEnable
2000add3   SPIEnable
2000afa7   SPIFIFODisable
2000af8d   SPIFIFOEnable
2000aff5   SPIFIFOLevelGet
2000afc1   SPIFIFOLevelSet
2000b18b   SPIIntClear
2000b0d3   SPIIntDisable
2000b08f   SPIIntEnable
2000b051   SPIIntRegister
2000b11d   SPIIntStatus
2000b075   SPIIntUnregister
2000ae37   SPIReset
2000b1f9   SPITransfer
2000b029   SPIWordCountSet
2000b393   SetupDMAReceive
2000b40d   SetupDMASend
200071dd   SimpleLinkGeneralEventHandler
200071b5   SimpleLinkHttpServerCallback
2000711f   SimpleLinkNetAppEventHandler
200071f3   SimpleLinkSockEventHandler
200216cc   SimpleLinkSpawnTaskHndl
20007015   SimpleLinkWlanEventHandler
20021ad8   TSK_idle
2000cb85   UARTBreakCtl
2000cbaf   UARTBusy
2000cb2d   UARTCharGet
2000cb11   UARTCharGetNonBlocking
2000cb67   UARTCharPut
2000cb43   UARTCharPutNonBlocking
2000cad7   UARTCharsAvail
2000c949   UARTConfigGetExpClk
2000c8d3   UARTConfigSetExpClk
2000cc77   UARTDMADisable
2000cc5f   UARTDMAEnable
2000c9b9   UARTDisable
2000c995   UARTEnable
2000c9f9   UARTFIFODisable
2000c9e3   UARTFIFOEnable
2000c8ab   UARTFIFOLevelGet
2000c893   UARTFIFOLevelSet
2000ca97   UARTFlowControlGet
2000ca7b   UARTFlowControlSet
2000cc4d   UARTIntClear
2000cc17   UARTIntDisable
2000cbff   UARTIntEnable
2000cbc7   UARTIntRegister
2000cc2f   UARTIntStatus
2000cbe5   UARTIntUnregister
2000ca33   UARTModemControlClear
2000ca57   UARTModemControlGet
2000ca0f   UARTModemControlSet
2000ca69   UARTModemStatusGet
2000c881   UARTParityModeGet
2000c865   UARTParityModeSet
2000cca5   UARTRxErrorClear
2000cc8f   UARTRxErrorGet
2000caef   UARTSpaceAvail
2000cac5   UARTTxIntModeGet
2000caa9   UARTTxIntModeSet
200154c1   UtilsDelay
2000c1b5   VDeleteSimpleLinkSpawnTask
2000c15d   VStartSimpleLinkSpawnTask
20007955   WlanStationMode
200153d3   _Dclass
2001403d   _Dtest
2000cce5   _GetCreateFsMode
200174c8   _SlAcceptCmdCtrl
20017444   _SlActionLookupTable
20005095   _SlAsyncEventGenericHandler
20017874   _SlDeviceGetCmdCtrl
20017878   _SlDeviceSetCmdCtrl
20005a15   _SlDrvBasicCmd
200056f5   _SlDrvClassifyRxMsg
20004497   _SlDrvCmdOp
20004517   _SlDrvCmdSend
20004565   _SlDrvDataReadOp
20004791   _SlDrvDataWriteOp
2000bdb5   _SlDrvDeviceEventHandler
200043cb   _SlDrvDriverCBDeinit
2000430d   _SlDrvDriverCBInit
200134bb   _SlDrvFlowContDeinit
20013489   _SlDrvFlowContInit
20004ae5   _SlDrvMsgRead
20005541   _SlDrvMsgReadCmdCtx
20005627   _SlDrvMsgReadSpawnCtx
20004923   _SlDrvMsgWrite
200095b9   _SlDrvNetAppEventHandler
20005f03   _SlDrvObjDeInit
20005e87   _SlDrvObjInit
20005c8d   _SlDrvReleasePoolObj
2000584d   _SlDrvRxHdrRead
20004457   _SlDrvRxIrqHandler
20005807   _SlDrvShiftDWord
20005aa9   _SlDrvWaitForPoolObj
20017870   _SlEventMaskGetCmdCtrl
2001786c   _SlEventMaskSetCmdCtrl
20005fdd   _SlFindAndSetActiveObj
20017480   _SlFsCloseCmdCtrl
20017490   _SlFsDeleteCmdCtrl
2001748c   _SlFsGetInfoCmdCtrl
2001747c   _SlFsOpenCmdCtrl
20017484   _SlFsReadCmdCtrl
20017488   _SlFsWriteCmdCtrl
200175bc   _SlGetHostByNameCtrl
200175b8   _SlGetHostByServiceCtrl
200175b0   _SlGetServiceListeCtrl
200174d4   _SlGetSockOptCmdCtrl
200174c4   _SlListenCmdCtrl
200175c8   _SlNetAppGetCmdCtrl
200175c4   _SlNetAppSendTokenValueCmdCtrl
200175c0   _SlNetAppSetCmdCtrl
200175a8   _SlNetAppStartCtrl
200175ac   _SlNetAppStopCtrl
200178d4   _SlNetCfgGetCmdCtrl
200178d0   _SlNetCfgSetCmdCtrl
20017394   _SlPolicyGetCmdCtrl
20017390   _SlPolicySetCmdCtrl
2001739c   _SlProfileDelCmdCtrl
20017398   _SlProfileGetCmdCtrl
200174cc   _SlRecvCmdCtrl
200174bc   _SlRecvfomCmdCtrl
200175b4   _SlRegisterServiceCtrl
20005f23   _SlRemoveFromList
200173a4   _SlRxFilterAddtCmdCtrl
200173ac   _SlRxFilterGetCmdCtrl
200173a8   _SlRxFilterSetCmdCtrl
200174d8   _SlSelectCmdCtrl
200174c0   _SlSendCmdCtrl
200174d0   _SlSetSockOptCmdCtrl
200173b0   _SlSmartConfigStartCmdCtrl
200174b8   _SlSockCloseCmdCtrl
200174b4   _SlSockSocketCmdCtrl
20017868   _SlStopCmdCtrl
200173bc   _SlWlanCfgGetCmdCtrl
200173b8   _SlWlanCfgSetCmdCtrl
200173a0   _SlWlanGetNetworkListCtrl
200173b4   _SlWlanSetModeCmdCtrl
00000000   __ASM__
20021484   __CIOBUF_
00000067   __ISA__
0000007a   __PLAT__
20031000   __STACK_END
00002000   __STACK_SIZE
000000a1   __TARG__
20017f58   __TI_CINIT_Base
20017f68   __TI_CINIT_Limit
20017f44   __TI_Handler_Table_Base
20017f50   __TI_Handler_Table_Limit
00000001   __TI_args_main
200127d5   __TI_auto_init
20010049   __TI_cleanup
20021cfc   __TI_cleanup_ptr
20012b81   __TI_closefile
200153c5   __TI_decompress_none
200154cd   __TI_decompress_rle24
20012029   __TI_doflush
20021d00   __TI_dtors_ptr
20021cd4   __TI_ft_end
20006d0b   __TI_printfi
20012593   __TI_rd_ok
20013717   __TI_readmsg
20017ba0   __TI_static_base__
200215a4   __TI_tmpnams
200136e9   __TI_writemsg
20012531   __TI_wrt_ok
20015225   __TI_zero_init
000000c6   __TRDR__
20012ee5   __aeabi_cdcmpeq
20012ee5   __aeabi_cdcmple
20012f6b   __aeabi_cdrcmple
20013d79   __aeabi_d2iz
20010307   __aeabi_dadd
20010f49   __aeabi_ddiv
20011959   __aeabi_dmul
200102fd   __aeabi_dsub
200148b3   __aeabi_i2d
20014df5   __aeabi_llsr
2001507d   __aeabi_lmul
20013179   __aeabi_memclr
20013179   __aeabi_memclr4
20013179   __aeabi_memclr8
20012911   __aeabi_memcpy
20012911   __aeabi_memcpy4
20012911   __aeabi_memcpy8
2001317b   __aeabi_memset
2001317b   __aeabi_memset4
2001317b   __aeabi_memset8
20021ce0   __aeabi_stderr
20021cd8   __aeabi_stdin
20021cdc   __aeabi_stdout
20014219   __aeabi_uidivmod
2000fbb9   __aeabi_uldivmod
ffffffff   __binit__
ffffffff   __c_args__
2002f000   __stack
200154c7   __xdc__init
20021814   __xdc__init__addr
20015065   _args_main
20013f71   _c_int00
20016cf6   _ctypes_
20021818   _ftable
20021cf4   _lock
200151a7   _nop
[...]
20015415   ti_sysbios_family_arm_m3_TaskSupport_getStackAlignment__E
20015415   ti_sysbios_knl_Task_SupportProxy_getStackAlignment__E
20015421   ti_sysbios_gates_GateHwi_enter__E
2001542d   ti_sysbios_knl_Queue_Object__get__S
20015439   ti_sysbios_knl_Semaphore_Params__init__S
20015445   ti_sysbios_knl_Task_Params__init__S
20015451   xdc_runtime_Error_init__E
2001545d   xdc_runtime_Gate_enterSystem__E
20015469   xdc_runtime_Memory_calloc__E
20015475   xdc_runtime_Memory_getMaxDefaultTypeAlign__E
20015495   xdc_runtime_LoggerBuf_disable__E
2001549f   xdc_runtime_LoggerBuf_enable__E
200154a9   ti_sysbios_family_arm_m3_Hwi_doSwiRestore__I
200154b1   ti_sysbios_family_arm_m3_Hwi_startup__E
200154b1   ti_sysbios_hal_Hwi_HwiProxy_startup__E
200154b1   ti_sysbios_hal_Hwi_startup__E
200154b9   ti_sysbios_knl_Idle_loop__E
200154c1   UtilsDelay
200154c7   __xdc__init
200154cd   __TI_decompress_rle24
200154d3   ti_sysbios_family_arm_m3_Hwi_restoreFxn__E
200154d3   ti_sysbios_hal_Hwi_HwiProxy_restore__E
200154d3   ti_sysbios_hal_Hwi_restore__E
200154d9   ti_sysbios_gates_GateHwi_leave__E
200154df   ti_sysbios_heaps_HeapMem_isBlocking__E
200154e5   ti_sysbios_knl_Queue_Instance_init__E
200154eb   xdc_runtime_System_Module_startup__E
200154f1   LoggerBuf_instanceStartup
200154f5   ti_sysbios_BIOS_RtsGateProxy_enter__E
200154f9   ti_sysbios_BIOS_RtsGateProxy_leave__E
200154fd   ti_sysbios_family_arm_m3_Hwi_delete
20015501   ti_sysbios_family_arm_m3_TaskSupport_Module__startupDone__S
20015505   ti_sysbios_family_arm_m3_Timer_getMaxTicks__E
20015509   ti_sysbios_gates_GateHwi_query__E
20015509   xdc_runtime_LoggerBuf_Module_GateProxy_query__E
20015509   xdc_runtime_Main_Module_GateProxy_query__E
20015509   xdc_runtime_System_Module_GateProxy_query__E
2001550d   ti_sysbios_BIOS_RtsGateProxy_query__E
2001550d   ti_sysbios_gates_GateMutex_query__E
2001550d   ti_sysbios_heaps_HeapMem_Module_GateProxy_query__E
20015511   ti_sysbios_hal_Hwi_HwiProxy_Module__startupDone__S
20015515   ti_sysbios_hal_Timer_TimerProxy_Module__startupDone__S
20015519   ti_sysbios_heaps_HeapMem_Module_GateProxy_enter__E
2001551d   ti_sysbios_heaps_HeapMem_Module_GateProxy_leave__E
20015521   ti_sysbios_knl_Clock_TimerProxy_Module__startupDone__S
20015525   ti_sysbios_knl_Clock_TimerProxy_getMaxTicks__E
20015529   ti_sysbios_knl_Mailbox_delete
2001552d   ti_sysbios_knl_Queue_destruct
20015531   ti_sysbios_knl_Semaphore_delete
20015535   ti_sysbios_knl_Semaphore_destruct
20015539   ti_sysbios_knl_Task_SupportProxy_Module__startupDone__S
2001553d   ti_sysbios_knl_Task_delete
20015541   ti_sysbios_knl_Task_startup__E
20015545   xdc_runtime_Error_getSite__E
20015549   xdc_runtime_LoggerBuf_Module_GateProxy_enter__E
2001554d   xdc_runtime_LoggerBuf_Module_GateProxy_leave__E
20015551   xdc_runtime_Memory_HeapProxy_alloc__E
20015555   xdc_runtime_Memory_HeapProxy_free__E
20015559   xdc_runtime_System_Module_GateProxy_enter__E
2001555d   xdc_runtime_System_Module_GateProxy_leave__E
20015561   xdc_runtime_System_aprintf_va__F
20015565   xdc_runtime_System_printf_va__F
20015568   xdc_runtime_Text_charTab__A
20016cf6   _ctypes_
20016fcc   xdc_runtime_Text_nodeTab__A
20017390   _SlPolicySetCmdCtrl
20017394   _SlPolicyGetCmdCtrl
20017398   _SlProfileGetCmdCtrl
2001739c   _SlProfileDelCmdCtrl
200173a0   _SlWlanGetNetworkListCtrl
200173a4   _SlRxFilterAddtCmdCtrl
200173a8   _SlRxFilterSetCmdCtrl
200173ac   _SlRxFilterGetCmdCtrl
200173b0   _SlSmartConfigStartCmdCtrl
200173b4   _SlWlanSetModeCmdCtrl
200173b8   _SlWlanCfgSetCmdCtrl
200173bc   _SlWlanCfgGetCmdCtrl
200173cc   ti_sysbios_knl_Task_Object__PARAMS__C
20017408   xdc_runtime_LoggerBuf_Module__FXNS__C
20017444   _SlActionLookupTable
2001747c   _SlFsOpenCmdCtrl
20017480   _SlFsCloseCmdCtrl
20017484   _SlFsReadCmdCtrl
20017488   _SlFsWriteCmdCtrl
2001748c   _SlFsGetInfoCmdCtrl
20017490   _SlFsDeleteCmdCtrl
200174b4   _SlSockSocketCmdCtrl
200174b8   _SlSockCloseCmdCtrl
200174bc   _SlRecvfomCmdCtrl
200174c0   _SlSendCmdCtrl
200174c4   _SlListenCmdCtrl
200174c8   _SlAcceptCmdCtrl
200174cc   _SlRecvCmdCtrl
200174d0   _SlSetSockOptCmdCtrl
200174d4   _SlGetSockOptCmdCtrl
200174d8   _SlSelectCmdCtrl
200174e8   ti_sysbios_knl_Mailbox_Object__PARAMS__C
2001751c   ti_sysbios_family_arm_m3_Hwi_Object__PARAMS__C
2001754c   xdc_runtime_Startup_sfxnTab__A
200175a8   _SlNetAppStartCtrl
200175ac   _SlNetAppStopCtrl
200175b0   _SlGetServiceListeCtrl
200175b4   _SlRegisterServiceCtrl
200175b8   _SlGetHostByServiceCtrl
200175bc   _SlGetHostByNameCtrl
200175c0   _SlNetAppSetCmdCtrl
200175c4   _SlNetAppSendTokenValueCmdCtrl
200175c8   _SlNetAppGetCmdCtrl
200175d0   ti_sysbios_heaps_HeapMem_Module__FXNS__C
2001761c   ti_sysbios_gates_GateHwi_Module__FXNS__C
20017640   ti_sysbios_gates_GateMutex_Module__FXNS__C
20017664   ti_sysbios_heaps_HeapMem_Object__PARAMS__C
20017688   ti_sysbios_knl_Semaphore_Object__PARAMS__C
200176ac   xdc_runtime_LoggerBuf_Object__PARAMS__C
200176d0   ti_sysbios_family_arm_m3_Hwi_Object__DESC__C
200176f0   ti_sysbios_gates_GateHwi_Object__DESC__C
20017710   ti_sysbios_gates_GateMutex_Object__DESC__C
20017730   ti_sysbios_heaps_HeapMem_Object__DESC__C
20017750   ti_sysbios_knl_Mailbox_Object__DESC__C
20017770   ti_sysbios_knl_Queue_Object__DESC__C
20017790   ti_sysbios_knl_Semaphore_Object__DESC__C
200177b0   ti_sysbios_knl_Task_Object__DESC__C
200177d0   xdc_runtime_LoggerBuf_Object__DESC__C
20017808   ti_sysbios_gates_GateHwi_Object__PARAMS__C
20017820   ti_sysbios_gates_GateMutex_Object__PARAMS__C
20017838   ti_sysbios_knl_Queue_Object__PARAMS__C
20017850   xdc_runtime_Startup_sfxnRts__A
20017868   _SlStopCmdCtrl
2001786c   _SlEventMaskSetCmdCtrl
20017870   _SlEventMaskGetCmdCtrl
20017874   _SlDeviceGetCmdCtrl
20017878   _SlDeviceSetCmdCtrl
2001787c   g_H2NSyncPattern
20017884   g_H2NCnysPattern
200178a1   xdc_runtime_Error_policy__C
200178a2   ti_sysbios_family_arm_m3_Hwi_Module__id__C
200178c4   xdc_runtime_Startup_firstFxns__A
200178d0   _SlNetCfgSetCmdCtrl
200178d4   _SlNetCfgGetCmdCtrl
200178d8   ti_sysbios_family_arm_m3_Hwi_excHookFuncs__A
200178e0   ti_sysbios_knl_Idle_funcList__C
200178e8   xdc_runtime_Startup_firstFxns__C
200178f0   xdc_runtime_Startup_lastFxns__C
200178f8   ti_sysbios_family_arm_m3_Hwi_E_NMI__C
200178fc   ti_sysbios_family_arm_m3_Hwi_E_alreadyDefined__C
20017900   ti_sysbios_family_arm_m3_Hwi_E_busFault__C
20017904   ti_sysbios_family_arm_m3_Hwi_E_debugMon__C
20017908   ti_sysbios_family_arm_m3_Hwi_E_hardFault__C
2001790c   ti_sysbios_family_arm_m3_Hwi_E_memFault__C
20017910   ti_sysbios_family_arm_m3_Hwi_E_noIsr__C
20017914   ti_sysbios_family_arm_m3_Hwi_E_reserved__C
20017918   ti_sysbios_family_arm_m3_Hwi_E_svCall__C
2001791c   ti_sysbios_family_arm_m3_Hwi_E_usageFault__C
20017920   ti_sysbios_family_arm_m3_Hwi_LD_end__C
20017924   ti_sysbios_family_arm_m3_Hwi_LM_begin__C
20017928   ti_sysbios_family_arm_m3_Hwi_Module__diagsEnabled__C
2001792c   ti_sysbios_family_arm_m3_Hwi_Module__diagsIncluded__C
20017930   ti_sysbios_family_arm_m3_Hwi_Module__diagsMask__C
20017934   ti_sysbios_family_arm_m3_Hwi_Module__loggerFxn1__C
20017938   ti_sysbios_family_arm_m3_Hwi_Module__loggerFxn8__C
2001793c   ti_sysbios_family_arm_m3_Hwi_Module__loggerObj__C
20017940   ti_sysbios_family_arm_m3_Hwi_NUM_INTERRUPTS__C
20017944   ti_sysbios_family_arm_m3_Hwi_Object__count__C
20017948   ti_sysbios_family_arm_m3_Hwi_ccr__C
2001794c   ti_sysbios_family_arm_m3_Hwi_excHandlerFunc__C
20017950   ti_sysbios_family_arm_m3_Hwi_excHookFuncs__C
20017954   ti_sysbios_family_arm_m3_Hwi_nullIsrFunc__C
20017958   ti_sysbios_family_arm_m3_Hwi_priGroup__C
2001795c   ti_sysbios_family_arm_m3_TaskSupport_stackAlignment__C
20017960   ti_sysbios_family_arm_m3_Timer_E_cannotSupport__C
20017964   ti_sysbios_family_arm_m3_Timer_startupNeeded__C
20017968   ti_sysbios_gates_GateMutex_A_badContext__C
2001796c   ti_sysbios_gates_GateMutex_Instance_State_sem__O
20017970   ti_sysbios_gates_GateMutex_Module__diagsEnabled__C
20017974   ti_sysbios_gates_GateMutex_Module__diagsIncluded__C
20017978   ti_sysbios_gates_GateMutex_Module__diagsMask__C
2001797c   ti_sysbios_hal_Hwi_E_stackOverflow__C
20017980   ti_sysbios_heaps_HeapMem_A_align__C
20017984   ti_sysbios_heaps_HeapMem_A_heapSize__C
20017988   ti_sysbios_heaps_HeapMem_A_invalidFree__C
2001798c   ti_sysbios_heaps_HeapMem_A_zeroBlock__C
20017990   ti_sysbios_heaps_HeapMem_E_memory__C
20017994   ti_sysbios_heaps_HeapMem_Module__diagsEnabled__C
20017998   ti_sysbios_heaps_HeapMem_Module__diagsIncluded__C
2001799c   ti_sysbios_heaps_HeapMem_Module__diagsMask__C
200179a0   ti_sysbios_heaps_HeapMem_Module__gateObj__C
200179a4   ti_sysbios_heaps_HeapMem_Object__count__C
200179a8   ti_sysbios_heaps_HeapMem_reqAlign__C
200179ac   ti_sysbios_knl_Clock_LM_begin__C
200179b0   ti_sysbios_knl_Clock_LM_tick__C
200179b4   ti_sysbios_knl_Clock_LW_delayed__C
200179b8   ti_sysbios_knl_Clock_Module_State_clockQ__O
200179bc   ti_sysbios_knl_Clock_Module__diagsEnabled__C
200179c0   ti_sysbios_knl_Clock_Module__diagsIncluded__C
200179c4   ti_sysbios_knl_Clock_Module__diagsMask__C
200179c8   ti_sysbios_knl_Clock_Module__loggerFxn1__C
200179cc   ti_sysbios_knl_Clock_Module__loggerFxn2__C
200179d0   ti_sysbios_knl_Clock_Module__loggerObj__C
200179d4   ti_sysbios_knl_Clock_tickPeriod__C
200179d8   ti_sysbios_knl_Idle_funcList__A
200179dc   ti_sysbios_knl_Mailbox_A_invalidBufSize__C
200179e0   ti_sysbios_knl_Mailbox_Instance_State_dataQue__O
200179e4   ti_sysbios_knl_Mailbox_Instance_State_dataSem__O
200179e8   ti_sysbios_knl_Mailbox_Instance_State_freeQue__O
200179ec   ti_sysbios_knl_Mailbox_Instance_State_freeSem__O
200179f0   ti_sysbios_knl_Mailbox_Module__diagsEnabled__C
200179f4   ti_sysbios_knl_Mailbox_Module__diagsIncluded__C
200179f8   ti_sysbios_knl_Mailbox_Module__diagsMask__C
200179fc   ti_sysbios_knl_Mailbox_Object__count__C
20017a00   ti_sysbios_knl_Mailbox_maxTypeAlign__C
20017a04   ti_sysbios_knl_Semaphore_A_badContext__C
20017a08   ti_sysbios_knl_Semaphore_A_noEvents__C
20017a0c   ti_sysbios_knl_Semaphore_A_overflow__C
20017a10   ti_sysbios_knl_Semaphore_A_pendTaskDisabled__C
20017a14   ti_sysbios_knl_Semaphore_Instance_State_pendQ__O
20017a18   ti_sysbios_knl_Semaphore_LM_pend__C
20017a1c   ti_sysbios_knl_Semaphore_LM_post__C
20017a20   ti_sysbios_knl_Semaphore_Module__diagsEnabled__C
20017a24   ti_sysbios_knl_Semaphore_Module__diagsIncluded__C
20017a28   ti_sysbios_knl_Semaphore_Module__diagsMask__C
20017a2c   ti_sysbios_knl_Semaphore_Module__loggerFxn2__C
20017a30   ti_sysbios_knl_Semaphore_Module__loggerFxn4__C
20017a34   ti_sysbios_knl_Semaphore_Module__loggerObj__C
20017a38   ti_sysbios_knl_Swi_LD_end__C
20017a3c   ti_sysbios_knl_Swi_LM_begin__C
20017a40   ti_sysbios_knl_Swi_LM_post__C
20017a44   ti_sysbios_knl_Swi_Module__diagsEnabled__C
20017a48   ti_sysbios_knl_Swi_Module__diagsIncluded__C
20017a4c   ti_sysbios_knl_Swi_Module__diagsMask__C
20017a50   ti_sysbios_knl_Swi_Module__loggerFxn1__C
20017a54   ti_sysbios_knl_Swi_Module__loggerFxn4__C
20017a58   ti_sysbios_knl_Swi_Module__loggerObj__C
20017a5c   ti_sysbios_knl_Swi_Object__count__C
20017a60   ti_sysbios_knl_Task_A_badPriority__C
20017a64   ti_sysbios_knl_Task_A_badTaskState__C
20017a68   ti_sysbios_knl_Task_A_badThreadType__C
20017a6c   ti_sysbios_knl_Task_A_badTimeout__C
20017a70   ti_sysbios_knl_Task_A_noPendElem__C
20017a74   ti_sysbios_knl_Task_A_sleepTaskDisabled__C
20017a78   ti_sysbios_knl_Task_E_spOutOfBounds__C
20017a7c   ti_sysbios_knl_Task_E_stackOverflow__C
20017a80   ti_sysbios_knl_Task_LD_block__C
20017a84   ti_sysbios_knl_Task_LD_exit__C
20017a88   ti_sysbios_knl_Task_LD_ready__C
20017a8c   ti_sysbios_knl_Task_LM_sleep__C
20017a90   ti_sysbios_knl_Task_LM_switch__C
20017a94   ti_sysbios_knl_Task_Module_State_inactiveQ__O
20017a98   ti_sysbios_knl_Task_Module__diagsEnabled__C
20017a9c   ti_sysbios_knl_Task_Module__diagsIncluded__C
20017aa0   ti_sysbios_knl_Task_Module__diagsMask__C
20017aa4   ti_sysbios_knl_Task_Module__loggerFxn2__C
20017aa8   ti_sysbios_knl_Task_Module__loggerFxn4__C
20017aac   ti_sysbios_knl_Task_Module__loggerObj__C
20017ab0   ti_sysbios_knl_Task_Object__count__C
20017ab4   ti_sysbios_knl_Task_allBlockedFunc__C
20017ab8   ti_sysbios_knl_Task_defaultStackHeap__C
20017abc   ti_sysbios_knl_Task_defaultStackSize__C
20017ac0   ti_sysbios_knl_Task_numConstructedTasks__C
20017ac4   xdc_runtime_Assert_E_assertFailed__C
20017ac8   xdc_runtime_Core_A_initializedParams__C
20017acc   xdc_runtime_Core_Module__diagsEnabled__C
20017ad0   xdc_runtime_Core_Module__diagsIncluded__C
20017ad4   xdc_runtime_Core_Module__diagsMask__C
20017ad8   xdc_runtime_Error_E_memory__C
20017adc   xdc_runtime_Error_Module__diagsEnabled__C
20017ae0   xdc_runtime_Error_Module__diagsIncluded__C
20017ae4   xdc_runtime_Error_Module__diagsMask__C
20017ae8   xdc_runtime_Error_Module__loggerFxn8__C
20017aec   xdc_runtime_Error_Module__loggerObj__C
20017af0   xdc_runtime_Error_policyFxn__C
20017af4   xdc_runtime_Error_raiseHook__C
20017af8   xdc_runtime_IFilterLogger_Interface__BASE__C
20017afc   xdc_runtime_IGateProvider_Interface__BASE__C
20017b00   xdc_runtime_IHeap_Interface__BASE__C
20017b04   xdc_runtime_ILogger_Interface__BASE__C
20017b08   xdc_runtime_IModule_Interface__BASE__C
20017b0c   xdc_runtime_Log_L_error__C
20017b10   xdc_runtime_LoggerBuf_E_badLevel__C
20017b14   xdc_runtime_LoggerBuf_Module__gateObj__C
20017b18   xdc_runtime_LoggerBuf_Object__count__C
20017b1c   xdc_runtime_LoggerBuf_statusLogger__C
20017b20   xdc_runtime_Memory_defaultHeapInstance__C
20017b24   xdc_runtime_Startup_execImpl__C
20017b28   xdc_runtime_Startup_maxPasses__C
20017b2c   xdc_runtime_Startup_sfxnRts__C
20017b30   xdc_runtime_Startup_sfxnTab__C
20017b34   xdc_runtime_SysMin_bufSize__C
20017b38   xdc_runtime_SysMin_outputFunc__C
20017b3c   xdc_runtime_System_Module__gateObj__C
20017b40   xdc_runtime_System_abortFxn__C
20017b44   xdc_runtime_System_exitFxn__C
20017b48   xdc_runtime_System_extendFxn__C
20017b4c   xdc_runtime_System_maxAtexitHandlers__C
20017b50   xdc_runtime_Text_charTab__C
20017b54   xdc_runtime_Text_nameEmpty__C
20017b58   xdc_runtime_Text_nameStatic__C
20017b5c   xdc_runtime_Text_nameUnknown__C
20017b60   xdc_runtime_Text_nodeTab__C
20017b64   xdc_runtime_Text_visitRopeFxn__C
20017b68   ti_sysbios_family_arm_m3_Hwi_Module__loggerDefined__C
20017b6a   ti_sysbios_family_arm_m3_Timer_Module__id__C
20017b6c   ti_sysbios_family_arm_m3_TimestampProvider_configTimer__C
20017b6e   ti_sysbios_gates_GateMutex_Module__id__C
20017b70   ti_sysbios_hal_Hwi_Module__id__C
20017b72   ti_sysbios_heaps_HeapMem_Module__id__C
20017b74   ti_sysbios_knl_Clock_Module__id__C
20017b76   ti_sysbios_knl_Clock_Module__loggerDefined__C
20017b78   ti_sysbios_knl_Mailbox_Module__id__C
20017b7a   ti_sysbios_knl_Semaphore_Module__id__C
20017b7c   ti_sysbios_knl_Semaphore_Module__loggerDefined__C
20017b7e   ti_sysbios_knl_Swi_Module__id__C
20017b80   ti_sysbios_knl_Swi_Module__loggerDefined__C
20017b82   ti_sysbios_knl_Task_Module__id__C
20017b84   ti_sysbios_knl_Task_Module__loggerDefined__C
20017b86   ti_sysbios_knl_Task_initStackFlag__C
20017b88   xdc_runtime_Core_Module__id__C
20017b8a   xdc_runtime_Error_Module__loggerDefined__C
20017b8c   xdc_runtime_Error_maxDepth__C
20017b8e   xdc_runtime_LoggerBuf_Module__id__C
20017b90   xdc_runtime_LoggerBuf_filterByLevel__C
20017b92   xdc_runtime_Memory_Module__id__C
20017b94   xdc_runtime_SysMin_flushAtExit__C
20017b96   xdc_runtime_Text_charCnt__C
20017b98   xdc_runtime_Text_isLoaded__C
20017b9a   xdc_runtime_Text_registryModsLastId__C
20017b9c   xdc_runtime_Text_unnamedModsLastId__C
20017ba0   __TI_static_base__
20017f44   __TI_Handler_Table_Base
20017f50   __TI_Handler_Table_Limit
20017f58   __TI_CINIT_Base
20017f68   __TI_CINIT_Limit
20018000   ti_sysbios_heaps_HeapMem_Instance_State_0_buf__A
20020000   ti_sysbios_knl_Task_Instance_State_0_stack__A
20020800   xdc_runtime_LoggerBuf_Instance_State_0_entryArr__A
20020c00   xdc_runtime_SysMin_Module_State_0_outbuf__A
20021000   ti_sysbios_family_arm_m3_Hwi_dispatchTable
2002130c   g_StatMem
20021484   __CIOBUF_
200215a4   __TI_tmpnams
20021644   g_ucDinDout
20021694   g_ucConnectionSSID
200216b8   g_ucConnectionBSSID
200216c8   DMAMsgQ
200216cc   SimpleLinkSpawnTaskHndl
200216d4   g_cDummy
200216d8   simpleLink_mailbox
200216dc   g_ucLED1Pin
200216dd   g_ucLED2Pin
200216de   g_ucLED3Pin
200216e0   ti_sysbios_family_arm_m3_Hwi_Module__root__V
200216e8   ti_sysbios_family_arm_m3_Hwi_Object__table__V
20021700   ti_sysbios_family_arm_m3_Hwi_Module_State_0_excActive__A
20021704   ti_sysbios_family_arm_m3_Hwi_Module_State_0_excContext__A
20021708   ti_sysbios_family_arm_m3_Hwi_Module_State_0_excStack__A
2002170c   ti_sysbios_family_arm_m3_Timer_Module__root__V
20021714   ti_sysbios_family_arm_m3_Timer_Module__state__V
20021720   ti_sysbios_family_arm_m3_TimestampProvider_Module__state__V
20021724   ti_sysbios_gates_GateHwi_Module__root__V
2002172c   ti_sysbios_gates_GateHwi_Object__table__V
20021730   ti_sysbios_gates_GateMutex_Module__root__V
20021738   ti_sysbios_hal_Hwi_Module__root__V
20021740   ti_sysbios_hal_Timer_Module__root__V
20021748   ti_sysbios_heaps_HeapMem_Module__root__V
20021750   ti_sysbios_heaps_HeapMem_Object__table__V
20021768   ti_sysbios_knl_Clock_Module__root__V
20021770   ti_sysbios_knl_Event_Module__root__V
20021778   ti_sysbios_knl_Mailbox_Module__root__V
20021780   ti_sysbios_knl_Queue_Module__root__V
20021788   ti_sysbios_knl_Semaphore_Module__root__V
20021790   ti_sysbios_knl_Swi_Module__root__V
20021798   ti_sysbios_knl_Swi_Module__state__V
200217b4   ti_sysbios_knl_Task_Module__root__V
200217bc   ti_sysbios_knl_Task_Module_State_0_idleTask__A
200217c0   xdc_runtime_Error_Module__state__V
200217c4   xdc_runtime_LoggerBuf_Module__root__V
200217cc   xdc_runtime_LoggerBuf_Module__state__V
200217d4   xdc_runtime_Memory_Module__state__V
200217d8   xdc_runtime_Registry_Module__state__V
200217e0   xdc_runtime_Startup_Module__state__V
200217e8   xdc_runtime_SysMin_Module__state__V
200217f4   xdc_runtime_System_Module_State_0_atexitHandlers__A
20021804   xdc_runtime_System_Module__state__V
2002180c   xdc_runtime_Text_Module__state__V
20021814   __xdc__init__addr
20021818   _ftable
200219d8   ti_sysbios_knl_Swi_Module_State_0_readyQ__A
20021a58   ti_sysbios_knl_Task_Module_State_0_readyQ__A
20021ad8   TSK_idle
20021ad8   ti_sysbios_knl_Task_Object__table__V
20021b24   ti_sysbios_knl_Task_Module__state__V
20021b68   ti_sysbios_gates_GateMutex_Object__table__V
20021ba0   ti_sysbios_family_arm_m3_Hwi_Module__state__V
20021bd4   ti_sysbios_family_arm_m3_Timer_Object__table__V
20021c04   ti_sysbios_knl_Swi_Object__table__V
20021c34   ti_sysbios_knl_Clock_Module__state__V
20021c60   ti_sysbios_BIOS_Module__state__V
20021c84   xdc_runtime_LoggerBuf_Object__table__V
20021cb8   g_uiLED1Port
20021cbc   g_uiLED2Port
20021cc0   g_uiLED3Port
20021cc4   g_ulStatus
20021cc8   g_ulPingPacketsRecv
20021ccc   g_ulGatewayIP
20021cd0   filename
20021cd4   __TI_ft_end
20021cd8   __aeabi_stdin
20021cdc   __aeabi_stdout
20021ce0   __aeabi_stderr
20021ce4   g_pHostIntHdl
20021ce8   g_SpiFd
20021cec   g_ucDMAEnabled
20021cf0   g_len
20021cf4   _lock
20021cf8   _unlock
20021cfc   __TI_cleanup_ptr
20021d00   __TI_dtors_ptr
20021d04   g_pCB
20021d08   pPingCallBackFunc
20021d10   main_func_sp
2002f000   __stack
20031000   __STACK_END
e000e000   ti_sysbios_family_arm_m3_Hwi_nvic
ffffffff   __binit__
ffffffff   __c_args__
ffffffff   binit
UNDEFED    SHT$$INIT_ARRAY$$Base
UNDEFED    SHT$$INIT_ARRAY$$Limit

[1138 symbols]
