******************************************************************************
                  TI ARM Linker PC v5.1.7                      
******************************************************************************
>> Linked Wed Aug 13 10:03:37 2014

OUTPUT FILE NAME:   <timer.out>
ENTRY POINT SYMBOL: "_c_int00"  address: 20006679


MEMORY CONFIGURATION

         name            origin    length      used     unused   attr    fill
----------------------  --------  ---------  --------  --------  ----  --------
  SRAM_CODE             20004000   00012fff  00002bc2  0001043d  RW X
  SRAM_DATA             20017000   00019000  00000843  000187bd  RW X


SEGMENT ALLOCATION MAP

run origin  load origin   length   init length attrs members
----------  ----------- ---------- ----------- ----- -------
20004000    20004000    00002bc8   00002bc8    r-x
  20004000    20004000    00000400   00000400    r-- .intvecs
  20004400    20004400    00002406   00002406    r-x .text
  20006808    20006808    00000374   00000374    r-- .const
  20006b80    20006b80    00000048   00000048    r-- .cinit
20017000    20017000    00000043   00000000    rw-
  20017000    20017000    00000034   00000000    rw- .data
  20017034    20017034    0000000f   00000000    rw- .bss
2002f800    2002f800    00000800   00000000    rw-
  2002f800    2002f800    00000800   00000000    rw- .stack


SECTION ALLOCATION MAP

 output                                  attributes/
section   page    origin      length       input sections
--------  ----  ----------  ----------   ----------------
.init_array 
*          0    20004000    00000000     UNINITIALIZED

.intvecs   0    20004000    00000400     
                  20004000    00000400     startup_ccs.obj (.intvecs)

.text      0    20004400    00002406     
                  20004400    0000098c     driverlib.a : prcm.obj (.text)
                  20004d8c    0000039c                 : timer.obj (.text)
                  20005128    00000370                 : interrupt.obj (.text)
                  20005498    00000354     gpio_if.obj (.text)
                  200057ec    00000334     driverlib.a : gpio.obj (.text)
                  20005b20    00000300                 : flash.obj (.text)
                  20005e20    00000284                 : pin.obj (.text)
                  200060a4    000001f4     rtsv7M4_T_le_v4SPD16_eabi.lib : ull_div_t2.obj (.text)
                  20006298    000000fa     timer_if.obj (.text)
                  20006392    00000002     --HOLE-- [fill = 0]
                  20006394    000000f8     main.obj (.text)
                  2000648c    0000009c     rtsv7M4_T_le_v4SPD16_eabi.lib : memcpy_t2.obj (.text)
                  20006528    00000094                                   : auto_init.obj (.text)
                  200065bc    0000005e     driverlib.a : cpu.obj (.text)
                  2000661a    0000005e     rtsv7M4_T_le_v4SPD16_eabi.lib : copy_decompress_rle.obj (.text)
                  20006678    00000048                                   : boot.obj (.text)
                  200066c0    00000044                                   : cpy_tbl.obj (.text)
                  20006704    00000044                                   : exit.obj (.text)
                  20006748    00000038     pinmux.obj (.text)
                  20006780    0000001e     rtsv7M4_T_le_v4SPD16_eabi.lib : ll_lsr_t2.obj (.text)
                  2000679e    00000002     --HOLE-- [fill = 0]
                  200067a0    00000018                                   : args_main.obj (.text)
                  200067b8    00000014                                   : _lock.obj (.text)
                  200067cc    00000012                                   : copy_zero_init.obj (.text:decompress:ZI)
                  200067de    0000000e                                   : copy_decompress_none.obj (.text:decompress:none)
                  200067ec    0000000e     startup_ccs.obj (.text)
                  200067fa    00000006     driverlib.a : utils.obj (.text:UtilsDelay)
                  20006800    00000006     rtsv7M4_T_le_v4SPD16_eabi.lib : copy_decompress_rle.obj (.text:decompress:rle24)

.const     0    20006808    00000374     
                  20006808    00000100     driverlib.a : pin.obj (.const:g_ulPinToPadMap)
                  20006908    000000d4                 : interrupt.obj (.const:g_pulRegs)
                  200069dc    000000a0                 : prcm.obj (.const:PRCM_PeriphRegsList)
                  20006a7c    00000080                 : interrupt.obj (.const)
                  20006afc    00000040                 : flash.obj (.const:g_pulFMPPERegs)
                  20006b3c    00000040                 : flash.obj (.const:g_pulFMPRERegs)

.cinit     0    20006b80    00000048     
                  20006b80    00000024     (.cinit..data.load) [load image, compression = rle]
                  20006ba4    0000000c     (__TI_handler_table)
                  20006bb0    00000008     (.cinit..bss.load) [load image, compression = zero_init]
                  20006bb8    00000010     (__TI_cinit_table)

.data      0    20017000    00000034     UNINITIALIZED
                  20017000    0000001c     gpio_if.obj (.data)
                  2001701c    00000008     rtsv7M4_T_le_v4SPD16_eabi.lib : _lock.obj (.data)
                  20017024    00000008                                   : exit.obj (.data)
                  2001702c    00000004     main.obj (.data)
                  20017030    00000004     rtsv7M4_T_le_v4SPD16_eabi.lib : stkdepth_vars.obj (.data)

.bss       0    20017034    0000000f     UNINITIALIZED
                  20017034    00000004     (.common:g_ulBase)
                  20017038    00000004     (.common:g_ulRefBase)
                  2001703c    00000004     (.common:g_ulTimerInts)
                  20017040    00000001     (.common:g_ucLED1Pin)
                  20017041    00000001     (.common:g_ucLED2Pin)
                  20017042    00000001     (.common:g_ucLED3Pin)

.stack     0    2002f800    00000800     UNINITIALIZED
                  2002f800    00000800     --HOLE--


LINKER GENERATED COPY TABLES

__TI_cinit_table @ 20006bb8 records: 2, size/record: 8, table size: 16
	.data: load addr=20006b80, load size=00000024 bytes, run addr=20017000, run size=00000034 bytes, compression=rle
	.bss: load addr=20006bb0, load size=00000008 bytes, run addr=20017034, run size=0000000f bytes, compression=zero_init


LINKER GENERATED HANDLER TABLE

__TI_handler_table @ 20006ba4 records: 3, size/record: 4, table size: 12
	index: 0, handler: __TI_decompress_rle24
	index: 1, handler: __TI_decompress_none
	index: 2, handler: __TI_zero_init


GLOBAL SYMBOLS: SORTED ALPHABETICALLY BY Name 

address    name
--------   ----
20006705   C$$EXIT
20006611   CPUbasepriGet
200065fb   CPUbasepriSet
200065bd   CPUcpsid
200065db   CPUcpsie
200065d1   CPUprimask
200065ef   CPUwfi
20005b21   FlashDisable
20005b57   FlashErase
20005b91   FlashEraseNonBlocking
20005dcd   FlashIntClear
20005d9d   FlashIntDisable
20005d89   FlashIntEnable
20005d65   FlashIntRegister
20005db1   FlashIntStatus
20005d79   FlashIntUnregister
20005baf   FlashMassErase
20005bdb   FlashMassEraseNonBlocking
20005beb   FlashProgram
20005c6d   FlashProgramNonBlocking
20005cef   FlashProtectGet
20005ab7   GPIODMATriggerDisable
20005a5f   GPIODMATriggerEnable
2000586b   GPIODirModeGet
20005835   GPIODirModeSet
200059db   GPIOIntClear
2000599f   GPIOIntDisable
20005985   GPIOIntEnable
200059ef   GPIOIntRegister
200059b9   GPIOIntStatus
2000591f   GPIOIntTypeGet
2000589d   GPIOIntTypeSet
20005a0d   GPIOIntUnregister
20005a27   GPIOPinRead
20005a3f   GPIOPinWrite
2000571d   GPIO_IF_ConfigureNIntEnable
20005793   GPIO_IF_Get
200056d7   GPIO_IF_GetPortNPin
20005499   GPIO_IF_LedConfigure
2000558b   GPIO_IF_LedOff
200054d7   GPIO_IF_LedOn
2000563f   GPIO_IF_LedStatus
200056a9   GPIO_IF_LedToggle
20005759   GPIO_IF_Set
200052e5   IntDisable
2000524b   IntEnable
20005135   IntMasterDisable
2000512b   IntMasterEnable
2000540d   IntPendClear
2000537f   IntPendSet
20005227   IntPriorityGet
2000519f   IntPriorityGroupingGet
20005185   IntPriorityGroupingSet
20005471   IntPriorityMaskGet
20005465   IntPriorityMaskSet
200051d7   IntPrioritySet
2000514f   IntRegister
2000516b   IntUnregister
2000513f   IntVTableBaseSet
20004c75   PRCMCC3200MCUInit
200046ad   PRCMDeepSleepEnter
20004877   PRCMHibernateEnter
200047b1   PRCMHibernateIntervalSet
20004825   PRCMHibernateWakeUpGPIOSelect
20004795   PRCMHibernateWakeupCauseGet
2000476f   PRCMHibernateWakeupSourceDisable
20004749   PRCMHibernateWakeupSourceEnable
20004593   PRCMI2SClockFreqSet
200049b9   PRCMIntDisable
20004985   PRCMIntEnable
2000495d   PRCMIntRegister
200049dd   PRCMIntStatus
20004971   PRCMIntUnregister
200045fb   PRCMLPDSEnter
20004667   PRCMLPDSIntervalSet
200045e3   PRCMLPDSRestoreInfoSet
20004689   PRCMLPDSWakeUpGPIOSelect
20004661   PRCMLPDSWakeupCauseGet
2000464d   PRCMLPDSWakeupSourceDisable
2000462b   PRCMLPDSWakeupSourceEnable
2000440d   PRCMMCUReset
20004943   PRCMOCRRegisterRead
20004929   PRCMOCRRegisterWrite
2000447d   PRCMPeripheralClkDisable
20004451   PRCMPeripheralClkEnable
2000449d   PRCMPeripheralClockGet
2000451b   PRCMPeripheralReset
20004569   PRCMPeripheralStatusGet
20004aa5   PRCMRTCGet
200049f5   PRCMRTCInUseGet
200049e3   PRCMRTCInUseSet
20004bd9   PRCMRTCMatchGet
20004b3d   PRCMRTCMatchSet
20004a15   PRCMRTCSet
20004401   PRCMSOCReset
20004715   PRCMSRAMRetentionDisable
200046dd   PRCMSRAMRetentionEnable
200046a5   PRCMSleepEnter
20004887   PRCMSlowClkCtrGet
200048e9   PRCMSlowClkCtrMatchGet
200048c1   PRCMSlowClkCtrMatchSet
2000442d   PRCMSysResetCauseGet
20005ee1   PinConfigGet
20005f1f   PinConfigSet
20005eb7   PinDirModeGet
20005e83   PinDirModeSet
20005e59   PinModeGet
20005e21   PinModeSet
20006749   PinMuxConfig
20006069   PinTypeADC
2000601f   PinTypeCamera
20006039   PinTypeGPIO
20005fb5   PinTypeI2C
20005feb   PinTypeI2S
2000607d   PinTypeSDHost
20005fd1   PinTypeSPI
20006005   PinTypeTimer
20005f9b   PinTypeUART
200067ed   ResetISR
UNDEFED    SHT$$INIT_ARRAY$$Base
UNDEFED    SHT$$INIT_ARRAY$$Limit
20006395   TimerBaseIntHandler
20004dc9   TimerConfigure
20004e39   TimerControlEvent
20004e03   TimerControlLevel
20004e65   TimerControlStall
2000510d   TimerDMAEventGet
200050fb   TimerDMAEventSet
20004dab   TimerDisable
20004d8d   TimerEnable
200050e9   TimerIntClear
200050ad   TimerIntDisable
20005095   TimerIntEnable
20004fcf   TimerIntRegister
200050c5   TimerIntStatus
20005039   TimerIntUnregister
20004f51   TimerLoadGet
20004f27   TimerLoadSet
20004fb3   TimerMatchGet
20004f89   TimerMatchSet
20004ec5   TimerPrescaleGet
20004f0b   TimerPrescaleMatchGet
20004ee1   TimerPrescaleMatchSet
20004e9b   TimerPrescaleSet
200063af   TimerRefIntHandler
20004f6d   TimerValueGet
2000634d   Timer_IF_DeInit
2000637b   Timer_IF_GetCount
20006299   Timer_IF_Init
200062cb   Timer_IF_IntSetup
20006309   Timer_IF_InterruptClear
20006367   Timer_IF_ReLoad
20006321   Timer_IF_Start
2000633d   Timer_IF_Stop
200067fb   UtilsDelay
20030000   __STACK_END
00000800   __STACK_SIZE
20006bb8   __TI_CINIT_Base
20006bc8   __TI_CINIT_Limit
20006ba4   __TI_Handler_Table_Base
20006bb0   __TI_Handler_Table_Limit
00000001   __TI_args_main
20006529   __TI_auto_init
20017024   __TI_cleanup_ptr
200067df   __TI_decompress_none
20006801   __TI_decompress_rle24
20017028   __TI_dtors_ptr
20006b80   __TI_static_base__
200067cd   __TI_zero_init
20006781   __aeabi_llsr
2000648d   __aeabi_memcpy
2000648d   __aeabi_memcpy4
2000648d   __aeabi_memcpy8
200060a5   __aeabi_uldivmod
ffffffff   __binit__
ffffffff   __c_args__
2002f800   __stack
200067a1   _args_main
20006679   _c_int00
2001701c   _lock
200067c7   _nop
200067bf   _register_lock
200067b9   _register_unlock
20017020   _unlock
20006709   abort
ffffffff   binit
200066c1   copy_in
20006711   exit
20004000   g_pfnVectors
20017040   g_ucLED1Pin
20017041   g_ucLED2Pin
20017042   g_ucLED3Pin
20017010   g_uiLED1Port
20017014   g_uiLED2Port
20017018   g_uiLED3Port
2001703c   g_ulTimerInts
200063e1   main
20017030   main_func_sp
2000648d   memcpy


GLOBAL SYMBOLS: SORTED BY Symbol Address 

address    name
--------   ----
00000001   __TI_args_main
00000800   __STACK_SIZE
20004000   g_pfnVectors
20004401   PRCMSOCReset
2000440d   PRCMMCUReset
2000442d   PRCMSysResetCauseGet
20004451   PRCMPeripheralClkEnable
2000447d   PRCMPeripheralClkDisable
2000449d   PRCMPeripheralClockGet
2000451b   PRCMPeripheralReset
20004569   PRCMPeripheralStatusGet
20004593   PRCMI2SClockFreqSet
200045e3   PRCMLPDSRestoreInfoSet
200045fb   PRCMLPDSEnter
2000462b   PRCMLPDSWakeupSourceEnable
2000464d   PRCMLPDSWakeupSourceDisable
20004661   PRCMLPDSWakeupCauseGet
20004667   PRCMLPDSIntervalSet
20004689   PRCMLPDSWakeUpGPIOSelect
200046a5   PRCMSleepEnter
200046ad   PRCMDeepSleepEnter
200046dd   PRCMSRAMRetentionEnable
20004715   PRCMSRAMRetentionDisable
20004749   PRCMHibernateWakeupSourceEnable
2000476f   PRCMHibernateWakeupSourceDisable
20004795   PRCMHibernateWakeupCauseGet
200047b1   PRCMHibernateIntervalSet
20004825   PRCMHibernateWakeUpGPIOSelect
20004877   PRCMHibernateEnter
20004887   PRCMSlowClkCtrGet
200048c1   PRCMSlowClkCtrMatchSet
200048e9   PRCMSlowClkCtrMatchGet
20004929   PRCMOCRRegisterWrite
20004943   PRCMOCRRegisterRead
2000495d   PRCMIntRegister
20004971   PRCMIntUnregister
20004985   PRCMIntEnable
200049b9   PRCMIntDisable
200049dd   PRCMIntStatus
200049e3   PRCMRTCInUseSet
200049f5   PRCMRTCInUseGet
20004a15   PRCMRTCSet
20004aa5   PRCMRTCGet
20004b3d   PRCMRTCMatchSet
20004bd9   PRCMRTCMatchGet
20004c75   PRCMCC3200MCUInit
20004d8d   TimerEnable
20004dab   TimerDisable
20004dc9   TimerConfigure
20004e03   TimerControlLevel
20004e39   TimerControlEvent
20004e65   TimerControlStall
20004e9b   TimerPrescaleSet
20004ec5   TimerPrescaleGet
20004ee1   TimerPrescaleMatchSet
20004f0b   TimerPrescaleMatchGet
20004f27   TimerLoadSet
20004f51   TimerLoadGet
20004f6d   TimerValueGet
20004f89   TimerMatchSet
20004fb3   TimerMatchGet
20004fcf   TimerIntRegister
20005039   TimerIntUnregister
20005095   TimerIntEnable
200050ad   TimerIntDisable
200050c5   TimerIntStatus
200050e9   TimerIntClear
200050fb   TimerDMAEventSet
2000510d   TimerDMAEventGet
2000512b   IntMasterEnable
20005135   IntMasterDisable
2000513f   IntVTableBaseSet
2000514f   IntRegister
2000516b   IntUnregister
20005185   IntPriorityGroupingSet
2000519f   IntPriorityGroupingGet
200051d7   IntPrioritySet
20005227   IntPriorityGet
2000524b   IntEnable
200052e5   IntDisable
2000537f   IntPendSet
2000540d   IntPendClear
20005465   IntPriorityMaskSet
20005471   IntPriorityMaskGet
20005499   GPIO_IF_LedConfigure
200054d7   GPIO_IF_LedOn
2000558b   GPIO_IF_LedOff
2000563f   GPIO_IF_LedStatus
200056a9   GPIO_IF_LedToggle
200056d7   GPIO_IF_GetPortNPin
2000571d   GPIO_IF_ConfigureNIntEnable
20005759   GPIO_IF_Set
20005793   GPIO_IF_Get
20005835   GPIODirModeSet
2000586b   GPIODirModeGet
2000589d   GPIOIntTypeSet
2000591f   GPIOIntTypeGet
20005985   GPIOIntEnable
2000599f   GPIOIntDisable
200059b9   GPIOIntStatus
200059db   GPIOIntClear
200059ef   GPIOIntRegister
20005a0d   GPIOIntUnregister
20005a27   GPIOPinRead
20005a3f   GPIOPinWrite
20005a5f   GPIODMATriggerEnable
20005ab7   GPIODMATriggerDisable
20005b21   FlashDisable
20005b57   FlashErase
20005b91   FlashEraseNonBlocking
20005baf   FlashMassErase
20005bdb   FlashMassEraseNonBlocking
20005beb   FlashProgram
20005c6d   FlashProgramNonBlocking
20005cef   FlashProtectGet
20005d65   FlashIntRegister
20005d79   FlashIntUnregister
20005d89   FlashIntEnable
20005d9d   FlashIntDisable
20005db1   FlashIntStatus
20005dcd   FlashIntClear
20005e21   PinModeSet
20005e59   PinModeGet
20005e83   PinDirModeSet
20005eb7   PinDirModeGet
20005ee1   PinConfigGet
20005f1f   PinConfigSet
20005f9b   PinTypeUART
20005fb5   PinTypeI2C
20005fd1   PinTypeSPI
20005feb   PinTypeI2S
20006005   PinTypeTimer
2000601f   PinTypeCamera
20006039   PinTypeGPIO
20006069   PinTypeADC
2000607d   PinTypeSDHost
200060a5   __aeabi_uldivmod
20006299   Timer_IF_Init
200062cb   Timer_IF_IntSetup
20006309   Timer_IF_InterruptClear
20006321   Timer_IF_Start
2000633d   Timer_IF_Stop
2000634d   Timer_IF_DeInit
20006367   Timer_IF_ReLoad
2000637b   Timer_IF_GetCount
20006395   TimerBaseIntHandler
200063af   TimerRefIntHandler
200063e1   main
2000648d   __aeabi_memcpy
2000648d   __aeabi_memcpy4
2000648d   __aeabi_memcpy8
2000648d   memcpy
20006529   __TI_auto_init
200065bd   CPUcpsid
200065d1   CPUprimask
200065db   CPUcpsie
200065ef   CPUwfi
200065fb   CPUbasepriSet
20006611   CPUbasepriGet
20006679   _c_int00
200066c1   copy_in
20006705   C$$EXIT
20006709   abort
20006711   exit
20006749   PinMuxConfig
20006781   __aeabi_llsr
200067a1   _args_main
200067b9   _register_unlock
200067bf   _register_lock
200067c7   _nop
200067cd   __TI_zero_init
200067df   __TI_decompress_none
200067ed   ResetISR
200067fb   UtilsDelay
20006801   __TI_decompress_rle24
20006b80   __TI_static_base__
20006ba4   __TI_Handler_Table_Base
20006bb0   __TI_Handler_Table_Limit
20006bb8   __TI_CINIT_Base
20006bc8   __TI_CINIT_Limit
20017010   g_uiLED1Port
20017014   g_uiLED2Port
20017018   g_uiLED3Port
2001701c   _lock
20017020   _unlock
20017024   __TI_cleanup_ptr
20017028   __TI_dtors_ptr
20017030   main_func_sp
2001703c   g_ulTimerInts
20017040   g_ucLED1Pin
20017041   g_ucLED2Pin
20017042   g_ucLED3Pin
2002f800   __stack
20030000   __STACK_END
ffffffff   __binit__
ffffffff   __c_args__
ffffffff   binit
UNDEFED    SHT$$INIT_ARRAY$$Base
UNDEFED    SHT$$INIT_ARRAY$$Limit

[199 symbols]
