<?xml version="1.0"?>
<link_info>
   <banner>TI ARM Linker PC v5.1.7</banner>
   <copyright>Copyright (c) 1996-2014 Texas Instruments Incorporated</copyright>
   <link_time>0x53eb427a</link_time>
   <link_errors>0x0</link_errors>
   <output_file>wylightFirmwareRTOS.out</output_file>
   <entry_point>
      <name>_c_int00</name>
      <address>0x20011685</address>
   </entry_point>
   <input_file_list>
      <input_file id="fl-2">
         <path>.\</path>
         <kind>object</kind>
         <file>main.obj</file>
         <name>main.obj</name>
      </input_file>
      <input_file id="fl-3">
         <path>.\</path>
         <kind>object</kind>
         <file>network_if.obj</file>
         <name>network_if.obj</name>
      </input_file>
      <input_file id="fl-4">
         <path>.\</path>
         <kind>object</kind>
         <file>pinmux.obj</file>
         <name>pinmux.obj</name>
      </input_file>
      <input_file id="fl-5">
         <path>.\</path>
         <kind>object</kind>
         <file>startup_ccs.obj</file>
         <name>startup_ccs.obj</name>
      </input_file>
      <input_file id="fl-6">
         <path>.\</path>
         <kind>object</kind>
         <file>uart_if.obj</file>
         <name>uart_if.obj</name>
      </input_file>
      <input_file id="fl-7">
         <path>.\</path>
         <kind>object</kind>
         <file>serial_wifi.obj</file>
         <name>serial_wifi.obj</name>
      </input_file>
      <input_file id="fl-137">
         <path>F:\Wifly_Light\Software\cc3200\wyLightFirmware\firmwareRTOS\ccs\..\..\..\driverlib\ccs\Release\</path>
         <kind>archive</kind>
         <file>driverlib.a</file>
         <name>interrupt.obj</name>
      </input_file>
      <input_file id="fl-138">
         <path>F:\Wifly_Light\Software\cc3200\wyLightFirmware\firmwareRTOS\ccs\..\..\..\driverlib\ccs\Release\</path>
         <kind>archive</kind>
         <file>driverlib.a</file>
         <name>cpu.obj</name>
      </input_file>
      <input_file id="fl-139">
         <path>F:\Wifly_Light\Software\cc3200\wyLightFirmware\firmwareRTOS\ccs\..\..\..\driverlib\ccs\Release\</path>
         <kind>archive</kind>
         <file>driverlib.a</file>
         <name>prcm.obj</name>
      </input_file>
      <input_file id="fl-13a">
         <path>F:\Wifly_Light\Software\cc3200\wyLightFirmware\firmwareRTOS\ccs\..\..\..\driverlib\ccs\Release\</path>
         <kind>archive</kind>
         <file>driverlib.a</file>
         <name>flash.obj</name>
      </input_file>
      <input_file id="fl-13b">
         <path>F:\Wifly_Light\Software\cc3200\wyLightFirmware\firmwareRTOS\ccs\..\..\..\driverlib\ccs\Release\</path>
         <kind>archive</kind>
         <file>driverlib.a</file>
         <name>pin.obj</name>
      </input_file>
      <input_file id="fl-13c">
         <path>F:\Wifly_Light\Software\cc3200\wyLightFirmware\firmwareRTOS\ccs\..\..\..\driverlib\ccs\Release\</path>
         <kind>archive</kind>
         <file>driverlib.a</file>
         <name>uart.obj</name>
      </input_file>
      <input_file id="fl-13d">
         <path>F:\Wifly_Light\Software\cc3200\wyLightFirmware\firmwareRTOS\ccs\..\..\..\driverlib\ccs\Release\</path>
         <kind>archive</kind>
         <file>driverlib.a</file>
         <name>utils.obj</name>
      </input_file>
      <input_file id="fl-13e">
         <path>F:\Wifly_Light\Software\cc3200\wyLightFirmware\firmwareRTOS\ccs\..\..\..\oslib\ccs\free_rtos\</path>
         <kind>archive</kind>
         <file>free_rtos.a</file>
         <name>osi_freertos.obj</name>
      </input_file>
      <input_file id="fl-13f">
         <path>c:\ti\ccsv6\tools\compiler\arm_5.1.7\lib\</path>
         <kind>archive</kind>
         <file>rtsv7M4_T_le_eabi.lib</file>
         <name>copy_decompress_none.obj</name>
      </input_file>
      <input_file id="fl-140">
         <path>c:\ti\ccsv6\tools\compiler\arm_5.1.7\lib\</path>
         <kind>archive</kind>
         <file>rtsv7M4_T_le_eabi.lib</file>
         <name>copy_decompress_rle.obj</name>
      </input_file>
      <input_file id="fl-141">
         <path>c:\ti\ccsv6\tools\compiler\arm_5.1.7\lib\</path>
         <kind>archive</kind>
         <file>rtsv7M4_T_le_eabi.lib</file>
         <name>copy_zero_init.obj</name>
      </input_file>
      <input_file id="fl-142">
         <path>c:\ti\ccsv6\tools\compiler\arm_5.1.7\lib\</path>
         <kind>archive</kind>
         <file>rtsv7M4_T_le_eabi.lib</file>
         <name>ll_lsr_t2.obj</name>
      </input_file>
      <input_file id="fl-143">
         <path>c:\ti\ccsv6\tools\compiler\arm_5.1.7\lib\</path>
         <kind>archive</kind>
         <file>rtsv7M4_T_le_eabi.lib</file>
         <name>ull_div_t2.obj</name>
      </input_file>
      <input_file id="fl-144">
         <path>c:\ti\ccsv6\tools\compiler\arm_5.1.7\lib\</path>
         <kind>archive</kind>
         <file>rtsv7M4_T_le_eabi.lib</file>
         <name>boot.obj</name>
      </input_file>
      <input_file id="fl-145">
         <path>c:\ti\ccsv6\tools\compiler\arm_5.1.7\lib\</path>
         <kind>archive</kind>
         <file>rtsv7M4_T_le_eabi.lib</file>
         <name>auto_init.obj</name>
      </input_file>
      <input_file id="fl-146">
         <path>c:\ti\ccsv6\tools\compiler\arm_5.1.7\lib\</path>
         <kind>archive</kind>
         <file>rtsv7M4_T_le_eabi.lib</file>
         <name>args_main.obj</name>
      </input_file>
      <input_file id="fl-147">
         <path>c:\ti\ccsv6\tools\compiler\arm_5.1.7\lib\</path>
         <kind>archive</kind>
         <file>rtsv7M4_T_le_eabi.lib</file>
         <name>cpy_tbl.obj</name>
      </input_file>
      <input_file id="fl-148">
         <path>c:\ti\ccsv6\tools\compiler\arm_5.1.7\lib\</path>
         <kind>archive</kind>
         <file>rtsv7M4_T_le_eabi.lib</file>
         <name>exit.obj</name>
      </input_file>
      <input_file id="fl-149">
         <path>c:\ti\ccsv6\tools\compiler\arm_5.1.7\lib\</path>
         <kind>archive</kind>
         <file>rtsv7M4_T_le_eabi.lib</file>
         <name>_lock.obj</name>
      </input_file>
      <input_file id="fl-14a">
         <path>c:\ti\ccsv6\tools\compiler\arm_5.1.7\lib\</path>
         <kind>archive</kind>
         <file>rtsv7M4_T_le_eabi.lib</file>
         <name>memory.obj</name>
      </input_file>
      <input_file id="fl-14b">
         <path>c:\ti\ccsv6\tools\compiler\arm_5.1.7\lib\</path>
         <kind>archive</kind>
         <file>rtsv7M4_T_le_eabi.lib</file>
         <name>stkdepth_vars.obj</name>
      </input_file>
      <input_file id="fl-14c">
         <path>c:\ti\ccsv6\tools\compiler\arm_5.1.7\lib\</path>
         <kind>archive</kind>
         <file>rtsv7M4_T_le_eabi.lib</file>
         <name>memcpy_t2.obj</name>
      </input_file>
      <input_file id="fl-14d">
         <path>c:\ti\ccsv6\tools\compiler\arm_5.1.7\lib\</path>
         <kind>archive</kind>
         <file>rtsv7M4_T_le_eabi.lib</file>
         <name>memset_t2.obj</name>
      </input_file>
      <input_file id="fl-14e">
         <path>F:\Wifly_Light\Software\cc3200\wyLightFirmware\firmwareRTOS\ccs\..\..\..\oslib\ccs\free_rtos\</path>
         <kind>archive</kind>
         <file>free_rtos.a</file>
         <name>heap_3.obj</name>
      </input_file>
      <input_file id="fl-14f">
         <path>F:\Wifly_Light\Software\cc3200\wyLightFirmware\firmwareRTOS\ccs\..\..\..\simplelink\ccs\OS\</path>
         <kind>archive</kind>
         <file>simplelink.a</file>
         <name>device.obj</name>
      </input_file>
      <input_file id="fl-150">
         <path>F:\Wifly_Light\Software\cc3200\wyLightFirmware\firmwareRTOS\ccs\..\..\..\simplelink\ccs\OS\</path>
         <kind>archive</kind>
         <file>simplelink.a</file>
         <name>cc_pal.obj</name>
      </input_file>
      <input_file id="fl-151">
         <path>F:\Wifly_Light\Software\cc3200\wyLightFirmware\firmwareRTOS\ccs\..\..\..\driverlib\ccs\Release\</path>
         <kind>archive</kind>
         <file>driverlib.a</file>
         <name>spi.obj</name>
      </input_file>
      <input_file id="fl-152">
         <path>F:\Wifly_Light\Software\cc3200\wyLightFirmware\firmwareRTOS\ccs\..\..\..\simplelink\ccs\OS\</path>
         <kind>archive</kind>
         <file>simplelink.a</file>
         <name>driver.obj</name>
      </input_file>
      <input_file id="fl-153">
         <path>F:\Wifly_Light\Software\cc3200\wyLightFirmware\firmwareRTOS\ccs\..\..\..\simplelink\ccs\OS\</path>
         <kind>archive</kind>
         <file>simplelink.a</file>
         <name>flowcont.obj</name>
      </input_file>
      <input_file id="fl-154">
         <path>F:\Wifly_Light\Software\cc3200\wyLightFirmware\firmwareRTOS\ccs\..\..\..\simplelink\ccs\OS\</path>
         <kind>archive</kind>
         <file>simplelink.a</file>
         <name>netapp.obj</name>
      </input_file>
      <input_file id="fl-155">
         <path>F:\Wifly_Light\Software\cc3200\wyLightFirmware\firmwareRTOS\ccs\..\..\..\simplelink\ccs\OS\</path>
         <kind>archive</kind>
         <file>simplelink.a</file>
         <name>socket.obj</name>
      </input_file>
      <input_file id="fl-156">
         <path>c:\ti\ccsv6\tools\compiler\arm_5.1.7\lib\</path>
         <kind>archive</kind>
         <file>rtsv7M4_T_le_eabi.lib</file>
         <name>printf.obj</name>
      </input_file>
      <input_file id="fl-157">
         <path>c:\ti\ccsv6\tools\compiler\arm_5.1.7\lib\</path>
         <kind>archive</kind>
         <file>rtsv7M4_T_le_eabi.lib</file>
         <name>_printfi.obj</name>
      </input_file>
      <input_file id="fl-158">
         <path>c:\ti\ccsv6\tools\compiler\arm_5.1.7\lib\</path>
         <kind>archive</kind>
         <file>rtsv7M4_T_le_eabi.lib</file>
         <name>xdclass.obj</name>
      </input_file>
      <input_file id="fl-159">
         <path>c:\ti\ccsv6\tools\compiler\arm_5.1.7\lib\</path>
         <kind>archive</kind>
         <file>rtsv7M4_T_le_eabi.lib</file>
         <name>xdtest.obj</name>
      </input_file>
      <input_file id="fl-15a">
         <path>c:\ti\ccsv6\tools\compiler\arm_5.1.7\lib\</path>
         <kind>archive</kind>
         <file>rtsv7M4_T_le_eabi.lib</file>
         <name>fd_cmp_t2.obj</name>
      </input_file>
      <input_file id="fl-15b">
         <path>c:\ti\ccsv6\tools\compiler\arm_5.1.7\lib\</path>
         <kind>archive</kind>
         <file>rtsv7M4_T_le_eabi.lib</file>
         <name>fd_toi_t2.obj</name>
      </input_file>
      <input_file id="fl-15c">
         <path>c:\ti\ccsv6\tools\compiler\arm_5.1.7\lib\</path>
         <kind>archive</kind>
         <file>rtsv7M4_T_le_eabi.lib</file>
         <name>fd_div_t2.obj</name>
      </input_file>
      <input_file id="fl-15d">
         <path>c:\ti\ccsv6\tools\compiler\arm_5.1.7\lib\</path>
         <kind>archive</kind>
         <file>rtsv7M4_T_le_eabi.lib</file>
         <name>fd_mul_t2.obj</name>
      </input_file>
      <input_file id="fl-15e">
         <path>c:\ti\ccsv6\tools\compiler\arm_5.1.7\lib\</path>
         <kind>archive</kind>
         <file>rtsv7M4_T_le_eabi.lib</file>
         <name>fd_add_t2.obj</name>
      </input_file>
      <input_file id="fl-15f">
         <path>c:\ti\ccsv6\tools\compiler\arm_5.1.7\lib\</path>
         <kind>archive</kind>
         <file>rtsv7M4_T_le_eabi.lib</file>
         <name>i_tofd_t2.obj</name>
      </input_file>
      <input_file id="fl-160">
         <path>c:\ti\ccsv6\tools\compiler\arm_5.1.7\lib\</path>
         <kind>archive</kind>
         <file>rtsv7M4_T_le_eabi.lib</file>
         <name>ll_mul_t2.obj</name>
      </input_file>
      <input_file id="fl-161">
         <path>c:\ti\ccsv6\tools\compiler\arm_5.1.7\lib\</path>
         <kind>archive</kind>
         <file>rtsv7M4_T_le_eabi.lib</file>
         <name>defs.obj</name>
      </input_file>
      <input_file id="fl-162">
         <path>c:\ti\ccsv6\tools\compiler\arm_5.1.7\lib\</path>
         <kind>archive</kind>
         <file>rtsv7M4_T_le_eabi.lib</file>
         <name>atoi.obj</name>
      </input_file>
      <input_file id="fl-163">
         <path>c:\ti\ccsv6\tools\compiler\arm_5.1.7\lib\</path>
         <kind>archive</kind>
         <file>rtsv7M4_T_le_eabi.lib</file>
         <name>ctype.obj</name>
      </input_file>
      <input_file id="fl-164">
         <path>c:\ti\ccsv6\tools\compiler\arm_5.1.7\lib\</path>
         <kind>archive</kind>
         <file>rtsv7M4_T_le_eabi.lib</file>
         <name>fputc.obj</name>
      </input_file>
      <input_file id="fl-165">
         <path>c:\ti\ccsv6\tools\compiler\arm_5.1.7\lib\</path>
         <kind>archive</kind>
         <file>rtsv7M4_T_le_eabi.lib</file>
         <name>fflush.obj</name>
      </input_file>
      <input_file id="fl-166">
         <path>c:\ti\ccsv6\tools\compiler\arm_5.1.7\lib\</path>
         <kind>archive</kind>
         <file>rtsv7M4_T_le_eabi.lib</file>
         <name>_io_perm.obj</name>
      </input_file>
      <input_file id="fl-167">
         <path>c:\ti\ccsv6\tools\compiler\arm_5.1.7\lib\</path>
         <kind>archive</kind>
         <file>rtsv7M4_T_le_eabi.lib</file>
         <name>fputs.obj</name>
      </input_file>
      <input_file id="fl-168">
         <path>c:\ti\ccsv6\tools\compiler\arm_5.1.7\lib\</path>
         <kind>archive</kind>
         <file>rtsv7M4_T_le_eabi.lib</file>
         <name>fseek.obj</name>
      </input_file>
      <input_file id="fl-169">
         <path>c:\ti\ccsv6\tools\compiler\arm_5.1.7\lib\</path>
         <kind>archive</kind>
         <file>rtsv7M4_T_le_eabi.lib</file>
         <name>lowlev.obj</name>
      </input_file>
      <input_file id="fl-16a">
         <path>c:\ti\ccsv6\tools\compiler\arm_5.1.7\lib\</path>
         <kind>archive</kind>
         <file>rtsv7M4_T_le_eabi.lib</file>
         <name>trgdrv.obj</name>
      </input_file>
      <input_file id="fl-16b">
         <path>c:\ti\ccsv6\tools\compiler\arm_5.1.7\lib\</path>
         <kind>archive</kind>
         <file>rtsv7M4_T_le_eabi.lib</file>
         <name>trgmsg.obj</name>
      </input_file>
      <input_file id="fl-16c">
         <path>c:\ti\ccsv6\tools\compiler\arm_5.1.7\lib\</path>
         <kind>archive</kind>
         <file>rtsv7M4_T_le_eabi.lib</file>
         <name>ltoa.obj</name>
      </input_file>
      <input_file id="fl-16d">
         <path>c:\ti\ccsv6\tools\compiler\arm_5.1.7\lib\</path>
         <kind>archive</kind>
         <file>rtsv7M4_T_le_eabi.lib</file>
         <name>memccpy.obj</name>
      </input_file>
      <input_file id="fl-16e">
         <path>c:\ti\ccsv6\tools\compiler\arm_5.1.7\lib\</path>
         <kind>archive</kind>
         <file>rtsv7M4_T_le_eabi.lib</file>
         <name>memchr.obj</name>
      </input_file>
      <input_file id="fl-16f">
         <path>c:\ti\ccsv6\tools\compiler\arm_5.1.7\lib\</path>
         <kind>archive</kind>
         <file>rtsv7M4_T_le_eabi.lib</file>
         <name>setvbuf.obj</name>
      </input_file>
      <input_file id="fl-170">
         <path>c:\ti\ccsv6\tools\compiler\arm_5.1.7\lib\</path>
         <kind>archive</kind>
         <file>rtsv7M4_T_le_eabi.lib</file>
         <name>fopen.obj</name>
      </input_file>
      <input_file id="fl-171">
         <path>c:\ti\ccsv6\tools\compiler\arm_5.1.7\lib\</path>
         <kind>archive</kind>
         <file>rtsv7M4_T_le_eabi.lib</file>
         <name>fclose.obj</name>
      </input_file>
      <input_file id="fl-172">
         <path>c:\ti\ccsv6\tools\compiler\arm_5.1.7\lib\</path>
         <kind>archive</kind>
         <file>rtsv7M4_T_le_eabi.lib</file>
         <name>remove.obj</name>
      </input_file>
      <input_file id="fl-173">
         <path>F:\Wifly_Light\Software\cc3200\wyLightFirmware\firmwareRTOS\ccs\..\..\..\simplelink\ccs\OS\</path>
         <kind>archive</kind>
         <file>simplelink.a</file>
         <name>netcfg.obj</name>
      </input_file>
      <input_file id="fl-174">
         <path>F:\Wifly_Light\Software\cc3200\wyLightFirmware\firmwareRTOS\ccs\..\..\..\simplelink\ccs\OS\</path>
         <kind>archive</kind>
         <file>simplelink.a</file>
         <name>wlan.obj</name>
      </input_file>
      <input_file id="fl-175">
         <path>c:\ti\ccsv6\tools\compiler\arm_5.1.7\lib\</path>
         <kind>archive</kind>
         <file>rtsv7M4_T_le_eabi.lib</file>
         <name>strchr.obj</name>
      </input_file>
      <input_file id="fl-176">
         <path>c:\ti\ccsv6\tools\compiler\arm_5.1.7\lib\</path>
         <kind>archive</kind>
         <file>rtsv7M4_T_le_eabi.lib</file>
         <name>strcmp.obj</name>
      </input_file>
      <input_file id="fl-177">
         <path>c:\ti\ccsv6\tools\compiler\arm_5.1.7\lib\</path>
         <kind>archive</kind>
         <file>rtsv7M4_T_le_eabi.lib</file>
         <name>strcpy.obj</name>
      </input_file>
      <input_file id="fl-178">
         <path>c:\ti\ccsv6\tools\compiler\arm_5.1.7\lib\</path>
         <kind>archive</kind>
         <file>rtsv7M4_T_le_eabi.lib</file>
         <name>strlen.obj</name>
      </input_file>
      <input_file id="fl-179">
         <path>c:\ti\ccsv6\tools\compiler\arm_5.1.7\lib\</path>
         <kind>archive</kind>
         <file>rtsv7M4_T_le_eabi.lib</file>
         <name>strncpy.obj</name>
      </input_file>
      <input_file id="fl-17a">
         <path>c:\ti\ccsv6\tools\compiler\arm_5.1.7\lib\</path>
         <kind>archive</kind>
         <file>rtsv7M4_T_le_eabi.lib</file>
         <name>strtok.obj</name>
      </input_file>
      <input_file id="fl-17b">
         <path>c:\ti\ccsv6\tools\compiler\arm_5.1.7\lib\</path>
         <kind>archive</kind>
         <file>rtsv7M4_T_le_eabi.lib</file>
         <name>strcspn.obj</name>
      </input_file>
      <input_file id="fl-17c">
         <path>c:\ti\ccsv6\tools\compiler\arm_5.1.7\lib\</path>
         <kind>archive</kind>
         <file>rtsv7M4_T_le_eabi.lib</file>
         <name>strspn.obj</name>
      </input_file>
      <input_file id="fl-17d">
         <path>F:\Wifly_Light\Software\cc3200\wyLightFirmware\firmwareRTOS\ccs\..\..\..\driverlib\ccs\Release\</path>
         <kind>archive</kind>
         <file>driverlib.a</file>
         <name>udma.obj</name>
      </input_file>
      <input_file id="fl-17e">
         <path>F:\Wifly_Light\Software\cc3200\wyLightFirmware\firmwareRTOS\ccs\..\..\..\oslib\ccs\free_rtos\</path>
         <kind>archive</kind>
         <file>free_rtos.a</file>
         <name>port.obj</name>
      </input_file>
      <input_file id="fl-17f">
         <path>F:\Wifly_Light\Software\cc3200\wyLightFirmware\firmwareRTOS\ccs\..\..\..\oslib\ccs\free_rtos\</path>
         <kind>archive</kind>
         <file>free_rtos.a</file>
         <name>portasm.obj</name>
      </input_file>
      <input_file id="fl-180">
         <path>F:\Wifly_Light\Software\cc3200\wyLightFirmware\firmwareRTOS\ccs\..\..\..\oslib\ccs\free_rtos\</path>
         <kind>archive</kind>
         <file>free_rtos.a</file>
         <name>tasks.obj</name>
      </input_file>
      <input_file id="fl-181">
         <path>c:\ti\ccsv6\tools\compiler\arm_5.1.7\lib\</path>
         <kind>archive</kind>
         <file>rtsv7M4_T_le_eabi.lib</file>
         <name>sprintf.obj</name>
      </input_file>
      <input_file id="fl-182">
         <path>c:\ti\ccsv6\tools\compiler\arm_5.1.7\lib\</path>
         <kind>archive</kind>
         <file>rtsv7M4_T_le_eabi.lib</file>
         <name>strcat.obj</name>
      </input_file>
      <input_file id="fl-183">
         <path>F:\Wifly_Light\Software\cc3200\wyLightFirmware\firmwareRTOS\ccs\..\..\..\oslib\ccs\free_rtos\</path>
         <kind>archive</kind>
         <file>free_rtos.a</file>
         <name>list.obj</name>
      </input_file>
      <input_file id="fl-184">
         <path>F:\Wifly_Light\Software\cc3200\wyLightFirmware\firmwareRTOS\ccs\..\..\..\oslib\ccs\free_rtos\</path>
         <kind>archive</kind>
         <file>free_rtos.a</file>
         <name>queue.obj</name>
      </input_file>
      <input_file id="fl-185">
         <path>c:\ti\ccsv6\tools\compiler\arm_5.1.7\lib\</path>
         <kind>archive</kind>
         <file>rtsv7M4_T_le_eabi.lib</file>
         <name>vsnprintf.obj</name>
      </input_file>
   </input_file_list>
   <object_component_list>
      <object_component id="oc-e">
         <name>.intvecs</name>
         <load_address>0x20004000</load_address>
         <run_address>0x20004000</run_address>
         <size>0x400</size>
         <input_file_ref idref="fl-5"/>
      </object_component>
      <object_component id="oc-273">
         <name>.text</name>
         <load_address>0x20004400</load_address>
         <run_address>0x20004400</run_address>
         <size>0x1e48</size>
         <input_file_ref idref="fl-152"/>
      </object_component>
      <object_component id="oc-7a">
         <name>.text</name>
         <load_address>0x20006248</load_address>
         <run_address>0x20006248</run_address>
         <size>0x1040</size>
         <input_file_ref idref="fl-180"/>
      </object_component>
      <object_component id="oc-1d6">
         <name>.text</name>
         <load_address>0x20007288</load_address>
         <run_address>0x20007288</run_address>
         <size>0xec0</size>
         <input_file_ref idref="fl-157"/>
      </object_component>
      <object_component id="oc-42c">
         <name>.text</name>
         <load_address>0x20008148</load_address>
         <run_address>0x20008148</run_address>
         <size>0xd88</size>
         <input_file_ref idref="fl-155"/>
      </object_component>
      <object_component id="oc-e4">
         <name>.text</name>
         <load_address>0x20008ed0</load_address>
         <run_address>0x20008ed0</run_address>
         <size>0xbec</size>
         <input_file_ref idref="fl-3"/>
      </object_component>
      <object_component id="oc-1aa">
         <name>.text</name>
         <load_address>0x20009abc</load_address>
         <run_address>0x20009abc</run_address>
         <size>0xb44</size>
         <input_file_ref idref="fl-154"/>
      </object_component>
      <object_component id="oc-23f">
         <name>.text</name>
         <load_address>0x2000a600</load_address>
         <run_address>0x2000a600</run_address>
         <size>0xa88</size>
         <input_file_ref idref="fl-184"/>
      </object_component>
      <object_component id="oc-18d">
         <name>.text</name>
         <load_address>0x2000b088</load_address>
         <run_address>0x2000b088</run_address>
         <size>0xa5c</size>
         <input_file_ref idref="fl-174"/>
      </object_component>
      <object_component id="oc-133">
         <name>.text</name>
         <load_address>0x2000bae4</load_address>
         <run_address>0x2000bae4</run_address>
         <size>0x98c</size>
         <input_file_ref idref="fl-139"/>
      </object_component>
      <object_component id="oc-371">
         <name>.text</name>
         <load_address>0x2000c470</load_address>
         <run_address>0x2000c470</run_address>
         <size>0x79c</size>
         <input_file_ref idref="fl-151"/>
      </object_component>
      <object_component id="oc-26d">
         <name>.text</name>
         <load_address>0x2000cc0c</load_address>
         <run_address>0x2000cc0c</run_address>
         <size>0x668</size>
         <input_file_ref idref="fl-150"/>
      </object_component>
      <object_component id="oc-187">
         <name>.text</name>
         <load_address>0x2000d274</load_address>
         <run_address>0x2000d274</run_address>
         <size>0x54c</size>
         <input_file_ref idref="fl-14f"/>
      </object_component>
      <object_component id="oc-381">
         <name>.text</name>
         <load_address>0x2000d7c0</load_address>
         <run_address>0x2000d7c0</run_address>
         <size>0x4a4</size>
         <input_file_ref idref="fl-17d"/>
      </object_component>
      <object_component id="oc-205">
         <name>.text</name>
         <load_address>0x2000dc64</load_address>
         <run_address>0x2000dc64</run_address>
         <size>0x48c</size>
         <input_file_ref idref="fl-13c"/>
      </object_component>
      <object_component id="oc-145">
         <name>.text</name>
         <load_address>0x2000e0f0</load_address>
         <run_address>0x2000e0f0</run_address>
         <size>0x406</size>
         <input_file_ref idref="fl-7"/>
      </object_component>
      <object_component id="oc-1c8">
         <name>.text</name>
         <load_address>0x2000e4f8</load_address>
         <run_address>0x2000e4f8</run_address>
         <size>0x3dc</size>
         <input_file_ref idref="fl-14a"/>
      </object_component>
      <object_component id="oc-13f">
         <name>.text</name>
         <load_address>0x2000e8d4</load_address>
         <run_address>0x2000e8d4</run_address>
         <size>0x398</size>
         <input_file_ref idref="fl-13e"/>
      </object_component>
      <object_component id="oc-12d">
         <name>.text</name>
         <load_address>0x2000ec6c</load_address>
         <run_address>0x2000ec6c</run_address>
         <size>0x370</size>
         <input_file_ref idref="fl-137"/>
      </object_component>
      <object_component id="oc-442">
         <name>.text</name>
         <load_address>0x2000efdc</load_address>
         <run_address>0x2000efdc</run_address>
         <size>0x310</size>
         <input_file_ref idref="fl-169"/>
      </object_component>
      <object_component id="oc-22d">
         <name>.text</name>
         <load_address>0x2000f2ec</load_address>
         <run_address>0x2000f2ec</run_address>
         <size>0x300</size>
         <input_file_ref idref="fl-13a"/>
      </object_component>
      <object_component id="oc-4d5">
         <name>.text</name>
         <load_address>0x2000f5ec</load_address>
         <run_address>0x2000f5ec</run_address>
         <size>0x2d4</size>
         <input_file_ref idref="fl-16a"/>
      </object_component>
      <object_component id="oc-238">
         <name>.text</name>
         <load_address>0x2000f8c0</load_address>
         <run_address>0x2000f8c0</run_address>
         <size>0x284</size>
         <input_file_ref idref="fl-13b"/>
      </object_component>
      <object_component id="oc-223">
         <name>.text</name>
         <load_address>0x2000fb44</load_address>
         <run_address>0x2000fb44</run_address>
         <size>0x1f4</size>
         <input_file_ref idref="fl-143"/>
      </object_component>
      <object_component id="oc-127">
         <name>.text</name>
         <load_address>0x2000fd38</load_address>
         <run_address>0x2000fd38</run_address>
         <size>0x1d4</size>
         <input_file_ref idref="fl-6"/>
      </object_component>
      <object_component id="oc-4be">
         <name>.text</name>
         <load_address>0x2000ff0c</load_address>
         <run_address>0x2000ff0c</run_address>
         <size>0x1c0</size>
         <input_file_ref idref="fl-170"/>
      </object_component>
      <object_component id="oc-301">
         <name>.text</name>
         <load_address>0x200100cc</load_address>
         <run_address>0x200100cc</run_address>
         <size>0x1b6</size>
         <input_file_ref idref="fl-15e"/>
      </object_component>
      <object_component id="oc-2e7">
         <name>.text</name>
         <load_address>0x20010282</load_address>
         <run_address>0x20010282</run_address>
         <size>0x136</size>
         <input_file_ref idref="fl-15c"/>
      </object_component>
      <object_component id="oc-3ac">
         <name>.text</name>
         <load_address>0x200103b8</load_address>
         <run_address>0x200103b8</run_address>
         <size>0x134</size>
         <input_file_ref idref="fl-167"/>
      </object_component>
      <object_component id="oc-cd">
         <name>.text</name>
         <load_address>0x200104ec</load_address>
         <run_address>0x200104ec</run_address>
         <size>0x132</size>
         <input_file_ref idref="fl-183"/>
      </object_component>
      <object_component id="oc-37">
         <name>.text</name>
         <load_address>0x20010620</load_address>
         <run_address>0x20010620</run_address>
         <size>0x10c</size>
         <input_file_ref idref="fl-17e"/>
      </object_component>
      <object_component id="oc-193">
         <name>.text</name>
         <load_address>0x2001072c</load_address>
         <run_address>0x2001072c</run_address>
         <size>0x100</size>
         <input_file_ref idref="fl-173"/>
      </object_component>
      <object_component id="oc-9c">
         <name>.text</name>
         <load_address>0x2001082c</load_address>
         <run_address>0x2001082c</run_address>
         <size>0xfc</size>
         <input_file_ref idref="fl-2"/>
      </object_component>
      <object_component id="oc-2e2">
         <name>.text</name>
         <load_address>0x20010928</load_address>
         <run_address>0x20010928</run_address>
         <size>0xfc</size>
         <input_file_ref idref="fl-15d"/>
      </object_component>
      <object_component id="oc-488">
         <name>.text</name>
         <load_address>0x20010a24</load_address>
         <run_address>0x20010a24</run_address>
         <size>0xdc</size>
         <input_file_ref idref="fl-16f"/>
      </object_component>
      <object_component id="oc-43c">
         <name>.text</name>
         <load_address>0x20010b00</load_address>
         <run_address>0x20010b00</run_address>
         <size>0xc0</size>
         <input_file_ref idref="fl-165"/>
      </object_component>
      <object_component id="oc-32">
         <name>.text</name>
         <load_address>0x20010bc0</load_address>
         <run_address>0x20010bc0</run_address>
         <size>0xba</size>
         <input_file_ref idref="fl-17f"/>
      </object_component>
      <object_component id="oc-436">
         <name>.text</name>
         <load_address>0x20010c7a</load_address>
         <run_address>0x20010c7a</run_address>
         <size>0xac</size>
         <input_file_ref idref="fl-166"/>
      </object_component>
      <object_component id="oc-3a6">
         <name>.text</name>
         <load_address>0x20010d28</load_address>
         <run_address>0x20010d28</run_address>
         <size>0x9c</size>
         <input_file_ref idref="fl-164"/>
      </object_component>
      <object_component id="oc-55">
         <name>.text</name>
         <load_address>0x20010dc4</load_address>
         <run_address>0x20010dc4</run_address>
         <size>0x9c</size>
         <input_file_ref idref="fl-14c"/>
      </object_component>
      <object_component id="oc-4e8">
         <name>.text</name>
         <load_address>0x20010e60</load_address>
         <run_address>0x20010e60</run_address>
         <size>0x98</size>
         <input_file_ref idref="fl-171"/>
      </object_component>
      <object_component id="oc-40">
         <name>.text</name>
         <load_address>0x20010ef8</load_address>
         <run_address>0x20010ef8</run_address>
         <size>0x94</size>
         <input_file_ref idref="fl-145"/>
      </object_component>
      <object_component id="oc-20b">
         <name>.text</name>
         <load_address>0x20010f8c</load_address>
         <run_address>0x20010f8c</run_address>
         <size>0x88</size>
         <input_file_ref idref="fl-185"/>
      </object_component>
      <object_component id="oc-2dd">
         <name>.text:__aeabi_cdcmple</name>
         <load_address>0x20011014</load_address>
         <run_address>0x20011014</run_address>
         <size>0x86</size>
         <input_file_ref idref="fl-15a"/>
      </object_component>
      <object_component id="oc-2ec">
         <name>.text:__aeabi_cdrcmple</name>
         <load_address>0x2001109a</load_address>
         <run_address>0x2001109a</run_address>
         <size>0x86</size>
         <input_file_ref idref="fl-15a"/>
      </object_component>
      <object_component id="oc-fb">
         <name>.text</name>
         <load_address>0x20011120</load_address>
         <run_address>0x20011120</run_address>
         <size>0x78</size>
         <input_file_ref idref="fl-14d"/>
      </object_component>
      <object_component id="oc-27c">
         <name>.text</name>
         <load_address>0x20011198</load_address>
         <run_address>0x20011198</run_address>
         <size>0x70</size>
         <input_file_ref idref="fl-156"/>
      </object_component>
      <object_component id="oc-38e">
         <name>.text</name>
         <load_address>0x20011208</load_address>
         <run_address>0x20011208</run_address>
         <size>0x68</size>
         <input_file_ref idref="fl-153"/>
      </object_component>
      <object_component id="oc-482">
         <name>.text</name>
         <load_address>0x20011270</load_address>
         <run_address>0x20011270</run_address>
         <size>0x64</size>
         <input_file_ref idref="fl-168"/>
      </object_component>
      <object_component id="oc-100">
         <name>.text</name>
         <load_address>0x200112d4</load_address>
         <run_address>0x200112d4</run_address>
         <size>0x60</size>
         <input_file_ref idref="fl-181"/>
      </object_component>
      <object_component id="oc-4f7">
         <name>.text</name>
         <load_address>0x20011334</load_address>
         <run_address>0x20011334</run_address>
         <size>0x60</size>
         <input_file_ref idref="fl-16b"/>
      </object_component>
      <object_component id="oc-215">
         <name>.text</name>
         <load_address>0x20011394</load_address>
         <run_address>0x20011394</run_address>
         <size>0x5e</size>
         <input_file_ref idref="fl-138"/>
      </object_component>
      <object_component id="oc-68">
         <name>.text</name>
         <load_address>0x200113f2</load_address>
         <run_address>0x200113f2</run_address>
         <size>0x5e</size>
         <input_file_ref idref="fl-140"/>
      </object_component>
      <object_component id="oc-2f6">
         <name>.text</name>
         <load_address>0x20011450</load_address>
         <run_address>0x20011450</run_address>
         <size>0x5a</size>
         <input_file_ref idref="fl-16c"/>
      </object_component>
      <object_component id="oc-312">
         <name>.text</name>
         <load_address>0x200114ac</load_address>
         <run_address>0x200114ac</run_address>
         <size>0x4c</size>
         <input_file_ref idref="fl-162"/>
      </object_component>
      <object_component id="oc-2f1">
         <name>.text</name>
         <load_address>0x200114f8</load_address>
         <run_address>0x200114f8</run_address>
         <size>0x48</size>
         <input_file_ref idref="fl-15b"/>
      </object_component>
      <object_component id="oc-95">
         <name>.text</name>
         <load_address>0x20011540</load_address>
         <run_address>0x20011540</run_address>
         <size>0x44</size>
         <input_file_ref idref="fl-147"/>
      </object_component>
      <object_component id="oc-4b">
         <name>.text</name>
         <load_address>0x20011584</load_address>
         <run_address>0x20011584</run_address>
         <size>0x44</size>
         <input_file_ref idref="fl-148"/>
      </object_component>
      <object_component id="oc-3e9">
         <name>.text</name>
         <load_address>0x200115c8</load_address>
         <run_address>0x200115c8</run_address>
         <size>0x44</size>
         <input_file_ref idref="fl-159"/>
      </object_component>
      <object_component id="oc-1a3">
         <name>.text</name>
         <load_address>0x2001160c</load_address>
         <run_address>0x2001160c</run_address>
         <size>0x40</size>
         <input_file_ref idref="fl-17a"/>
      </object_component>
      <object_component id="oc-f5">
         <name>.text</name>
         <load_address>0x2001164c</load_address>
         <run_address>0x2001164c</run_address>
         <size>0x38</size>
         <input_file_ref idref="fl-14e"/>
      </object_component>
      <object_component id="oc-11">
         <name>.text</name>
         <load_address>0x20011684</load_address>
         <run_address>0x20011684</run_address>
         <size>0x34</size>
         <input_file_ref idref="fl-144"/>
      </object_component>
      <object_component id="oc-ee">
         <name>.text</name>
         <load_address>0x200116b8</load_address>
         <run_address>0x200116b8</run_address>
         <size>0x30</size>
         <input_file_ref idref="fl-179"/>
      </object_component>
      <object_component id="oc-2fc">
         <name>.text</name>
         <load_address>0x200116e8</load_address>
         <run_address>0x200116e8</run_address>
         <size>0x2e</size>
         <input_file_ref idref="fl-15f"/>
      </object_component>
      <object_component id="oc-2b1">
         <name>.text</name>
         <load_address>0x20011716</load_address>
         <run_address>0x20011716</run_address>
         <size>0x2a</size>
         <input_file_ref idref="fl-17c"/>
      </object_component>
      <object_component id="oc-2b7">
         <name>.text</name>
         <load_address>0x20011740</load_address>
         <run_address>0x20011740</run_address>
         <size>0x22</size>
         <input_file_ref idref="fl-17b"/>
      </object_component>
      <object_component id="oc-228">
         <name>.text</name>
         <load_address>0x20011762</load_address>
         <run_address>0x20011762</run_address>
         <size>0x1e</size>
         <input_file_ref idref="fl-142"/>
      </object_component>
      <object_component id="oc-139">
         <name>.text</name>
         <load_address>0x20011780</load_address>
         <run_address>0x20011780</run_address>
         <size>0x1c</size>
         <input_file_ref idref="fl-4"/>
      </object_component>
      <object_component id="oc-30c">
         <name>.text</name>
         <load_address>0x2001179c</load_address>
         <run_address>0x2001179c</run_address>
         <size>0x1c</size>
         <input_file_ref idref="fl-16d"/>
      </object_component>
      <object_component id="oc-dd">
         <name>.text</name>
         <load_address>0x200117b8</load_address>
         <run_address>0x200117b8</run_address>
         <size>0x1a</size>
         <input_file_ref idref="fl-182"/>
      </object_component>
      <object_component id="oc-45">
         <name>.text</name>
         <load_address>0x200117d4</load_address>
         <run_address>0x200117d4</run_address>
         <size>0x18</size>
         <input_file_ref idref="fl-146"/>
      </object_component>
      <object_component id="oc-2d8">
         <name>.text</name>
         <load_address>0x200117ec</load_address>
         <run_address>0x200117ec</run_address>
         <size>0x18</size>
         <input_file_ref idref="fl-160"/>
      </object_component>
      <object_component id="oc-495">
         <name>.text</name>
         <load_address>0x20011804</load_address>
         <run_address>0x20011804</run_address>
         <size>0x18</size>
         <input_file_ref idref="fl-176"/>
      </object_component>
      <object_component id="oc-44a">
         <name>.text</name>
         <load_address>0x2001181c</load_address>
         <run_address>0x2001181c</run_address>
         <size>0x16</size>
         <input_file_ref idref="fl-16e"/>
      </object_component>
      <object_component id="oc-49b">
         <name>.text</name>
         <load_address>0x20011832</load_address>
         <run_address>0x20011832</run_address>
         <size>0x16</size>
         <input_file_ref idref="fl-175"/>
      </object_component>
      <object_component id="oc-153">
         <name>.text</name>
         <load_address>0x20011848</load_address>
         <run_address>0x20011848</run_address>
         <size>0x14</size>
         <input_file_ref idref="fl-149"/>
      </object_component>
      <object_component id="oc-19c">
         <name>.text</name>
         <load_address>0x2001185c</load_address>
         <run_address>0x2001185c</run_address>
         <size>0x14</size>
         <input_file_ref idref="fl-178"/>
      </object_component>
      <object_component id="oc-1c">
         <name>.text:decompress:ZI</name>
         <load_address>0x20011870</load_address>
         <run_address>0x20011870</run_address>
         <size>0x12</size>
         <input_file_ref idref="fl-141"/>
      </object_component>
      <object_component id="oc-4fd">
         <name>.text</name>
         <load_address>0x20011882</load_address>
         <run_address>0x20011882</run_address>
         <size>0x10</size>
         <input_file_ref idref="fl-177"/>
      </object_component>
      <object_component id="oc-16">
         <name>.text:decompress:none</name>
         <load_address>0x20011892</load_address>
         <run_address>0x20011892</run_address>
         <size>0xe</size>
         <input_file_ref idref="fl-13f"/>
      </object_component>
      <object_component id="oc-306">
         <name>.text</name>
         <load_address>0x200118a0</load_address>
         <run_address>0x200118a0</run_address>
         <size>0xe</size>
         <input_file_ref idref="fl-158"/>
      </object_component>
      <object_component id="oc-2c">
         <name>.text</name>
         <load_address>0x200118ae</load_address>
         <run_address>0x200118ae</run_address>
         <size>0xe</size>
         <input_file_ref idref="fl-5"/>
      </object_component>
      <object_component id="oc-1a2">
         <name>.text:UtilsDelay</name>
         <load_address>0x200118bc</load_address>
         <run_address>0x200118bc</run_address>
         <size>0x6</size>
         <input_file_ref idref="fl-13d"/>
      </object_component>
      <object_component id="oc-22">
         <name>.text:decompress:rle24</name>
         <load_address>0x200118c2</load_address>
         <run_address>0x200118c2</run_address>
         <size>0x6</size>
         <input_file_ref idref="fl-140"/>
      </object_component>
      <object_component id="oc-3f2">
         <name>.const:.string:_ctypes_</name>
         <load_address>0x200118c8</load_address>
         <run_address>0x200118c8</run_address>
         <size>0x102</size>
         <input_file_ref idref="fl-163"/>
      </object_component>
      <object_component id="oc-358">
         <name>.const:g_ulPinToPadMap</name>
         <load_address>0x200119cc</load_address>
         <run_address>0x200119cc</run_address>
         <size>0x100</size>
         <input_file_ref idref="fl-13b"/>
      </object_component>
      <object_component id="oc-21e">
         <name>.const:g_pulRegs</name>
         <load_address>0x20011acc</load_address>
         <run_address>0x20011acc</run_address>
         <size>0xd4</size>
         <input_file_ref idref="fl-137"/>
      </object_component>
      <object_component id="oc-296">
         <name>.const:$P$T0$1</name>
         <load_address>0x20011ba0</load_address>
         <run_address>0x20011ba0</run_address>
         <size>0xb0</size>
         <input_file_ref idref="fl-174"/>
      </object_component>
      <object_component id="oc-233">
         <name>.const:PRCM_PeriphRegsList</name>
         <load_address>0x20011c50</load_address>
         <run_address>0x20011c50</run_address>
         <size>0xa0</size>
         <input_file_ref idref="fl-139"/>
      </object_component>
      <object_component id="oc-21b">
         <name>.const</name>
         <load_address>0x20011cf0</load_address>
         <run_address>0x20011cf0</run_address>
         <size>0x80</size>
         <input_file_ref idref="fl-137"/>
      </object_component>
      <object_component id="oc-345">
         <name>.const:g_pulFMPPERegs</name>
         <load_address>0x20011d70</load_address>
         <run_address>0x20011d70</run_address>
         <size>0x40</size>
         <input_file_ref idref="fl-13a"/>
      </object_component>
      <object_component id="oc-342">
         <name>.const:g_pulFMPRERegs</name>
         <load_address>0x20011db0</load_address>
         <run_address>0x20011db0</run_address>
         <size>0x40</size>
         <input_file_ref idref="fl-13a"/>
      </object_component>
      <object_component id="oc-299">
         <name>.const</name>
         <load_address>0x20011df0</load_address>
         <run_address>0x20011df0</run_address>
         <size>0x3c</size>
         <input_file_ref idref="fl-174"/>
      </object_component>
      <object_component id="oc-39a">
         <name>.const:_SlActionLookupTable</name>
         <load_address>0x20011e2c</load_address>
         <run_address>0x20011e2c</run_address>
         <size>0x38</size>
         <input_file_ref idref="fl-152"/>
      </object_component>
      <object_component id="oc-478">
         <name>.const</name>
         <load_address>0x20011e64</load_address>
         <run_address>0x20011e64</run_address>
         <size>0x34</size>
         <input_file_ref idref="fl-155"/>
      </object_component>
      <object_component id="oc-199">
         <name>.const:$P$T0$1</name>
         <load_address>0x20011e98</load_address>
         <run_address>0x20011e98</run_address>
         <size>0x2c</size>
         <input_file_ref idref="fl-3"/>
      </object_component>
      <object_component id="oc-255">
         <name>.const:$P$T1$2</name>
         <load_address>0x20011ec4</load_address>
         <run_address>0x20011ec4</run_address>
         <size>0x2c</size>
         <input_file_ref idref="fl-7"/>
      </object_component>
      <object_component id="oc-2c2">
         <name>.const</name>
         <load_address>0x20011ef0</load_address>
         <run_address>0x20011ef0</run_address>
         <size>0x28</size>
         <input_file_ref idref="fl-154"/>
      </object_component>
      <object_component id="oc-417">
         <name>.const:g_ppulSPIIntMap</name>
         <load_address>0x20011f18</load_address>
         <run_address>0x20011f18</run_address>
         <size>0x24</size>
         <input_file_ref idref="fl-151"/>
      </object_component>
      <object_component id="oc-41a">
         <name>.const</name>
         <load_address>0x20011f3c</load_address>
         <run_address>0x20011f3c</run_address>
         <size>0x18</size>
         <input_file_ref idref="fl-151"/>
      </object_component>
      <object_component id="oc-282">
         <name>.const</name>
         <load_address>0x20011f54</load_address>
         <run_address>0x20011f54</run_address>
         <size>0x14</size>
         <input_file_ref idref="fl-14f"/>
      </object_component>
      <object_component id="oc-397">
         <name>.const</name>
         <load_address>0x20011f68</load_address>
         <run_address>0x20011f68</run_address>
         <size>0x14</size>
         <input_file_ref idref="fl-152"/>
      </object_component>
      <object_component id="oc-32b">
         <name>.const</name>
         <load_address>0x20011f7c</load_address>
         <run_address>0x20011f7c</run_address>
         <size>0x10</size>
         <input_file_ref idref="fl-13c"/>
      </object_component>
      <object_component id="oc-1b0">
         <name>.const</name>
         <load_address>0x20011f8c</load_address>
         <run_address>0x20011f8c</run_address>
         <size>0x10</size>
         <input_file_ref idref="fl-3"/>
      </object_component>
      <object_component id="oc-252">
         <name>.const</name>
         <load_address>0x20011f9c</load_address>
         <run_address>0x20011f9c</run_address>
         <size>0xc</size>
         <input_file_ref idref="fl-7"/>
      </object_component>
      <object_component id="oc-1b3">
         <name>.const:.string</name>
         <load_address>0x20011fa8</load_address>
         <run_address>0x20011fa8</run_address>
         <size>0xb</size>
         <input_file_ref idref="fl-3"/>
      </object_component>
      <object_component id="oc-2a3">
         <name>.const</name>
         <load_address>0x20011fb4</load_address>
         <run_address>0x20011fb4</run_address>
         <size>0x8</size>
         <input_file_ref idref="fl-173"/>
      </object_component>
      <object_component id="oc-544">
         <name>.cinit..data.load</name>
         <load_address>0x20011fc0</load_address>
         <run_address>0x20011fc0</run_address>
         <size>0x8d</size>
      </object_component>
      <object_component id="oc-542">
         <name>__TI_handler_table</name>
         <load_address>0x20012050</load_address>
         <run_address>0x20012050</run_address>
         <size>0xc</size>
      </object_component>
      <object_component id="oc-545">
         <name>.cinit..bss.load</name>
         <load_address>0x20012060</load_address>
         <run_address>0x20012060</run_address>
         <size>0x8</size>
      </object_component>
      <object_component id="oc-543">
         <name>__TI_cinit_table</name>
         <load_address>0x20012068</load_address>
         <run_address>0x20012068</run_address>
         <size>0x10</size>
      </object_component>
      <object_component id="oc-51">
         <name>.data</name>
         <load_address>0x2001f7d8</load_address>
         <run_address>0x2001f7d8</run_address>
         <size>0x4</size>
         <input_file_ref idref="fl-14b"/>
      </object_component>
      <object_component id="oc-80">
         <name>.data</name>
         <load_address>0x2001f744</load_address>
         <run_address>0x2001f744</run_address>
         <size>0x38</size>
         <input_file_ref idref="fl-180"/>
      </object_component>
      <object_component id="oc-84">
         <name>.data</name>
         <load_address>0x2001f7d0</load_address>
         <run_address>0x2001f7d0</run_address>
         <size>0x4</size>
         <input_file_ref idref="fl-17e"/>
      </object_component>
      <object_component id="oc-a4">
         <name>.data</name>
         <load_address>0x2001f7b4</load_address>
         <run_address>0x2001f7b4</run_address>
         <size>0x8</size>
         <input_file_ref idref="fl-149"/>
      </object_component>
      <object_component id="oc-a7">
         <name>.data</name>
         <load_address>0x2001f7bc</load_address>
         <run_address>0x2001f7bc</run_address>
         <size>0x8</size>
         <input_file_ref idref="fl-148"/>
      </object_component>
      <object_component id="oc-183">
         <name>.data</name>
         <load_address>0x2001f79c</load_address>
         <run_address>0x2001f79c</run_address>
         <size>0xc</size>
         <input_file_ref idref="fl-3"/>
      </object_component>
      <object_component id="oc-245">
         <name>.data</name>
         <load_address>0x2001f7cc</load_address>
         <run_address>0x2001f7cc</run_address>
         <size>0x4</size>
         <input_file_ref idref="fl-13e"/>
      </object_component>
      <object_component id="oc-279">
         <name>.data</name>
         <load_address>0x2001f7c4</load_address>
         <run_address>0x2001f7c4</run_address>
         <size>0x8</size>
         <input_file_ref idref="fl-152"/>
      </object_component>
      <object_component id="oc-2bd">
         <name>.data</name>
         <load_address>0x2001f7dc</load_address>
         <run_address>0x2001f7dc</run_address>
         <size>0x4</size>
         <input_file_ref idref="fl-17a"/>
      </object_component>
      <object_component id="oc-2d2">
         <name>.data</name>
         <load_address>0x2001f7a8</load_address>
         <run_address>0x2001f7a8</run_address>
         <size>0xc</size>
         <input_file_ref idref="fl-14a"/>
      </object_component>
      <object_component id="oc-37e">
         <name>.data</name>
         <load_address>0x2001f78c</load_address>
         <run_address>0x2001f78c</run_address>
         <size>0x10</size>
         <input_file_ref idref="fl-150"/>
      </object_component>
      <object_component id="oc-3b2">
         <name>.data:_ftable</name>
         <load_address>0x2001f584</load_address>
         <run_address>0x2001f584</run_address>
         <size>0xf0</size>
         <input_file_ref idref="fl-161"/>
      </object_component>
      <object_component id="oc-490">
         <name>.data</name>
         <load_address>0x2001f77c</load_address>
         <run_address>0x2001f77c</run_address>
         <size>0x10</size>
         <input_file_ref idref="fl-161"/>
      </object_component>
      <object_component id="oc-4a1">
         <name>.data</name>
         <load_address>0x2001f674</load_address>
         <run_address>0x2001f674</run_address>
         <size>0xd0</size>
         <input_file_ref idref="fl-169"/>
      </object_component>
      <object_component id="oc-4ee">
         <name>.data</name>
         <load_address>0x2001f7d4</load_address>
         <run_address>0x2001f7d4</run_address>
         <size>0x4</size>
         <input_file_ref idref="fl-170"/>
      </object_component>
      <object_component id="oc-d3">
         <name>.bss:pxReadyTasksLists</name>
         <uninitialized>true</uninitialized>
         <run_address>0x2001f298</run_address>
         <size>0xc8</size>
         <input_file_ref idref="fl-180"/>
      </object_component>
      <object_component id="oc-10d">
         <name>.bss:pcStatusString$1</name>
         <uninitialized>true</uninitialized>
         <run_address>0x2001f4a0</run_address>
         <size>0x2c</size>
         <input_file_ref idref="fl-180"/>
      </object_component>
      <object_component id="oc-178">
         <name>.bss:g_ucConnectionSSID</name>
         <uninitialized>true</uninitialized>
         <run_address>0x2001f4cc</run_address>
         <size>0x24</size>
         <input_file_ref idref="fl-3"/>
      </object_component>
      <object_component id="oc-35d">
         <name>.bss:xQueueRegistry</name>
         <uninitialized>true</uninitialized>
         <run_address>0x2001f450</run_address>
         <size>0x50</size>
         <input_file_ref idref="fl-184"/>
      </object_component>
      <object_component id="oc-37a">
         <name>.bss:g_ucDinDout</name>
         <uninitialized>true</uninitialized>
         <run_address>0x2001f400</run_address>
         <size>0x50</size>
         <input_file_ref idref="fl-150"/>
      </object_component>
      <object_component id="oc-394">
         <name>.bss:g_StatMem</name>
         <uninitialized>true</uninitialized>
         <run_address>0x2001f000</run_address>
         <size>0x178</size>
         <input_file_ref idref="fl-152"/>
      </object_component>
      <object_component id="oc-50c">
         <name>.bss:__TI_tmpnams</name>
         <uninitialized>true</uninitialized>
         <run_address>0x2001f360</run_address>
         <size>0xa0</size>
         <input_file_ref idref="fl-161"/>
      </object_component>
      <object_component id="oc-513">
         <name>.bss:__CIOBUF_</name>
         <uninitialized>true</uninitialized>
         <run_address>0x2001f178</run_address>
         <size>0x120</size>
         <input_file_ref idref="fl-16b"/>
      </object_component>
      <object_component id="oc-186">
         <name>.common:g_ucConnectionBSSID</name>
         <uninitialized>true</uninitialized>
         <run_address>0x2001f554</run_address>
         <size>0x8</size>
      </object_component>
      <object_component id="oc-1a9">
         <name>.common:g_usConnectIndex</name>
         <uninitialized>true</uninitialized>
         <run_address>0x2001f580</run_address>
         <size>0x2</size>
      </object_component>
      <object_component id="oc-211">
         <name>.common:__Errorlog</name>
         <uninitialized>true</uninitialized>
         <run_address>0x2001f568</run_address>
         <size>0x4</size>
      </object_component>
      <object_component id="oc-248">
         <name>.common:xSimpleLinkSpawnQueue</name>
         <uninitialized>true</uninitialized>
         <run_address>0x2001f578</run_address>
         <size>0x4</size>
      </object_component>
      <object_component id="oc-24b">
         <name>.common:xSimpleLinkSpawnTaskHndl</name>
         <uninitialized>true</uninitialized>
         <run_address>0x2001f57c</run_address>
         <size>0x4</size>
      </object_component>
      <object_component id="oc-387">
         <name>.common:DMAMsgQ</name>
         <uninitialized>true</uninitialized>
         <run_address>0x2001f564</run_address>
         <size>0x4</size>
      </object_component>
      <object_component id="oc-377">
         <name>.common:g_cDummy</name>
         <uninitialized>true</uninitialized>
         <run_address>0x2001f56c</run_address>
         <size>0x4</size>
      </object_component>
      <object_component id="oc-503">
         <name>.common:parmbuf</name>
         <uninitialized>true</uninitialized>
         <run_address>0x2001f55c</run_address>
         <size>0x8</size>
      </object_component>
      <object_component id="oc-106">
         <name>.common:xDelayedTaskList1</name>
         <uninitialized>true</uninitialized>
         <run_address>0x2001f4f0</run_address>
         <size>0x14</size>
      </object_component>
      <object_component id="oc-107">
         <name>.common:xDelayedTaskList2</name>
         <uninitialized>true</uninitialized>
         <run_address>0x2001f504</run_address>
         <size>0x14</size>
      </object_component>
      <object_component id="oc-10a">
         <name>.common:pxDelayedTaskList</name>
         <uninitialized>true</uninitialized>
         <run_address>0x2001f570</run_address>
         <size>0x4</size>
      </object_component>
      <object_component id="oc-10b">
         <name>.common:pxOverflowDelayedTaskList</name>
         <uninitialized>true</uninitialized>
         <run_address>0x2001f574</run_address>
         <size>0x4</size>
      </object_component>
      <object_component id="oc-f4">
         <name>.common:xPendingReadyList</name>
         <uninitialized>true</uninitialized>
         <run_address>0x2001f518</run_address>
         <size>0x14</size>
      </object_component>
      <object_component id="oc-10c">
         <name>.common:xTasksWaitingTermination</name>
         <uninitialized>true</uninitialized>
         <run_address>0x2001f540</run_address>
         <size>0x14</size>
      </object_component>
      <object_component id="oc-109">
         <name>.common:xSuspendedTaskList</name>
         <uninitialized>true</uninitialized>
         <run_address>0x2001f52c</run_address>
         <size>0x14</size>
      </object_component>
      <object_component id="oc-29">
         <name>.sysmem</name>
         <uninitialized>true</uninitialized>
         <run_address>0x20017000</run_address>
         <size>0x8</size>
         <input_file_ref idref="fl-14a"/>
      </object_component>
      <object_component id="oc-547">
         <name>.sysmem</name>
         <uninitialized>true</uninitialized>
         <run_address>0x20017000</run_address>
         <size>0x0</size>
      </object_component>
      <object_component id="oc-28">
         <name>.stack</name>
         <uninitialized>true</uninitialized>
         <run_address>0x2002f000</run_address>
         <size>0x0</size>
         <input_file_ref idref="fl-144"/>
      </object_component>
      <object_component id="oc-546">
         <name>.stack</name>
         <uninitialized>true</uninitialized>
         <run_address>0x2002f000</run_address>
         <size>0x0</size>
      </object_component>
      <object_component id="oc-f">
         <name>.debug_info</name>
         <load_address>0x0</load_address>
         <run_address>0x0</run_address>
         <size>0x121</size>
         <input_file_ref idref="fl-5"/>
      </object_component>
      <object_component id="oc-12">
         <name>.debug_info</name>
         <load_address>0x121</load_address>
         <run_address>0x121</run_address>
         <size>0x105</size>
         <input_file_ref idref="fl-144"/>
      </object_component>
      <object_component id="oc-17">
         <name>.debug_info</name>
         <load_address>0x226</load_address>
         <run_address>0x226</run_address>
         <size>0x1a6</size>
         <input_file_ref idref="fl-13f"/>
      </object_component>
      <object_component id="oc-20">
         <name>.debug_info</name>
         <load_address>0x3cc</load_address>
         <run_address>0x3cc</run_address>
         <size>0x17c</size>
         <input_file_ref idref="fl-141"/>
      </object_component>
      <object_component id="oc-23">
         <name>.debug_info</name>
         <load_address>0x548</load_address>
         <run_address>0x548</run_address>
         <size>0x1a0</size>
         <input_file_ref idref="fl-140"/>
      </object_component>
      <object_component id="oc-2a">
         <name>.debug_info</name>
         <load_address>0x6e8</load_address>
         <run_address>0x6e8</run_address>
         <size>0xc8</size>
         <input_file_ref idref="fl-14a"/>
      </object_component>
      <object_component id="oc-2d">
         <name>.debug_info</name>
         <load_address>0x7b0</load_address>
         <run_address>0x7b0</run_address>
         <size>0x489</size>
         <input_file_ref idref="fl-5"/>
      </object_component>
      <object_component id="oc-35">
         <name>.debug_info</name>
         <load_address>0xc39</load_address>
         <run_address>0xc39</run_address>
         <size>0x1b3</size>
         <input_file_ref idref="fl-17f"/>
      </object_component>
      <object_component id="oc-38">
         <name>.debug_info</name>
         <load_address>0xdec</load_address>
         <run_address>0xdec</run_address>
         <size>0x9d5</size>
         <input_file_ref idref="fl-17e"/>
      </object_component>
      <object_component id="oc-3f">
         <name>.debug_info</name>
         <load_address>0x17c1</load_address>
         <run_address>0x17c1</run_address>
         <size>0x1bc</size>
         <input_file_ref idref="fl-5"/>
      </object_component>
      <object_component id="oc-41">
         <name>.debug_info</name>
         <load_address>0x197d</load_address>
         <run_address>0x197d</run_address>
         <size>0x14f</size>
         <input_file_ref idref="fl-145"/>
      </object_component>
      <object_component id="oc-46">
         <name>.debug_info</name>
         <load_address>0x1acc</load_address>
         <run_address>0x1acc</run_address>
         <size>0x12e</size>
         <input_file_ref idref="fl-146"/>
      </object_component>
      <object_component id="oc-4d">
         <name>.debug_info</name>
         <load_address>0x1bfa</load_address>
         <run_address>0x1bfa</run_address>
         <size>0x1d4</size>
         <input_file_ref idref="fl-148"/>
      </object_component>
      <object_component id="oc-52">
         <name>.debug_info</name>
         <load_address>0x1dce</load_address>
         <run_address>0x1dce</run_address>
         <size>0xd0</size>
         <input_file_ref idref="fl-14b"/>
      </object_component>
      <object_component id="oc-57">
         <name>.debug_info</name>
         <load_address>0x1e9e</load_address>
         <run_address>0x1e9e</run_address>
         <size>0xde</size>
         <input_file_ref idref="fl-14c"/>
      </object_component>
      <object_component id="oc-5b">
         <name>.debug_info</name>
         <load_address>0x1f7c</load_address>
         <run_address>0x1f7c</run_address>
         <size>0x46</size>
         <input_file_ref idref="fl-13f"/>
      </object_component>
      <object_component id="oc-60">
         <name>.debug_info</name>
         <load_address>0x1fc2</load_address>
         <run_address>0x1fc2</run_address>
         <size>0x104</size>
         <input_file_ref idref="fl-13f"/>
      </object_component>
      <object_component id="oc-62">
         <name>.debug_info</name>
         <load_address>0x20c6</load_address>
         <run_address>0x20c6</run_address>
         <size>0x46</size>
         <input_file_ref idref="fl-141"/>
      </object_component>
      <object_component id="oc-67">
         <name>.debug_info</name>
         <load_address>0x210c</load_address>
         <run_address>0x210c</run_address>
         <size>0xbf</size>
         <input_file_ref idref="fl-141"/>
      </object_component>
      <object_component id="oc-69">
         <name>.debug_info</name>
         <load_address>0x21cb</load_address>
         <run_address>0x21cb</run_address>
         <size>0x201</size>
         <input_file_ref idref="fl-140"/>
      </object_component>
      <object_component id="oc-6f">
         <name>.debug_info</name>
         <load_address>0x23cc</load_address>
         <run_address>0x23cc</run_address>
         <size>0xc9</size>
         <input_file_ref idref="fl-140"/>
      </object_component>
      <object_component id="oc-70">
         <name>.debug_info</name>
         <load_address>0x2495</load_address>
         <run_address>0x2495</run_address>
         <size>0x39</size>
         <input_file_ref idref="fl-140"/>
      </object_component>
      <object_component id="oc-77">
         <name>.debug_info</name>
         <load_address>0x24ce</load_address>
         <run_address>0x24ce</run_address>
         <size>0x1e9</size>
         <input_file_ref idref="fl-14a"/>
      </object_component>
      <object_component id="oc-7b">
         <name>.debug_info</name>
         <load_address>0x26b7</load_address>
         <run_address>0x26b7</run_address>
         <size>0x3f2d</size>
         <input_file_ref idref="fl-180"/>
      </object_component>
      <object_component id="oc-81">
         <name>.debug_info</name>
         <load_address>0x65e4</load_address>
         <run_address>0x65e4</run_address>
         <size>0x36d</size>
         <input_file_ref idref="fl-180"/>
      </object_component>
      <object_component id="oc-85">
         <name>.debug_info</name>
         <load_address>0x6951</load_address>
         <run_address>0x6951</run_address>
         <size>0x120</size>
         <input_file_ref idref="fl-17e"/>
      </object_component>
      <object_component id="oc-88">
         <name>.debug_info</name>
         <load_address>0x6a71</load_address>
         <run_address>0x6a71</run_address>
         <size>0x246</size>
         <input_file_ref idref="fl-17e"/>
      </object_component>
      <object_component id="oc-89">
         <name>.debug_info</name>
         <load_address>0x6cb7</load_address>
         <run_address>0x6cb7</run_address>
         <size>0x2c</size>
         <input_file_ref idref="fl-2"/>
      </object_component>
      <object_component id="oc-8e">
         <name>.debug_info</name>
         <load_address>0x6ce3</load_address>
         <run_address>0x6ce3</run_address>
         <size>0x84</size>
         <input_file_ref idref="fl-2"/>
      </object_component>
      <object_component id="oc-96">
         <name>.debug_info</name>
         <load_address>0x6d67</load_address>
         <run_address>0x6d67</run_address>
         <size>0x15d</size>
         <input_file_ref idref="fl-147"/>
      </object_component>
      <object_component id="oc-9d">
         <name>.debug_info</name>
         <load_address>0x6ec4</load_address>
         <run_address>0x6ec4</run_address>
         <size>0x47e</size>
         <input_file_ref idref="fl-2"/>
      </object_component>
      <object_component id="oc-a3">
         <name>.debug_info</name>
         <load_address>0x7342</load_address>
         <run_address>0x7342</run_address>
         <size>0x12d</size>
         <input_file_ref idref="fl-146"/>
      </object_component>
      <object_component id="oc-a5">
         <name>.debug_info</name>
         <load_address>0x746f</load_address>
         <run_address>0x746f</run_address>
         <size>0xda</size>
         <input_file_ref idref="fl-149"/>
      </object_component>
      <object_component id="oc-a8">
         <name>.debug_info</name>
         <load_address>0x7549</load_address>
         <run_address>0x7549</run_address>
         <size>0xfd</size>
         <input_file_ref idref="fl-148"/>
      </object_component>
      <object_component id="oc-ab">
         <name>.debug_info</name>
         <load_address>0x7646</load_address>
         <run_address>0x7646</run_address>
         <size>0x158</size>
         <input_file_ref idref="fl-148"/>
      </object_component>
      <object_component id="oc-b0">
         <name>.debug_info</name>
         <load_address>0x779e</load_address>
         <run_address>0x779e</run_address>
         <size>0x2c</size>
         <input_file_ref idref="fl-13f"/>
      </object_component>
      <object_component id="oc-b7">
         <name>.debug_info</name>
         <load_address>0x77ca</load_address>
         <run_address>0x77ca</run_address>
         <size>0x2c</size>
         <input_file_ref idref="fl-2"/>
      </object_component>
      <object_component id="oc-c3">
         <name>.debug_info</name>
         <load_address>0x77f6</load_address>
         <run_address>0x77f6</run_address>
         <size>0x2c</size>
         <input_file_ref idref="fl-14a"/>
      </object_component>
      <object_component id="oc-c8">
         <name>.debug_info</name>
         <load_address>0x7822</load_address>
         <run_address>0x7822</run_address>
         <size>0x62</size>
         <input_file_ref idref="fl-14a"/>
      </object_component>
      <object_component id="oc-ce">
         <name>.debug_info</name>
         <load_address>0x7884</load_address>
         <run_address>0x7884</run_address>
         <size>0x677</size>
         <input_file_ref idref="fl-183"/>
      </object_component>
      <object_component id="oc-d4">
         <name>.debug_info</name>
         <load_address>0x7efb</load_address>
         <run_address>0x7efb</run_address>
         <size>0x10c</size>
         <input_file_ref idref="fl-180"/>
      </object_component>
      <object_component id="oc-d7">
         <name>.debug_info</name>
         <load_address>0x8007</load_address>
         <run_address>0x8007</run_address>
         <size>0x819</size>
         <input_file_ref idref="fl-180"/>
      </object_component>
      <object_component id="oc-de">
         <name>.debug_info</name>
         <load_address>0x8820</load_address>
         <run_address>0x8820</run_address>
         <size>0x1c3</size>
         <input_file_ref idref="fl-182"/>
      </object_component>
      <object_component id="oc-e5">
         <name>.debug_info</name>
         <load_address>0x89e3</load_address>
         <run_address>0x89e3</run_address>
         <size>0x1f2c</size>
         <input_file_ref idref="fl-3"/>
      </object_component>
      <object_component id="oc-f2">
         <name>.debug_info</name>
         <load_address>0xa90f</load_address>
         <run_address>0xa90f</run_address>
         <size>0x1bc</size>
         <input_file_ref idref="fl-179"/>
      </object_component>
      <object_component id="oc-f6">
         <name>.debug_info</name>
         <load_address>0xaacb</load_address>
         <run_address>0xaacb</run_address>
         <size>0x3a9</size>
         <input_file_ref idref="fl-14e"/>
      </object_component>
      <object_component id="oc-fc">
         <name>.debug_info</name>
         <load_address>0xae74</load_address>
         <run_address>0xae74</run_address>
         <size>0x10e</size>
         <input_file_ref idref="fl-14d"/>
      </object_component>
      <object_component id="oc-101">
         <name>.debug_info</name>
         <load_address>0xaf82</load_address>
         <run_address>0xaf82</run_address>
         <size>0x2c7</size>
         <input_file_ref idref="fl-181"/>
      </object_component>
      <object_component id="oc-10f">
         <name>.debug_info</name>
         <load_address>0xb249</load_address>
         <run_address>0xb249</run_address>
         <size>0x1e3</size>
         <input_file_ref idref="fl-2"/>
      </object_component>
      <object_component id="oc-114">
         <name>.debug_info</name>
         <load_address>0xb42c</load_address>
         <run_address>0xb42c</run_address>
         <size>0x2c</size>
         <input_file_ref idref="fl-2"/>
      </object_component>
      <object_component id="oc-11f">
         <name>.debug_info</name>
         <load_address>0xb458</load_address>
         <run_address>0xb458</run_address>
         <size>0x14c</size>
         <input_file_ref idref="fl-2"/>
      </object_component>
      <object_component id="oc-124">
         <name>.debug_info</name>
         <load_address>0xb5a4</load_address>
         <run_address>0xb5a4</run_address>
         <size>0x5e4</size>
         <input_file_ref idref="fl-2"/>
      </object_component>
      <object_component id="oc-126">
         <name>.debug_info</name>
         <load_address>0xbb88</load_address>
         <run_address>0xbb88</run_address>
         <size>0x15a</size>
         <input_file_ref idref="fl-147"/>
      </object_component>
      <object_component id="oc-128">
         <name>.debug_info</name>
         <load_address>0xbce2</load_address>
         <run_address>0xbce2</run_address>
         <size>0x799</size>
         <input_file_ref idref="fl-6"/>
      </object_component>
      <object_component id="oc-131">
         <name>.debug_info</name>
         <load_address>0xc47b</load_address>
         <run_address>0xc47b</run_address>
         <size>0xed3</size>
         <input_file_ref idref="fl-137"/>
      </object_component>
      <object_component id="oc-136">
         <name>.debug_info</name>
         <load_address>0xd34e</load_address>
         <run_address>0xd34e</run_address>
         <size>0x284a</size>
         <input_file_ref idref="fl-139"/>
      </object_component>
      <object_component id="oc-13a">
         <name>.debug_info</name>
         <load_address>0xfb98</load_address>
         <run_address>0xfb98</run_address>
         <size>0x204</size>
         <input_file_ref idref="fl-4"/>
      </object_component>
      <object_component id="oc-140">
         <name>.debug_info</name>
         <load_address>0xfd9c</load_address>
         <run_address>0xfd9c</run_address>
         <size>0x2370</size>
         <input_file_ref idref="fl-13e"/>
      </object_component>
      <object_component id="oc-146">
         <name>.debug_info</name>
         <load_address>0x1210c</load_address>
         <run_address>0x1210c</run_address>
         <size>0x7db</size>
         <input_file_ref idref="fl-7"/>
      </object_component>
      <object_component id="oc-14e">
         <name>.debug_info</name>
         <load_address>0x128e7</load_address>
         <run_address>0x128e7</run_address>
         <size>0x5e</size>
         <input_file_ref idref="fl-146"/>
      </object_component>
      <object_component id="oc-154">
         <name>.debug_info</name>
         <load_address>0x12945</load_address>
         <run_address>0x12945</run_address>
         <size>0x1e6</size>
         <input_file_ref idref="fl-149"/>
      </object_component>
      <object_component id="oc-15b">
         <name>.debug_info</name>
         <load_address>0x12b2b</load_address>
         <run_address>0x12b2b</run_address>
         <size>0xeb</size>
         <input_file_ref idref="fl-149"/>
      </object_component>
      <object_component id="oc-162">
         <name>.debug_info</name>
         <load_address>0x12c16</load_address>
         <run_address>0x12c16</run_address>
         <size>0x167</size>
         <input_file_ref idref="fl-183"/>
      </object_component>
      <object_component id="oc-167">
         <name>.debug_info</name>
         <load_address>0x12d7d</load_address>
         <run_address>0x12d7d</run_address>
         <size>0x39</size>
         <input_file_ref idref="fl-180"/>
      </object_component>
      <object_component id="oc-16c">
         <name>.debug_info</name>
         <load_address>0x12db6</load_address>
         <run_address>0x12db6</run_address>
         <size>0xfc</size>
         <input_file_ref idref="fl-180"/>
      </object_component>
      <object_component id="oc-171">
         <name>.debug_info</name>
         <load_address>0x12eb2</load_address>
         <run_address>0x12eb2</run_address>
         <size>0xc8</size>
         <input_file_ref idref="fl-3"/>
      </object_component>
      <object_component id="oc-177">
         <name>.debug_info</name>
         <load_address>0x12f7a</load_address>
         <run_address>0x12f7a</run_address>
         <size>0xbc</size>
         <input_file_ref idref="fl-182"/>
      </object_component>
      <object_component id="oc-179">
         <name>.debug_info</name>
         <load_address>0x13036</load_address>
         <run_address>0x13036</run_address>
         <size>0x12c</size>
         <input_file_ref idref="fl-3"/>
      </object_component>
      <object_component id="oc-17c">
         <name>.debug_info</name>
         <load_address>0x13162</load_address>
         <run_address>0x13162</run_address>
         <size>0x8df</size>
         <input_file_ref idref="fl-3"/>
      </object_component>
      <object_component id="oc-184">
         <name>.debug_info</name>
         <load_address>0x13a41</load_address>
         <run_address>0x13a41</run_address>
         <size>0x16a</size>
         <input_file_ref idref="fl-3"/>
      </object_component>
      <object_component id="oc-188">
         <name>.debug_info</name>
         <load_address>0x13bab</load_address>
         <run_address>0x13bab</run_address>
         <size>0x130e</size>
         <input_file_ref idref="fl-14f"/>
      </object_component>
      <object_component id="oc-18f">
         <name>.debug_info</name>
         <load_address>0x14eb9</load_address>
         <run_address>0x14eb9</run_address>
         <size>0x1ff2</size>
         <input_file_ref idref="fl-174"/>
      </object_component>
      <object_component id="oc-194">
         <name>.debug_info</name>
         <load_address>0x16eab</load_address>
         <run_address>0x16eab</run_address>
         <size>0x489</size>
         <input_file_ref idref="fl-173"/>
      </object_component>
      <object_component id="oc-19a">
         <name>.debug_info</name>
         <load_address>0x17334</load_address>
         <run_address>0x17334</run_address>
         <size>0x116</size>
         <input_file_ref idref="fl-3"/>
      </object_component>
      <object_component id="oc-19d">
         <name>.debug_info</name>
         <load_address>0x1744a</load_address>
[...]
         <object_component_ref idref="oc-495"/>
      </symbol>
      <symbol id="sm-1180">
         <name>strcpy</name>
         <value>0x20011883</value>
         <object_component_ref idref="oc-4fd"/>
      </symbol>
      <symbol id="sm-118e">
         <name>strlen</name>
         <value>0x2001185d</value>
         <object_component_ref idref="oc-19c"/>
      </symbol>
      <symbol id="sm-119e">
         <name>strncpy</name>
         <value>0x200116b9</value>
         <object_component_ref idref="oc-ee"/>
      </symbol>
      <symbol id="sm-11b6">
         <name>strtok</name>
         <value>0x2001160d</value>
         <object_component_ref idref="oc-1a3"/>
      </symbol>
      <symbol id="sm-11c7">
         <name>strcspn</name>
         <value>0x20011741</value>
         <object_component_ref idref="oc-2b7"/>
      </symbol>
      <symbol id="sm-11d9">
         <name>strspn</name>
         <value>0x20011717</value>
         <object_component_ref idref="oc-2b1"/>
      </symbol>
      <symbol id="sm-1235">
         <name>uDMAChannelControlSet</name>
         <value>0x2000d97d</value>
         <object_component_ref idref="oc-381"/>
      </symbol>
      <symbol id="sm-1236">
         <name>uDMAIntClear</name>
         <value>0x2000dbf5</value>
         <object_component_ref idref="oc-381"/>
      </symbol>
      <symbol id="sm-1237">
         <name>uDMAControlAlternateBaseGet</name>
         <value>0x2000d847</value>
         <object_component_ref idref="oc-381"/>
      </symbol>
      <symbol id="sm-1238">
         <name>uDMAChannelIsEnabled</name>
         <value>0x2000d80f</value>
         <object_component_ref idref="oc-381"/>
      </symbol>
      <symbol id="sm-1239">
         <name>uDMAChannelScatterGatherSet</name>
         <value>0x2000dab1</value>
         <object_component_ref idref="oc-381"/>
      </symbol>
      <symbol id="sm-123a">
         <name>uDMAControlBaseGet</name>
         <value>0x2000d841</value>
         <object_component_ref idref="oc-381"/>
      </symbol>
      <symbol id="sm-123b">
         <name>uDMAErrorStatusGet</name>
         <value>0x2000d7d1</value>
         <object_component_ref idref="oc-381"/>
      </symbol>
      <symbol id="sm-123c">
         <name>uDMAChannelDisable</name>
         <value>0x2000d7f7</value>
         <object_component_ref idref="oc-381"/>
      </symbol>
      <symbol id="sm-123d">
         <name>uDMAChannelModeGet</name>
         <value>0x2000db81</value>
         <object_component_ref idref="oc-381"/>
      </symbol>
      <symbol id="sm-123e">
         <name>uDMAIntUnregister</name>
         <value>0x2000dbdd</value>
         <object_component_ref idref="oc-381"/>
      </symbol>
      <symbol id="sm-123f">
         <name>uDMAChannelSizeGet</name>
         <value>0x2000db39</value>
         <object_component_ref idref="oc-381"/>
      </symbol>
      <symbol id="sm-1240">
         <name>uDMAChannelAttributeEnable</name>
         <value>0x2000d865</value>
         <object_component_ref idref="oc-381"/>
      </symbol>
      <symbol id="sm-1241">
         <name>uDMADisable</name>
         <value>0x2000d7c9</value>
         <object_component_ref idref="oc-381"/>
      </symbol>
      <symbol id="sm-1242">
         <name>uDMAErrorStatusClear</name>
         <value>0x2000d7d7</value>
         <object_component_ref idref="oc-381"/>
      </symbol>
      <symbol id="sm-1243">
         <name>uDMAChannelAttributeGet</name>
         <value>0x2000d90d</value>
         <object_component_ref idref="oc-381"/>
      </symbol>
      <symbol id="sm-1244">
         <name>uDMAChannelTransferSet</name>
         <value>0x2000d9b9</value>
         <object_component_ref idref="oc-381"/>
      </symbol>
      <symbol id="sm-1245">
         <name>uDMAIntStatus</name>
         <value>0x2000dbef</value>
         <object_component_ref idref="oc-381"/>
      </symbol>
      <symbol id="sm-1246">
         <name>uDMAChannelAssign</name>
         <value>0x2000dc09</value>
         <object_component_ref idref="oc-381"/>
      </symbol>
      <symbol id="sm-1247">
         <name>uDMAIntRegister</name>
         <value>0x2000dbc7</value>
         <object_component_ref idref="oc-381"/>
      </symbol>
      <symbol id="sm-1248">
         <name>uDMAEnable</name>
         <value>0x2000d7c1</value>
         <object_component_ref idref="oc-381"/>
      </symbol>
      <symbol id="sm-1249">
         <name>uDMAControlBaseSet</name>
         <value>0x2000d831</value>
         <object_component_ref idref="oc-381"/>
      </symbol>
      <symbol id="sm-124a">
         <name>uDMAChannelAttributeDisable</name>
         <value>0x2000d8b9</value>
         <object_component_ref idref="oc-381"/>
      </symbol>
      <symbol id="sm-124b">
         <name>uDMAChannelEnable</name>
         <value>0x2000d7df</value>
         <object_component_ref idref="oc-381"/>
      </symbol>
      <symbol id="sm-124c">
         <name>uDMAChannelRequest</name>
         <value>0x2000d84d</value>
         <object_component_ref idref="oc-381"/>
      </symbol>
      <symbol id="sm-126f">
         <name>vPortSetupTimerInterrupt</name>
         <value>0x200106ff</value>
         <object_component_ref idref="oc-37"/>
      </symbol>
      <symbol id="sm-1270">
         <name>vPortEndScheduler</name>
         <value>0x20010691</value>
         <object_component_ref idref="oc-37"/>
      </symbol>
      <symbol id="sm-1271">
         <name>vPortYield</name>
         <value>0x20010693</value>
         <object_component_ref idref="oc-37"/>
      </symbol>
      <symbol id="sm-1272">
         <name>xPortSysTickHandler</name>
         <value>0x200106dd</value>
         <object_component_ref idref="oc-37"/>
      </symbol>
      <symbol id="sm-1273">
         <name>pxPortInitialiseStack</name>
         <value>0x20010621</value>
         <object_component_ref idref="oc-37"/>
      </symbol>
      <symbol id="sm-1274">
         <name>vPortExitCritical</name>
         <value>0x200106bd</value>
         <object_component_ref idref="oc-37"/>
      </symbol>
      <symbol id="sm-1275">
         <name>xPortStartScheduler</name>
         <value>0x20010669</value>
         <object_component_ref idref="oc-37"/>
      </symbol>
      <symbol id="sm-1276">
         <name>vPortEnterCritical</name>
         <value>0x200106a5</value>
         <object_component_ref idref="oc-37"/>
      </symbol>
      <symbol id="sm-1287">
         <name>portCLZ</name>
         <value>0x20010c75</value>
         <object_component_ref idref="oc-32"/>
      </symbol>
      <symbol id="sm-1288">
         <name>xPortPendSVHandler</name>
         <value>0x20010be9</value>
         <object_component_ref idref="oc-32"/>
      </symbol>
      <symbol id="sm-1289">
         <name>vPortClearInterruptMask</name>
         <value>0x20010bdb</value>
         <object_component_ref idref="oc-32"/>
      </symbol>
      <symbol id="sm-128a">
         <name>ulPortSetInterruptMask</name>
         <value>0x20010bc5</value>
         <object_component_ref idref="oc-32"/>
      </symbol>
      <symbol id="sm-128b">
         <name>prvPortStartFirstTask</name>
         <value>0x20010c5d</value>
         <object_component_ref idref="oc-32"/>
      </symbol>
      <symbol id="sm-128c">
         <name>vPortSVCHandler</name>
         <value>0x20010c35</value>
         <object_component_ref idref="oc-32"/>
      </symbol>
      <symbol id="sm-13f5">
         <name>vTaskDelay</name>
         <value>0x2000648b</value>
         <object_component_ref idref="oc-7a"/>
      </symbol>
      <symbol id="sm-13f6">
         <name>vTaskSuspendAll</name>
         <value>0x200068c9</value>
         <object_component_ref idref="oc-7a"/>
      </symbol>
      <symbol id="sm-13f7">
         <name>vTaskPriorityInherit</name>
         <value>0x20007121</value>
         <object_component_ref idref="oc-7a"/>
      </symbol>
      <symbol id="sm-13f8">
         <name>vTaskList</name>
         <value>0x20006a01</value>
         <object_component_ref idref="oc-7a"/>
      </symbol>
      <symbol id="sm-13f9">
         <name>vTaskPlaceOnEventList</name>
         <value>0x20006c59</value>
         <object_component_ref idref="oc-7a"/>
      </symbol>
      <symbol id="sm-13fa">
         <name>vTaskSetTaskNumber</name>
         <value>0x20006dfd</value>
         <object_component_ref idref="oc-7a"/>
      </symbol>
      <symbol id="sm-13fb">
         <name>xTaskCheckForTimeOut</name>
         <value>0x20006d55</value>
         <object_component_ref idref="oc-7a"/>
      </symbol>
      <symbol id="sm-13fc">
         <name>vTaskPrioritySet</name>
         <value>0x20006599</value>
         <object_component_ref idref="oc-7a"/>
      </symbol>
      <symbol id="sm-13fd">
         <name>vTaskStartScheduler</name>
         <value>0x2000686d</value>
         <object_component_ref idref="oc-7a"/>
      </symbol>
      <symbol id="sm-13fe">
         <name>pcTaskGetTaskName</name>
         <value>0x200069d7</value>
         <object_component_ref idref="oc-7a"/>
      </symbol>
      <symbol id="sm-13ff">
         <name>vTaskPriorityDisinherit</name>
         <value>0x200071e1</value>
         <object_component_ref idref="oc-7a"/>
      </symbol>
      <symbol id="sm-1400">
         <name>vTaskDelayUntil</name>
         <value>0x200063f1</value>
         <object_component_ref idref="oc-7a"/>
      </symbol>
      <symbol id="sm-1401">
         <name>uxTaskGetTaskNumber</name>
         <value>0x20006ddd</value>
         <object_component_ref idref="oc-7a"/>
      </symbol>
      <symbol id="sm-1402">
         <name>vTaskEndScheduler</name>
         <value>0x200068b3</value>
         <object_component_ref idref="oc-7a"/>
      </symbol>
      <symbol id="sm-1403">
         <name>vTaskMissedYield</name>
         <value>0x20006dcd</value>
         <object_component_ref idref="oc-7a"/>
      </symbol>
      <symbol id="sm-1404">
         <name>uxTaskGetNumberOfTasks</name>
         <value>0x200069d1</value>
         <object_component_ref idref="oc-7a"/>
      </symbol>
      <symbol id="sm-1405">
         <name>uxTaskPriorityGet</name>
         <value>0x2000655d</value>
         <object_component_ref idref="oc-7a"/>
      </symbol>
      <symbol id="sm-1406">
         <name>xTaskResumeAll</name>
         <value>0x200068d9</value>
         <object_component_ref idref="oc-7a"/>
      </symbol>
      <symbol id="sm-1407">
         <name>xTaskGetTickCount</name>
         <value>0x2000699b</value>
         <object_component_ref idref="oc-7a"/>
      </symbol>
      <symbol id="sm-1408">
         <name>xTaskGenericCreate</name>
         <value>0x20006249</value>
         <object_component_ref idref="oc-7a"/>
      </symbol>
      <symbol id="sm-1409">
         <name>vTaskDelete</name>
         <value>0x20006367</value>
         <object_component_ref idref="oc-7a"/>
      </symbol>
      <symbol id="sm-140a">
         <name>pxCurrentTCB</name>
         <value>0x2001f744</value>
         <object_component_ref idref="oc-80"/>
      </symbol>
      <symbol id="sm-140b">
         <name>eTaskGetState</name>
         <value>0x200064dd</value>
         <object_component_ref idref="oc-7a"/>
      </symbol>
      <symbol id="sm-140c">
         <name>vTaskSuspend</name>
         <value>0x20006699</value>
         <object_component_ref idref="oc-7a"/>
      </symbol>
      <symbol id="sm-140d">
         <name>xTaskGetIdleTaskHandle</name>
         <value>0x20006ab9</value>
         <object_component_ref idref="oc-7a"/>
      </symbol>
      <symbol id="sm-140e">
         <name>xTaskGetTickCountFromISR</name>
         <value>0x200069b9</value>
         <object_component_ref idref="oc-7a"/>
      </symbol>
      <symbol id="sm-140f">
         <name>vTaskResume</name>
         <value>0x20006781</value>
         <object_component_ref idref="oc-7a"/>
      </symbol>
      <symbol id="sm-1410">
         <name>vTaskSetTimeOutState</name>
         <value>0x20006d31</value>
         <object_component_ref idref="oc-7a"/>
      </symbol>
      <symbol id="sm-1411">
         <name>vTaskIncrementTick</name>
         <value>0x20006add</value>
         <object_component_ref idref="oc-7a"/>
      </symbol>
      <symbol id="sm-1412">
         <name>vTaskSwitchContext</name>
         <value>0x20006bd1</value>
         <object_component_ref idref="oc-7a"/>
      </symbol>
      <symbol id="sm-1413">
         <name>xTaskGetSchedulerState</name>
         <value>0x200070d3</value>
         <object_component_ref idref="oc-7a"/>
      </symbol>
      <symbol id="sm-1414">
         <name>xTaskResumeFromISR</name>
         <value>0x200067f1</value>
         <object_component_ref idref="oc-7a"/>
      </symbol>
      <symbol id="sm-1415">
         <name>xTaskGetCurrentTaskHandle</name>
         <value>0x200070c3</value>
         <object_component_ref idref="oc-7a"/>
      </symbol>
      <symbol id="sm-1416">
         <name>xTaskRemoveFromEventList</name>
         <value>0x20006cb9</value>
         <object_component_ref idref="oc-7a"/>
      </symbol>
      <symbol id="sm-1417">
         <name>xTaskIsTaskSuspended</name>
         <value>0x2000672d</value>
         <object_component_ref idref="oc-7a"/>
      </symbol>
      <symbol id="sm-142b">
         <name>sprintf</name>
         <value>0x200112d5</value>
         <object_component_ref idref="oc-100"/>
      </symbol>
      <symbol id="sm-143b">
         <name>strcat</name>
         <value>0x200117b9</value>
         <object_component_ref idref="oc-dd"/>
      </symbol>
      <symbol id="sm-1451">
         <name>uxListRemove</name>
         <value>0x200105d7</value>
         <object_component_ref idref="oc-cd"/>
      </symbol>
      <symbol id="sm-1452">
         <name>vListInsert</name>
         <value>0x20010571</value>
         <object_component_ref idref="oc-cd"/>
      </symbol>
      <symbol id="sm-1453">
         <name>vListInitialiseItem</name>
         <value>0x2001051d</value>
         <object_component_ref idref="oc-cd"/>
      </symbol>
      <symbol id="sm-1454">
         <name>vListInsertEnd</name>
         <value>0x2001052d</value>
         <object_component_ref idref="oc-cd"/>
      </symbol>
      <symbol id="sm-1455">
         <name>vListInitialise</name>
         <value>0x200104ed</value>
         <object_component_ref idref="oc-cd"/>
      </symbol>
      <symbol id="sm-14fc">
         <name>xQueueIsQueueEmptyFromISR</name>
         <value>0x2000aea7</value>
         <object_component_ref idref="oc-23f"/>
      </symbol>
      <symbol id="sm-14fd">
         <name>xQueueGenericSendFromISR</name>
         <value>0x2000aa4d</value>
         <object_component_ref idref="oc-23f"/>
      </symbol>
      <symbol id="sm-14fe">
         <name>uxQueueMessagesWaiting</name>
         <value>0x2000ac9b</value>
         <object_component_ref idref="oc-23f"/>
      </symbol>
      <symbol id="sm-14ff">
         <name>vQueueAddToRegistry</name>
         <value>0x2000af0b</value>
         <object_component_ref idref="oc-23f"/>
      </symbol>
      <symbol id="sm-1500">
         <name>xQueueIsQueueFullFromISR</name>
         <value>0x2000aee9</value>
         <object_component_ref idref="oc-23f"/>
      </symbol>
      <symbol id="sm-1501">
         <name>xQueueSelectFromSet</name>
         <value>0x2000b005</value>
         <object_component_ref idref="oc-23f"/>
      </symbol>
      <symbol id="sm-1502">
         <name>xQueueGenericCreate</name>
         <value>0x2000a691</value>
         <object_component_ref idref="oc-23f"/>
      </symbol>
      <symbol id="sm-1503">
         <name>xQueueSelectFromSetFromISR</name>
         <value>0x2000b01f</value>
         <object_component_ref idref="oc-23f"/>
      </symbol>
      <symbol id="sm-1504">
         <name>xQueueCreateMutex</name>
         <value>0x2000a705</value>
         <object_component_ref idref="oc-23f"/>
      </symbol>
      <symbol id="sm-1505">
         <name>vQueueSetQueueNumber</name>
         <value>0x2000acf1</value>
         <object_component_ref idref="oc-23f"/>
      </symbol>
      <symbol id="sm-1506">
         <name>xQueueGenericSend</name>
         <value>0x2000a7a3</value>
         <object_component_ref idref="oc-23f"/>
      </symbol>
      <symbol id="sm-1507">
         <name>xQueueGenericReset</name>
         <value>0x2000a601</value>
         <object_component_ref idref="oc-23f"/>
      </symbol>
      <symbol id="sm-1508">
         <name>xQueueReceiveFromISR</name>
         <value>0x2000ac23</value>
         <object_component_ref idref="oc-23f"/>
      </symbol>
      <symbol id="sm-1509">
         <name>xQueueRegistry</name>
         <value>0x2001f450</value>
         <object_component_ref idref="oc-35d"/>
      </symbol>
      <symbol id="sm-150a">
         <name>ucQueueGetQueueNumber</name>
         <value>0x2000ace1</value>
         <object_component_ref idref="oc-23f"/>
      </symbol>
      <symbol id="sm-150b">
         <name>xQueueAltGenericReceive</name>
         <value>0x2000a951</value>
         <object_component_ref idref="oc-23f"/>
      </symbol>
      <symbol id="sm-150c">
         <name>uxQueueMessagesWaitingFromISR</name>
         <value>0x2000acb1</value>
         <object_component_ref idref="oc-23f"/>
      </symbol>
      <symbol id="sm-150d">
         <name>xQueueGenericReceive</name>
         <value>0x2000aae3</value>
         <object_component_ref idref="oc-23f"/>
      </symbol>
      <symbol id="sm-150e">
         <name>xQueueCreateCountingSemaphore</name>
         <value>0x2000a783</value>
         <object_component_ref idref="oc-23f"/>
      </symbol>
      <symbol id="sm-150f">
         <name>vQueueDelete</name>
         <value>0x2000acc3</value>
         <object_component_ref idref="oc-23f"/>
      </symbol>
      <symbol id="sm-1510">
         <name>xQueueAddToSet</name>
         <value>0x2000af9b</value>
         <object_component_ref idref="oc-23f"/>
      </symbol>
      <symbol id="sm-1511">
         <name>xQueueAltGenericSend</name>
         <value>0x2000a8a7</value>
         <object_component_ref idref="oc-23f"/>
      </symbol>
      <symbol id="sm-1512">
         <name>xQueueCreateSet</name>
         <value>0x2000af87</value>
         <object_component_ref idref="oc-23f"/>
      </symbol>
      <symbol id="sm-1513">
         <name>xQueueRemoveFromSet</name>
         <value>0x2000afc3</value>
         <object_component_ref idref="oc-23f"/>
      </symbol>
      <symbol id="sm-1514">
         <name>ucQueueGetQueueType</name>
         <value>0x2000ad09</value>
         <object_component_ref idref="oc-23f"/>
      </symbol>
      <symbol id="sm-1530">
         <name>vsnprintf</name>
         <value>0x20010f8d</value>
         <object_component_ref idref="oc-20b"/>
      </symbol>
      <symbol id="sm-1531">
         <name>__TI_static_base__</name>
         <value>0x20011fc0</value>
      </symbol>
      <symbol id="sm-1532">
         <name>SHT$$INIT_ARRAY$$Limit</name>
         <value>0x0</value>
      </symbol>
      <symbol id="sm-1533">
         <name>SHT$$INIT_ARRAY$$Base</name>
         <value>0x0</value>
      </symbol>
      <symbol id="sm-1534">
         <name>__TI_args_main</name>
         <value>0x1</value>
      </symbol>
      <symbol id="sm-1538">
         <name>remove</name>
         <value>0x2000f06d</value>
      </symbol>
   </symbol_table>
   <title>Link successful</title>
</link_info>
