******************************************************************************
                  TI ARM Linker PC v5.1.7                      
******************************************************************************
>> Linked Wed Aug 13 15:03:38 2014

OUTPUT FILE NAME:   <wylightFirmwareRTOS.out>
ENTRY POINT SYMBOL: "_c_int00"  address: 20011891


MEMORY CONFIGURATION

         name            origin    length      used     unused   attr    fill
----------------------  --------  ---------  --------  --------  ----  --------
  SRAM_CODE             20004000   00012fff  0000e2f4  00004d0b  RW X
  SRAM_DATA             20017000   00019000  0000984e  0000f7b2  RW X


SEGMENT ALLOCATION MAP

run origin  load origin   length   init length attrs members
----------  ----------- ---------- ----------- ----- -------
20004000    20004000    0000e2f8   0000e2f8    r-x
  20004000    20004000    00000400   00000400    r-- .intvecs
  20004400    20004400    0000d6d4   0000d6d4    r-x .text
  20011ad4    20011ad4    00000720   00000720    r-- .const
  200121f8    200121f8    00000100   00000100    r-- .cinit
20017000    20017000    00008850   00000000    rw-
  20017000    20017000    00008000   00000000    rw- .sysmem
  2001f000    2001f000    00000582   00000000    rw- .bss
  2001f584    2001f584    000002cc   00000000    rw- .data
2002f000    2002f000    00001000   00000000    rw-
  2002f000    2002f000    00001000   00000000    rw- .stack


SECTION ALLOCATION MAP

 output                                  attributes/
section   page    origin      length       input sections
--------  ----  ----------  ----------   ----------------
.init_array 
*          0    20004000    00000000     UNINITIALIZED

.intvecs   0    20004000    00000400     
                  20004000    00000400     startup_ccs.obj (.intvecs)

.text      0    20004400    0000d6d4     
                  20004400    00001e48     simplelink.a : driver.obj (.text)
                  20006248    00001040     free_rtos.a : tasks.obj (.text)
                  20007288    00000ec0     rtsv7M4_T_le_eabi.lib : _printfi.obj (.text)
                  20008148    00000d88     simplelink.a : socket.obj (.text)
                  20008ed0    00000bec     network_if.obj (.text)
                  20009abc    00000b44     simplelink.a : netapp.obj (.text)
                  2000a600    00000a88     free_rtos.a : queue.obj (.text)
                  2000b088    00000a5c     simplelink.a : wlan.obj (.text)
                  2000bae4    0000098c     driverlib.a : prcm.obj (.text)
                  2000c470    0000079c                 : spi.obj (.text)
                  2000cc0c    00000668     simplelink.a : cc_pal.obj (.text)
                  2000d274    0000054c                  : device.obj (.text)
                  2000d7c0    000004a4     driverlib.a : udma.obj (.text)
                  2000dc64    0000048c                 : uart.obj (.text)
                  2000e0f0    0000040e     wifi.obj (.text)
                  2000e4fe    00000002     --HOLE-- [fill = 0]
                  2000e500    000003dc     rtsv7M4_T_le_eabi.lib : memory.obj (.text)
                  2000e8dc    00000398     free_rtos.a : osi_freertos.obj (.text)
                  2000ec74    00000370     driverlib.a : interrupt.obj (.text)
                  2000efe4    00000310     rtsv7M4_T_le_eabi.lib : lowlev.obj (.text)
                  2000f2f4    00000300     driverlib.a : flash.obj (.text)
                  2000f5f4    000002d4     rtsv7M4_T_le_eabi.lib : trgdrv.obj (.text)
                  2000f8c8    00000284     driverlib.a : pin.obj (.text)
                  2000fb4c    000001f4     rtsv7M4_T_le_eabi.lib : ull_div_t2.obj (.text)
                  2000fd40    000001dc     broadcast.obj (.text)
                  2000ff1c    000001d4     uart_if.obj (.text)
                  200100f0    000001c0     rtsv7M4_T_le_eabi.lib : fopen.obj (.text)
                  200102b0    000001b6                           : fd_add_t2.obj (.text)
                  20010466    00000136                           : fd_div_t2.obj (.text)
                  2001059c    00000134                           : fputs.obj (.text)
                  200106d0    00000132     free_rtos.a : list.obj (.text)
                  20010802    00000002     --HOLE-- [fill = 0]
                  20010804    00000124     main.obj (.text)
                  20010928    0000010c     free_rtos.a : port.obj (.text)
                  20010a34    00000100     simplelink.a : netcfg.obj (.text)
                  20010b34    000000fc     rtsv7M4_T_le_eabi.lib : fd_mul_t2.obj (.text)
                  20010c30    000000dc                           : setvbuf.obj (.text)
                  20010d0c    000000c0                           : fflush.obj (.text)
                  20010dcc    000000ba     free_rtos.a : portasm.obj (.text)
                  20010e86    000000ac     rtsv7M4_T_le_eabi.lib : _io_perm.obj (.text)
                  20010f32    00000002     --HOLE-- [fill = 0]
                  20010f34    0000009c                           : fputc.obj (.text)
                  20010fd0    0000009c                           : memcpy_t2.obj (.text)
                  2001106c    00000098                           : fclose.obj (.text)
                  20011104    00000094                           : auto_init.obj (.text)
                  20011198    00000088                           : vsnprintf.obj (.text)
                  20011220    00000086                           : fd_cmp_t2.obj (.text:__aeabi_cdcmple)
                  200112a6    00000086                           : fd_cmp_t2.obj (.text:__aeabi_cdrcmple)
                  2001132c    00000078                           : memset_t2.obj (.text)
                  200113a4    00000070                           : printf.obj (.text)
                  20011414    00000068     simplelink.a : flowcont.obj (.text)
                  2001147c    00000064     rtsv7M4_T_le_eabi.lib : fseek.obj (.text)
                  200114e0    00000060                           : sprintf.obj (.text)
                  20011540    00000060                           : trgmsg.obj (.text)
                  200115a0    0000005e     driverlib.a : cpu.obj (.text)
                  200115fe    0000005e     rtsv7M4_T_le_eabi.lib : copy_decompress_rle.obj (.text)
                  2001165c    0000005a                           : ltoa.obj (.text)
                  200116b6    00000002     --HOLE-- [fill = 0]
                  200116b8    0000004c                           : atoi.obj (.text)
                  20011704    00000048                           : fd_toi_t2.obj (.text)
                  2001174c    00000044                           : cpy_tbl.obj (.text)
                  20011790    00000044                           : exit.obj (.text)
                  200117d4    00000044                           : xdtest.obj (.text)
                  20011818    00000040                           : strtok.obj (.text)
                  20011858    00000038     free_rtos.a : heap_3.obj (.text)
                  20011890    00000034     rtsv7M4_T_le_eabi.lib : boot.obj (.text)
                  200118c4    00000030                           : strncpy.obj (.text)
                  200118f4    0000002e                           : i_tofd_t2.obj (.text)
                  20011922    0000002a                           : strspn.obj (.text)
                  2001194c    00000022                           : strcspn.obj (.text)
                  2001196e    0000001e                           : ll_lsr_t2.obj (.text)
                  2001198c    0000001c     pinmux.obj (.text)
                  200119a8    0000001c     rtsv7M4_T_le_eabi.lib : memccpy.obj (.text)
                  200119c4    0000001a                           : strcat.obj (.text)
                  200119de    00000002     --HOLE-- [fill = 0]
                  200119e0    00000018                           : args_main.obj (.text)
                  200119f8    00000018                           : ll_mul_t2.obj (.text)
                  20011a10    00000018                           : strcmp.obj (.text)
                  20011a28    00000016                           : memchr.obj (.text)
                  20011a3e    00000016                           : strchr.obj (.text)
                  20011a54    00000014                           : _lock.obj (.text)
                  20011a68    00000014                           : strlen.obj (.text)
                  20011a7c    00000012                           : copy_zero_init.obj (.text:decompress:ZI)
                  20011a8e    00000010                           : strcpy.obj (.text)
                  20011a9e    0000000e                           : copy_decompress_none.obj (.text:decompress:none)
                  20011aac    0000000e                           : xdclass.obj (.text)
                  20011aba    0000000e     startup_ccs.obj (.text)
                  20011ac8    00000006     driverlib.a : utils.obj (.text:UtilsDelay)
                  20011ace    00000006     rtsv7M4_T_le_eabi.lib : copy_decompress_rle.obj (.text:decompress:rle24)

.const     0    20011ad4    00000720     
                  20011ad4    00000102     rtsv7M4_T_le_eabi.lib : ctype.obj (.const:.string:_ctypes_)
                  20011bd6    00000002     --HOLE-- [fill = 0]
                  20011bd8    00000100     driverlib.a : pin.obj (.const:g_ulPinToPadMap)
                  20011cd8    000000d4                 : interrupt.obj (.const:g_pulRegs)
                  20011dac    000000b0     simplelink.a : wlan.obj (.const:$P$T0$1)
                  20011e5c    000000a0     driverlib.a : prcm.obj (.const:PRCM_PeriphRegsList)
                  20011efc    00000080                 : interrupt.obj (.const)
                  20011f7c    00000040                 : flash.obj (.const:g_pulFMPPERegs)
                  20011fbc    00000040                 : flash.obj (.const:g_pulFMPRERegs)
                  20011ffc    0000003c     simplelink.a : wlan.obj (.const)
                  20012038    00000038                  : driver.obj (.const:_SlActionLookupTable)
                  20012070    00000034                  : socket.obj (.const)
                  200120a4    0000002c     network_if.obj (.const:$P$T0$1)
                  200120d0    0000002c     wifi.obj (.const:$P$T1$2)
                  200120fc    0000002b     broadcast.obj (.const:.string)
                  20012127    00000001     --HOLE-- [fill = 0]
                  20012128    00000028     simplelink.a : netapp.obj (.const)
                  20012150    00000024     driverlib.a : spi.obj (.const:g_ppulSPIIntMap)
                  20012174    00000018                 : spi.obj (.const)
                  2001218c    00000014     simplelink.a : device.obj (.const)
                  200121a0    00000014                  : driver.obj (.const)
                  200121b4    00000010     driverlib.a : uart.obj (.const)
                  200121c4    00000010     network_if.obj (.const)
                  200121d4    0000000c     wifi.obj (.const)
                  200121e0    0000000b     network_if.obj (.const:.string)
                  200121eb    00000001     --HOLE-- [fill = 0]
                  200121ec    00000008     simplelink.a : netcfg.obj (.const)

.cinit     0    200121f8    00000100     
                  200121f8    000000db     (.cinit..data.load) [load image, compression = rle]
                  200122d3    00000001     --HOLE-- [fill = 0]
                  200122d4    0000000c     (__TI_handler_table)
                  200122e0    00000008     (.cinit..bss.load) [load image, compression = zero_init]
                  200122e8    00000010     (__TI_cinit_table)

.sysmem    0    20017000    00008000     UNINITIALIZED
                  20017000    00000008     rtsv7M4_T_le_eabi.lib : memory.obj (.sysmem)
                  20017008    00007ff8     --HOLE--

.bss       0    2001f000    00000582     UNINITIALIZED
                  2001f000    00000178     simplelink.a : driver.obj (.bss:g_StatMem)
                  2001f178    00000120     rtsv7M4_T_le_eabi.lib : trgmsg.obj (.bss:__CIOBUF_)
                  2001f298    000000c8     free_rtos.a : tasks.obj (.bss:pxReadyTasksLists)
                  2001f360    000000a0     rtsv7M4_T_le_eabi.lib : defs.obj (.bss:__TI_tmpnams)
                  2001f400    00000050     simplelink.a : cc_pal.obj (.bss:g_ucDinDout)
                  2001f450    00000050     free_rtos.a : queue.obj (.bss:xQueueRegistry)
                  2001f4a0    0000002c                 : tasks.obj (.bss:pcStatusString$1)
                  2001f4cc    00000024     network_if.obj (.bss:g_ucConnectionSSID)
                  2001f4f0    00000014     (.common:xDelayedTaskList1)
                  2001f504    00000014     (.common:xDelayedTaskList2)
                  2001f518    00000014     (.common:xPendingReadyList)
                  2001f52c    00000014     (.common:xSuspendedTaskList)
                  2001f540    00000014     (.common:xTasksWaitingTermination)
                  2001f554    00000008     (.common:g_ucConnectionBSSID)
                  2001f55c    00000008     (.common:parmbuf)
                  2001f564    00000004     (.common:DMAMsgQ)
                  2001f568    00000004     (.common:__Errorlog)
                  2001f56c    00000004     (.common:g_cDummy)
                  2001f570    00000004     (.common:pxDelayedTaskList)
                  2001f574    00000004     (.common:pxOverflowDelayedTaskList)
                  2001f578    00000004     (.common:xSimpleLinkSpawnQueue)
                  2001f57c    00000004     (.common:xSimpleLinkSpawnTaskHndl)
                  2001f580    00000002     (.common:g_usConnectIndex)

.data      0    2001f584    000002cc     UNINITIALIZED
                  2001f584    000000f0     rtsv7M4_T_le_eabi.lib : defs.obj (.data:_ftable)
                  2001f674    000000d0                           : lowlev.obj (.data)
                  2001f744    0000006e     broadcast.obj (.data:mBroadcastMessage)
                  2001f7b2    00000002     --HOLE--
                  2001f7b4    00000038     free_rtos.a : tasks.obj (.data)
                  2001f7ec    00000010     rtsv7M4_T_le_eabi.lib : defs.obj (.data)
                  2001f7fc    00000010     simplelink.a : cc_pal.obj (.data)
                  2001f80c    0000000c     network_if.obj (.data)
                  2001f818    0000000c     rtsv7M4_T_le_eabi.lib : memory.obj (.data)
                  2001f824    00000008                           : _lock.obj (.data)
                  2001f82c    00000008                           : exit.obj (.data)
                  2001f834    00000008     simplelink.a : driver.obj (.data)
                  2001f83c    00000004     free_rtos.a : osi_freertos.obj (.data)
                  2001f840    00000004                 : port.obj (.data)
                  2001f844    00000004     rtsv7M4_T_le_eabi.lib : fopen.obj (.data)
                  2001f848    00000004                           : stkdepth_vars.obj (.data)
                  2001f84c    00000004                           : strtok.obj (.data)

.stack     0    2002f000    00001000     UNINITIALIZED
                  2002f000    00001000     --HOLE--


LINKER GENERATED COPY TABLES

__TI_cinit_table @ 200122e8 records: 2, size/record: 8, table size: 16
	.data: load addr=200121f8, load size=000000db bytes, run addr=2001f584, run size=000002cc bytes, compression=rle
	.bss: load addr=200122e0, load size=00000008 bytes, run addr=2001f000, run size=00000582 bytes, compression=zero_init


LINKER GENERATED HANDLER TABLE

__TI_handler_table @ 200122d4 records: 3, size/record: 4, table size: 12
	index: 0, handler: __TI_decompress_rle24
	index: 1, handler: __TI_decompress_none
	index: 2, handler: __TI_zero_init


GLOBAL SYMBOLS: SORTED ALPHABETICALLY BY Name 

address    name
--------   ----
2000fd41   Broadcast_Task
20011791   C$$EXIT
2001156b   C$$IO$$
200115f5   CPUbasepriGet
200115df   CPUbasepriSet
200115a1   CPUcpsid
200115bf   CPUcpsie
200115b5   CPUprimask
200115d3   CPUwfi
2000ff5d   ClearTerm
20009339   ConfigureSimpleLinkToDefaultState
2000a0c9   CopyPingResultsToReport
2001f564   DMAMsgQ
2000cce9   DmaSpiSwIntHandler
2000ff67   Error
2000f2f5   FlashDisable
2000f32b   FlashErase
2000f365   FlashEraseNonBlocking
2000f5a1   FlashIntClear
2000f571   FlashIntDisable
2000f55d   FlashIntEnable
2000f539   FlashIntRegister
2000f585   FlashIntStatus
2000f54d   FlashIntUnregister
2000f383   FlashMassErase
2000f3af   FlashMassEraseNonBlocking
2000f3bf   FlashProgram
2000f441   FlashProgramNonBlocking
2000f4c3   FlashProtectGet
2000ff9f   GetCmd
2000d275   GetStartResponseConvert
2000f881   HOSTclock
2000f849   HOSTclose
2000f80b   HOSTgetenv
2000f7af   HOSTlseek
2000f75d   HOSTopen
2000f711   HOSTread
2000f6b3   HOSTrename
2000f679   HOSTtime
2000f641   HOSTunlink
2000f5f5   HOSTwrite
2000d095   HostIntHanlder
2000ff1d   InitTerm
20009159   InitializeAppVariables
2000ee31   IntDisable
2000ed97   IntEnable
2000ec81   IntMasterDisable
2000ec77   IntMasterEnable
2000ef59   IntPendClear
2000eecb   IntPendSet
2000ed73   IntPriorityGet
2000eceb   IntPriorityGroupingGet
2000ecd1   IntPriorityGroupingSet
2000efbd   IntPriorityMaskGet
2000efb1   IntPriorityMaskSet
2000ed23   IntPrioritySet
2000ec9b   IntRegister
2000ecb7   IntUnregister
2000ec8b   IntVTableBaseSet
2000e0f1   Main_Task
2000ff3b   Message
200095f5   Network_IF_ConnectAP
200098cf   Network_IF_CurrentMCUState
2000957b   Network_IF_DeInitDriver
20009749   Network_IF_DisconnectFromAP
20009875   Network_IF_GetHostIP
20009521   Network_IF_InitDriver
20009761   Network_IF_IpConfigGet
200098c7   Network_IF_ResetMCUStateMachine
200098d5   Network_IF_SetMCUMachineState
200098f1   Network_IF_UnsetMCUMachineState
2000d0db   NwpMaskInterrupt
2000d1a1   NwpPowerOff
2000d171   NwpPowerOn
2000d101   NwpPowerOnPreamble
2000d0a9   NwpRegisterInterruptHandler
2000d0e9   NwpUnMaskInterrupt
2000c359   PRCMCC3200MCUInit
2000bd91   PRCMDeepSleepEnter
2000bf5b   PRCMHibernateEnter
2000be95   PRCMHibernateIntervalSet
2000bf09   PRCMHibernateWakeUpGPIOSelect
2000be79   PRCMHibernateWakeupCauseGet
2000be53   PRCMHibernateWakeupSourceDisable
2000be2d   PRCMHibernateWakeupSourceEnable
2000bc77   PRCMI2SClockFreqSet
2000c09d   PRCMIntDisable
2000c069   PRCMIntEnable
2000c041   PRCMIntRegister
2000c0c1   PRCMIntStatus
2000c055   PRCMIntUnregister
2000bcdf   PRCMLPDSEnter
2000bd4b   PRCMLPDSIntervalSet
2000bcc7   PRCMLPDSRestoreInfoSet
2000bd6d   PRCMLPDSWakeUpGPIOSelect
2000bd45   PRCMLPDSWakeupCauseGet
2000bd31   PRCMLPDSWakeupSourceDisable
2000bd0f   PRCMLPDSWakeupSourceEnable
2000baf1   PRCMMCUReset
2000c027   PRCMOCRRegisterRead
2000c00d   PRCMOCRRegisterWrite
2000bb61   PRCMPeripheralClkDisable
2000bb35   PRCMPeripheralClkEnable
2000bb81   PRCMPeripheralClockGet
2000bbff   PRCMPeripheralReset
2000bc4d   PRCMPeripheralStatusGet
2000c189   PRCMRTCGet
2000c0d9   PRCMRTCInUseGet
2000c0c7   PRCMRTCInUseSet
2000c2bd   PRCMRTCMatchGet
2000c221   PRCMRTCMatchSet
2000c0f9   PRCMRTCSet
2000bae5   PRCMSOCReset
2000bdf9   PRCMSRAMRetentionDisable
2000bdc1   PRCMSRAMRetentionEnable
2000bd89   PRCMSleepEnter
2000bf6b   PRCMSlowClkCtrGet
2000bfcd   PRCMSlowClkCtrMatchGet
2000bfa5   PRCMSlowClkCtrMatchSet
2000bb11   PRCMSysResetCauseGet
2000f989   PinConfigGet
2000f9c7   PinConfigSet
2000f95f   PinDirModeGet
2000f92b   PinDirModeSet
2000f901   PinModeGet
2000f8c9   PinModeSet
2001198d   PinMuxConfig
2000fb11   PinTypeADC
2000fac7   PinTypeCamera
2000fae1   PinTypeGPIO
2000fa5d   PinTypeI2C
2000fa93   PinTypeI2S
2000fb25   PinTypeSDHost
2000fa79   PinTypeSPI
2000faad   PinTypeTimer
2000fa43   PinTypeUART
20010031   Report
20011abb   ResetISR
UNDEFED    SHT$$INIT_ARRAY$$Base
UNDEFED    SHT$$INIT_ARRAY$$Limit
20008de9   SL_FD_CLR
20008e0d   SL_FD_ISSET
20008dcb   SL_FD_SET
20008e31   SL_FD_ZERO
2000cb55   SPICSDisable
2000cb3d   SPICSEnable
2000c7cd   SPIConfigSetExpClk
2000c89b   SPIDataGet
2000c871   SPIDataGetNonBlocking
2000c8e3   SPIDataPut
2000c8bb   SPIDataPutNonBlocking
2000c75f   SPIDisable
2000c791   SPIDmaDisable
2000c777   SPIDmaEnable
2000c747   SPIEnable
2000c91b   SPIFIFODisable
2000c901   SPIFIFOEnable
2000c969   SPIFIFOLevelGet
2000c935   SPIFIFOLevelSet
2000caff   SPIIntClear
2000ca47   SPIIntDisable
2000ca03   SPIIntEnable
2000c9c5   SPIIntRegister
2000ca91   SPIIntStatus
2000c9e9   SPIIntUnregister
2000c7ab   SPIReset
2000cb6d   SPITransfer
2000c99d   SPIWordCountSet
2000cd07   SetupDMAReceive
2000cd81   SetupDMASend
20009115   SimpleLinkGeneralEventHandler
2000914d   SimpleLinkHttpServerCallback
200090a5   SimpleLinkNetAppEventHandler
2000912b   SimpleLinkSockEventHandler
20008ee9   SimpleLinkWlanEventHandler
2000dfc1   UARTBreakCtl
2000dfeb   UARTBusy
2000df69   UARTCharGet
2000df4d   UARTCharGetNonBlocking
2000dfa3   UARTCharPut
2000df7f   UARTCharPutNonBlocking
2000df13   UARTCharsAvail
2000dd85   UARTConfigGetExpClk
2000dd0f   UARTConfigSetExpClk
2000e0b3   UARTDMADisable
2000e09b   UARTDMAEnable
2000ddf5   UARTDisable
2000ddd1   UARTEnable
2000de35   UARTFIFODisable
2000de1f   UARTFIFOEnable
2000dce7   UARTFIFOLevelGet
2000dccf   UARTFIFOLevelSet
2000ded3   UARTFlowControlGet
2000deb7   UARTFlowControlSet
2000e089   UARTIntClear
2000e053   UARTIntDisable
2000e03b   UARTIntEnable
2000e003   UARTIntRegister
2000e06b   UARTIntStatus
2000e021   UARTIntUnregister
2000de6f   UARTModemControlClear
2000de93   UARTModemControlGet
2000de4b   UARTModemControlSet
2000dea5   UARTModemStatusGet
2000dcbd   UARTParityModeGet
2000dca1   UARTParityModeSet
2000e0e1   UARTRxErrorClear
2000e0cb   UARTRxErrorGet
2000df2b   UARTSpaceAvail
2000df01   UARTTxIntModeGet
2000dee5   UARTTxIntModeSet
20011ac9   UtilsDelay
2000eb2b   VDeleteSimpleLinkSpawnTask
2000eaf3   VStartSimpleLinkSpawnTask
20011aad   _Dclass
200117d5   _Dtest
20012084   _SlAcceptCmdCtrl
20012038   _SlActionLookupTable
20005189   _SlAsyncEventGenericHandler
20012198   _SlDeviceGetCmdCtrl
2001219c   _SlDeviceSetCmdCtrl
20005b09   _SlDrvBasicCmd
200057e9   _SlDrvClassifyRxMsg
2000458b   _SlDrvCmdOp
2000460b   _SlDrvCmdSend
20004659   _SlDrvDataReadOp
20004885   _SlDrvDataWriteOp
2000d729   _SlDrvDeviceEventHandler
200044bf   _SlDrvDriverCBDeinit
20004401   _SlDrvDriverCBInit
20011447   _SlDrvFlowContDeinit
20011415   _SlDrvFlowContInit
20004bd9   _SlDrvMsgRead
20005635   _SlDrvMsgReadCmdCtx
2000571b   _SlDrvMsgReadSpawnCtx
20004a17   _SlDrvMsgWrite
2000a4a5   _SlDrvNetAppEventHandler
20005ff7   _SlDrvObjDeInit
20005f7b   _SlDrvObjInit
20005d81   _SlDrvReleasePoolObj
20005941   _SlDrvRxHdrRead
2000454b   _SlDrvRxIrqHandler
200058fb   _SlDrvShiftDWord
20005b9d   _SlDrvWaitForPoolObj
20012194   _SlEventMaskGetCmdCtrl
20012190   _SlEventMaskSetCmdCtrl
200060d1   _SlFindAndSetActiveObj
2001213c   _SlGetHostByNameCtrl
20012138   _SlGetHostByServiceCtrl
20012130   _SlGetServiceListeCtrl
20012090   _SlGetSockOptCmdCtrl
20012080   _SlListenCmdCtrl
20012148   _SlNetAppGetCmdCtrl
20012144   _SlNetAppSendTokenValueCmdCtrl
20012140   _SlNetAppSetCmdCtrl
20012128   _SlNetAppStartCtrl
2001212c   _SlNetAppStopCtrl
200121f0   _SlNetCfgGetCmdCtrl
200121ec   _SlNetCfgSetCmdCtrl
20012000   _SlPolicyGetCmdCtrl
20011ffc   _SlPolicySetCmdCtrl
20012008   _SlProfileDelCmdCtrl
20012004   _SlProfileGetCmdCtrl
20012088   _SlRecvCmdCtrl
20012078   _SlRecvfomCmdCtrl
20012134   _SlRegisterServiceCtrl
20006017   _SlRemoveFromList
20012010   _SlRxFilterAddtCmdCtrl
20012018   _SlRxFilterGetCmdCtrl
20012014   _SlRxFilterSetCmdCtrl
20012094   _SlSelectCmdCtrl
2001207c   _SlSendCmdCtrl
2001208c   _SlSetSockOptCmdCtrl
2001201c   _SlSmartConfigStartCmdCtrl
20012074   _SlSockCloseCmdCtrl
20012070   _SlSockSocketCmdCtrl
2001218c   _SlStopCmdCtrl
20012028   _SlWlanCfgGetCmdCtrl
20012024   _SlWlanCfgSetCmdCtrl
2001200c   _SlWlanGetNetworkListCtrl
20012020   _SlWlanSetModeCmdCtrl
2001f178   __CIOBUF_
20030000   __STACK_END
00001000   __STACK_SIZE
00008000   __SYSMEM_SIZE
200122e8   __TI_CINIT_Base
200122f8   __TI_CINIT_Limit
200122d4   __TI_Handler_Table_Base
200122e0   __TI_Handler_Table_Limit
00000001   __TI_args_main
20011105   __TI_auto_init
200101b9   __TI_cleanup
2001f82c   __TI_cleanup_ptr
2001106d   __TI_closefile
20011a9f   __TI_decompress_none
20011acf   __TI_decompress_rle24
20010d0d   __TI_doflush
2001f830   __TI_dtors_ptr
2001f7ec   __TI_ft_end
20007e3f   __TI_printfi
20010ee9   __TI_rd_ok
2001156f   __TI_readmsg
200121f8   __TI_static_base__
2001f360   __TI_tmpnams
20011541   __TI_writemsg
20010e87   __TI_wrt_ok
20011a7d   __TI_zero_init
20011221   __aeabi_cdcmpeq
20011221   __aeabi_cdcmple
200112a7   __aeabi_cdrcmple
20011705   __aeabi_d2iz
200102bb   __aeabi_dadd
20010467   __aeabi_ddiv
20010b35   __aeabi_dmul
200102b1   __aeabi_dsub
200118f5   __aeabi_i2d
2001196f   __aeabi_llsr
200119f9   __aeabi_lmul
2001132d   __aeabi_memclr
2001132d   __aeabi_memclr4
2001132d   __aeabi_memclr8
20010fd1   __aeabi_memcpy
20010fd1   __aeabi_memcpy4
20010fd1   __aeabi_memcpy8
2001132f   __aeabi_memset
2001132f   __aeabi_memset4
2001132f   __aeabi_memset8
2001f7f8   __aeabi_stderr
2001f7f0   __aeabi_stdin
2001f7f4   __aeabi_stdout
2000fb4d   __aeabi_uldivmod
ffffffff   __binit__
ffffffff   __c_args__
2002f000   __stack
200119e1   _args_main
20011891   _c_int00
20011ad4   _ctypes_
2001f584   _ftable
2001f824   _lock
20011a63   _nop
20011a5b   _register_lock
20011a55   _register_unlock
20008149   _sl_BuildAddress
20008a75   _sl_HandleAsync_Accept
200086c5   _sl_HandleAsync_Connect
20009ed7   _sl_HandleAsync_DnsGetHostByAddr
2000a015   _sl_HandleAsync_DnsGetHostByName
20009e0d   _sl_HandleAsync_DnsGetHostByService
2000d3b5   _sl_HandleAsync_InitComplete
2000a141   _sl_HandleAsync_PingResponse
20008e49   _sl_HandleAsync_Select
2000d455   _sl_HandleAsync_Stop
20008241   _sl_ParseAddress
20008197   _sl_TruncatePayloadByProtocol
20017000   _sys_memory
2001f828   _unlock
20011795   abort
2000f247   add_device
200116b9   atoi
ffffffff   binit
2000e8a5   calloc
2000d1ef   cc_SetupTransfer
2000d1d1   cc_UDMAChannelSelect
2000f1f5   close
2001174d   copy_in
200064dd   eTaskGetState
2001179d   exit
200110d3   fclose
20010d59   fflush
2001020f   fopen
20010f35   fputc
2001059d   fputs
2000e5f5   free
200101e5   freopen
2001147d   fseek
200121a8   g_H2NCnysPattern
200121a0   g_H2NSyncPattern
2001f800   g_SpiFd
2001f000   g_StatMem
2001f56c   g_cDummy
2001f808   g_len
2001f834   g_pCB
2001f7fc   g_pHostIntHdl
20004000   g_pfnVectors
2001f554   g_ucConnectionBSSID
2001f4cc   g_ucConnectionSSID
2001f804   g_ucDMAEnabled
2001f400   g_ucDinDout
2001f814   g_ulGatewayIP
2001f810   g_ulStaIp
2001f80c   g_ulStatus
2001f580   g_usConnectIndex
20009985   itoa
2000f1d1   lseek
2001165d   ltoa
20010843   main
2001f848   main_func_sp
2000e58d   malloc
2000ebe3   mem_Free
2000ebd7   mem_Malloc
2000ec09   mem_copy
2000ebef   mem_set
2000e7c1   memalign
200119a9   memccpy
20011a29   memchr
20010fd1   memcpy
20011335   memset
2000e501   minit
2000f123   open
2000ec5f   osi_ContextRestore
2000ec5d   osi_ContextSave
2000ec1d   osi_EnterCritical
2000ec27   osi_ExitCritical
2000e903   osi_InterruptDeRegister
2000e8dd   osi_InterruptRegister
2000e9db   osi_LockObjCreate
2000ea47   osi_LockObjDelete
2000ea57   osi_LockObjLock
2000ea79   osi_LockObjUnlock
2000eb3f   osi_MsgQCreate
2000eb71   osi_MsgQDelete
2000eba7   osi_MsgQRead
2000eb81   osi_MsgQWrite
2000ec39   osi_Sleep
2000ea8f   osi_Spawn
2000e9c3   osi_SyncObjClear
2000e915   osi_SyncObjCreate
2000e955   osi_SyncObjDelete
2000e965   osi_SyncObjSignal
2000e97b   osi_SyncObjSignalFromISR
2000e9a1   osi_SyncObjWait
2000e9f7   osi_TaskCreate
2000ea39   osi_TaskDelete
2000ec49   osi_TaskDisable
2000ec53   osi_TaskEnable
2000ec31   osi_start
2001f838   pPingCallBackFunc
200121e0   pcDigits
200069d7   pcTaskGetTaskName
20010e81   portCLZ
200113ad   printf
20010e69   prvPortStartFirstTask
20010fb9   putc
20010fbd   putchar
200106a9   puts
20011859   pvPortMalloc
2001f7b4   pxCurrentTCB
20010929   pxPortInitialiseStack
2000f0ff   read
2000e6b5   realloc
2000f075   remove
2000f0d7   remove_device
2000f099   rename
20010c31   setvbuf
20008899   sl_Accept
2000830b   sl_Bind
200082e7   sl_Close
20008599   sl_Connect
2000d62d   sl_DevGet
2000d6c7   sl_DevSet
2000d5fd   sl_EventMaskGet
2000d5c7   sl_EventMaskSet
20008bcd   sl_GetSockOpt
200089f5   sl_Htonl
20008a35   sl_Htons
2000885d   sl_Listen
20009ee9   sl_NetAppDnsGetHostByName
20009cf1   sl_NetAppDnsGetHostByService
2000a415   sl_NetAppGet
20009afd   sl_NetAppGetServiceList
20009c77   sl_NetAppMDNSRegisterService
20009bc7   sl_NetAppMDNSRegisterUnregisterService
20009cb3   sl_NetAppMDNSUnRegisterService
2000a1f1   sl_NetAppPingStart
2000a3b5   sl_NetAppSendTokenValue
2000a34d   sl_NetAppSet
20009abd   sl_NetAppStart
20009add   sl_NetAppStop
20010a97   sl_NetCfgGet
20010a35   sl_NetCfgSet
20008afd   sl_Recv
2000848d   sl_RecvFrom
20008c5d   sl_Select
20008765   sl_Send
20008389   sl_SendTo
20008b6d   sl_SetSockOpt
2000829b   sl_Socket
2000d2cb   sl_Start
2000d4c7   sl_Stop
2000b089   sl_WlanConnect
2000b2ab   sl_WlanDisconnect
2000ba31   sl_WlanGet
2000b71d   sl_WlanGetNetworkList
2000b31d   sl_WlanPolicyGet
2000b2b7   sl_WlanPolicySet
2000b3bd   sl_WlanProfileAdd
2000b6f3   sl_WlanProfileDel
2000b619   sl_WlanProfileGet
2000b785   sl_WlanRxFilterAdd
2000b83f   sl_WlanRxFilterGet
2000b7ef   sl_WlanRxFilterSet
2000b8c9   sl_WlanRxStatGet
2000b8b1   sl_WlanRxStatStart
2000b8bd   sl_WlanRxStatStop
2000b9c1   sl_WlanSet
2000b995   sl_WlanSetMode
2000b90d   sl_WlanSmartConfigStart
2000b8fb   sl_WlanSmartConfigStop
2000cef5   spi_Close
2000cdfb   spi_Open
2000cf65   spi_Read
2000cc0d   spi_Read_CPU
2000d02d   spi_Write
2000cc7b   spi_Write_CPU
200114e1   sprintf
200119c5   strcat
20011a3f   strchr
20011a11   strcmp
20011a8f   strcpy
2001194d   strcspn
20011a69   strlen
200118c5   strncpy
20011923   strspn
20011819   strtok
2000dc09   uDMAChannelAssign
2000d8b9   uDMAChannelAttributeDisable
2000d865   uDMAChannelAttributeEnable
2000d90d   uDMAChannelAttributeGet
2000d97d   uDMAChannelControlSet
2000d7f7   uDMAChannelDisable
2000d7df   uDMAChannelEnable
2000d80f   uDMAChannelIsEnabled
2000db81   uDMAChannelModeGet
2000d84d   uDMAChannelRequest
2000dab1   uDMAChannelScatterGatherSet
2000db39   uDMAChannelSizeGet
2000d9b9   uDMAChannelTransferSet
2000d847   uDMAControlAlternateBaseGet
2000d841   uDMAControlBaseGet
2000d831   uDMAControlBaseSet
2000d7c9   uDMADisable
2000d7c1   uDMAEnable
2000d7d7   uDMAErrorStatusClear
2000d7d1   uDMAErrorStatusGet
2000dbf5   uDMAIntClear
2000dbc7   uDMAIntRegister
2000dbef   uDMAIntStatus
2000dbdd   uDMAIntUnregister
2000ace1   ucQueueGetQueueNumber
2000ad09   ucQueueGetQueueType
20010dd1   ulPortSetInterruptMask
2000f075   unlink
200107bb   uxListRemove
2000ac9b   uxQueueMessagesWaiting
2000acb1   uxQueueMessagesWaitingFromISR
200069d1   uxTaskGetNumberOfTasks
20006ddd   uxTaskGetTaskNumber
2000655d   uxTaskPriorityGet
20008edb   vApplicationIdleHook
20008edd   vApplicationMallocFailedHook
20008edf   vApplicationStackOverflowHook
20008ed1   vAssertCalled
200106d1   vListInitialise
20010701   vListInitialiseItem
20010755   vListInsert
20010711   vListInsertEnd
20010de7   vPortClearInterruptMask
20010999   vPortEndScheduler
200109ad   vPortEnterCritical
200109c5   vPortExitCritical
20011879   vPortFree
20010e41   vPortSVCHandler
20010a07   vPortSetupTimerInterrupt
2001099b   vPortYield
2000af0b   vQueueAddToRegistry
2000acc3   vQueueDelete
2000acf1   vQueueSetQueueNumber
2000648b   vTaskDelay
200063f1   vTaskDelayUntil
20006367   vTaskDelete
200068b3   vTaskEndScheduler
20006add   vTaskIncrementTick
20006a01   vTaskList
20006dcd   vTaskMissedYield
20006c59   vTaskPlaceOnEventList
200071e1   vTaskPriorityDisinherit
20007121   vTaskPriorityInherit
20006599   vTaskPrioritySet
20006781   vTaskResume
20006dfd   vTaskSetTaskNumber
20006d31   vTaskSetTimeOutState
2000686d   vTaskStartScheduler
20006699   vTaskSuspend
200068c9   vTaskSuspendAll
20006bd1   vTaskSwitchContext
20011199   vsnprintf
2000efe5   write
2001f83c   xHigherPriorityTaskWoken
20010df5   xPortPendSVHandler
20010971   xPortStartScheduler
200109e5   xPortSysTickHandler
2000af9b   xQueueAddToSet
2000a951   xQueueAltGenericReceive
2000a8a7   xQueueAltGenericSend
2000a783   xQueueCreateCountingSemaphore
2000a705   xQueueCreateMutex
2000af87   xQueueCreateSet
2000a691   xQueueGenericCreate
2000aae3   xQueueGenericReceive
2000a601   xQueueGenericReset
2000a7a3   xQueueGenericSend
2000aa4d   xQueueGenericSendFromISR
2000aea7   xQueueIsQueueEmptyFromISR
2000aee9   xQueueIsQueueFullFromISR
2000ac23   xQueueReceiveFromISR
2001f450   xQueueRegistry
2000afc3   xQueueRemoveFromSet
2000b005   xQueueSelectFromSet
2000b01f   xQueueSelectFromSetFromISR
2001f578   xSimpleLinkSpawnQueue
2001f57c   xSimpleLinkSpawnTaskHndl
20006d55   xTaskCheckForTimeOut
20006249   xTaskGenericCreate
200070c3   xTaskGetCurrentTaskHandle
20006ab9   xTaskGetIdleTaskHandle
200070d3   xTaskGetSchedulerState
2000699b   xTaskGetTickCount
200069b9   xTaskGetTickCountFromISR
2000672d   xTaskIsTaskSuspended
20006cb9   xTaskRemoveFromEventList
200068d9   xTaskResumeAll
200067f1   xTaskResumeFromISR


GLOBAL SYMBOLS: SORTED BY Symbol Address 

address    name
--------   ----
00000001   __TI_args_main
00001000   __STACK_SIZE
00008000   __SYSMEM_SIZE
20004000   g_pfnVectors
20004401   _SlDrvDriverCBInit
200044bf   _SlDrvDriverCBDeinit
2000454b   _SlDrvRxIrqHandler
2000458b   _SlDrvCmdOp
2000460b   _SlDrvCmdSend
20004659   _SlDrvDataReadOp
20004885   _SlDrvDataWriteOp
20004a17   _SlDrvMsgWrite
20004bd9   _SlDrvMsgRead
20005189   _SlAsyncEventGenericHandler
20005635   _SlDrvMsgReadCmdCtx
2000571b   _SlDrvMsgReadSpawnCtx
200057e9   _SlDrvClassifyRxMsg
200058fb   _SlDrvShiftDWord
20005941   _SlDrvRxHdrRead
20005b09   _SlDrvBasicCmd
20005b9d   _SlDrvWaitForPoolObj
20005d81   _SlDrvReleasePoolObj
20005f7b   _SlDrvObjInit
20005ff7   _SlDrvObjDeInit
20006017   _SlRemoveFromList
200060d1   _SlFindAndSetActiveObj
20006249   xTaskGenericCreate
20006367   vTaskDelete
200063f1   vTaskDelayUntil
2000648b   vTaskDelay
200064dd   eTaskGetState
2000655d   uxTaskPriorityGet
20006599   vTaskPrioritySet
20006699   vTaskSuspend
2000672d   xTaskIsTaskSuspended
20006781   vTaskResume
200067f1   xTaskResumeFromISR
2000686d   vTaskStartScheduler
200068b3   vTaskEndScheduler
200068c9   vTaskSuspendAll
200068d9   xTaskResumeAll
2000699b   xTaskGetTickCount
200069b9   xTaskGetTickCountFromISR
200069d1   uxTaskGetNumberOfTasks
200069d7   pcTaskGetTaskName
20006a01   vTaskList
20006ab9   xTaskGetIdleTaskHandle
20006add   vTaskIncrementTick
20006bd1   vTaskSwitchContext
20006c59   vTaskPlaceOnEventList
20006cb9   xTaskRemoveFromEventList
20006d31   vTaskSetTimeOutState
20006d55   xTaskCheckForTimeOut
20006dcd   vTaskMissedYield
20006ddd   uxTaskGetTaskNumber
20006dfd   vTaskSetTaskNumber
200070c3   xTaskGetCurrentTaskHandle
200070d3   xTaskGetSchedulerState
20007121   vTaskPriorityInherit
200071e1   vTaskPriorityDisinherit
20007e3f   __TI_printfi
20008149   _sl_BuildAddress
20008197   _sl_TruncatePayloadByProtocol
20008241   _sl_ParseAddress
2000829b   sl_Socket
200082e7   sl_Close
2000830b   sl_Bind
20008389   sl_SendTo
2000848d   sl_RecvFrom
20008599   sl_Connect
200086c5   _sl_HandleAsync_Connect
20008765   sl_Send
2000885d   sl_Listen
20008899   sl_Accept
200089f5   sl_Htonl
20008a35   sl_Htons
20008a75   _sl_HandleAsync_Accept
20008afd   sl_Recv
20008b6d   sl_SetSockOpt
20008bcd   sl_GetSockOpt
20008c5d   sl_Select
20008dcb   SL_FD_SET
20008de9   SL_FD_CLR
20008e0d   SL_FD_ISSET
20008e31   SL_FD_ZERO
20008e49   _sl_HandleAsync_Select
20008ed1   vAssertCalled
20008edb   vApplicationIdleHook
20008edd   vApplicationMallocFailedHook
20008edf   vApplicationStackOverflowHook
20008ee9   SimpleLinkWlanEventHandler
200090a5   SimpleLinkNetAppEventHandler
20009115   SimpleLinkGeneralEventHandler
2000912b   SimpleLinkSockEventHandler
2000914d   SimpleLinkHttpServerCallback
20009159   InitializeAppVariables
20009339   ConfigureSimpleLinkToDefaultState
20009521   Network_IF_InitDriver
2000957b   Network_IF_DeInitDriver
200095f5   Network_IF_ConnectAP
20009749   Network_IF_DisconnectFromAP
20009761   Network_IF_IpConfigGet
20009875   Network_IF_GetHostIP
200098c7   Network_IF_ResetMCUStateMachine
200098cf   Network_IF_CurrentMCUState
200098d5   Network_IF_SetMCUMachineState
200098f1   Network_IF_UnsetMCUMachineState
20009985   itoa
20009abd   sl_NetAppStart
20009add   sl_NetAppStop
20009afd   sl_NetAppGetServiceList
20009bc7   sl_NetAppMDNSRegisterUnregisterService
20009c77   sl_NetAppMDNSRegisterService
20009cb3   sl_NetAppMDNSUnRegisterService
20009cf1   sl_NetAppDnsGetHostByService
20009e0d   _sl_HandleAsync_DnsGetHostByService
20009ed7   _sl_HandleAsync_DnsGetHostByAddr
20009ee9   sl_NetAppDnsGetHostByName
2000a015   _sl_HandleAsync_DnsGetHostByName
2000a0c9   CopyPingResultsToReport
2000a141   _sl_HandleAsync_PingResponse
2000a1f1   sl_NetAppPingStart
2000a34d   sl_NetAppSet
2000a3b5   sl_NetAppSendTokenValue
2000a415   sl_NetAppGet
2000a4a5   _SlDrvNetAppEventHandler
2000a601   xQueueGenericReset
2000a691   xQueueGenericCreate
2000a705   xQueueCreateMutex
2000a783   xQueueCreateCountingSemaphore
2000a7a3   xQueueGenericSend
2000a8a7   xQueueAltGenericSend
2000a951   xQueueAltGenericReceive
2000aa4d   xQueueGenericSendFromISR
2000aae3   xQueueGenericReceive
2000ac23   xQueueReceiveFromISR
2000ac9b   uxQueueMessagesWaiting
2000acb1   uxQueueMessagesWaitingFromISR
2000acc3   vQueueDelete
2000ace1   ucQueueGetQueueNumber
2000acf1   vQueueSetQueueNumber
2000ad09   ucQueueGetQueueType
2000aea7   xQueueIsQueueEmptyFromISR
2000aee9   xQueueIsQueueFullFromISR
2000af0b   vQueueAddToRegistry
2000af87   xQueueCreateSet
2000af9b   xQueueAddToSet
2000afc3   xQueueRemoveFromSet
2000b005   xQueueSelectFromSet
2000b01f   xQueueSelectFromSetFromISR
2000b089   sl_WlanConnect
2000b2ab   sl_WlanDisconnect
2000b2b7   sl_WlanPolicySet
2000b31d   sl_WlanPolicyGet
2000b3bd   sl_WlanProfileAdd
2000b619   sl_WlanProfileGet
2000b6f3   sl_WlanProfileDel
2000b71d   sl_WlanGetNetworkList
2000b785   sl_WlanRxFilterAdd
2000b7ef   sl_WlanRxFilterSet
2000b83f   sl_WlanRxFilterGet
2000b8b1   sl_WlanRxStatStart
2000b8bd   sl_WlanRxStatStop
2000b8c9   sl_WlanRxStatGet
2000b8fb   sl_WlanSmartConfigStop
2000b90d   sl_WlanSmartConfigStart
2000b995   sl_WlanSetMode
2000b9c1   sl_WlanSet
2000ba31   sl_WlanGet
2000bae5   PRCMSOCReset
2000baf1   PRCMMCUReset
2000bb11   PRCMSysResetCauseGet
2000bb35   PRCMPeripheralClkEnable
2000bb61   PRCMPeripheralClkDisable
2000bb81   PRCMPeripheralClockGet
2000bbff   PRCMPeripheralReset
2000bc4d   PRCMPeripheralStatusGet
2000bc77   PRCMI2SClockFreqSet
2000bcc7   PRCMLPDSRestoreInfoSet
2000bcdf   PRCMLPDSEnter
2000bd0f   PRCMLPDSWakeupSourceEnable
2000bd31   PRCMLPDSWakeupSourceDisable
2000bd45   PRCMLPDSWakeupCauseGet
2000bd4b   PRCMLPDSIntervalSet
2000bd6d   PRCMLPDSWakeUpGPIOSelect
2000bd89   PRCMSleepEnter
2000bd91   PRCMDeepSleepEnter
2000bdc1   PRCMSRAMRetentionEnable
2000bdf9   PRCMSRAMRetentionDisable
2000be2d   PRCMHibernateWakeupSourceEnable
2000be53   PRCMHibernateWakeupSourceDisable
2000be79   PRCMHibernateWakeupCauseGet
2000be95   PRCMHibernateIntervalSet
2000bf09   PRCMHibernateWakeUpGPIOSelect
2000bf5b   PRCMHibernateEnter
2000bf6b   PRCMSlowClkCtrGet
2000bfa5   PRCMSlowClkCtrMatchSet
2000bfcd   PRCMSlowClkCtrMatchGet
2000c00d   PRCMOCRRegisterWrite
2000c027   PRCMOCRRegisterRead
2000c041   PRCMIntRegister
2000c055   PRCMIntUnregister
2000c069   PRCMIntEnable
2000c09d   PRCMIntDisable
2000c0c1   PRCMIntStatus
2000c0c7   PRCMRTCInUseSet
2000c0d9   PRCMRTCInUseGet
2000c0f9   PRCMRTCSet
2000c189   PRCMRTCGet
2000c221   PRCMRTCMatchSet
2000c2bd   PRCMRTCMatchGet
2000c359   PRCMCC3200MCUInit
2000c747   SPIEnable
2000c75f   SPIDisable
2000c777   SPIDmaEnable
2000c791   SPIDmaDisable
2000c7ab   SPIReset
2000c7cd   SPIConfigSetExpClk
2000c871   SPIDataGetNonBlocking
2000c89b   SPIDataGet
2000c8bb   SPIDataPutNonBlocking
2000c8e3   SPIDataPut
2000c901   SPIFIFOEnable
2000c91b   SPIFIFODisable
2000c935   SPIFIFOLevelSet
2000c969   SPIFIFOLevelGet
2000c99d   SPIWordCountSet
2000c9c5   SPIIntRegister
2000c9e9   SPIIntUnregister
2000ca03   SPIIntEnable
2000ca47   SPIIntDisable
2000ca91   SPIIntStatus
2000caff   SPIIntClear
2000cb3d   SPICSEnable
2000cb55   SPICSDisable
2000cb6d   SPITransfer
2000cc0d   spi_Read_CPU
2000cc7b   spi_Write_CPU
2000cce9   DmaSpiSwIntHandler
2000cd07   SetupDMAReceive
2000cd81   SetupDMASend
2000cdfb   spi_Open
2000cef5   spi_Close
2000cf65   spi_Read
2000d02d   spi_Write
2000d095   HostIntHanlder
2000d0a9   NwpRegisterInterruptHandler
2000d0db   NwpMaskInterrupt
2000d0e9   NwpUnMaskInterrupt
2000d101   NwpPowerOnPreamble
2000d171   NwpPowerOn
2000d1a1   NwpPowerOff
2000d1d1   cc_UDMAChannelSelect
2000d1ef   cc_SetupTransfer
2000d275   GetStartResponseConvert
2000d2cb   sl_Start
2000d3b5   _sl_HandleAsync_InitComplete
2000d455   _sl_HandleAsync_Stop
2000d4c7   sl_Stop
2000d5c7   sl_EventMaskSet
2000d5fd   sl_EventMaskGet
2000d62d   sl_DevGet
2000d6c7   sl_DevSet
2000d729   _SlDrvDeviceEventHandler
2000d7c1   uDMAEnable
2000d7c9   uDMADisable
2000d7d1   uDMAErrorStatusGet
2000d7d7   uDMAErrorStatusClear
2000d7df   uDMAChannelEnable
2000d7f7   uDMAChannelDisable
2000d80f   uDMAChannelIsEnabled
2000d831   uDMAControlBaseSet
2000d841   uDMAControlBaseGet
2000d847   uDMAControlAlternateBaseGet
2000d84d   uDMAChannelRequest
2000d865   uDMAChannelAttributeEnable
2000d8b9   uDMAChannelAttributeDisable
2000d90d   uDMAChannelAttributeGet
2000d97d   uDMAChannelControlSet
2000d9b9   uDMAChannelTransferSet
2000dab1   uDMAChannelScatterGatherSet
2000db39   uDMAChannelSizeGet
2000db81   uDMAChannelModeGet
2000dbc7   uDMAIntRegister
2000dbdd   uDMAIntUnregister
2000dbef   uDMAIntStatus
2000dbf5   uDMAIntClear
2000dc09   uDMAChannelAssign
2000dca1   UARTParityModeSet
2000dcbd   UARTParityModeGet
2000dccf   UARTFIFOLevelSet
2000dce7   UARTFIFOLevelGet
2000dd0f   UARTConfigSetExpClk
2000dd85   UARTConfigGetExpClk
2000ddd1   UARTEnable
2000ddf5   UARTDisable
2000de1f   UARTFIFOEnable
2000de35   UARTFIFODisable
2000de4b   UARTModemControlSet
2000de6f   UARTModemControlClear
2000de93   UARTModemControlGet
2000dea5   UARTModemStatusGet
2000deb7   UARTFlowControlSet
2000ded3   UARTFlowControlGet
2000dee5   UARTTxIntModeSet
2000df01   UARTTxIntModeGet
2000df13   UARTCharsAvail
2000df2b   UARTSpaceAvail
2000df4d   UARTCharGetNonBlocking
2000df69   UARTCharGet
2000df7f   UARTCharPutNonBlocking
2000dfa3   UARTCharPut
2000dfc1   UARTBreakCtl
2000dfeb   UARTBusy
2000e003   UARTIntRegister
2000e021   UARTIntUnregister
2000e03b   UARTIntEnable
2000e053   UARTIntDisable
2000e06b   UARTIntStatus
2000e089   UARTIntClear
2000e09b   UARTDMAEnable
2000e0b3   UARTDMADisable
2000e0cb   UARTRxErrorGet
2000e0e1   UARTRxErrorClear
2000e0f1   Main_Task
2000e501   minit
2000e58d   malloc
2000e5f5   free
2000e6b5   realloc
2000e7c1   memalign
2000e8a5   calloc
2000e8dd   osi_InterruptRegister
2000e903   osi_InterruptDeRegister
2000e915   osi_SyncObjCreate
2000e955   osi_SyncObjDelete
2000e965   osi_SyncObjSignal
2000e97b   osi_SyncObjSignalFromISR
2000e9a1   osi_SyncObjWait
2000e9c3   osi_SyncObjClear
2000e9db   osi_LockObjCreate
2000e9f7   osi_TaskCreate
2000ea39   osi_TaskDelete
2000ea47   osi_LockObjDelete
2000ea57   osi_LockObjLock
2000ea79   osi_LockObjUnlock
2000ea8f   osi_Spawn
2000eaf3   VStartSimpleLinkSpawnTask
2000eb2b   VDeleteSimpleLinkSpawnTask
2000eb3f   osi_MsgQCreate
2000eb71   osi_MsgQDelete
2000eb81   osi_MsgQWrite
2000eba7   osi_MsgQRead
2000ebd7   mem_Malloc
2000ebe3   mem_Free
2000ebef   mem_set
2000ec09   mem_copy
2000ec1d   osi_EnterCritical
2000ec27   osi_ExitCritical
2000ec31   osi_start
2000ec39   osi_Sleep
2000ec49   osi_TaskDisable
2000ec53   osi_TaskEnable
2000ec5d   osi_ContextSave
2000ec5f   osi_ContextRestore
2000ec77   IntMasterEnable
2000ec81   IntMasterDisable
2000ec8b   IntVTableBaseSet
2000ec9b   IntRegister
2000ecb7   IntUnregister
2000ecd1   IntPriorityGroupingSet
2000eceb   IntPriorityGroupingGet
2000ed23   IntPrioritySet
2000ed73   IntPriorityGet
2000ed97   IntEnable
2000ee31   IntDisable
2000eecb   IntPendSet
2000ef59   IntPendClear
2000efb1   IntPriorityMaskSet
2000efbd   IntPriorityMaskGet
2000efe5   write
2000f075   remove
2000f075   unlink
2000f099   rename
2000f0d7   remove_device
2000f0ff   read
2000f123   open
2000f1d1   lseek
2000f1f5   close
2000f247   add_device
2000f2f5   FlashDisable
2000f32b   FlashErase
2000f365   FlashEraseNonBlocking
2000f383   FlashMassErase
2000f3af   FlashMassEraseNonBlocking
2000f3bf   FlashProgram
2000f441   FlashProgramNonBlocking
2000f4c3   FlashProtectGet
2000f539   FlashIntRegister
2000f54d   FlashIntUnregister
2000f55d   FlashIntEnable
2000f571   FlashIntDisable
2000f585   FlashIntStatus
2000f5a1   FlashIntClear
2000f5f5   HOSTwrite
2000f641   HOSTunlink
2000f679   HOSTtime
2000f6b3   HOSTrename
2000f711   HOSTread
2000f75d   HOSTopen
2000f7af   HOSTlseek
2000f80b   HOSTgetenv
2000f849   HOSTclose
2000f881   HOSTclock
2000f8c9   PinModeSet
2000f901   PinModeGet
2000f92b   PinDirModeSet
2000f95f   PinDirModeGet
2000f989   PinConfigGet
2000f9c7   PinConfigSet
2000fa43   PinTypeUART
2000fa5d   PinTypeI2C
2000fa79   PinTypeSPI
2000fa93   PinTypeI2S
2000faad   PinTypeTimer
2000fac7   PinTypeCamera
2000fae1   PinTypeGPIO
2000fb11   PinTypeADC
2000fb25   PinTypeSDHost
2000fb4d   __aeabi_uldivmod
2000fd41   Broadcast_Task
2000ff1d   InitTerm
2000ff3b   Message
2000ff5d   ClearTerm
2000ff67   Error
2000ff9f   GetCmd
20010031   Report
200101b9   __TI_cleanup
200101e5   freopen
2001020f   fopen
200102b1   __aeabi_dsub
200102bb   __aeabi_dadd
20010467   __aeabi_ddiv
2001059d   fputs
200106a9   puts
200106d1   vListInitialise
20010701   vListInitialiseItem
20010711   vListInsertEnd
20010755   vListInsert
200107bb   uxListRemove
20010843   main
20010929   pxPortInitialiseStack
20010971   xPortStartScheduler
20010999   vPortEndScheduler
2001099b   vPortYield
200109ad   vPortEnterCritical
200109c5   vPortExitCritical
200109e5   xPortSysTickHandler
20010a07   vPortSetupTimerInterrupt
20010a35   sl_NetCfgSet
20010a97   sl_NetCfgGet
20010b35   __aeabi_dmul
20010c31   setvbuf
20010d0d   __TI_doflush
20010d59   fflush
20010dd1   ulPortSetInterruptMask
20010de7   vPortClearInterruptMask
20010df5   xPortPendSVHandler
20010e41   vPortSVCHandler
20010e69   prvPortStartFirstTask
20010e81   portCLZ
20010e87   __TI_wrt_ok
20010ee9   __TI_rd_ok
20010f35   fputc
20010fb9   putc
20010fbd   putchar
20010fd1   __aeabi_memcpy
20010fd1   __aeabi_memcpy4
20010fd1   __aeabi_memcpy8
20010fd1   memcpy
2001106d   __TI_closefile
200110d3   fclose
20011105   __TI_auto_init
20011199   vsnprintf
20011221   __aeabi_cdcmpeq
20011221   __aeabi_cdcmple
200112a7   __aeabi_cdrcmple
2001132d   __aeabi_memclr
2001132d   __aeabi_memclr4
2001132d   __aeabi_memclr8
2001132f   __aeabi_memset
2001132f   __aeabi_memset4
2001132f   __aeabi_memset8
20011335   memset
200113ad   printf
20011415   _SlDrvFlowContInit
20011447   _SlDrvFlowContDeinit
2001147d   fseek
200114e1   sprintf
20011541   __TI_writemsg
2001156b   C$$IO$$
2001156f   __TI_readmsg
200115a1   CPUcpsid
200115b5   CPUprimask
200115bf   CPUcpsie
200115d3   CPUwfi
200115df   CPUbasepriSet
200115f5   CPUbasepriGet
2001165d   ltoa
200116b9   atoi
20011705   __aeabi_d2iz
2001174d   copy_in
20011791   C$$EXIT
20011795   abort
2001179d   exit
200117d5   _Dtest
20011819   strtok
20011859   pvPortMalloc
20011879   vPortFree
20011891   _c_int00
200118c5   strncpy
200118f5   __aeabi_i2d
20011923   strspn
2001194d   strcspn
2001196f   __aeabi_llsr
2001198d   PinMuxConfig
200119a9   memccpy
200119c5   strcat
200119e1   _args_main
200119f9   __aeabi_lmul
20011a11   strcmp
20011a29   memchr
20011a3f   strchr
20011a55   _register_unlock
20011a5b   _register_lock
20011a63   _nop
20011a69   strlen
20011a7d   __TI_zero_init
20011a8f   strcpy
20011a9f   __TI_decompress_none
20011aad   _Dclass
20011abb   ResetISR
20011ac9   UtilsDelay
20011acf   __TI_decompress_rle24
20011ad4   _ctypes_
20011ffc   _SlPolicySetCmdCtrl
20012000   _SlPolicyGetCmdCtrl
20012004   _SlProfileGetCmdCtrl
20012008   _SlProfileDelCmdCtrl
2001200c   _SlWlanGetNetworkListCtrl
20012010   _SlRxFilterAddtCmdCtrl
20012014   _SlRxFilterSetCmdCtrl
20012018   _SlRxFilterGetCmdCtrl
2001201c   _SlSmartConfigStartCmdCtrl
20012020   _SlWlanSetModeCmdCtrl
20012024   _SlWlanCfgSetCmdCtrl
20012028   _SlWlanCfgGetCmdCtrl
20012038   _SlActionLookupTable
20012070   _SlSockSocketCmdCtrl
20012074   _SlSockCloseCmdCtrl
20012078   _SlRecvfomCmdCtrl
2001207c   _SlSendCmdCtrl
20012080   _SlListenCmdCtrl
20012084   _SlAcceptCmdCtrl
20012088   _SlRecvCmdCtrl
2001208c   _SlSetSockOptCmdCtrl
20012090   _SlGetSockOptCmdCtrl
20012094   _SlSelectCmdCtrl
20012128   _SlNetAppStartCtrl
2001212c   _SlNetAppStopCtrl
20012130   _SlGetServiceListeCtrl
20012134   _SlRegisterServiceCtrl
20012138   _SlGetHostByServiceCtrl
2001213c   _SlGetHostByNameCtrl
20012140   _SlNetAppSetCmdCtrl
20012144   _SlNetAppSendTokenValueCmdCtrl
20012148   _SlNetAppGetCmdCtrl
2001218c   _SlStopCmdCtrl
20012190   _SlEventMaskSetCmdCtrl
20012194   _SlEventMaskGetCmdCtrl
20012198   _SlDeviceGetCmdCtrl
2001219c   _SlDeviceSetCmdCtrl
200121a0   g_H2NSyncPattern
200121a8   g_H2NCnysPattern
200121e0   pcDigits
200121ec   _SlNetCfgSetCmdCtrl
200121f0   _SlNetCfgGetCmdCtrl
200121f8   __TI_static_base__
200122d4   __TI_Handler_Table_Base
200122e0   __TI_Handler_Table_Limit
200122e8   __TI_CINIT_Base
200122f8   __TI_CINIT_Limit
20017000   _sys_memory
2001f000   g_StatMem
2001f178   __CIOBUF_
2001f360   __TI_tmpnams
2001f400   g_ucDinDout
2001f450   xQueueRegistry
2001f4cc   g_ucConnectionSSID
2001f554   g_ucConnectionBSSID
2001f564   DMAMsgQ
2001f56c   g_cDummy
2001f578   xSimpleLinkSpawnQueue
2001f57c   xSimpleLinkSpawnTaskHndl
2001f580   g_usConnectIndex
2001f584   _ftable
2001f7b4   pxCurrentTCB
2001f7ec   __TI_ft_end
2001f7f0   __aeabi_stdin
2001f7f4   __aeabi_stdout
2001f7f8   __aeabi_stderr
2001f7fc   g_pHostIntHdl
2001f800   g_SpiFd
2001f804   g_ucDMAEnabled
2001f808   g_len
2001f80c   g_ulStatus
2001f810   g_ulStaIp
2001f814   g_ulGatewayIP
2001f824   _lock
2001f828   _unlock
2001f82c   __TI_cleanup_ptr
2001f830   __TI_dtors_ptr
2001f834   g_pCB
2001f838   pPingCallBackFunc
2001f83c   xHigherPriorityTaskWoken
2001f848   main_func_sp
2002f000   __stack
20030000   __STACK_END
ffffffff   __binit__
ffffffff   __c_args__
ffffffff   binit
UNDEFED    SHT$$INIT_ARRAY$$Base
UNDEFED    SHT$$INIT_ARRAY$$Limit

[632 symbols]
